interactions:
- request:
    body: null
    headers:
      Accept:
      - application/json
      Accept-Encoding:
      - gzip, deflate
      CommandName:
      - appservice plan create
      Connection:
      - keep-alive
      ParameterSetName:
      - -g -n --is-linux
      User-Agent:
      - AZURECLI/2.79.0 azsdk-python-core/1.35.0 Python/3.13.9 (Windows-11-10.0.26200-SP0)
    method: GET
    uri: https://management.azure.com/subscriptions/00000000-0000-0000-0000-000000000000/resourcegroups/clitest.rg000001?api-version=2024-11-01
  response:
    body:
      string: '{"id":"/subscriptions/00000000-0000-0000-0000-000000000000/resourceGroups/clitest.rg000001","name":"clitest.rg000001","type":"Microsoft.Resources/resourceGroups","location":"canadacentral","tags":{"product":"azurecli","cause":"automation","test":"test_linux_webapp_quick_create","date":"2025-10-30T22:07:33Z","module":"appservice"},"properties":{"provisioningState":"Succeeded"}}'
    headers:
      cache-control:
      - no-cache
      content-length:
      - '379'
      content-type:
      - application/json; charset=utf-8
      date:
      - Thu, 30 Oct 2025 22:07:35 GMT
      expires:
      - '-1'
      pragma:
      - no-cache
      strict-transport-security:
      - max-age=31536000; includeSubDomains
      x-cache:
      - CONFIG_NOCACHE
      x-content-type-options:
      - nosniff
      x-ms-ratelimit-remaining-subscription-global-reads:
      - '16499'
      x-msedge-ref:
      - 'Ref A: A4A52E44087B4334B683D9F2D57F1680 Ref B: SN4AA2022304039 Ref C: 2025-10-30T22:07:35Z'
    status:
      code: 200
      message: OK
- request:
    body: '{"location": "canadacentral", "properties": {"perSiteScaling": false, "reserved":
      true}, "sku": {"capacity": 1, "name": "B1", "tier": "BASIC"}}'
    headers:
      Accept:
      - application/json
      Accept-Encoding:
      - gzip, deflate
      CommandName:
      - appservice plan create
      Connection:
      - keep-alive
      Content-Length:
      - '143'
      Content-Type:
      - application/json
      ParameterSetName:
      - -g -n --is-linux
      User-Agent:
      - AZURECLI/2.79.0 azsdk-python-core/1.35.0 Python/3.13.9 (Windows-11-10.0.26200-SP0)
    method: PUT
    uri: https://management.azure.com/subscriptions/00000000-0000-0000-0000-000000000000/resourceGroups/clitest.rg000001/providers/Microsoft.Web/serverfarms/plan-quick-linux000003?api-version=2025-03-01
  response:
    body:
      string: '{"id":"/subscriptions/00000000-0000-0000-0000-000000000000/resourceGroups/clitest.rg000001/providers/Microsoft.Web/serverfarms/plan-quick-linux000003","name":"plan-quick-linux000003","type":"Microsoft.Web/serverfarms","kind":"linux","location":"canadacentral","properties":{"serverFarmId":31706,"name":"plan-quick-linux000003","sku":{"name":"B1","tier":"Basic","size":"B1","family":"B","capacity":1},"workerSize":"Small","workerSizeId":0,"workerTierName":null,"numberOfWorkers":1,"currentWorkerSize":"Small","currentWorkerSizeId":0,"currentNumberOfWorkers":1,"status":"Ready","webSpace":"clitest.rg000001-CanadaCentralwebspace-Linux","subscription":"663546d4-b5c7-459b-8819-b65223614c9f","adminSiteName":null,"hostingEnvironment":null,"hostingEnvironmentProfile":null,"maximumNumberOfWorkers":0,"planName":"VirtualDedicatedPlan","adminRuntimeSiteName":null,"computeMode":"Dedicated","siteMode":null,"geoRegion":"Canada
        Central","perSiteScaling":false,"elasticScaleEnabled":false,"maximumElasticWorkerCount":1,"numberOfSites":0,"hostingEnvironmentId":null,"isSpot":false,"spotExpirationTime":null,"freeOfferExpirationTime":"2025-11-29T22:07:36.5133333","tags":null,"kind":"linux","resourceGroup":"clitest.rg000001","reserved":true,"isXenon":false,"hyperV":false,"mdmId":"waws-prod-yt1-071_31706","targetWorkerCount":0,"targetWorkerSizeId":0,"targetWorkerSku":null,"provisioningState":"Succeeded","webSiteId":null,"existingServerFarmIds":null,"kubeEnvironmentProfile":null,"zoneRedundant":false,"maximumNumberOfZones":3,"currentNumberOfZonesUtilized":1,"migrateToVMSS":null,"vnetConnectionsUsed":null,"vnetConnectionsMax":null,"createdTime":"2025-10-30T22:07:38.3333333","asyncScalingEnabled":false,"isCustomMode":null,"powerState":null,"eligibleLogCategories":null},"sku":{"name":"B1","tier":"Basic","size":"B1","family":"B","capacity":1}}'
    headers:
      cache-control:
      - no-cache
      content-length:
      - '1838'
      content-type:
      - application/json
      date:
      - Thu, 30 Oct 2025 22:07:39 GMT
      etag:
      - '"1DC49E99B182F55"'
      expires:
      - '-1'
      pragma:
      - no-cache
      strict-transport-security:
      - max-age=31536000; includeSubDomains
      x-aspnet-version:
      - 4.0.30319
      x-cache:
      - CONFIG_NOCACHE
      x-content-type-options:
      - nosniff
      x-ms-operation-identifier:
      - tenantId=72f988bf-86f1-41af-91ab-2d7cd011db47,objectId=d1dbc388-1013-482b-b171-79f4269ea689/southcentralus/f185b170-ac8a-41c1-ba84-76d9024d3685
      x-ms-ratelimit-remaining-subscription-global-writes:
      - '12000'
      x-ms-ratelimit-remaining-subscription-writes:
      - '800'
      x-msedge-ref:
      - 'Ref A: AA2919E276F442EA9B4C28B721D9A3BF Ref B: SN4AA2022301033 Ref C: 2025-10-30T22:07:35Z'
      x-powered-by:
      - ASP.NET
    status:
      code: 200
      message: OK
- request:
    body: null
    headers:
      Accept:
      - application/json
      Accept-Encoding:
      - gzip, deflate
      CommandName:
      - webapp create
      Connection:
      - keep-alive
      ParameterSetName:
      - -g -n --plan --container-image-name
      User-Agent:
      - AZURECLI/2.79.0 azsdk-python-core/1.35.0 Python/3.13.9 (Windows-11-10.0.26200-SP0)
    method: GET
    uri: https://management.azure.com/subscriptions/00000000-0000-0000-0000-000000000000/resourceGroups/clitest.rg000001/providers/Microsoft.Web/serverfarms/plan-quick-linux000003?api-version=2024-11-01
  response:
    body:
      string: '{"id":"/subscriptions/00000000-0000-0000-0000-000000000000/resourceGroups/clitest.rg000001/providers/Microsoft.Web/serverfarms/plan-quick-linux000003","name":"plan-quick-linux000003","type":"Microsoft.Web/serverfarms","kind":"linux","location":"Canada
        Central","properties":{"serverFarmId":31706,"name":"plan-quick-linux000003","workerSize":"Small","workerSizeId":0,"workerTierName":null,"numberOfWorkers":1,"currentWorkerSize":"Small","currentWorkerSizeId":0,"currentNumberOfWorkers":1,"status":"Ready","webSpace":"clitest.rg000001-CanadaCentralwebspace-Linux","subscription":"663546d4-b5c7-459b-8819-b65223614c9f","adminSiteName":null,"hostingEnvironment":null,"hostingEnvironmentProfile":null,"maximumNumberOfWorkers":3,"planName":"VirtualDedicatedPlan","adminRuntimeSiteName":null,"computeMode":"Dedicated","siteMode":null,"geoRegion":"Canada
        Central","perSiteScaling":false,"elasticScaleEnabled":false,"maximumElasticWorkerCount":1,"numberOfSites":0,"hostingEnvironmentId":null,"isSpot":false,"spotExpirationTime":null,"freeOfferExpirationTime":"2025-11-29T22:07:36.5133333","tags":null,"kind":"linux","resourceGroup":"clitest.rg000001","reserved":true,"isXenon":false,"hyperV":false,"mdmId":"waws-prod-yt1-071_31706","targetWorkerCount":0,"targetWorkerSizeId":0,"targetWorkerSku":null,"provisioningState":"Succeeded","webSiteId":null,"existingServerFarmIds":null,"kubeEnvironmentProfile":null,"zoneRedundant":false,"maximumNumberOfZones":3,"currentNumberOfZonesUtilized":1,"migrateToVMSS":null,"vnetConnectionsUsed":0,"vnetConnectionsMax":2,"createdTime":"2025-10-30T22:07:38.3333333","asyncScalingEnabled":false,"isCustomMode":null,"powerState":null,"eligibleLogCategories":null},"sku":{"name":"B1","tier":"Basic","size":"B1","family":"B","capacity":1}}'
    headers:
      cache-control:
      - no-cache
      content-length:
      - '1760'
      content-type:
      - application/json
      date:
      - Thu, 30 Oct 2025 22:07:41 GMT
      expires:
      - '-1'
      pragma:
      - no-cache
      strict-transport-security:
      - max-age=31536000; includeSubDomains
      x-aspnet-version:
      - 4.0.30319
      x-cache:
      - CONFIG_NOCACHE
      x-content-type-options:
      - nosniff
      x-ms-ratelimit-remaining-subscription-global-reads:
      - '16499'
      x-msedge-ref:
      - 'Ref A: 925F934BC84041BAA59E70308D3CCD75 Ref B: SN4AA2022305017 Ref C: 2025-10-30T22:07:41Z'
      x-powered-by:
      - ASP.NET
    status:
      code: 200
      message: OK
- request:
    body: '{"name": "webapp-quick-linux000002", "type": "Site"}'
    headers:
      Accept:
      - application/json
      Accept-Encoding:
      - gzip, deflate
      CommandName:
      - webapp create
      Connection:
      - keep-alive
      Content-Length:
      - '52'
      Content-Type:
      - application/json
      ParameterSetName:
      - -g -n --plan --container-image-name
      User-Agent:
      - AZURECLI/2.79.0 azsdk-python-core/1.35.0 Python/3.13.9 (Windows-11-10.0.26200-SP0)
    method: POST
    uri: https://management.azure.com/subscriptions/00000000-0000-0000-0000-000000000000/providers/Microsoft.Web/checknameavailability?api-version=2024-11-01
  response:
    body:
      string: '{"nameAvailable":true,"reason":"","message":""}'
    headers:
      cache-control:
      - no-cache
      content-length:
      - '47'
      content-type:
      - application/json
      date:
      - Thu, 30 Oct 2025 22:07:42 GMT
      expires:
      - '-1'
      pragma:
      - no-cache
      strict-transport-security:
      - max-age=31536000; includeSubDomains
      x-aspnet-version:
      - 4.0.30319
      x-cache:
      - CONFIG_NOCACHE
      x-content-type-options:
      - nosniff
      x-ms-operation-identifier:
      - tenantId=72f988bf-86f1-41af-91ab-2d7cd011db47,objectId=d1dbc388-1013-482b-b171-79f4269ea689/southcentralus/732a9602-4f68-49f7-9da8-74f6ab43fdf8
      x-ms-ratelimit-remaining-subscription-global-reads:
      - '16499'
      x-msedge-ref:
      - 'Ref A: F9DBCD031E934C3C8C1A214CAE976DC7 Ref B: SN4AA2022304045 Ref C: 2025-10-30T22:07:42Z'
      x-powered-by:
      - ASP.NET
    status:
      code: 200
      message: OK
- request:
    body: '{"location": "Canada Central", "properties": {"serverFarmId": "/subscriptions/00000000-0000-0000-0000-000000000000/resourceGroups/clitest.rg000001/providers/Microsoft.Web/serverfarms/plan-quick-linux000003",
      "reserved": false, "isXenon": false, "hyperV": false, "siteConfig": {"netFrameworkVersion":
      "v4.6", "linuxFxVersion": "DOCKER|patle/ruby-hello", "appSettings": [{"name":
      "WEBSITES_ENABLE_APP_SERVICE_STORAGE", "value": "false"}], "localMySqlEnabled":
      false, "http20Enabled": true, "http20ProxyFlag": 0}, "scmSiteAlsoStopped": false,
      "httpsOnly": false}}'
    headers:
      Accept:
      - application/json
      Accept-Encoding:
      - gzip, deflate
      CommandName:
      - webapp create
      Connection:
      - keep-alive
      Content-Length:
      - '560'
      Content-Type:
      - application/json
      ParameterSetName:
      - -g -n --plan --container-image-name
      User-Agent:
      - AZURECLI/2.79.0 azsdk-python-core/1.35.0 Python/3.13.9 (Windows-11-10.0.26200-SP0)
    method: PUT
    uri: https://management.azure.com/subscriptions/00000000-0000-0000-0000-000000000000/resourceGroups/clitest.rg000001/providers/Microsoft.Web/sites/webapp-quick-linux000002?api-version=2024-11-01
  response:
    body:
      string: '{"id":"/subscriptions/00000000-0000-0000-0000-000000000000/resourceGroups/clitest.rg000001/providers/Microsoft.Web/sites/webapp-quick-linux000002","name":"webapp-quick-linux000002","type":"Microsoft.Web/sites","kind":"app,linux,container","location":"Canada
        Central","properties":{"name":"webapp-quick-linux000002","state":"Running","hostNames":["webapp-quick-linux000002.azurewebsites.net"],"webSpace":"clitest.rg000001-CanadaCentralwebspace-Linux","selfLink":"https://waws-prod-yt1-071.api.azurewebsites.windows.net:454/subscriptions/00000000-0000-0000-0000-000000000000/webspaces/clitest.rg000001-CanadaCentralwebspace-Linux/sites/webapp-quick-linux000002","repositorySiteName":"webapp-quick-linux000002","owner":null,"usageState":"Normal","enabled":true,"adminEnabled":true,"siteScopedCertificatesEnabled":false,"afdEnabled":false,"enabledHostNames":["webapp-quick-linux000002.azurewebsites.net","webapp-quick-linux000002.scm.azurewebsites.net"],"siteProperties":{"metadata":null,"properties":[{"name":"LinuxFxVersion","value":"DOCKER|patle/ruby-hello"},{"name":"WindowsFxVersion","value":null}],"appSettings":null},"availabilityState":"Normal","sslCertificates":null,"csrs":[],"cers":null,"siteMode":null,"hostNameSslStates":[{"name":"webapp-quick-linux000002.azurewebsites.net","sslState":"Disabled","ipBasedSslResult":null,"virtualIP":null,"virtualIPv6":null,"thumbprint":null,"certificateResourceId":null,"toUpdate":null,"toUpdateIpBasedSsl":null,"ipBasedSslState":"NotConfigured","hostType":"Standard"},{"name":"webapp-quick-linux000002.scm.azurewebsites.net","sslState":"Disabled","ipBasedSslResult":null,"virtualIP":null,"virtualIPv6":null,"thumbprint":null,"certificateResourceId":null,"toUpdate":null,"toUpdateIpBasedSsl":null,"ipBasedSslState":"NotConfigured","hostType":"Repository"}],"computeMode":null,"serverFarm":null,"serverFarmId":"/subscriptions/00000000-0000-0000-0000-000000000000/resourceGroups/clitest.rg000001/providers/Microsoft.Web/serverfarms/plan-quick-linux000003","reserved":true,"isXenon":false,"hyperV":false,"sandboxType":null,"lastModifiedTimeUtc":"2025-10-30T22:07:44.83","storageRecoveryDefaultState":"Running","contentAvailabilityState":"Normal","runtimeAvailabilityState":"Normal","dnsConfiguration":{},"containerAllocationSubnet":null,"useContainerLocalhostBindings":null,"outboundVnetRouting":{"allTraffic":false,"applicationTraffic":false,"contentShareTraffic":false,"imagePullTraffic":false,"backupRestoreTraffic":false,"managedIdentityTraffic":false},"legacyServiceEndpointTrafficEvaluation":null,"siteConfig":{"numberOfWorkers":1,"defaultDocuments":null,"netFrameworkVersion":null,"phpVersion":null,"pythonVersion":null,"nodeVersion":null,"powerShellVersion":null,"linuxFxVersion":"","windowsFxVersion":null,"sandboxType":null,"windowsConfiguredStacks":null,"requestTracingEnabled":null,"remoteDebuggingEnabled":null,"remoteDebuggingVersion":null,"httpLoggingEnabled":null,"azureMonitorLogCategories":null,"acrUseManagedIdentityCreds":false,"acrUserManagedIdentityID":null,"logsDirectorySizeLimit":null,"detailedErrorLoggingEnabled":null,"publishingUsername":null,"publishingPassword":null,"appSettings":null,"metadata":null,"connectionStrings":null,"machineKey":null,"handlerMappings":null,"documentRoot":null,"scmType":null,"use32BitWorkerProcess":null,"webSocketsEnabled":null,"alwaysOn":false,"javaVersion":null,"javaContainer":null,"javaContainerVersion":null,"appCommandLine":null,"managedPipelineMode":null,"virtualApplications":null,"winAuthAdminState":null,"winAuthTenantState":null,"customAppPoolIdentityAdminState":null,"customAppPoolIdentityTenantState":null,"runtimeADUser":null,"runtimeADUserPassword":null,"loadBalancing":null,"routingRules":null,"experiments":null,"limits":null,"autoHealEnabled":null,"autoHealRules":null,"tracingOptions":null,"vnetName":null,"vnetRouteAllEnabled":null,"vnetPrivatePortsCount":null,"publicNetworkAccess":null,"cors":null,"push":null,"apiDefinition":null,"apiManagementConfig":null,"autoSwapSlotName":null,"localMySqlEnabled":null,"managedServiceIdentityId":null,"xManagedServiceIdentityId":null,"keyVaultReferenceIdentity":null,"ipSecurityRestrictions":[{"ipAddress":"Any","action":"Allow","priority":2147483647,"name":"Allow
        all","description":"Allow all access"}],"ipSecurityRestrictionsDefaultAction":null,"scmIpSecurityRestrictions":[{"ipAddress":"Any","action":"Allow","priority":2147483647,"name":"Allow
        all","description":"Allow all access"}],"scmIpSecurityRestrictionsDefaultAction":null,"scmIpSecurityRestrictionsUseMain":null,"http20Enabled":false,"minTlsVersion":null,"minTlsCipherSuite":null,"scmMinTlsCipherSuite":null,"supportedTlsCipherSuites":null,"scmSupportedTlsCipherSuites":null,"scmMinTlsVersion":null,"ftpsState":null,"preWarmedInstanceCount":null,"functionAppScaleLimit":null,"elasticWebAppScaleLimit":0,"healthCheckPath":null,"fileChangeAuditEnabled":null,"functionsRuntimeScaleMonitoringEnabled":null,"websiteTimeZone":null,"minimumElasticInstanceCount":0,"azureStorageAccounts":null,"http20ProxyFlag":null,"sitePort":null,"antivirusScanEnabled":null,"storageType":null,"sitePrivateLinkHostEnabled":null,"clusteringEnabled":false,"webJobsEnabled":false},"functionAppConfig":null,"daprConfig":null,"deploymentId":"webapp-quick-linux000002","slotName":null,"trafficManagerHostNames":null,"sku":"Basic","scmSiteAlsoStopped":false,"targetSwapSlot":null,"hostingEnvironment":null,"hostingEnvironmentProfile":null,"clientAffinityEnabled":true,"clientAffinityProxyEnabled":false,"useQueryStringAffinity":false,"blockPathTraversal":false,"clientCertEnabled":false,"clientCertMode":"Required","clientCertExclusionPaths":null,"clientCertExclusionEndPoints":null,"hostNamesDisabled":false,"ipMode":"IPv4","domainVerificationIdentifiers":null,"customDomainVerificationId":"06A754DDDA9E82CEAB4064B1FFBB341F2D951D8E36BC157906AEE1799EE3B407","kind":"app,linux,container","managedEnvironmentId":null,"workloadProfileName":null,"resourceConfig":null,"inboundIpAddress":"20.48.204.0","possibleInboundIpAddresses":"20.48.204.0","inboundIpv6Address":"2603:1030:f05:3::22","possibleInboundIpv6Addresses":"2603:1030:f05:3::22","ftpUsername":"webapp-quick-linux000002\\$webapp-quick-linux000002","ftpsHostName":"ftps://waws-prod-yt1-071.ftp.azurewebsites.windows.net/site/wwwroot","outboundIpAddresses":"4.174.177.60,4.174.177.74,4.174.177.84,4.174.177.86,4.174.177.94,4.174.177.97,4.174.176.213,4.174.176.215,4.174.176.226,4.174.176.229,4.174.176.230,4.174.176.234,20.48.204.0","possibleOutboundIpAddresses":"4.174.177.60,4.174.177.74,4.174.177.84,4.174.177.86,4.174.177.94,4.174.177.97,4.174.176.213,4.174.176.215,4.174.176.226,4.174.176.229,4.174.176.230,4.174.176.234,4.174.176.239,4.174.176.243,4.174.177.14,4.174.177.17,4.174.177.23,4.174.177.25,4.174.177.33,4.174.177.35,4.174.177.37,4.174.177.43,4.174.176.121,4.174.177.58,4.174.177.110,4.174.177.144,4.174.177.150,4.174.179.140,4.174.179.143,4.174.179.151,20.48.204.0","outboundIpv6Addresses":"2603:1030:f00:e::160,2603:1030:f00:d::1ad,2603:1030:f00:f::30e,2603:1030:f00:f::30f,2603:1030:f00:14::127,2603:1030:f02:3::60d,2603:1030:f00:c::14a,2603:1030:f00:e::15a,2603:1030:f00:d::1a7,2603:1030:f00:e::15b,2603:1030:f00:d::1a8,2603:1030:f00:d::1a9,2603:1030:f05:3::22,2603:10e1:100:2::1430:cc00","possibleOutboundIpv6Addresses":"2603:1030:f00:e::160,2603:1030:f00:d::1ad,2603:1030:f00:f::30e,2603:1030:f00:f::30f,2603:1030:f00:14::127,2603:1030:f02:3::60d,2603:1030:f00:c::14a,2603:1030:f00:e::15a,2603:1030:f00:d::1a7,2603:1030:f00:e::15b,2603:1030:f00:d::1a8,2603:1030:f00:d::1a9,2603:1030:f00:e::15d,2603:1030:f00:11::139,2603:1030:f00:14::123,2603:1030:f00:10::121,2603:1030:f00:14::124,2603:1030:f00:c::14c,2603:1030:f00:f::2a8,2603:1030:f00:14::125,2603:1030:f02:3::60b,2603:1030:f00:d::1ac,2603:1030:f00:14::126,2603:1030:f00:f::2a9,2603:1030:f00:f::352,2603:1030:f00:e::163,2603:1030:f00:f::353,2603:1030:f00:11::142,2603:1030:f00:f::356,2603:1030:f00:10::124,2603:1030:f05:3::22,2603:10e1:100:2::1430:cc00","containerSize":0,"dailyMemoryTimeQuota":0,"suspendedTill":null,"siteDisabledReason":0,"functionExecutionUnitsCache":null,"maxNumberOfWorkers":null,"homeStamp":"waws-prod-yt1-071","cloningInfo":null,"hostingEnvironmentId":null,"tags":null,"resourceGroup":"clitest.rg000001","defaultHostName":"webapp-quick-linux000002.azurewebsites.net","slotSwapStatus":null,"httpsOnly":true,"endToEndEncryptionEnabled":false,"functionsRuntimeAdminIsolationEnabled":false,"redundancyMode":"None","inProgressOperationId":null,"geoDistributions":null,"privateEndpointConnections":null,"publicNetworkAccess":"Enabled","buildVersion":null,"targetBuildVersion":null,"migrationState":null,"eligibleLogCategories":"AppServiceAppLogs,AppServiceAuditLogs,AppServiceConsoleLogs,AppServiceHTTPLogs,AppServiceIPSecAuditLogs,AppServicePlatformLogs,ScanLogs,AppServiceAuthenticationLogs","inFlightFeatures":null,"storageAccountRequired":false,"virtualNetworkSubnetId":null,"keyVaultReferenceIdentity":"SystemAssigned","autoGeneratedDomainNameLabelScope":null,"privateLinkIdentifiers":null,"sshEnabled":null}}'
    headers:
      cache-control:
      - no-cache
      content-length:
      - '9052'
      content-type:
      - application/json
      date:
      - Thu, 30 Oct 2025 22:08:05 GMT
      etag:
      - '"1DC49E99EB04A35"'
      expires:
      - '-1'
      pragma:
      - no-cache
      strict-transport-security:
      - max-age=31536000; includeSubDomains
      x-aspnet-version:
      - 4.0.30319
      x-cache:
      - CONFIG_NOCACHE
      x-content-type-options:
      - nosniff
      x-ms-operation-identifier:
      - tenantId=72f988bf-86f1-41af-91ab-2d7cd011db47,objectId=d1dbc388-1013-482b-b171-79f4269ea689/southcentralus/b5c48822-2cd5-4f34-807e-2dc9ab35e6f4
      x-ms-ratelimit-remaining-subscription-resource-requests:
      - '800'
      x-msedge-ref:
      - 'Ref A: 96B34849520D494D9A4B3B135B917125 Ref B: SN4AA2022305017 Ref C: 2025-10-30T22:07:42Z'
      x-powered-by:
      - ASP.NET
    status:
      code: 200
      message: OK
- request:
    body: '{"format": "WebDeploy"}'
    headers:
      Accept:
      - application/xml
      Accept-Encoding:
      - gzip, deflate
      CommandName:
      - webapp create
      Connection:
      - keep-alive
      Content-Length:
      - '23'
      Content-Type:
      - application/json
      ParameterSetName:
      - -g -n --plan --container-image-name
      User-Agent:
      - AZURECLI/2.79.0 azsdk-python-core/1.35.0 Python/3.13.9 (Windows-11-10.0.26200-SP0)
    method: POST
    uri: https://management.azure.com/subscriptions/00000000-0000-0000-0000-000000000000/resourceGroups/clitest.rg000001/providers/Microsoft.Web/sites/webapp-quick-linux000002/publishxml?api-version=2024-11-01
  response:
    body:
      string: <publishData><publishProfile profileName="webapp-quick-linux000002 -
        Web Deploy" publishMethod="MSDeploy" publishUrl="webapp-quick-linux000002.scm.azurewebsites.net:443"
        msdeploySite="webapp-quick-linux000002" userName="REDACTED" userPWD="REDACTED"
        destinationAppUrl="https://webapp-quick-linux000002.azurewebsites.net" SQLServerDBConnectionString="REDACTED"
        mySQLDBConnectionString="" hostingProviderForumLink="" controlPanelLink="https://portal.azure.com"
        webSystem="WebSites"><databases /></publishProfile><publishProfile profileName="webapp-quick-linux000002
        - FTP" publishMethod="FTP" publishUrl="ftps://waws-prod-yt1-071.ftp.azurewebsites.windows.net/site/wwwroot"
        ftpPassiveMode="True" userName="REDACTED" userPWD="REDACTED" destinationAppUrl="https://webapp-quick-linux000002.azurewebsites.net"
        SQLServerDBConnectionString="REDACTED" mySQLDBConnectionString="" hostingProviderForumLink=""
        controlPanelLink="https://portal.azure.com" webSystem="WebSites"><databases
        /></publishProfile><publishProfile profileName="webapp-quick-linux000002 -
        Zip Deploy" publishMethod="ZipDeploy" publishUrl="webapp-quick-linux000002.scm.azurewebsites.net:443"
        userName="REDACTED" userPWD="REDACTED" destinationAppUrl="https://webapp-quick-linux000002.azurewebsites.net"
        SQLServerDBConnectionString="REDACTED" mySQLDBConnectionString="" hostingProviderForumLink=""
        controlPanelLink="https://portal.azure.com" webSystem="WebSites"><databases
        /></publishProfile></publishData>
    headers:
      cache-control:
      - no-cache
      content-length:
      - '1463'
      content-type:
      - application/xml
      date:
      - Thu, 30 Oct 2025 22:08:06 GMT
      expires:
      - '-1'
      pragma:
      - no-cache
      strict-transport-security:
      - max-age=31536000; includeSubDomains
      x-aspnet-version:
      - 4.0.30319
      x-cache:
      - CONFIG_NOCACHE
      x-content-type-options:
      - nosniff
      x-ms-operation-identifier:
      - tenantId=72f988bf-86f1-41af-91ab-2d7cd011db47,objectId=d1dbc388-1013-482b-b171-79f4269ea689/southcentralus/0aaffee4-dcc3-4ae1-9e01-e43907b6b737
      x-ms-ratelimit-remaining-subscription-resource-requests:
      - '799'
      x-msedge-ref:
      - 'Ref A: 671B2F7A90434C14BA393BAB5D120BFB Ref B: SN4AA2022304039 Ref C: 2025-10-30T22:08:05Z'
      x-powered-by:
      - ASP.NET
    status:
      code: 200
      message: OK
- request:
    body: null
    headers:
      Accept:
      - application/json
      Accept-Encoding:
      - gzip, deflate
      CommandName:
      - webapp create
      Connection:
      - keep-alive
      Content-Length:
      - '0'
      ParameterSetName:
      - -g -n --plan --container-image-name
      User-Agent:
      - AZURECLI/2.79.0 azsdk-python-core/1.35.0 Python/3.13.9 (Windows-11-10.0.26200-SP0)
    method: POST
    uri: https://management.azure.com/subscriptions/00000000-0000-0000-0000-000000000000/resourceGroups/clitest.rg000001/providers/Microsoft.Web/sites/webapp-quick-linux000002/config/appsettings/list?api-version=2024-11-01
  response:
    body:
      string: '{"id":"/subscriptions/00000000-0000-0000-0000-000000000000/resourceGroups/clitest.rg000001/providers/Microsoft.Web/sites/webapp-quick-linux000002/config/appsettings","name":"appsettings","type":"Microsoft.Web/sites/config","location":"Canada
        Central","properties":{"WEBSITES_ENABLE_APP_SERVICE_STORAGE":"false"}}'
    headers:
      cache-control:
      - no-cache
      content-length:
      - '312'
      content-type:
      - application/json
      date:
      - Thu, 30 Oct 2025 22:08:06 GMT
      expires:
      - '-1'
      pragma:
      - no-cache
      strict-transport-security:
      - max-age=31536000; includeSubDomains
      x-aspnet-version:
      - 4.0.30319
      x-cache:
      - CONFIG_NOCACHE
      x-content-type-options:
      - nosniff
      x-ms-operation-identifier:
      - tenantId=72f988bf-86f1-41af-91ab-2d7cd011db47,objectId=d1dbc388-1013-482b-b171-79f4269ea689/southcentralus/b25d0427-65b8-4502-beb2-fa0c6978718e
      x-ms-ratelimit-remaining-subscription-resource-requests:
      - '799'
      x-msedge-ref:
      - 'Ref A: 41EC500F86F94778A5096E75AB08146C Ref B: SN4AA2022305033 Ref C: 2025-10-30T22:08:06Z'
      x-powered-by:
      - ASP.NET
    status:
      code: 200
      message: OK
- request:
    body: null
    headers:
      Accept:
      - application/json
      Accept-Encoding:
      - gzip, deflate
      CommandName:
      - webapp create
      Connection:
      - keep-alive
      ParameterSetName:
      - -g -n --plan --container-image-name
      User-Agent:
      - AZURECLI/2.79.0 azsdk-python-core/1.35.0 Python/3.13.9 (Windows-11-10.0.26200-SP0)
    method: GET
    uri: https://management.azure.com/subscriptions/00000000-0000-0000-0000-000000000000/resourceGroups/clitest.rg000001/providers/Microsoft.Web/sites/webapp-quick-linux000002?api-version=2024-11-01
  response:
    body:
      string: '{"id":"/subscriptions/00000000-0000-0000-0000-000000000000/resourceGroups/clitest.rg000001/providers/Microsoft.Web/sites/webapp-quick-linux000002","name":"webapp-quick-linux000002","type":"Microsoft.Web/sites","kind":"app,linux,container","location":"Canada
        Central","properties":{"name":"webapp-quick-linux000002","state":"Running","hostNames":["webapp-quick-linux000002.azurewebsites.net"],"webSpace":"clitest.rg000001-CanadaCentralwebspace-Linux","selfLink":"https://waws-prod-yt1-071.api.azurewebsites.windows.net:454/subscriptions/00000000-0000-0000-0000-000000000000/webspaces/clitest.rg000001-CanadaCentralwebspace-Linux/sites/webapp-quick-linux000002","repositorySiteName":"webapp-quick-linux000002","owner":null,"usageState":"Normal","enabled":true,"adminEnabled":true,"siteScopedCertificatesEnabled":false,"afdEnabled":false,"enabledHostNames":["webapp-quick-linux000002.azurewebsites.net","webapp-quick-linux000002.scm.azurewebsites.net"],"siteProperties":{"metadata":null,"properties":[{"name":"LinuxFxVersion","value":"DOCKER|patle/ruby-hello"},{"name":"WindowsFxVersion","value":null}],"appSettings":null},"availabilityState":"Normal","sslCertificates":null,"csrs":[],"cers":null,"siteMode":null,"hostNameSslStates":[{"name":"webapp-quick-linux000002.azurewebsites.net","sslState":"Disabled","ipBasedSslResult":null,"virtualIP":null,"virtualIPv6":null,"thumbprint":null,"certificateResourceId":null,"toUpdate":null,"toUpdateIpBasedSsl":null,"ipBasedSslState":"NotConfigured","hostType":"Standard"},{"name":"webapp-quick-linux000002.scm.azurewebsites.net","sslState":"Disabled","ipBasedSslResult":null,"virtualIP":null,"virtualIPv6":null,"thumbprint":null,"certificateResourceId":null,"toUpdate":null,"toUpdateIpBasedSsl":null,"ipBasedSslState":"NotConfigured","hostType":"Repository"}],"computeMode":null,"serverFarm":null,"serverFarmId":"/subscriptions/00000000-0000-0000-0000-000000000000/resourceGroups/clitest.rg000001/providers/Microsoft.Web/serverfarms/plan-quick-linux000003","reserved":true,"isXenon":false,"hyperV":false,"sandboxType":null,"lastModifiedTimeUtc":"2025-10-30T22:08:05.6666667","storageRecoveryDefaultState":"Running","contentAvailabilityState":"Normal","runtimeAvailabilityState":"Normal","dnsConfiguration":{},"containerAllocationSubnet":null,"useContainerLocalhostBindings":null,"outboundVnetRouting":{"allTraffic":false,"applicationTraffic":false,"contentShareTraffic":false,"imagePullTraffic":false,"backupRestoreTraffic":false,"managedIdentityTraffic":false},"legacyServiceEndpointTrafficEvaluation":null,"siteConfig":{"numberOfWorkers":1,"defaultDocuments":null,"netFrameworkVersion":null,"phpVersion":null,"pythonVersion":null,"nodeVersion":null,"powerShellVersion":null,"linuxFxVersion":"DOCKER|patle/ruby-hello","windowsFxVersion":null,"sandboxType":null,"windowsConfiguredStacks":null,"requestTracingEnabled":null,"remoteDebuggingEnabled":null,"remoteDebuggingVersion":null,"httpLoggingEnabled":null,"azureMonitorLogCategories":null,"acrUseManagedIdentityCreds":false,"acrUserManagedIdentityID":null,"logsDirectorySizeLimit":null,"detailedErrorLoggingEnabled":null,"publishingUsername":null,"publishingPassword":null,"appSettings":null,"metadata":null,"connectionStrings":null,"machineKey":null,"handlerMappings":null,"documentRoot":null,"scmType":null,"use32BitWorkerProcess":null,"webSocketsEnabled":null,"alwaysOn":false,"javaVersion":null,"javaContainer":null,"javaContainerVersion":null,"appCommandLine":null,"managedPipelineMode":null,"virtualApplications":null,"winAuthAdminState":null,"winAuthTenantState":null,"customAppPoolIdentityAdminState":null,"customAppPoolIdentityTenantState":null,"runtimeADUser":null,"runtimeADUserPassword":null,"loadBalancing":null,"routingRules":null,"experiments":null,"limits":null,"autoHealEnabled":null,"autoHealRules":null,"tracingOptions":null,"vnetName":null,"vnetRouteAllEnabled":null,"vnetPrivatePortsCount":null,"publicNetworkAccess":null,"cors":null,"push":null,"apiDefinition":null,"apiManagementConfig":null,"autoSwapSlotName":null,"localMySqlEnabled":null,"managedServiceIdentityId":null,"xManagedServiceIdentityId":null,"keyVaultReferenceIdentity":null,"ipSecurityRestrictions":null,"ipSecurityRestrictionsDefaultAction":null,"scmIpSecurityRestrictions":null,"scmIpSecurityRestrictionsDefaultAction":null,"scmIpSecurityRestrictionsUseMain":null,"http20Enabled":true,"minTlsVersion":null,"minTlsCipherSuite":null,"scmMinTlsCipherSuite":null,"supportedTlsCipherSuites":null,"scmSupportedTlsCipherSuites":null,"scmMinTlsVersion":null,"ftpsState":null,"preWarmedInstanceCount":null,"functionAppScaleLimit":0,"elasticWebAppScaleLimit":null,"healthCheckPath":null,"fileChangeAuditEnabled":null,"functionsRuntimeScaleMonitoringEnabled":null,"websiteTimeZone":null,"minimumElasticInstanceCount":0,"azureStorageAccounts":null,"http20ProxyFlag":null,"sitePort":null,"antivirusScanEnabled":null,"storageType":null,"sitePrivateLinkHostEnabled":null,"clusteringEnabled":false,"webJobsEnabled":false},"functionAppConfig":null,"daprConfig":null,"deploymentId":"webapp-quick-linux000002","slotName":null,"trafficManagerHostNames":null,"sku":"Basic","scmSiteAlsoStopped":false,"targetSwapSlot":null,"hostingEnvironment":null,"hostingEnvironmentProfile":null,"clientAffinityEnabled":true,"clientAffinityProxyEnabled":false,"useQueryStringAffinity":false,"blockPathTraversal":false,"clientCertEnabled":false,"clientCertMode":"Required","clientCertExclusionPaths":null,"clientCertExclusionEndPoints":null,"hostNamesDisabled":false,"ipMode":"IPv4","domainVerificationIdentifiers":null,"customDomainVerificationId":"06A754DDDA9E82CEAB4064B1FFBB341F2D951D8E36BC157906AEE1799EE3B407","kind":"app,linux,container","managedEnvironmentId":null,"workloadProfileName":null,"resourceConfig":null,"inboundIpAddress":"20.48.204.0","possibleInboundIpAddresses":"20.48.204.0","inboundIpv6Address":"2603:1030:f05:3::22","possibleInboundIpv6Addresses":"2603:1030:f05:3::22","ftpUsername":"webapp-quick-linux000002\\$webapp-quick-linux000002","ftpsHostName":"ftps://waws-prod-yt1-071.ftp.azurewebsites.windows.net/site/wwwroot","outboundIpAddresses":"4.174.177.60,4.174.177.74,4.174.177.84,4.174.177.86,4.174.177.94,4.174.177.97,4.174.176.213,4.174.176.215,4.174.176.226,4.174.176.229,4.174.176.230,4.174.176.234,20.48.204.0","possibleOutboundIpAddresses":"4.174.177.60,4.174.177.74,4.174.177.84,4.174.177.86,4.174.177.94,4.174.177.97,4.174.176.213,4.174.176.215,4.174.176.226,4.174.176.229,4.174.176.230,4.174.176.234,4.174.176.239,4.174.176.243,4.174.177.14,4.174.177.17,4.174.177.23,4.174.177.25,4.174.177.33,4.174.177.35,4.174.177.37,4.174.177.43,4.174.176.121,4.174.177.58,4.174.177.110,4.174.177.144,4.174.177.150,4.174.179.140,4.174.179.143,4.174.179.151,20.48.204.0","outboundIpv6Addresses":"2603:1030:f00:e::160,2603:1030:f00:d::1ad,2603:1030:f00:f::30e,2603:1030:f00:f::30f,2603:1030:f00:14::127,2603:1030:f02:3::60d,2603:1030:f00:c::14a,2603:1030:f00:e::15a,2603:1030:f00:d::1a7,2603:1030:f00:e::15b,2603:1030:f00:d::1a8,2603:1030:f00:d::1a9,2603:1030:f05:3::22,2603:10e1:100:2::1430:cc00","possibleOutboundIpv6Addresses":"2603:1030:f00:e::160,2603:1030:f00:d::1ad,2603:1030:f00:f::30e,2603:1030:f00:f::30f,2603:1030:f00:14::127,2603:1030:f02:3::60d,2603:1030:f00:c::14a,2603:1030:f00:e::15a,2603:1030:f00:d::1a7,2603:1030:f00:e::15b,2603:1030:f00:d::1a8,2603:1030:f00:d::1a9,2603:1030:f00:e::15d,2603:1030:f00:11::139,2603:1030:f00:14::123,2603:1030:f00:10::121,2603:1030:f00:14::124,2603:1030:f00:c::14c,2603:1030:f00:f::2a8,2603:1030:f00:14::125,2603:1030:f02:3::60b,2603:1030:f00:d::1ac,2603:1030:f00:14::126,2603:1030:f00:f::2a9,2603:1030:f00:f::352,2603:1030:f00:e::163,2603:1030:f00:f::353,2603:1030:f00:11::142,2603:1030:f00:f::356,2603:1030:f00:10::124,2603:1030:f05:3::22,2603:10e1:100:2::1430:cc00","containerSize":0,"dailyMemoryTimeQuota":0,"suspendedTill":null,"siteDisabledReason":0,"functionExecutionUnitsCache":null,"maxNumberOfWorkers":null,"homeStamp":"waws-prod-yt1-071","cloningInfo":null,"hostingEnvironmentId":null,"tags":null,"resourceGroup":"clitest.rg000001","defaultHostName":"webapp-quick-linux000002.azurewebsites.net","slotSwapStatus":null,"httpsOnly":true,"endToEndEncryptionEnabled":false,"functionsRuntimeAdminIsolationEnabled":false,"redundancyMode":"None","inProgressOperationId":null,"geoDistributions":null,"privateEndpointConnections":[],"publicNetworkAccess":"Enabled","buildVersion":null,"targetBuildVersion":null,"migrationState":null,"eligibleLogCategories":"AppServiceAppLogs,AppServiceAuditLogs,AppServiceConsoleLogs,AppServiceHTTPLogs,AppServiceIPSecAuditLogs,AppServicePlatformLogs,ScanLogs,AppServiceAuthenticationLogs","inFlightFeatures":["SiteContainers","RouteGeoCapacityClientTrafficToV2","RouteOperationClientTrafficToV2","RouteGeoPlanClientTrafficToV2","RouteGeoSourceControlKeyClientTrafficToV2","RouteGeoUserClientTrafficToV2"],"storageAccountRequired":false,"virtualNetworkSubnetId":null,"keyVaultReferenceIdentity":"SystemAssigned","autoGeneratedDomainNameLabelScope":null,"privateLinkIdentifiers":null,"sshEnabled":null}}'
    headers:
      cache-control:
      - no-cache
      content-length:
      - '9053'
      content-type:
      - application/json
      date:
      - Thu, 30 Oct 2025 22:08:06 GMT
      etag:
      - '"1DC49E9AAD68A2B"'
      expires:
      - '-1'
      pragma:
      - no-cache
      strict-transport-security:
      - max-age=31536000; includeSubDomains
      x-aspnet-version:
      - 4.0.30319
      x-cache:
      - CONFIG_NOCACHE
      x-content-type-options:
      - nosniff
      x-ms-ratelimit-remaining-subscription-global-reads:
      - '16498'
      x-msedge-ref:
      - 'Ref A: 9FC4DCA952F44640B8D51A35C0F539BF Ref B: SN4AA2022305039 Ref C: 2025-10-30T22:08:06Z'
      x-powered-by:
      - ASP.NET
    status:
      code: 200
      message: OK
- request:
    body: null
    headers:
      Accept:
      - '*/*'
      Accept-Encoding:
      - gzip, deflate
      CommandName:
      - webapp create
      Connection:
      - keep-alive
      ParameterSetName:
      - -g -n --plan --container-image-name
      User-Agent:
      - python/3.13.9 (Windows-11-10.0.26200-SP0) AZURECLI/2.79.0
    method: GET
    uri: https://management.azure.com/subscriptions/00000000-0000-0000-0000-000000000000/resourceGroups/clitest.rg000001/providers/Microsoft.Web/sites/webapp-quick-linux000002?api-version=2023-12-01
  response:
    body:
      string: '{"id":"/subscriptions/00000000-0000-0000-0000-000000000000/resourceGroups/clitest.rg000001/providers/Microsoft.Web/sites/webapp-quick-linux000002","name":"webapp-quick-linux000002","type":"Microsoft.Web/sites","kind":"app,linux,container","location":"Canada
        Central","properties":{"name":"webapp-quick-linux000002","state":"Running","hostNames":["webapp-quick-linux000002.azurewebsites.net"],"webSpace":"clitest.rg000001-CanadaCentralwebspace-Linux","selfLink":"https://waws-prod-yt1-071.api.azurewebsites.windows.net:454/subscriptions/00000000-0000-0000-0000-000000000000/webspaces/clitest.rg000001-CanadaCentralwebspace-Linux/sites/webapp-quick-linux000002","repositorySiteName":"webapp-quick-linux000002","owner":null,"usageState":"Normal","enabled":true,"adminEnabled":true,"siteScopedCertificatesEnabled":false,"afdEnabled":false,"enabledHostNames":["webapp-quick-linux000002.azurewebsites.net","webapp-quick-linux000002.scm.azurewebsites.net"],"siteProperties":{"metadata":null,"properties":[{"name":"LinuxFxVersion","value":"DOCKER|patle/ruby-hello"},{"name":"WindowsFxVersion","value":null}],"appSettings":null},"availabilityState":"Normal","sslCertificates":null,"csrs":[],"cers":null,"siteMode":null,"hostNameSslStates":[{"name":"webapp-quick-linux000002.azurewebsites.net","sslState":"Disabled","ipBasedSslResult":null,"virtualIP":null,"virtualIPv6":null,"thumbprint":null,"certificateResourceId":null,"toUpdate":null,"toUpdateIpBasedSsl":null,"ipBasedSslState":"NotConfigured","hostType":"Standard"},{"name":"webapp-quick-linux000002.scm.azurewebsites.net","sslState":"Disabled","ipBasedSslResult":null,"virtualIP":null,"virtualIPv6":null,"thumbprint":null,"certificateResourceId":null,"toUpdate":null,"toUpdateIpBasedSsl":null,"ipBasedSslState":"NotConfigured","hostType":"Repository"}],"computeMode":null,"serverFarm":null,"serverFarmId":"/subscriptions/00000000-0000-0000-0000-000000000000/resourceGroups/clitest.rg000001/providers/Microsoft.Web/serverfarms/plan-quick-linux000003","reserved":true,"isXenon":false,"hyperV":false,"sandboxType":null,"lastModifiedTimeUtc":"2025-10-30T22:08:05.6666667","storageRecoveryDefaultState":"Running","contentAvailabilityState":"Normal","runtimeAvailabilityState":"Normal","dnsConfiguration":{},"vnetRouteAllEnabled":false,"containerAllocationSubnet":null,"useContainerLocalhostBindings":null,"vnetImagePullEnabled":false,"vnetContentShareEnabled":false,"legacyServiceEndpointTrafficEvaluation":null,"siteConfig":{"numberOfWorkers":1,"defaultDocuments":null,"netFrameworkVersion":null,"phpVersion":null,"pythonVersion":null,"nodeVersion":null,"powerShellVersion":null,"linuxFxVersion":"DOCKER|patle/ruby-hello","windowsFxVersion":null,"sandboxType":null,"windowsConfiguredStacks":null,"requestTracingEnabled":null,"remoteDebuggingEnabled":null,"remoteDebuggingVersion":null,"httpLoggingEnabled":null,"azureMonitorLogCategories":null,"acrUseManagedIdentityCreds":false,"acrUserManagedIdentityID":null,"logsDirectorySizeLimit":null,"detailedErrorLoggingEnabled":null,"publishingUsername":null,"publishingPassword":null,"appSettings":null,"metadata":null,"connectionStrings":null,"machineKey":null,"handlerMappings":null,"documentRoot":null,"scmType":null,"use32BitWorkerProcess":null,"webSocketsEnabled":null,"alwaysOn":false,"javaVersion":null,"javaContainer":null,"javaContainerVersion":null,"appCommandLine":null,"managedPipelineMode":null,"virtualApplications":null,"winAuthAdminState":null,"winAuthTenantState":null,"customAppPoolIdentityAdminState":null,"customAppPoolIdentityTenantState":null,"runtimeADUser":null,"runtimeADUserPassword":null,"loadBalancing":null,"routingRules":null,"experiments":null,"limits":null,"autoHealEnabled":null,"autoHealRules":null,"tracingOptions":null,"vnetName":null,"vnetRouteAllEnabled":null,"vnetPrivatePortsCount":null,"publicNetworkAccess":null,"cors":null,"push":null,"apiDefinition":null,"apiManagementConfig":null,"autoSwapSlotName":null,"localMySqlEnabled":null,"managedServiceIdentityId":null,"xManagedServiceIdentityId":null,"keyVaultReferenceIdentity":null,"ipSecurityRestrictions":null,"ipSecurityRestrictionsDefaultAction":null,"scmIpSecurityRestrictions":null,"scmIpSecurityRestrictionsDefaultAction":null,"scmIpSecurityRestrictionsUseMain":null,"http20Enabled":true,"minTlsVersion":null,"minTlsCipherSuite":null,"scmMinTlsCipherSuite":null,"supportedTlsCipherSuites":null,"scmSupportedTlsCipherSuites":null,"scmMinTlsVersion":null,"ftpsState":null,"preWarmedInstanceCount":null,"functionAppScaleLimit":0,"elasticWebAppScaleLimit":null,"healthCheckPath":null,"fileChangeAuditEnabled":null,"functionsRuntimeScaleMonitoringEnabled":null,"websiteTimeZone":null,"minimumElasticInstanceCount":0,"azureStorageAccounts":null,"http20ProxyFlag":null,"sitePort":null,"antivirusScanEnabled":null,"storageType":null,"sitePrivateLinkHostEnabled":null,"clusteringEnabled":false,"webJobsEnabled":false},"functionAppConfig":null,"daprConfig":null,"deploymentId":"webapp-quick-linux000002","slotName":null,"trafficManagerHostNames":null,"sku":"Basic","scmSiteAlsoStopped":false,"targetSwapSlot":null,"hostingEnvironment":null,"hostingEnvironmentProfile":null,"clientAffinityEnabled":true,"clientAffinityProxyEnabled":false,"useQueryStringAffinity":false,"blockPathTraversal":false,"clientCertEnabled":false,"clientCertMode":"Required","clientCertExclusionPaths":null,"clientCertExclusionEndPoints":null,"hostNamesDisabled":false,"ipMode":"IPv4","vnetBackupRestoreEnabled":false,"domainVerificationIdentifiers":null,"customDomainVerificationId":"06A754DDDA9E82CEAB4064B1FFBB341F2D951D8E36BC157906AEE1799EE3B407","kind":"app,linux,container","managedEnvironmentId":null,"workloadProfileName":null,"resourceConfig":null,"inboundIpAddress":"20.48.204.0","possibleInboundIpAddresses":"20.48.204.0","inboundIpv6Address":"2603:1030:f05:3::22","possibleInboundIpv6Addresses":"2603:1030:f05:3::22","ftpUsername":"webapp-quick-linux000002\\$webapp-quick-linux000002","ftpsHostName":"ftps://waws-prod-yt1-071.ftp.azurewebsites.windows.net/site/wwwroot","outboundIpAddresses":"4.174.177.60,4.174.177.74,4.174.177.84,4.174.177.86,4.174.177.94,4.174.177.97,4.174.176.213,4.174.176.215,4.174.176.226,4.174.176.229,4.174.176.230,4.174.176.234,20.48.204.0","possibleOutboundIpAddresses":"4.174.177.60,4.174.177.74,4.174.177.84,4.174.177.86,4.174.177.94,4.174.177.97,4.174.176.213,4.174.176.215,4.174.176.226,4.174.176.229,4.174.176.230,4.174.176.234,4.174.176.239,4.174.176.243,4.174.177.14,4.174.177.17,4.174.177.23,4.174.177.25,4.174.177.33,4.174.177.35,4.174.177.37,4.174.177.43,4.174.176.121,4.174.177.58,4.174.177.110,4.174.177.144,4.174.177.150,4.174.179.140,4.174.179.143,4.174.179.151,20.48.204.0","outboundIpv6Addresses":"2603:1030:f00:e::160,2603:1030:f00:d::1ad,2603:1030:f00:f::30e,2603:1030:f00:f::30f,2603:1030:f00:14::127,2603:1030:f02:3::60d,2603:1030:f00:c::14a,2603:1030:f00:e::15a,2603:1030:f00:d::1a7,2603:1030:f00:e::15b,2603:1030:f00:d::1a8,2603:1030:f00:d::1a9,2603:1030:f05:3::22,2603:10e1:100:2::1430:cc00","possibleOutboundIpv6Addresses":"2603:1030:f00:e::160,2603:1030:f00:d::1ad,2603:1030:f00:f::30e,2603:1030:f00:f::30f,2603:1030:f00:14::127,2603:1030:f02:3::60d,2603:1030:f00:c::14a,2603:1030:f00:e::15a,2603:1030:f00:d::1a7,2603:1030:f00:e::15b,2603:1030:f00:d::1a8,2603:1030:f00:d::1a9,2603:1030:f00:e::15d,2603:1030:f00:11::139,2603:1030:f00:14::123,2603:1030:f00:10::121,2603:1030:f00:14::124,2603:1030:f00:c::14c,2603:1030:f00:f::2a8,2603:1030:f00:14::125,2603:1030:f02:3::60b,2603:1030:f00:d::1ac,2603:1030:f00:14::126,2603:1030:f00:f::2a9,2603:1030:f00:f::352,2603:1030:f00:e::163,2603:1030:f00:f::353,2603:1030:f00:11::142,2603:1030:f00:f::356,2603:1030:f00:10::124,2603:1030:f05:3::22,2603:10e1:100:2::1430:cc00","containerSize":0,"dailyMemoryTimeQuota":0,"suspendedTill":null,"siteDisabledReason":0,"functionExecutionUnitsCache":null,"maxNumberOfWorkers":null,"homeStamp":"waws-prod-yt1-071","cloningInfo":null,"hostingEnvironmentId":null,"tags":null,"resourceGroup":"clitest.rg000001","defaultHostName":"webapp-quick-linux000002.azurewebsites.net","slotSwapStatus":null,"httpsOnly":true,"endToEndEncryptionEnabled":false,"functionsRuntimeAdminIsolationEnabled":false,"redundancyMode":"None","inProgressOperationId":null,"geoDistributions":null,"privateEndpointConnections":[],"publicNetworkAccess":null,"buildVersion":null,"targetBuildVersion":null,"migrationState":null,"eligibleLogCategories":"AppServiceAppLogs,AppServiceAuditLogs,AppServiceConsoleLogs,AppServiceHTTPLogs,AppServiceIPSecAuditLogs,AppServicePlatformLogs,ScanLogs,AppServiceAuthenticationLogs","inFlightFeatures":["SiteContainers","RouteGeoCapacityClientTrafficToV2","RouteOperationClientTrafficToV2","RouteGeoPlanClientTrafficToV2","RouteGeoSourceControlKeyClientTrafficToV2","RouteGeoUserClientTrafficToV2"],"storageAccountRequired":false,"virtualNetworkSubnetId":null,"keyVaultReferenceIdentity":"SystemAssigned","autoGeneratedDomainNameLabelScope":null,"privateLinkIdentifiers":null,"sshEnabled":null}}'
    headers:
      cache-control:
      - no-cache
      content-length:
      - '8987'
      content-type:
      - application/json
      date:
      - Thu, 30 Oct 2025 22:08:06 GMT
      etag:
      - '"1DC49E9AAD68A2B"'
      expires:
      - '-1'
      pragma:
      - no-cache
      strict-transport-security:
      - max-age=31536000; includeSubDomains
      x-aspnet-version:
      - 4.0.30319
      x-cache:
      - CONFIG_NOCACHE
      x-content-type-options:
      - nosniff
      x-ms-ratelimit-remaining-subscription-global-reads:
      - '16499'
      x-msedge-ref:
      - 'Ref A: A82FCB30E90644B9A8C38651466D748F Ref B: SN4AA2022304035 Ref C: 2025-10-30T22:08:07Z'
      x-powered-by:
      - ASP.NET
    status:
      code: 200
      message: OK
- request:
    body: null
    headers:
      Accept:
      - application/json
      Accept-Encoding:
      - gzip, deflate
      CommandName:
      - webapp create
      Connection:
      - keep-alive
      ParameterSetName:
      - -g -n --plan --container-image-name
      User-Agent:
      - AZURECLI/2.79.0 azsdk-python-core/1.35.0 Python/3.13.9 (Windows-11-10.0.26200-SP0)
    method: GET
    uri: https://management.azure.com/subscriptions/00000000-0000-0000-0000-000000000000/resourceGroups/clitest.rg000001/providers/Microsoft.Web/sites/webapp-quick-linux000002/config/slotConfigNames?api-version=2024-11-01
  response:
    body:
      string: '{"id":null,"name":"webapp-quick-linux000002","type":"Microsoft.Web/sites","location":"Canada
        Central","properties":{"connectionStringNames":null,"appSettingNames":null,"azureStorageConfigNames":null}}'
    headers:
      cache-control:
      - no-cache
      content-length:
      - '200'
      content-type:
      - application/json
      date:
      - Thu, 30 Oct 2025 22:08:07 GMT
      expires:
      - '-1'
      pragma:
      - no-cache
      strict-transport-security:
      - max-age=31536000; includeSubDomains
      x-aspnet-version:
      - 4.0.30319
      x-cache:
      - CONFIG_NOCACHE
      x-content-type-options:
      - nosniff
      x-ms-operation-identifier:
      - tenantId=72f988bf-86f1-41af-91ab-2d7cd011db47,objectId=d1dbc388-1013-482b-b171-79f4269ea689/southcentralus/5cca686b-5300-4d24-b2ef-89bc1b2bd76e
      x-ms-ratelimit-remaining-subscription-global-reads:
      - '16499'
      x-msedge-ref:
      - 'Ref A: 2C3D549C7B7C47DDAEF3690F162F0A6E Ref B: SN4AA2022304011 Ref C: 2025-10-30T22:08:07Z'
      x-powered-by:
      - ASP.NET
    status:
      code: 200
      message: OK
- request:
    body: null
    headers:
      Accept:
      - application/json
      Accept-Encoding:
      - gzip, deflate
      CommandName:
      - webapp create
      Connection:
      - keep-alive
      ParameterSetName:
      - -g -n --plan --container-image-name
      User-Agent:
      - AZURECLI/2.79.0 azsdk-python-core/1.35.0 Python/3.13.9 (Windows-11-10.0.26200-SP0)
    method: GET
    uri: https://management.azure.com/subscriptions/00000000-0000-0000-0000-000000000000/resourceGroups/clitest.rg000001/providers/Microsoft.Web/sites/webapp-quick-linux000002?api-version=2024-11-01
  response:
    body:
      string: '{"id":"/subscriptions/00000000-0000-0000-0000-000000000000/resourceGroups/clitest.rg000001/providers/Microsoft.Web/sites/webapp-quick-linux000002","name":"webapp-quick-linux000002","type":"Microsoft.Web/sites","kind":"app,linux,container","location":"Canada
        Central","properties":{"name":"webapp-quick-linux000002","state":"Running","hostNames":["webapp-quick-linux000002.azurewebsites.net"],"webSpace":"clitest.rg000001-CanadaCentralwebspace-Linux","selfLink":"https://waws-prod-yt1-071.api.azurewebsites.windows.net:454/subscriptions/00000000-0000-0000-0000-000000000000/webspaces/clitest.rg000001-CanadaCentralwebspace-Linux/sites/webapp-quick-linux000002","repositorySiteName":"webapp-quick-linux000002","owner":null,"usageState":"Normal","enabled":true,"adminEnabled":true,"siteScopedCertificatesEnabled":false,"afdEnabled":false,"enabledHostNames":["webapp-quick-linux000002.azurewebsites.net","webapp-quick-linux000002.scm.azurewebsites.net"],"siteProperties":{"metadata":null,"properties":[{"name":"LinuxFxVersion","value":"DOCKER|patle/ruby-hello"},{"name":"WindowsFxVersion","value":null}],"appSettings":null},"availabilityState":"Normal","sslCertificates":null,"csrs":[],"cers":null,"siteMode":null,"hostNameSslStates":[{"name":"webapp-quick-linux000002.azurewebsites.net","sslState":"Disabled","ipBasedSslResult":null,"virtualIP":null,"virtualIPv6":null,"thumbprint":null,"certificateResourceId":null,"toUpdate":null,"toUpdateIpBasedSsl":null,"ipBasedSslState":"NotConfigured","hostType":"Standard"},{"name":"webapp-quick-linux000002.scm.azurewebsites.net","sslState":"Disabled","ipBasedSslResult":null,"virtualIP":null,"virtualIPv6":null,"thumbprint":null,"certificateResourceId":null,"toUpdate":null,"toUpdateIpBasedSsl":null,"ipBasedSslState":"NotConfigured","hostType":"Repository"}],"computeMode":null,"serverFarm":null,"serverFarmId":"/subscriptions/00000000-0000-0000-0000-000000000000/resourceGroups/clitest.rg000001/providers/Microsoft.Web/serverfarms/plan-quick-linux000003","reserved":true,"isXenon":false,"hyperV":false,"sandboxType":null,"lastModifiedTimeUtc":"2025-10-30T22:08:05.6666667","storageRecoveryDefaultState":"Running","contentAvailabilityState":"Normal","runtimeAvailabilityState":"Normal","dnsConfiguration":{},"containerAllocationSubnet":null,"useContainerLocalhostBindings":null,"outboundVnetRouting":{"allTraffic":false,"applicationTraffic":false,"contentShareTraffic":false,"imagePullTraffic":false,"backupRestoreTraffic":false,"managedIdentityTraffic":false},"legacyServiceEndpointTrafficEvaluation":null,"siteConfig":{"numberOfWorkers":1,"defaultDocuments":null,"netFrameworkVersion":null,"phpVersion":null,"pythonVersion":null,"nodeVersion":null,"powerShellVersion":null,"linuxFxVersion":"DOCKER|patle/ruby-hello","windowsFxVersion":null,"sandboxType":null,"windowsConfiguredStacks":null,"requestTracingEnabled":null,"remoteDebuggingEnabled":null,"remoteDebuggingVersion":null,"httpLoggingEnabled":null,"azureMonitorLogCategories":null,"acrUseManagedIdentityCreds":false,"acrUserManagedIdentityID":null,"logsDirectorySizeLimit":null,"detailedErrorLoggingEnabled":null,"publishingUsername":null,"publishingPassword":null,"appSettings":null,"metadata":null,"connectionStrings":null,"machineKey":null,"handlerMappings":null,"documentRoot":null,"scmType":null,"use32BitWorkerProcess":null,"webSocketsEnabled":null,"alwaysOn":false,"javaVersion":null,"javaContainer":null,"javaContainerVersion":null,"appCommandLine":null,"managedPipelineMode":null,"virtualApplications":null,"winAuthAdminState":null,"winAuthTenantState":null,"customAppPoolIdentityAdminState":null,"customAppPoolIdentityTenantState":null,"runtimeADUser":null,"runtimeADUserPassword":null,"loadBalancing":null,"routingRules":null,"experiments":null,"limits":null,"autoHealEnabled":null,"autoHealRules":null,"tracingOptions":null,"vnetName":null,"vnetRouteAllEnabled":null,"vnetPrivatePortsCount":null,"publicNetworkAccess":null,"cors":null,"push":null,"apiDefinition":null,"apiManagementConfig":null,"autoSwapSlotName":null,"localMySqlEnabled":null,"managedServiceIdentityId":null,"xManagedServiceIdentityId":null,"keyVaultReferenceIdentity":null,"ipSecurityRestrictions":null,"ipSecurityRestrictionsDefaultAction":null,"scmIpSecurityRestrictions":null,"scmIpSecurityRestrictionsDefaultAction":null,"scmIpSecurityRestrictionsUseMain":null,"http20Enabled":true,"minTlsVersion":null,"minTlsCipherSuite":null,"scmMinTlsCipherSuite":null,"supportedTlsCipherSuites":null,"scmSupportedTlsCipherSuites":null,"scmMinTlsVersion":null,"ftpsState":null,"preWarmedInstanceCount":null,"functionAppScaleLimit":0,"elasticWebAppScaleLimit":null,"healthCheckPath":null,"fileChangeAuditEnabled":null,"functionsRuntimeScaleMonitoringEnabled":null,"websiteTimeZone":null,"minimumElasticInstanceCount":0,"azureStorageAccounts":null,"http20ProxyFlag":null,"sitePort":null,"antivirusScanEnabled":null,"storageType":null,"sitePrivateLinkHostEnabled":null,"clusteringEnabled":false,"webJobsEnabled":false},"functionAppConfig":null,"daprConfig":null,"deploymentId":"webapp-quick-linux000002","slotName":null,"trafficManagerHostNames":null,"sku":"Basic","scmSiteAlsoStopped":false,"targetSwapSlot":null,"hostingEnvironment":null,"hostingEnvironmentProfile":null,"clientAffinityEnabled":true,"clientAffinityProxyEnabled":false,"useQueryStringAffinity":false,"blockPathTraversal":false,"clientCertEnabled":false,"clientCertMode":"Required","clientCertExclusionPaths":null,"clientCertExclusionEndPoints":null,"hostNamesDisabled":false,"ipMode":"IPv4","domainVerificationIdentifiers":null,"customDomainVerificationId":"06A754DDDA9E82CEAB4064B1FFBB341F2D951D8E36BC157906AEE1799EE3B407","kind":"app,linux,container","managedEnvironmentId":null,"workloadProfileName":null,"resourceConfig":null,"inboundIpAddress":"20.48.204.0","possibleInboundIpAddresses":"20.48.204.0","inboundIpv6Address":"2603:1030:f05:3::22","possibleInboundIpv6Addresses":"2603:1030:f05:3::22","ftpUsername":"webapp-quick-linux000002\\$webapp-quick-linux000002","ftpsHostName":"ftps://waws-prod-yt1-071.ftp.azurewebsites.windows.net/site/wwwroot","outboundIpAddresses":"4.174.177.60,4.174.177.74,4.174.177.84,4.174.177.86,4.174.177.94,4.174.177.97,4.174.176.213,4.174.176.215,4.174.176.226,4.174.176.229,4.174.176.230,4.174.176.234,20.48.204.0","possibleOutboundIpAddresses":"4.174.177.60,4.174.177.74,4.174.177.84,4.174.177.86,4.174.177.94,4.174.177.97,4.174.176.213,4.174.176.215,4.174.176.226,4.174.176.229,4.174.176.230,4.174.176.234,4.174.176.239,4.174.176.243,4.174.177.14,4.174.177.17,4.174.177.23,4.174.177.25,4.174.177.33,4.174.177.35,4.174.177.37,4.174.177.43,4.174.176.121,4.174.177.58,4.174.177.110,4.174.177.144,4.174.177.150,4.174.179.140,4.174.179.143,4.174.179.151,20.48.204.0","outboundIpv6Addresses":"2603:1030:f00:e::160,2603:1030:f00:d::1ad,2603:1030:f00:f::30e,2603:1030:f00:f::30f,2603:1030:f00:14::127,2603:1030:f02:3::60d,2603:1030:f00:c::14a,2603:1030:f00:e::15a,2603:1030:f00:d::1a7,2603:1030:f00:e::15b,2603:1030:f00:d::1a8,2603:1030:f00:d::1a9,2603:1030:f05:3::22,2603:10e1:100:2::1430:cc00","possibleOutboundIpv6Addresses":"2603:1030:f00:e::160,2603:1030:f00:d::1ad,2603:1030:f00:f::30e,2603:1030:f00:f::30f,2603:1030:f00:14::127,2603:1030:f02:3::60d,2603:1030:f00:c::14a,2603:1030:f00:e::15a,2603:1030:f00:d::1a7,2603:1030:f00:e::15b,2603:1030:f00:d::1a8,2603:1030:f00:d::1a9,2603:1030:f00:e::15d,2603:1030:f00:11::139,2603:1030:f00:14::123,2603:1030:f00:10::121,2603:1030:f00:14::124,2603:1030:f00:c::14c,2603:1030:f00:f::2a8,2603:1030:f00:14::125,2603:1030:f02:3::60b,2603:1030:f00:d::1ac,2603:1030:f00:14::126,2603:1030:f00:f::2a9,2603:1030:f00:f::352,2603:1030:f00:e::163,2603:1030:f00:f::353,2603:1030:f00:11::142,2603:1030:f00:f::356,2603:1030:f00:10::124,2603:1030:f05:3::22,2603:10e1:100:2::1430:cc00","containerSize":0,"dailyMemoryTimeQuota":0,"suspendedTill":null,"siteDisabledReason":0,"functionExecutionUnitsCache":null,"maxNumberOfWorkers":null,"homeStamp":"waws-prod-yt1-071","cloningInfo":null,"hostingEnvironmentId":null,"tags":null,"resourceGroup":"clitest.rg000001","defaultHostName":"webapp-quick-linux000002.azurewebsites.net","slotSwapStatus":null,"httpsOnly":true,"endToEndEncryptionEnabled":false,"functionsRuntimeAdminIsolationEnabled":false,"redundancyMode":"None","inProgressOperationId":null,"geoDistributions":null,"privateEndpointConnections":[],"publicNetworkAccess":"Enabled","buildVersion":null,"targetBuildVersion":null,"migrationState":null,"eligibleLogCategories":"AppServiceAppLogs,AppServiceAuditLogs,AppServiceConsoleLogs,AppServiceHTTPLogs,AppServiceIPSecAuditLogs,AppServicePlatformLogs,ScanLogs,AppServiceAuthenticationLogs","inFlightFeatures":["SiteContainers","RouteGeoCapacityClientTrafficToV2","RouteOperationClientTrafficToV2","RouteGeoPlanClientTrafficToV2","RouteGeoSourceControlKeyClientTrafficToV2","RouteGeoUserClientTrafficToV2"],"storageAccountRequired":false,"virtualNetworkSubnetId":null,"keyVaultReferenceIdentity":"SystemAssigned","autoGeneratedDomainNameLabelScope":null,"privateLinkIdentifiers":null,"sshEnabled":null}}'
    headers:
      cache-control:
      - no-cache
      content-length:
      - '9053'
      content-type:
      - application/json
      date:
      - Thu, 30 Oct 2025 22:08:07 GMT
      etag:
      - '"1DC49E9AAD68A2B"'
      expires:
      - '-1'
      pragma:
      - no-cache
      strict-transport-security:
      - max-age=31536000; includeSubDomains
      x-aspnet-version:
      - 4.0.30319
      x-cache:
      - CONFIG_NOCACHE
      x-content-type-options:
      - nosniff
      x-ms-ratelimit-remaining-subscription-global-reads:
      - '16499'
      x-msedge-ref:
      - 'Ref A: B727F1B8D625497FAE5F4803DDFE4A82 Ref B: SN4AA2022303039 Ref C: 2025-10-30T22:08:07Z'
      x-powered-by:
      - ASP.NET
    status:
      code: 200
      message: OK
- request:
    body: null
    headers:
      Accept:
      - application/json
      Accept-Encoding:
      - gzip, deflate
      CommandName:
      - webapp create
      Connection:
      - keep-alive
      ParameterSetName:
      - -g -n --plan --container-image-name
      User-Agent:
      - AZURECLI/2.79.0 azsdk-python-core/1.35.0 Python/3.13.9 (Windows-11-10.0.26200-SP0)
    method: GET
    uri: https://management.azure.com/subscriptions/00000000-0000-0000-0000-000000000000/resourceGroups/clitest.rg000001/providers/Microsoft.Web/sites/webapp-quick-linux000002/config/web?api-version=2024-11-01
  response:
    body:
      string: '{"id":"/subscriptions/00000000-0000-0000-0000-000000000000/resourceGroups/clitest.rg000001/providers/Microsoft.Web/sites/webapp-quick-linux000002/config/web","name":"webapp-quick-linux000002","type":"Microsoft.Web/sites/config","location":"Canada
        Central","properties":{"numberOfWorkers":1,"defaultDocuments":["Default.htm","Default.html","Default.asp","index.htm","index.html","iisstart.htm","default.aspx","index.php","hostingstart.html"],"netFrameworkVersion":"v4.0","phpVersion":"","pythonVersion":"","nodeVersion":"","powerShellVersion":"","linuxFxVersion":"DOCKER|patle/ruby-hello","windowsFxVersion":null,"sandboxType":null,"windowsConfiguredStacks":[],"requestTracingEnabled":false,"remoteDebuggingEnabled":false,"remoteDebuggingVersion":null,"httpLoggingEnabled":false,"azureMonitorLogCategories":null,"acrUseManagedIdentityCreds":false,"acrUserManagedIdentityID":null,"logsDirectorySizeLimit":35,"detailedErrorLoggingEnabled":false,"publishingUsername":"REDACTED","publishingPassword":null,"appSettings":null,"metadata":null,"connectionStrings":null,"machineKey":null,"handlerMappings":null,"documentRoot":null,"scmType":"None","use32BitWorkerProcess":true,"webSocketsEnabled":false,"alwaysOn":false,"javaVersion":null,"javaContainer":null,"javaContainerVersion":null,"appCommandLine":"","managedPipelineMode":"Integrated","virtualApplications":[{"virtualPath":"/","physicalPath":"site\\wwwroot","preloadEnabled":false,"virtualDirectories":null}],"winAuthAdminState":null,"winAuthTenantState":null,"customAppPoolIdentityAdminState":false,"customAppPoolIdentityTenantState":false,"runtimeADUser":null,"runtimeADUserPassword":null,"loadBalancing":"LeastRequests","routingRules":[],"experiments":{"rampUpRules":[]},"limits":null,"autoHealEnabled":false,"autoHealRules":null,"tracingOptions":null,"vnetName":"","vnetRouteAllEnabled":false,"vnetPrivatePortsCount":0,"publicNetworkAccess":null,"siteAuthEnabled":false,"siteAuthSettings":{"enabled":null,"unauthenticatedClientAction":null,"tokenStoreEnabled":null,"allowedExternalRedirectUrls":null,"defaultProvider":null,"clientId":null,"clientSecret":null,"clientSecretSettingName":null,"clientSecretCertificateThumbprint":null,"issuer":null,"allowedAudiences":null,"additionalLoginParams":null,"isAadAutoProvisioned":false,"aadClaimsAuthorization":null,"googleClientId":null,"googleClientSecret":null,"googleClientSecretSettingName":null,"googleOAuthScopes":null,"facebookAppId":null,"facebookAppSecret":null,"facebookAppSecretSettingName":null,"facebookOAuthScopes":null,"gitHubClientId":null,"gitHubClientSecret":null,"gitHubClientSecretSettingName":null,"gitHubOAuthScopes":null,"twitterConsumerKey":null,"twitterConsumerSecret":null,"twitterConsumerSecretSettingName":null,"microsoftAccountClientId":null,"microsoftAccountClientSecret":null,"microsoftAccountClientSecretSettingName":null,"microsoftAccountOAuthScopes":null,"configVersion":null},"cors":null,"push":null,"apiDefinition":null,"apiManagementConfig":null,"autoSwapSlotName":null,"localMySqlEnabled":false,"managedServiceIdentityId":null,"xManagedServiceIdentityId":null,"keyVaultReferenceIdentity":null,"ipSecurityRestrictions":[{"ipAddress":"Any","action":"Allow","priority":2147483647,"name":"Allow
        all","description":"Allow all access"}],"ipSecurityRestrictionsDefaultAction":null,"scmIpSecurityRestrictions":[{"ipAddress":"Any","action":"Allow","priority":2147483647,"name":"Allow
        all","description":"Allow all access"}],"scmIpSecurityRestrictionsDefaultAction":null,"scmIpSecurityRestrictionsUseMain":false,"http20Enabled":true,"minTlsVersion":"1.2","minTlsCipherSuite":null,"scmMinTlsCipherSuite":null,"supportedTlsCipherSuites":null,"scmSupportedTlsCipherSuites":null,"scmMinTlsVersion":"1.2","ftpsState":"FtpsOnly","preWarmedInstanceCount":0,"functionAppScaleLimit":null,"elasticWebAppScaleLimit":0,"healthCheckPath":null,"fileChangeAuditEnabled":false,"functionsRuntimeScaleMonitoringEnabled":false,"websiteTimeZone":null,"minimumElasticInstanceCount":0,"azureStorageAccounts":{},"http20ProxyFlag":0,"sitePort":null,"antivirusScanEnabled":false,"storageType":"StorageVolume","sitePrivateLinkHostEnabled":false,"clusteringEnabled":false,"webJobsEnabled":false}}'
    headers:
      cache-control:
      - no-cache
      content-length:
      - '4191'
      content-type:
      - application/json
      date:
      - Thu, 30 Oct 2025 22:08:08 GMT
      expires:
      - '-1'
      pragma:
      - no-cache
      strict-transport-security:
      - max-age=31536000; includeSubDomains
      x-aspnet-version:
      - 4.0.30319
      x-cache:
      - CONFIG_NOCACHE
      x-content-type-options:
      - nosniff
      x-ms-operation-identifier:
      - tenantId=72f988bf-86f1-41af-91ab-2d7cd011db47,objectId=d1dbc388-1013-482b-b171-79f4269ea689/southcentralus/33a62bd6-4013-4ae8-bce1-6f9e14c6d598
      x-ms-ratelimit-remaining-subscription-global-reads:
      - '16499'
      x-msedge-ref:
      - 'Ref A: 040ED2475432423E900783EC852E4736 Ref B: SN4AA2022304011 Ref C: 2025-10-30T22:08:08Z'
      x-powered-by:
      - ASP.NET
    status:
      code: 200
      message: OK
- request:
    body: null
    headers:
      Accept:
      - application/json
      Accept-Encoding:
      - gzip, deflate
      CommandName:
      - webapp create
      Connection:
      - keep-alive
      Content-Length:
      - '0'
      ParameterSetName:
      - -g -n --plan --container-image-name
      User-Agent:
      - AZURECLI/2.79.0 azsdk-python-core/1.35.0 Python/3.13.9 (Windows-11-10.0.26200-SP0)
    method: POST
    uri: https://management.azure.com/subscriptions/00000000-0000-0000-0000-000000000000/resourceGroups/clitest.rg000001/providers/Microsoft.Web/sites/webapp-quick-linux000002/config/appsettings/list?api-version=2024-11-01
  response:
    body:
      string: '{"id":"/subscriptions/00000000-0000-0000-0000-000000000000/resourceGroups/clitest.rg000001/providers/Microsoft.Web/sites/webapp-quick-linux000002/config/appsettings","name":"appsettings","type":"Microsoft.Web/sites/config","location":"Canada
        Central","properties":{"WEBSITES_ENABLE_APP_SERVICE_STORAGE":"false"}}'
    headers:
      cache-control:
      - no-cache
      content-length:
      - '312'
      content-type:
      - application/json
      date:
      - Thu, 30 Oct 2025 22:08:08 GMT
      expires:
      - '-1'
      pragma:
      - no-cache
      strict-transport-security:
      - max-age=31536000; includeSubDomains
      x-aspnet-version:
      - 4.0.30319
      x-cache:
      - CONFIG_NOCACHE
      x-content-type-options:
      - nosniff
      x-ms-operation-identifier:
      - tenantId=72f988bf-86f1-41af-91ab-2d7cd011db47,objectId=d1dbc388-1013-482b-b171-79f4269ea689/southcentralus/cfac4213-ffbb-4ab7-bb2f-4c59ba83c7fa
      x-ms-ratelimit-remaining-subscription-resource-requests:
      - '799'
      x-msedge-ref:
      - 'Ref A: 31840A4859BD43D68AD3DEE476210CC8 Ref B: SN4AA2022303035 Ref C: 2025-10-30T22:08:08Z'
      x-powered-by:
      - ASP.NET
    status:
      code: 200
      message: OK
- request:
    body: null
    headers:
      Accept:
      - application/json
      Accept-Encoding:
      - gzip, deflate
      CommandName:
      - webapp create
      Connection:
      - keep-alive
      Content-Length:
      - '0'
      ParameterSetName:
      - -g -n --plan --container-image-name
      User-Agent:
      - AZURECLI/2.79.0 azsdk-python-core/1.35.0 Python/3.13.9 (Windows-11-10.0.26200-SP0)
    method: POST
    uri: https://management.azure.com/subscriptions/00000000-0000-0000-0000-000000000000/resourceGroups/clitest.rg000001/providers/Microsoft.Web/sites/webapp-quick-linux000002/config/appsettings/list?api-version=2024-11-01
  response:
    body:
      string: '{"id":"/subscriptions/00000000-0000-0000-0000-000000000000/resourceGroups/clitest.rg000001/providers/Microsoft.Web/sites/webapp-quick-linux000002/config/appsettings","name":"appsettings","type":"Microsoft.Web/sites/config","location":"Canada
        Central","properties":{"WEBSITES_ENABLE_APP_SERVICE_STORAGE":"false"}}'
    headers:
      cache-control:
      - no-cache
      content-length:
      - '312'
      content-type:
      - application/json
      date:
      - Thu, 30 Oct 2025 22:08:08 GMT
      expires:
      - '-1'
      pragma:
      - no-cache
      strict-transport-security:
      - max-age=31536000; includeSubDomains
      x-aspnet-version:
      - 4.0.30319
      x-cache:
      - CONFIG_NOCACHE
      x-content-type-options:
      - nosniff
      x-ms-operation-identifier:
      - tenantId=72f988bf-86f1-41af-91ab-2d7cd011db47,objectId=d1dbc388-1013-482b-b171-79f4269ea689/southcentralus/810f1eb9-7aa9-48b1-856b-1fd37d1fdf7f
      x-ms-ratelimit-remaining-subscription-resource-requests:
      - '798'
      x-msedge-ref:
      - 'Ref A: 7265F118F081404B82A5C8033F4D9CFF Ref B: SN4AA2022305023 Ref C: 2025-10-30T22:08:09Z'
      x-powered-by:
      - ASP.NET
    status:
      code: 200
      message: OK
- request:
    body: null
    headers:
      Accept:
      - application/json
      Accept-Encoding:
      - gzip, deflate
      CommandName:
      - webapp create
      Connection:
      - keep-alive
      ParameterSetName:
      - -g -n --plan --container-image-name
      User-Agent:
      - AZURECLI/2.79.0 azsdk-python-core/1.35.0 Python/3.13.9 (Windows-11-10.0.26200-SP0)
    method: GET
    uri: https://management.azure.com/subscriptions/00000000-0000-0000-0000-000000000000/resourceGroups/clitest.rg000001/providers/Microsoft.Web/sites/webapp-quick-linux000002?api-version=2024-11-01
  response:
    body:
      string: '{"id":"/subscriptions/00000000-0000-0000-0000-000000000000/resourceGroups/clitest.rg000001/providers/Microsoft.Web/sites/webapp-quick-linux000002","name":"webapp-quick-linux000002","type":"Microsoft.Web/sites","kind":"app,linux,container","location":"Canada
        Central","properties":{"name":"webapp-quick-linux000002","state":"Running","hostNames":["webapp-quick-linux000002.azurewebsites.net"],"webSpace":"clitest.rg000001-CanadaCentralwebspace-Linux","selfLink":"https://waws-prod-yt1-071.api.azurewebsites.windows.net:454/subscriptions/00000000-0000-0000-0000-000000000000/webspaces/clitest.rg000001-CanadaCentralwebspace-Linux/sites/webapp-quick-linux000002","repositorySiteName":"webapp-quick-linux000002","owner":null,"usageState":"Normal","enabled":true,"adminEnabled":true,"siteScopedCertificatesEnabled":false,"afdEnabled":false,"enabledHostNames":["webapp-quick-linux000002.azurewebsites.net","webapp-quick-linux000002.scm.azurewebsites.net"],"siteProperties":{"metadata":null,"properties":[{"name":"LinuxFxVersion","value":"DOCKER|patle/ruby-hello"},{"name":"WindowsFxVersion","value":null}],"appSettings":null},"availabilityState":"Normal","sslCertificates":null,"csrs":[],"cers":null,"siteMode":null,"hostNameSslStates":[{"name":"webapp-quick-linux000002.azurewebsites.net","sslState":"Disabled","ipBasedSslResult":null,"virtualIP":null,"virtualIPv6":null,"thumbprint":null,"certificateResourceId":null,"toUpdate":null,"toUpdateIpBasedSsl":null,"ipBasedSslState":"NotConfigured","hostType":"Standard"},{"name":"webapp-quick-linux000002.scm.azurewebsites.net","sslState":"Disabled","ipBasedSslResult":null,"virtualIP":null,"virtualIPv6":null,"thumbprint":null,"certificateResourceId":null,"toUpdate":null,"toUpdateIpBasedSsl":null,"ipBasedSslState":"NotConfigured","hostType":"Repository"}],"computeMode":null,"serverFarm":null,"serverFarmId":"/subscriptions/00000000-0000-0000-0000-000000000000/resourceGroups/clitest.rg000001/providers/Microsoft.Web/serverfarms/plan-quick-linux000003","reserved":true,"isXenon":false,"hyperV":false,"sandboxType":null,"lastModifiedTimeUtc":"2025-10-30T22:08:05.6666667","storageRecoveryDefaultState":"Running","contentAvailabilityState":"Normal","runtimeAvailabilityState":"Normal","dnsConfiguration":{},"containerAllocationSubnet":null,"useContainerLocalhostBindings":null,"outboundVnetRouting":{"allTraffic":false,"applicationTraffic":false,"contentShareTraffic":false,"imagePullTraffic":false,"backupRestoreTraffic":false,"managedIdentityTraffic":false},"legacyServiceEndpointTrafficEvaluation":null,"siteConfig":{"numberOfWorkers":1,"defaultDocuments":null,"netFrameworkVersion":null,"phpVersion":null,"pythonVersion":null,"nodeVersion":null,"powerShellVersion":null,"linuxFxVersion":"DOCKER|patle/ruby-hello","windowsFxVersion":null,"sandboxType":null,"windowsConfiguredStacks":null,"requestTracingEnabled":null,"remoteDebuggingEnabled":null,"remoteDebuggingVersion":null,"httpLoggingEnabled":null,"azureMonitorLogCategories":null,"acrUseManagedIdentityCreds":false,"acrUserManagedIdentityID":null,"logsDirectorySizeLimit":null,"detailedErrorLoggingEnabled":null,"publishingUsername":null,"publishingPassword":null,"appSettings":null,"metadata":null,"connectionStrings":null,"machineKey":null,"handlerMappings":null,"documentRoot":null,"scmType":null,"use32BitWorkerProcess":null,"webSocketsEnabled":null,"alwaysOn":false,"javaVersion":null,"javaContainer":null,"javaContainerVersion":null,"appCommandLine":null,"managedPipelineMode":null,"virtualApplications":null,"winAuthAdminState":null,"winAuthTenantState":null,"customAppPoolIdentityAdminState":null,"customAppPoolIdentityTenantState":null,"runtimeADUser":null,"runtimeADUserPassword":null,"loadBalancing":null,"routingRules":null,"experiments":null,"limits":null,"autoHealEnabled":null,"autoHealRules":null,"tracingOptions":null,"vnetName":null,"vnetRouteAllEnabled":null,"vnetPrivatePortsCount":null,"publicNetworkAccess":null,"cors":null,"push":null,"apiDefinition":null,"apiManagementConfig":null,"autoSwapSlotName":null,"localMySqlEnabled":null,"managedServiceIdentityId":null,"xManagedServiceIdentityId":null,"keyVaultReferenceIdentity":null,"ipSecurityRestrictions":null,"ipSecurityRestrictionsDefaultAction":null,"scmIpSecurityRestrictions":null,"scmIpSecurityRestrictionsDefaultAction":null,"scmIpSecurityRestrictionsUseMain":null,"http20Enabled":true,"minTlsVersion":null,"minTlsCipherSuite":null,"scmMinTlsCipherSuite":null,"supportedTlsCipherSuites":null,"scmSupportedTlsCipherSuites":null,"scmMinTlsVersion":null,"ftpsState":null,"preWarmedInstanceCount":null,"functionAppScaleLimit":0,"elasticWebAppScaleLimit":null,"healthCheckPath":null,"fileChangeAuditEnabled":null,"functionsRuntimeScaleMonitoringEnabled":null,"websiteTimeZone":null,"minimumElasticInstanceCount":0,"azureStorageAccounts":null,"http20ProxyFlag":null,"sitePort":null,"antivirusScanEnabled":null,"storageType":null,"sitePrivateLinkHostEnabled":null,"clusteringEnabled":false,"webJobsEnabled":false},"functionAppConfig":null,"daprConfig":null,"deploymentId":"webapp-quick-linux000002","slotName":null,"trafficManagerHostNames":null,"sku":"Basic","scmSiteAlsoStopped":false,"targetSwapSlot":null,"hostingEnvironment":null,"hostingEnvironmentProfile":null,"clientAffinityEnabled":true,"clientAffinityProxyEnabled":false,"useQueryStringAffinity":false,"blockPathTraversal":false,"clientCertEnabled":false,"clientCertMode":"Required","clientCertExclusionPaths":null,"clientCertExclusionEndPoints":null,"hostNamesDisabled":false,"ipMode":"IPv4","domainVerificationIdentifiers":null,"customDomainVerificationId":"06A754DDDA9E82CEAB4064B1FFBB341F2D951D8E36BC157906AEE1799EE3B407","kind":"app,linux,container","managedEnvironmentId":null,"workloadProfileName":null,"resourceConfig":null,"inboundIpAddress":"20.48.204.0","possibleInboundIpAddresses":"20.48.204.0","inboundIpv6Address":"2603:1030:f05:3::22","possibleInboundIpv6Addresses":"2603:1030:f05:3::22","ftpUsername":"webapp-quick-linux000002\\$webapp-quick-linux000002","ftpsHostName":"ftps://waws-prod-yt1-071.ftp.azurewebsites.windows.net/site/wwwroot","outboundIpAddresses":"4.174.177.60,4.174.177.74,4.174.177.84,4.174.177.86,4.174.177.94,4.174.177.97,4.174.176.213,4.174.176.215,4.174.176.226,4.174.176.229,4.174.176.230,4.174.176.234,20.48.204.0","possibleOutboundIpAddresses":"4.174.177.60,4.174.177.74,4.174.177.84,4.174.177.86,4.174.177.94,4.174.177.97,4.174.176.213,4.174.176.215,4.174.176.226,4.174.176.229,4.174.176.230,4.174.176.234,4.174.176.239,4.174.176.243,4.174.177.14,4.174.177.17,4.174.177.23,4.174.177.25,4.174.177.33,4.174.177.35,4.174.177.37,4.174.177.43,4.174.176.121,4.174.177.58,4.174.177.110,4.174.177.144,4.174.177.150,4.174.179.140,4.174.179.143,4.174.179.151,20.48.204.0","outboundIpv6Addresses":"2603:1030:f00:e::160,2603:1030:f00:d::1ad,2603:1030:f00:f::30e,2603:1030:f00:f::30f,2603:1030:f00:14::127,2603:1030:f02:3::60d,2603:1030:f00:c::14a,2603:1030:f00:e::15a,2603:1030:f00:d::1a7,2603:1030:f00:e::15b,2603:1030:f00:d::1a8,2603:1030:f00:d::1a9,2603:1030:f05:3::22,2603:10e1:100:2::1430:cc00","possibleOutboundIpv6Addresses":"2603:1030:f00:e::160,2603:1030:f00:d::1ad,2603:1030:f00:f::30e,2603:1030:f00:f::30f,2603:1030:f00:14::127,2603:1030:f02:3::60d,2603:1030:f00:c::14a,2603:1030:f00:e::15a,2603:1030:f00:d::1a7,2603:1030:f00:e::15b,2603:1030:f00:d::1a8,2603:1030:f00:d::1a9,2603:1030:f00:e::15d,2603:1030:f00:11::139,2603:1030:f00:14::123,2603:1030:f00:10::121,2603:1030:f00:14::124,2603:1030:f00:c::14c,2603:1030:f00:f::2a8,2603:1030:f00:14::125,2603:1030:f02:3::60b,2603:1030:f00:d::1ac,2603:1030:f00:14::126,2603:1030:f00:f::2a9,2603:1030:f00:f::352,2603:1030:f00:e::163,2603:1030:f00:f::353,2603:1030:f00:11::142,2603:1030:f00:f::356,2603:1030:f00:10::124,2603:1030:f05:3::22,2603:10e1:100:2::1430:cc00","containerSize":0,"dailyMemoryTimeQuota":0,"suspendedTill":null,"siteDisabledReason":0,"functionExecutionUnitsCache":null,"maxNumberOfWorkers":null,"homeStamp":"waws-prod-yt1-071","cloningInfo":null,"hostingEnvironmentId":null,"tags":null,"resourceGroup":"clitest.rg000001","defaultHostName":"webapp-quick-linux000002.azurewebsites.net","slotSwapStatus":null,"httpsOnly":true,"endToEndEncryptionEnabled":false,"functionsRuntimeAdminIsolationEnabled":false,"redundancyMode":"None","inProgressOperationId":null,"geoDistributions":null,"privateEndpointConnections":[],"publicNetworkAccess":"Enabled","buildVersion":null,"targetBuildVersion":null,"migrationState":null,"eligibleLogCategories":"AppServiceAppLogs,AppServiceAuditLogs,AppServiceConsoleLogs,AppServiceHTTPLogs,AppServiceIPSecAuditLogs,AppServicePlatformLogs,ScanLogs,AppServiceAuthenticationLogs","inFlightFeatures":["SiteContainers","RouteGeoCapacityClientTrafficToV2","RouteOperationClientTrafficToV2","RouteGeoPlanClientTrafficToV2","RouteGeoSourceControlKeyClientTrafficToV2","RouteGeoUserClientTrafficToV2"],"storageAccountRequired":false,"virtualNetworkSubnetId":null,"keyVaultReferenceIdentity":"SystemAssigned","autoGeneratedDomainNameLabelScope":null,"privateLinkIdentifiers":null,"sshEnabled":null}}'
    headers:
      cache-control:
      - no-cache
      content-length:
      - '9053'
      content-type:
      - application/json
      date:
      - Thu, 30 Oct 2025 22:08:09 GMT
      etag:
      - '"1DC49E9AAD68A2B"'
      expires:
      - '-1'
      pragma:
      - no-cache
      strict-transport-security:
      - max-age=31536000; includeSubDomains
      x-aspnet-version:
      - 4.0.30319
      x-cache:
      - CONFIG_NOCACHE
      x-content-type-options:
      - nosniff
      x-ms-ratelimit-remaining-subscription-global-reads:
      - '16499'
      x-msedge-ref:
      - 'Ref A: D2FEC16779744430A46E12E372F43F62 Ref B: SN4AA2022303011 Ref C: 2025-10-30T22:08:09Z'
      x-powered-by:
      - ASP.NET
    status:
      code: 200
      message: OK
- request:
    body: '{"properties": {"WEBSITES_ENABLE_APP_SERVICE_STORAGE": "false"}}'
    headers:
      Accept:
      - application/json
      Accept-Encoding:
      - gzip, deflate
      CommandName:
      - webapp create
      Connection:
      - keep-alive
      Content-Length:
      - '64'
      Content-Type:
      - application/json
      ParameterSetName:
      - -g -n --plan --container-image-name
      User-Agent:
      - AZURECLI/2.79.0 azsdk-python-core/1.35.0 Python/3.13.9 (Windows-11-10.0.26200-SP0)
    method: PUT
    uri: https://management.azure.com/subscriptions/00000000-0000-0000-0000-000000000000/resourceGroups/clitest.rg000001/providers/Microsoft.Web/sites/webapp-quick-linux000002/config/appsettings?api-version=2024-11-01
  response:
    body:
      string: '{"id":"/subscriptions/00000000-0000-0000-0000-000000000000/resourceGroups/clitest.rg000001/providers/Microsoft.Web/sites/webapp-quick-linux000002/config/appsettings","name":"appsettings","type":"Microsoft.Web/sites/config","location":"Canada
        Central","properties":{"WEBSITES_ENABLE_APP_SERVICE_STORAGE":"false"}}'
    headers:
      cache-control:
      - no-cache
      content-length:
      - '312'
      content-type:
      - application/json
      date:
      - Thu, 30 Oct 2025 22:08:13 GMT
      etag:
      - '"1DC49E9AAD68A2B"'
      expires:
      - '-1'
      pragma:
      - no-cache
      strict-transport-security:
      - max-age=31536000; includeSubDomains
      x-aspnet-version:
      - 4.0.30319
      x-cache:
      - CONFIG_NOCACHE
      x-content-type-options:
      - nosniff
      x-ms-operation-identifier:
      - tenantId=72f988bf-86f1-41af-91ab-2d7cd011db47,objectId=d1dbc388-1013-482b-b171-79f4269ea689/westus/209c8dd2-6d24-4368-b662-775dfa370e59
      x-ms-ratelimit-remaining-subscription-global-writes:
      - '11999'
      x-ms-ratelimit-remaining-subscription-writes:
      - '799'
      x-msedge-ref:
      - 'Ref A: A3FCF5879B5D408191B47180D407702C Ref B: SN4AA2022305033 Ref C: 2025-10-30T22:08:10Z'
      x-powered-by:
      - ASP.NET
    status:
      code: 200
      message: OK
- request:
    body: null
    headers:
      Accept:
      - application/json
      Accept-Encoding:
      - gzip, deflate
      CommandName:
      - webapp create
      Connection:
      - keep-alive
      ParameterSetName:
      - -g -n --plan --container-image-name
      User-Agent:
      - AZURECLI/2.79.0 azsdk-python-core/1.35.0 Python/3.13.9 (Windows-11-10.0.26200-SP0)
    method: GET
    uri: https://management.azure.com/subscriptions/00000000-0000-0000-0000-000000000000/resourceGroups/clitest.rg000001/providers/Microsoft.Web/sites/webapp-quick-linux000002?api-version=2024-11-01
  response:
    body:
      string: '{"id":"/subscriptions/00000000-0000-0000-0000-000000000000/resourceGroups/clitest.rg000001/providers/Microsoft.Web/sites/webapp-quick-linux000002","name":"webapp-quick-linux000002","type":"Microsoft.Web/sites","kind":"app,linux,container","location":"Canada
        Central","properties":{"name":"webapp-quick-linux000002","state":"Running","hostNames":["webapp-quick-linux000002.azurewebsites.net"],"webSpace":"clitest.rg000001-CanadaCentralwebspace-Linux","selfLink":"https://waws-prod-yt1-071.api.azurewebsites.windows.net:454/subscriptions/00000000-0000-0000-0000-000000000000/webspaces/clitest.rg000001-CanadaCentralwebspace-Linux/sites/webapp-quick-linux000002","repositorySiteName":"webapp-quick-linux000002","owner":null,"usageState":"Normal","enabled":true,"adminEnabled":true,"siteScopedCertificatesEnabled":false,"afdEnabled":false,"enabledHostNames":["webapp-quick-linux000002.azurewebsites.net","webapp-quick-linux000002.scm.azurewebsites.net"],"siteProperties":{"metadata":null,"properties":[{"name":"LinuxFxVersion","value":"DOCKER|patle/ruby-hello"},{"name":"WindowsFxVersion","value":null}],"appSettings":null},"availabilityState":"Normal","sslCertificates":null,"csrs":[],"cers":null,"siteMode":null,"hostNameSslStates":[{"name":"webapp-quick-linux000002.azurewebsites.net","sslState":"Disabled","ipBasedSslResult":null,"virtualIP":null,"virtualIPv6":null,"thumbprint":null,"certificateResourceId":null,"toUpdate":null,"toUpdateIpBasedSsl":null,"ipBasedSslState":"NotConfigured","hostType":"Standard"},{"name":"webapp-quick-linux000002.scm.azurewebsites.net","sslState":"Disabled","ipBasedSslResult":null,"virtualIP":null,"virtualIPv6":null,"thumbprint":null,"certificateResourceId":null,"toUpdate":null,"toUpdateIpBasedSsl":null,"ipBasedSslState":"NotConfigured","hostType":"Repository"}],"computeMode":null,"serverFarm":null,"serverFarmId":"/subscriptions/00000000-0000-0000-0000-000000000000/resourceGroups/clitest.rg000001/providers/Microsoft.Web/serverfarms/plan-quick-linux000003","reserved":true,"isXenon":false,"hyperV":false,"sandboxType":null,"lastModifiedTimeUtc":"2025-10-30T22:08:13.1333333","storageRecoveryDefaultState":"Running","contentAvailabilityState":"Normal","runtimeAvailabilityState":"Normal","dnsConfiguration":{},"containerAllocationSubnet":null,"useContainerLocalhostBindings":null,"outboundVnetRouting":{"allTraffic":false,"applicationTraffic":false,"contentShareTraffic":false,"imagePullTraffic":false,"backupRestoreTraffic":false,"managedIdentityTraffic":false},"legacyServiceEndpointTrafficEvaluation":null,"siteConfig":{"numberOfWorkers":1,"defaultDocuments":null,"netFrameworkVersion":null,"phpVersion":null,"pythonVersion":null,"nodeVersion":null,"powerShellVersion":null,"linuxFxVersion":"DOCKER|patle/ruby-hello","windowsFxVersion":null,"sandboxType":null,"windowsConfiguredStacks":null,"requestTracingEnabled":null,"remoteDebuggingEnabled":null,"remoteDebuggingVersion":null,"httpLoggingEnabled":null,"azureMonitorLogCategories":null,"acrUseManagedIdentityCreds":false,"acrUserManagedIdentityID":null,"logsDirectorySizeLimit":null,"detailedErrorLoggingEnabled":null,"publishingUsername":null,"publishingPassword":null,"appSettings":null,"metadata":null,"connectionStrings":null,"machineKey":null,"handlerMappings":null,"documentRoot":null,"scmType":null,"use32BitWorkerProcess":null,"webSocketsEnabled":null,"alwaysOn":false,"javaVersion":null,"javaContainer":null,"javaContainerVersion":null,"appCommandLine":null,"managedPipelineMode":null,"virtualApplications":null,"winAuthAdminState":null,"winAuthTenantState":null,"customAppPoolIdentityAdminState":null,"customAppPoolIdentityTenantState":null,"runtimeADUser":null,"runtimeADUserPassword":null,"loadBalancing":null,"routingRules":null,"experiments":null,"limits":null,"autoHealEnabled":null,"autoHealRules":null,"tracingOptions":null,"vnetName":null,"vnetRouteAllEnabled":null,"vnetPrivatePortsCount":null,"publicNetworkAccess":null,"cors":null,"push":null,"apiDefinition":null,"apiManagementConfig":null,"autoSwapSlotName":null,"localMySqlEnabled":null,"managedServiceIdentityId":null,"xManagedServiceIdentityId":null,"keyVaultReferenceIdentity":null,"ipSecurityRestrictions":null,"ipSecurityRestrictionsDefaultAction":null,"scmIpSecurityRestrictions":null,"scmIpSecurityRestrictionsDefaultAction":null,"scmIpSecurityRestrictionsUseMain":null,"http20Enabled":true,"minTlsVersion":null,"minTlsCipherSuite":null,"scmMinTlsCipherSuite":null,"supportedTlsCipherSuites":null,"scmSupportedTlsCipherSuites":null,"scmMinTlsVersion":null,"ftpsState":null,"preWarmedInstanceCount":null,"functionAppScaleLimit":0,"elasticWebAppScaleLimit":null,"healthCheckPath":null,"fileChangeAuditEnabled":null,"functionsRuntimeScaleMonitoringEnabled":null,"websiteTimeZone":null,"minimumElasticInstanceCount":0,"azureStorageAccounts":null,"http20ProxyFlag":null,"sitePort":null,"antivirusScanEnabled":null,"storageType":null,"sitePrivateLinkHostEnabled":null,"clusteringEnabled":false,"webJobsEnabled":false},"functionAppConfig":null,"daprConfig":null,"deploymentId":"webapp-quick-linux000002","slotName":null,"trafficManagerHostNames":null,"sku":"Basic","scmSiteAlsoStopped":false,"targetSwapSlot":null,"hostingEnvironment":null,"hostingEnvironmentProfile":null,"clientAffinityEnabled":true,"clientAffinityProxyEnabled":false,"useQueryStringAffinity":false,"blockPathTraversal":false,"clientCertEnabled":false,"clientCertMode":"Required","clientCertExclusionPaths":null,"clientCertExclusionEndPoints":null,"hostNamesDisabled":false,"ipMode":"IPv4","domainVerificationIdentifiers":null,"customDomainVerificationId":"06A754DDDA9E82CEAB4064B1FFBB341F2D951D8E36BC157906AEE1799EE3B407","kind":"app,linux,container","managedEnvironmentId":null,"workloadProfileName":null,"resourceConfig":null,"inboundIpAddress":"20.48.204.0","possibleInboundIpAddresses":"20.48.204.0","inboundIpv6Address":"2603:1030:f05:3::22","possibleInboundIpv6Addresses":"2603:1030:f05:3::22","ftpUsername":"webapp-quick-linux000002\\$webapp-quick-linux000002","ftpsHostName":"ftps://waws-prod-yt1-071.ftp.azurewebsites.windows.net/site/wwwroot","outboundIpAddresses":"4.174.177.60,4.174.177.74,4.174.177.84,4.174.177.86,4.174.177.94,4.174.177.97,4.174.176.213,4.174.176.215,4.174.176.226,4.174.176.229,4.174.176.230,4.174.176.234,20.48.204.0","possibleOutboundIpAddresses":"4.174.177.60,4.174.177.74,4.174.177.84,4.174.177.86,4.174.177.94,4.174.177.97,4.174.176.213,4.174.176.215,4.174.176.226,4.174.176.229,4.174.176.230,4.174.176.234,4.174.176.239,4.174.176.243,4.174.177.14,4.174.177.17,4.174.177.23,4.174.177.25,4.174.177.33,4.174.177.35,4.174.177.37,4.174.177.43,4.174.176.121,4.174.177.58,4.174.177.110,4.174.177.144,4.174.177.150,4.174.179.140,4.174.179.143,4.174.179.151,20.48.204.0","outboundIpv6Addresses":"2603:1030:f00:e::160,2603:1030:f00:d::1ad,2603:1030:f00:f::30e,2603:1030:f00:f::30f,2603:1030:f00:14::127,2603:1030:f02:3::60d,2603:1030:f00:c::14a,2603:1030:f00:e::15a,2603:1030:f00:d::1a7,2603:1030:f00:e::15b,2603:1030:f00:d::1a8,2603:1030:f00:d::1a9,2603:1030:f05:3::22,2603:10e1:100:2::1430:cc00","possibleOutboundIpv6Addresses":"2603:1030:f00:e::160,2603:1030:f00:d::1ad,2603:1030:f00:f::30e,2603:1030:f00:f::30f,2603:1030:f00:14::127,2603:1030:f02:3::60d,2603:1030:f00:c::14a,2603:1030:f00:e::15a,2603:1030:f00:d::1a7,2603:1030:f00:e::15b,2603:1030:f00:d::1a8,2603:1030:f00:d::1a9,2603:1030:f00:e::15d,2603:1030:f00:11::139,2603:1030:f00:14::123,2603:1030:f00:10::121,2603:1030:f00:14::124,2603:1030:f00:c::14c,2603:1030:f00:f::2a8,2603:1030:f00:14::125,2603:1030:f02:3::60b,2603:1030:f00:d::1ac,2603:1030:f00:14::126,2603:1030:f00:f::2a9,2603:1030:f00:f::352,2603:1030:f00:e::163,2603:1030:f00:f::353,2603:1030:f00:11::142,2603:1030:f00:f::356,2603:1030:f00:10::124,2603:1030:f05:3::22,2603:10e1:100:2::1430:cc00","containerSize":0,"dailyMemoryTimeQuota":0,"suspendedTill":null,"siteDisabledReason":0,"functionExecutionUnitsCache":null,"maxNumberOfWorkers":null,"homeStamp":"waws-prod-yt1-071","cloningInfo":null,"hostingEnvironmentId":null,"tags":null,"resourceGroup":"clitest.rg000001","defaultHostName":"webapp-quick-linux000002.azurewebsites.net","slotSwapStatus":null,"httpsOnly":true,"endToEndEncryptionEnabled":false,"functionsRuntimeAdminIsolationEnabled":false,"redundancyMode":"None","inProgressOperationId":null,"geoDistributions":null,"privateEndpointConnections":[],"publicNetworkAccess":"Enabled","buildVersion":null,"targetBuildVersion":null,"migrationState":null,"eligibleLogCategories":"AppServiceAppLogs,AppServiceAuditLogs,AppServiceConsoleLogs,AppServiceHTTPLogs,AppServiceIPSecAuditLogs,AppServicePlatformLogs,ScanLogs,AppServiceAuthenticationLogs","inFlightFeatures":["SiteContainers","RouteGeoCapacityClientTrafficToV2","RouteOperationClientTrafficToV2","RouteGeoPlanClientTrafficToV2","RouteGeoSourceControlKeyClientTrafficToV2","RouteGeoUserClientTrafficToV2"],"storageAccountRequired":false,"virtualNetworkSubnetId":null,"keyVaultReferenceIdentity":"SystemAssigned","autoGeneratedDomainNameLabelScope":null,"privateLinkIdentifiers":null,"sshEnabled":null}}'
    headers:
      cache-control:
      - no-cache
      content-length:
      - '9053'
      content-type:
      - application/json
      date:
      - Thu, 30 Oct 2025 22:08:13 GMT
      etag:
      - '"1DC49E9AF49DCD5"'
      expires:
      - '-1'
      pragma:
      - no-cache
      strict-transport-security:
      - max-age=31536000; includeSubDomains
      x-aspnet-version:
      - 4.0.30319
      x-cache:
      - CONFIG_NOCACHE
      x-content-type-options:
      - nosniff
      x-ms-ratelimit-remaining-subscription-global-reads:
      - '16499'
      x-msedge-ref:
      - 'Ref A: 80766B32355B4098B01AD4029CFE474E Ref B: SN4AA2022303025 Ref C: 2025-10-30T22:08:13Z'
      x-powered-by:
      - ASP.NET
    status:
      code: 200
      message: OK
- request:
    body: '{"properties": {"numberOfWorkers": 1, "defaultDocuments": ["Default.htm",
      "Default.html", "Default.asp", "index.htm", "index.html", "iisstart.htm", "default.aspx",
      "index.php", "hostingstart.html"], "netFrameworkVersion": "v4.0", "phpVersion":
      "", "pythonVersion": "", "nodeVersion": "", "powerShellVersion": "", "linuxFxVersion":
      "DOCKER|patle/ruby-hello", "requestTracingEnabled": false, "remoteDebuggingEnabled":
      false, "httpLoggingEnabled": false, "acrUseManagedIdentityCreds": false, "logsDirectorySizeLimit":
      35, "detailedErrorLoggingEnabled": false, "publishingUsername": "REDACTED",
      "scmType": "None", "use32BitWorkerProcess": true, "webSocketsEnabled": false,
      "alwaysOn": false, "appCommandLine": "", "managedPipelineMode": "Integrated",
      "virtualApplications": [{"virtualPath": "/", "physicalPath": "site\\wwwroot",
      "preloadEnabled": false}], "loadBalancing": "LeastRequests", "experiments":
      {"rampUpRules": []}, "autoHealEnabled": false, "vnetName": "", "vnetRouteAllEnabled":
      false, "vnetPrivatePortsCount": 0, "localMySqlEnabled": false, "scmIpSecurityRestrictionsUseMain":
      false, "http20Enabled": true, "http20ProxyFlag": 0, "minTlsVersion": "1.2",
      "scmMinTlsVersion": "1.2", "ftpsState": "FtpsOnly", "preWarmedInstanceCount":
      0, "elasticWebAppScaleLimit": 0, "functionsRuntimeScaleMonitoringEnabled": false,
      "minimumElasticInstanceCount": 0, "azureStorageAccounts": {}}}'
    headers:
      Accept:
      - application/json
      Accept-Encoding:
      - gzip, deflate
      CommandName:
      - webapp create
      Connection:
      - keep-alive
      Content-Length:
      - '1384'
      Content-Type:
      - application/json
      ParameterSetName:
      - -g -n --plan --container-image-name
      User-Agent:
      - AZURECLI/2.79.0 azsdk-python-core/1.35.0 Python/3.13.9 (Windows-11-10.0.26200-SP0)
    method: PATCH
    uri: https://management.azure.com/subscriptions/00000000-0000-0000-0000-000000000000/resourceGroups/clitest.rg000001/providers/Microsoft.Web/sites/webapp-quick-linux000002/config/web?api-version=2024-11-01
  response:
    body:
      string: '{"id":"/subscriptions/00000000-0000-0000-0000-000000000000/resourceGroups/clitest.rg000001/providers/Microsoft.Web/sites/webapp-quick-linux000002","name":"webapp-quick-linux000002","type":"Microsoft.Web/sites","location":"Canada
        Central","properties":{"numberOfWorkers":1,"defaultDocuments":["Default.htm","Default.html","Default.asp","index.htm","index.html","iisstart.htm","default.aspx","index.php","hostingstart.html"],"netFrameworkVersion":"v4.0","phpVersion":"","pythonVersion":"","nodeVersion":"","powerShellVersion":"","linuxFxVersion":"DOCKER|patle/ruby-hello","windowsFxVersion":null,"sandboxType":null,"windowsConfiguredStacks":[],"requestTracingEnabled":false,"remoteDebuggingEnabled":false,"remoteDebuggingVersion":"VS2022","httpLoggingEnabled":false,"azureMonitorLogCategories":null,"acrUseManagedIdentityCreds":false,"acrUserManagedIdentityID":null,"logsDirectorySizeLimit":35,"detailedErrorLoggingEnabled":false,"publishingUsername":"REDACTED","publishingPassword":null,"appSettings":null,"metadata":null,"connectionStrings":null,"machineKey":null,"handlerMappings":null,"documentRoot":null,"scmType":"None","use32BitWorkerProcess":true,"webSocketsEnabled":false,"alwaysOn":false,"javaVersion":null,"javaContainer":null,"javaContainerVersion":null,"appCommandLine":"","managedPipelineMode":"Integrated","virtualApplications":[{"virtualPath":"/","physicalPath":"site\\wwwroot","preloadEnabled":false,"virtualDirectories":null}],"winAuthAdminState":null,"winAuthTenantState":null,"customAppPoolIdentityAdminState":false,"customAppPoolIdentityTenantState":false,"runtimeADUser":null,"runtimeADUserPassword":null,"loadBalancing":"LeastRequests","routingRules":[],"experiments":{"rampUpRules":[]},"limits":null,"autoHealEnabled":false,"autoHealRules":null,"tracingOptions":null,"vnetName":"","vnetRouteAllEnabled":false,"vnetPrivatePortsCount":0,"publicNetworkAccess":null,"siteAuthEnabled":false,"siteAuthSettings":{"enabled":null,"unauthenticatedClientAction":null,"tokenStoreEnabled":null,"allowedExternalRedirectUrls":null,"defaultProvider":null,"clientId":null,"clientSecret":null,"clientSecretSettingName":null,"clientSecretCertificateThumbprint":null,"issuer":null,"allowedAudiences":null,"additionalLoginParams":null,"isAadAutoProvisioned":false,"aadClaimsAuthorization":null,"googleClientId":null,"googleClientSecret":null,"googleClientSecretSettingName":null,"googleOAuthScopes":null,"facebookAppId":null,"facebookAppSecret":null,"facebookAppSecretSettingName":null,"facebookOAuthScopes":null,"gitHubClientId":null,"gitHubClientSecret":null,"gitHubClientSecretSettingName":null,"gitHubOAuthScopes":null,"twitterConsumerKey":null,"twitterConsumerSecret":null,"twitterConsumerSecretSettingName":null,"microsoftAccountClientId":null,"microsoftAccountClientSecret":null,"microsoftAccountClientSecretSettingName":null,"microsoftAccountOAuthScopes":null,"configVersion":null},"cors":null,"push":null,"apiDefinition":null,"apiManagementConfig":null,"autoSwapSlotName":null,"localMySqlEnabled":false,"managedServiceIdentityId":null,"xManagedServiceIdentityId":null,"keyVaultReferenceIdentity":null,"ipSecurityRestrictions":[{"ipAddress":"Any","action":"Allow","priority":2147483647,"name":"Allow
        all","description":"Allow all access"}],"ipSecurityRestrictionsDefaultAction":null,"scmIpSecurityRestrictions":[{"ipAddress":"Any","action":"Allow","priority":2147483647,"name":"Allow
        all","description":"Allow all access"}],"scmIpSecurityRestrictionsDefaultAction":null,"scmIpSecurityRestrictionsUseMain":false,"http20Enabled":true,"minTlsVersion":"1.2","minTlsCipherSuite":null,"scmMinTlsCipherSuite":null,"supportedTlsCipherSuites":null,"scmSupportedTlsCipherSuites":null,"scmMinTlsVersion":"1.2","ftpsState":"FtpsOnly","preWarmedInstanceCount":0,"functionAppScaleLimit":null,"elasticWebAppScaleLimit":0,"healthCheckPath":null,"fileChangeAuditEnabled":false,"functionsRuntimeScaleMonitoringEnabled":false,"websiteTimeZone":null,"minimumElasticInstanceCount":1,"azureStorageAccounts":{},"http20ProxyFlag":0,"sitePort":null,"antivirusScanEnabled":false,"storageType":"StorageVolume","sitePrivateLinkHostEnabled":false,"clusteringEnabled":false,"webJobsEnabled":false}}'
    headers:
      cache-control:
      - no-cache
      content-length:
      - '4177'
      content-type:
      - application/json
      date:
      - Thu, 30 Oct 2025 22:08:15 GMT
      etag:
      - '"1DC49E9AF49DCD5"'
      expires:
      - '-1'
      pragma:
      - no-cache
      strict-transport-security:
      - max-age=31536000; includeSubDomains
      x-aspnet-version:
      - 4.0.30319
      x-cache:
      - CONFIG_NOCACHE
      x-content-type-options:
      - nosniff
      x-ms-operation-identifier:
      - tenantId=72f988bf-86f1-41af-91ab-2d7cd011db47,objectId=d1dbc388-1013-482b-b171-79f4269ea689/southcentralus/9be6da0a-9551-4e09-91a0-0329a0604b19
      x-ms-ratelimit-remaining-subscription-global-writes:
      - '11999'
      x-ms-ratelimit-remaining-subscription-writes:
      - '799'
      x-msedge-ref:
      - 'Ref A: AA7044B722F044F582D4CE7210A50A92 Ref B: SN4AA2022301037 Ref C: 2025-10-30T22:08:14Z'
      x-powered-by:
      - ASP.NET
    status:
      code: 200
      message: OK
- request:
    body: null
    headers:
      Accept:
      - application/json
      Accept-Encoding:
      - gzip, deflate
      CommandName:
      - webapp create
      Connection:
      - keep-alive
      ParameterSetName:
      - -g -n --plan --container-image-name
      User-Agent:
      - AZURECLI/2.79.0 azsdk-python-core/1.35.0 Python/3.13.9 (Windows-11-10.0.26200-SP0)
    method: GET
    uri: https://management.azure.com/subscriptions/00000000-0000-0000-0000-000000000000/resourceGroups/clitest.rg000001/providers/Microsoft.Web/sites/webapp-quick-linux000002/config/web?api-version=2024-11-01
  response:
    body:
      string: '{"id":"/subscriptions/00000000-0000-0000-0000-000000000000/resourceGroups/clitest.rg000001/providers/Microsoft.Web/sites/webapp-quick-linux000002/config/web","name":"webapp-quick-linux000002","type":"Microsoft.Web/sites/config","location":"Canada
        Central","properties":{"numberOfWorkers":1,"defaultDocuments":["Default.htm","Default.html","Default.asp","index.htm","index.html","iisstart.htm","default.aspx","index.php","hostingstart.html"],"netFrameworkVersion":"v4.0","phpVersion":"","pythonVersion":"","nodeVersion":"","powerShellVersion":"","linuxFxVersion":"DOCKER|patle/ruby-hello","windowsFxVersion":null,"sandboxType":null,"windowsConfiguredStacks":[],"requestTracingEnabled":false,"remoteDebuggingEnabled":false,"remoteDebuggingVersion":"VS2022","httpLoggingEnabled":false,"azureMonitorLogCategories":null,"acrUseManagedIdentityCreds":false,"acrUserManagedIdentityID":null,"logsDirectorySizeLimit":35,"detailedErrorLoggingEnabled":false,"publishingUsername":"REDACTED","publishingPassword":null,"appSettings":null,"metadata":null,"connectionStrings":null,"machineKey":null,"handlerMappings":null,"documentRoot":null,"scmType":"None","use32BitWorkerProcess":true,"webSocketsEnabled":false,"alwaysOn":false,"javaVersion":null,"javaContainer":null,"javaContainerVersion":null,"appCommandLine":"","managedPipelineMode":"Integrated","virtualApplications":[{"virtualPath":"/","physicalPath":"site\\wwwroot","preloadEnabled":false,"virtualDirectories":null}],"winAuthAdminState":null,"winAuthTenantState":null,"customAppPoolIdentityAdminState":false,"customAppPoolIdentityTenantState":false,"runtimeADUser":null,"runtimeADUserPassword":null,"loadBalancing":"LeastRequests","routingRules":[],"experiments":{"rampUpRules":[]},"limits":null,"autoHealEnabled":false,"autoHealRules":null,"tracingOptions":null,"vnetName":"","vnetRouteAllEnabled":false,"vnetPrivatePortsCount":0,"publicNetworkAccess":null,"siteAuthEnabled":false,"siteAuthSettings":{"enabled":null,"unauthenticatedClientAction":null,"tokenStoreEnabled":null,"allowedExternalRedirectUrls":null,"defaultProvider":null,"clientId":null,"clientSecret":null,"clientSecretSettingName":null,"clientSecretCertificateThumbprint":null,"issuer":null,"allowedAudiences":null,"additionalLoginParams":null,"isAadAutoProvisioned":false,"aadClaimsAuthorization":null,"googleClientId":null,"googleClientSecret":null,"googleClientSecretSettingName":null,"googleOAuthScopes":null,"facebookAppId":null,"facebookAppSecret":null,"facebookAppSecretSettingName":null,"facebookOAuthScopes":null,"gitHubClientId":null,"gitHubClientSecret":null,"gitHubClientSecretSettingName":null,"gitHubOAuthScopes":null,"twitterConsumerKey":null,"twitterConsumerSecret":null,"twitterConsumerSecretSettingName":null,"microsoftAccountClientId":null,"microsoftAccountClientSecret":null,"microsoftAccountClientSecretSettingName":null,"microsoftAccountOAuthScopes":null,"configVersion":null},"cors":null,"push":null,"apiDefinition":null,"apiManagementConfig":null,"autoSwapSlotName":null,"localMySqlEnabled":false,"managedServiceIdentityId":null,"xManagedServiceIdentityId":null,"keyVaultReferenceIdentity":null,"ipSecurityRestrictions":[{"ipAddress":"Any","action":"Allow","priority":2147483647,"name":"Allow
        all","description":"Allow all access"}],"ipSecurityRestrictionsDefaultAction":null,"scmIpSecurityRestrictions":[{"ipAddress":"Any","action":"Allow","priority":2147483647,"name":"Allow
        all","description":"Allow all access"}],"scmIpSecurityRestrictionsDefaultAction":null,"scmIpSecurityRestrictionsUseMain":false,"http20Enabled":true,"minTlsVersion":"1.2","minTlsCipherSuite":null,"scmMinTlsCipherSuite":null,"supportedTlsCipherSuites":null,"scmSupportedTlsCipherSuites":null,"scmMinTlsVersion":"1.2","ftpsState":"FtpsOnly","preWarmedInstanceCount":0,"functionAppScaleLimit":null,"elasticWebAppScaleLimit":0,"healthCheckPath":null,"fileChangeAuditEnabled":false,"functionsRuntimeScaleMonitoringEnabled":false,"websiteTimeZone":null,"minimumElasticInstanceCount":1,"azureStorageAccounts":{},"http20ProxyFlag":0,"sitePort":null,"antivirusScanEnabled":false,"storageType":"StorageVolume","sitePrivateLinkHostEnabled":false,"clusteringEnabled":false,"webJobsEnabled":false}}'
    headers:
      cache-control:
      - no-cache
      content-length:
      - '4195'
      content-type:
      - application/json
      date:
      - Thu, 30 Oct 2025 22:08:15 GMT
      expires:
      - '-1'
      pragma:
      - no-cache
      strict-transport-security:
      - max-age=31536000; includeSubDomains
      x-aspnet-version:
      - 4.0.30319
      x-cache:
      - CONFIG_NOCACHE
      x-content-type-options:
      - nosniff
      x-ms-operation-identifier:
      - tenantId=72f988bf-86f1-41af-91ab-2d7cd011db47,objectId=d1dbc388-1013-482b-b171-79f4269ea689/southcentralus/149600a5-da95-4cda-8324-d6d9d3d097c3
      x-ms-ratelimit-remaining-subscription-global-reads:
      - '16499'
      x-msedge-ref:
      - 'Ref A: 94CF638D107246B0BDAC9D4F6A1850C7 Ref B: SN4AA2022301049 Ref C: 2025-10-30T22:08:15Z'
      x-powered-by:
      - ASP.NET
    status:
      code: 200
      message: OK
- request:
    body: null
    headers:
      Accept:
      - '*/*'
      Accept-Encoding:
      - gzip, deflate
      Connection:
      - keep-alive
      User-Agent:
      - python-requests/2.32.4
    method: GET
    uri: http://webapp-quick-linux000002.azurewebsites.net/
  response:
    body:
      string: ''
    headers:
      content-length:
      - '0'
      date:
      - Thu, 30 Oct 2025 22:08:15 GMT
      location:
      - https://webapp-quick-linux000002.azurewebsites.net/
    status:
      code: 301
      message: Moved Permanently
- request:
    body: null
    headers:
      Accept:
      - '*/*'
      Accept-Encoding:
      - gzip, deflate
      Connection:
      - keep-alive
      User-Agent:
      - python-requests/2.32.4
    method: GET
    uri: https://webapp-quick-linux000002.azurewebsites.net/
  response:
    body:
      string: Ruby on Rails in Web Apps on Linux
    headers:
      content-length:
      - '34'
      content-type:
      - text/html
      date:
      - Thu, 30 Oct 2025 22:09:18 GMT
      set-cookie:
      - ARRAffinity=e6ee6c2096ee425d07b291b4e09e2eda0daa8f19c05d5354ee2a236d385dcc4e;Path=/;HttpOnly;Secure;Domain=webapp-quick-linuxes4htz.azurewebsites.net
      - ARRAffinitySameSite=e6ee6c2096ee425d07b291b4e09e2eda0daa8f19c05d5354ee2a236d385dcc4e;Path=/;HttpOnly;SameSite=None;Secure;Domain=webapp-quick-linuxes4htz.azurewebsites.net
    status:
      code: 200
      message: OK
- request:
    body: null
    headers:
      Accept:
      - application/json
      Accept-Encoding:
      - gzip, deflate
      CommandName:
      - webapp config appsettings list
      Connection:
      - keep-alive
      Content-Length:
      - '0'
      ParameterSetName:
      - -g -n
      User-Agent:
      - AZURECLI/2.79.0 azsdk-python-core/1.35.0 Python/3.13.9 (Windows-11-10.0.26200-SP0)
    method: POST
    uri: https://management.azure.com/subscriptions/00000000-0000-0000-0000-000000000000/resourceGroups/clitest.rg000001/providers/Microsoft.Web/sites/webapp-quick-linux000002/config/appsettings/list?api-version=2024-11-01
  response:
    body:
      string: '{"id":"/subscriptions/00000000-0000-0000-0000-000000000000/resourceGroups/clitest.rg000001/providers/Microsoft.Web/sites/webapp-quick-linux000002/config/appsettings","name":"appsettings","type":"Microsoft.Web/sites/config","location":"Canada
        Central","properties":{"WEBSITES_ENABLE_APP_SERVICE_STORAGE":"false"}}'
    headers:
      cache-control:
      - no-cache
      content-length:
      - '312'
      content-type:
      - application/json
      date:
      - Thu, 30 Oct 2025 22:09:18 GMT
      expires:
      - '-1'
      pragma:
      - no-cache
      strict-transport-security:
      - max-age=31536000; includeSubDomains
      x-aspnet-version:
      - 4.0.30319
      x-cache:
      - CONFIG_NOCACHE
      x-content-type-options:
      - nosniff
      x-ms-operation-identifier:
      - tenantId=72f988bf-86f1-41af-91ab-2d7cd011db47,objectId=d1dbc388-1013-482b-b171-79f4269ea689/southcentralus/fd281780-6a98-4892-9a68-60df4707add5
      x-ms-ratelimit-remaining-subscription-resource-requests:
      - '799'
      x-msedge-ref:
      - 'Ref A: A4F475C3265A40878F389A019BF47166 Ref B: SN4AA2022305019 Ref C: 2025-10-30T22:09:18Z'
      x-powered-by:
      - ASP.NET
    status:
      code: 200
      message: OK
- request:
    body: null
    headers:
      Accept:
      - application/json
      Accept-Encoding:
      - gzip, deflate
      CommandName:
      - webapp config appsettings list
      Connection:
      - keep-alive
      ParameterSetName:
      - -g -n
      User-Agent:
      - AZURECLI/2.79.0 azsdk-python-core/1.35.0 Python/3.13.9 (Windows-11-10.0.26200-SP0)
    method: GET
    uri: https://management.azure.com/subscriptions/00000000-0000-0000-0000-000000000000/resourceGroups/clitest.rg000001/providers/Microsoft.Web/sites/webapp-quick-linux000002?api-version=2024-11-01
  response:
    body:
      string: '{"id":"/subscriptions/00000000-0000-0000-0000-000000000000/resourceGroups/clitest.rg000001/providers/Microsoft.Web/sites/webapp-quick-linux000002","name":"webapp-quick-linux000002","type":"Microsoft.Web/sites","kind":"app,linux,container","location":"Canada
        Central","properties":{"name":"webapp-quick-linux000002","state":"Running","hostNames":["webapp-quick-linux000002.azurewebsites.net"],"webSpace":"clitest.rg000001-CanadaCentralwebspace-Linux","selfLink":"https://waws-prod-yt1-071.api.azurewebsites.windows.net:454/subscriptions/00000000-0000-0000-0000-000000000000/webspaces/clitest.rg000001-CanadaCentralwebspace-Linux/sites/webapp-quick-linux000002","repositorySiteName":"webapp-quick-linux000002","owner":null,"usageState":"Normal","enabled":true,"adminEnabled":true,"siteScopedCertificatesEnabled":false,"afdEnabled":false,"enabledHostNames":["webapp-quick-linux000002.azurewebsites.net","webapp-quick-linux000002.scm.azurewebsites.net"],"siteProperties":{"metadata":null,"properties":[{"name":"LinuxFxVersion","value":"DOCKER|patle/ruby-hello"},{"name":"WindowsFxVersion","value":null}],"appSettings":null},"availabilityState":"Normal","sslCertificates":null,"csrs":[],"cers":null,"siteMode":null,"hostNameSslStates":[{"name":"webapp-quick-linux000002.azurewebsites.net","sslState":"Disabled","ipBasedSslResult":null,"virtualIP":null,"virtualIPv6":null,"thumbprint":null,"certificateResourceId":null,"toUpdate":null,"toUpdateIpBasedSsl":null,"ipBasedSslState":"NotConfigured","hostType":"Standard"},{"name":"webapp-quick-linux000002.scm.azurewebsites.net","sslState":"Disabled","ipBasedSslResult":null,"virtualIP":null,"virtualIPv6":null,"thumbprint":null,"certificateResourceId":null,"toUpdate":null,"toUpdateIpBasedSsl":null,"ipBasedSslState":"NotConfigured","hostType":"Repository"}],"computeMode":null,"serverFarm":null,"serverFarmId":"/subscriptions/00000000-0000-0000-0000-000000000000/resourceGroups/clitest.rg000001/providers/Microsoft.Web/serverfarms/plan-quick-linux000003","reserved":true,"isXenon":false,"hyperV":false,"sandboxType":null,"lastModifiedTimeUtc":"2025-10-30T22:08:15.0533333","storageRecoveryDefaultState":"Running","contentAvailabilityState":"Normal","runtimeAvailabilityState":"Normal","dnsConfiguration":{},"containerAllocationSubnet":null,"useContainerLocalhostBindings":null,"outboundVnetRouting":{"allTraffic":false,"applicationTraffic":false,"contentShareTraffic":false,"imagePullTraffic":false,"backupRestoreTraffic":false,"managedIdentityTraffic":false},"legacyServiceEndpointTrafficEvaluation":null,"siteConfig":{"numberOfWorkers":1,"defaultDocuments":null,"netFrameworkVersion":null,"phpVersion":null,"pythonVersion":null,"nodeVersion":null,"powerShellVersion":null,"linuxFxVersion":"DOCKER|patle/ruby-hello","windowsFxVersion":null,"sandboxType":null,"windowsConfiguredStacks":null,"requestTracingEnabled":null,"remoteDebuggingEnabled":null,"remoteDebuggingVersion":null,"httpLoggingEnabled":null,"azureMonitorLogCategories":null,"acrUseManagedIdentityCreds":false,"acrUserManagedIdentityID":null,"logsDirectorySizeLimit":null,"detailedErrorLoggingEnabled":null,"publishingUsername":null,"publishingPassword":null,"appSettings":null,"metadata":null,"connectionStrings":null,"machineKey":null,"handlerMappings":null,"documentRoot":null,"scmType":null,"use32BitWorkerProcess":null,"webSocketsEnabled":null,"alwaysOn":false,"javaVersion":null,"javaContainer":null,"javaContainerVersion":null,"appCommandLine":null,"managedPipelineMode":null,"virtualApplications":null,"winAuthAdminState":null,"winAuthTenantState":null,"customAppPoolIdentityAdminState":null,"customAppPoolIdentityTenantState":null,"runtimeADUser":null,"runtimeADUserPassword":null,"loadBalancing":null,"routingRules":null,"experiments":null,"limits":null,"autoHealEnabled":null,"autoHealRules":null,"tracingOptions":null,"vnetName":null,"vnetRouteAllEnabled":null,"vnetPrivatePortsCount":null,"publicNetworkAccess":null,"cors":null,"push":null,"apiDefinition":null,"apiManagementConfig":null,"autoSwapSlotName":null,"localMySqlEnabled":null,"managedServiceIdentityId":null,"xManagedServiceIdentityId":null,"keyVaultReferenceIdentity":null,"ipSecurityRestrictions":null,"ipSecurityRestrictionsDefaultAction":null,"scmIpSecurityRestrictions":null,"scmIpSecurityRestrictionsDefaultAction":null,"scmIpSecurityRestrictionsUseMain":null,"http20Enabled":true,"minTlsVersion":null,"minTlsCipherSuite":null,"scmMinTlsCipherSuite":null,"supportedTlsCipherSuites":null,"scmSupportedTlsCipherSuites":null,"scmMinTlsVersion":null,"ftpsState":null,"preWarmedInstanceCount":null,"functionAppScaleLimit":0,"elasticWebAppScaleLimit":null,"healthCheckPath":null,"fileChangeAuditEnabled":null,"functionsRuntimeScaleMonitoringEnabled":null,"websiteTimeZone":null,"minimumElasticInstanceCount":1,"azureStorageAccounts":null,"http20ProxyFlag":null,"sitePort":null,"antivirusScanEnabled":null,"storageType":null,"sitePrivateLinkHostEnabled":null,"clusteringEnabled":false,"webJobsEnabled":false},"functionAppConfig":null,"daprConfig":null,"deploymentId":"webapp-quick-linux000002","slotName":null,"trafficManagerHostNames":null,"sku":"Basic","scmSiteAlsoStopped":false,"targetSwapSlot":null,"hostingEnvironment":null,"hostingEnvironmentProfile":null,"clientAffinityEnabled":true,"clientAffinityProxyEnabled":false,"useQueryStringAffinity":false,"blockPathTraversal":false,"clientCertEnabled":false,"clientCertMode":"Required","clientCertExclusionPaths":null,"clientCertExclusionEndPoints":null,"hostNamesDisabled":false,"ipMode":"IPv4","domainVerificationIdentifiers":null,"customDomainVerificationId":"06A754DDDA9E82CEAB4064B1FFBB341F2D951D8E36BC157906AEE1799EE3B407","kind":"app,linux,container","managedEnvironmentId":null,"workloadProfileName":null,"resourceConfig":null,"inboundIpAddress":"20.48.204.0","possibleInboundIpAddresses":"20.48.204.0","inboundIpv6Address":"2603:1030:f05:3::22","possibleInboundIpv6Addresses":"2603:1030:f05:3::22","ftpUsername":"webapp-quick-linux000002\\$webapp-quick-linux000002","ftpsHostName":"ftps://waws-prod-yt1-071.ftp.azurewebsites.windows.net/site/wwwroot","outboundIpAddresses":"4.174.177.60,4.174.177.74,4.174.177.84,4.174.177.86,4.174.177.94,4.174.177.97,4.174.176.213,4.174.176.215,4.174.176.226,4.174.176.229,4.174.176.230,4.174.176.234,20.48.204.0","possibleOutboundIpAddresses":"4.174.177.60,4.174.177.74,4.174.177.84,4.174.177.86,4.174.177.94,4.174.177.97,4.174.176.213,4.174.176.215,4.174.176.226,4.174.176.229,4.174.176.230,4.174.176.234,4.174.176.239,4.174.176.243,4.174.177.14,4.174.177.17,4.174.177.23,4.174.177.25,4.174.177.33,4.174.177.35,4.174.177.37,4.174.177.43,4.174.176.121,4.174.177.58,4.174.177.110,4.174.177.144,4.174.177.150,4.174.179.140,4.174.179.143,4.174.179.151,20.48.204.0","outboundIpv6Addresses":"2603:1030:f00:e::160,2603:1030:f00:d::1ad,2603:1030:f00:f::30e,2603:1030:f00:f::30f,2603:1030:f00:14::127,2603:1030:f02:3::60d,2603:1030:f00:c::14a,2603:1030:f00:e::15a,2603:1030:f00:d::1a7,2603:1030:f00:e::15b,2603:1030:f00:d::1a8,2603:1030:f00:d::1a9,2603:1030:f05:3::22,2603:10e1:100:2::1430:cc00","possibleOutboundIpv6Addresses":"2603:1030:f00:e::160,2603:1030:f00:d::1ad,2603:1030:f00:f::30e,2603:1030:f00:f::30f,2603:1030:f00:14::127,2603:1030:f02:3::60d,2603:1030:f00:c::14a,2603:1030:f00:e::15a,2603:1030:f00:d::1a7,2603:1030:f00:e::15b,2603:1030:f00:d::1a8,2603:1030:f00:d::1a9,2603:1030:f00:e::15d,2603:1030:f00:11::139,2603:1030:f00:14::123,2603:1030:f00:10::121,2603:1030:f00:14::124,2603:1030:f00:c::14c,2603:1030:f00:f::2a8,2603:1030:f00:14::125,2603:1030:f02:3::60b,2603:1030:f00:d::1ac,2603:1030:f00:14::126,2603:1030:f00:f::2a9,2603:1030:f00:f::352,2603:1030:f00:e::163,2603:1030:f00:f::353,2603:1030:f00:11::142,2603:1030:f00:f::356,2603:1030:f00:10::124,2603:1030:f05:3::22,2603:10e1:100:2::1430:cc00","containerSize":0,"dailyMemoryTimeQuota":0,"suspendedTill":null,"siteDisabledReason":0,"functionExecutionUnitsCache":null,"maxNumberOfWorkers":null,"homeStamp":"waws-prod-yt1-071","cloningInfo":null,"hostingEnvironmentId":null,"tags":null,"resourceGroup":"clitest.rg000001","defaultHostName":"webapp-quick-linux000002.azurewebsites.net","slotSwapStatus":null,"httpsOnly":true,"endToEndEncryptionEnabled":false,"functionsRuntimeAdminIsolationEnabled":false,"redundancyMode":"None","inProgressOperationId":null,"geoDistributions":null,"privateEndpointConnections":[],"publicNetworkAccess":"Enabled","buildVersion":null,"targetBuildVersion":null,"migrationState":null,"eligibleLogCategories":"AppServiceAppLogs,AppServiceAuditLogs,AppServiceConsoleLogs,AppServiceHTTPLogs,AppServiceIPSecAuditLogs,AppServicePlatformLogs,ScanLogs,AppServiceAuthenticationLogs","inFlightFeatures":["SiteContainers","RouteGeoCapacityClientTrafficToV2","RouteOperationClientTrafficToV2","RouteGeoPlanClientTrafficToV2","RouteGeoSourceControlKeyClientTrafficToV2","RouteGeoUserClientTrafficToV2"],"storageAccountRequired":false,"virtualNetworkSubnetId":null,"keyVaultReferenceIdentity":"SystemAssigned","autoGeneratedDomainNameLabelScope":null,"privateLinkIdentifiers":null,"sshEnabled":null}}'
    headers:
      cache-control:
      - no-cache
      content-length:
      - '9053'
      content-type:
      - application/json
      date:
      - Thu, 30 Oct 2025 22:09:19 GMT
      etag:
      - '"1DC49E9B06ED4D5"'
      expires:
      - '-1'
      pragma:
      - no-cache
      strict-transport-security:
      - max-age=31536000; includeSubDomains
      x-aspnet-version:
      - 4.0.30319
      x-cache:
      - CONFIG_NOCACHE
      x-content-type-options:
      - nosniff
      x-ms-ratelimit-remaining-subscription-global-reads:
      - '16499'
      x-msedge-ref:
      - 'Ref A: 5BEC30A165B54611B80B9098F24A34C9 Ref B: SN4AA2022304037 Ref C: 2025-10-30T22:09:19Z'
      x-powered-by:
      - ASP.NET
    status:
      code: 200
      message: OK
- request:
    body: null
    headers:
      Accept:
      - '*/*'
      Accept-Encoding:
      - gzip, deflate
      CommandName:
      - webapp config appsettings list
      Connection:
      - keep-alive
      ParameterSetName:
      - -g -n
      User-Agent:
      - python/3.13.9 (Windows-11-10.0.26200-SP0) AZURECLI/2.79.0
    method: GET
    uri: https://management.azure.com/subscriptions/00000000-0000-0000-0000-000000000000/resourceGroups/clitest.rg000001/providers/Microsoft.Web/sites/webapp-quick-linux000002?api-version=2023-12-01
  response:
    body:
      string: '{"id":"/subscriptions/00000000-0000-0000-0000-000000000000/resourceGroups/clitest.rg000001/providers/Microsoft.Web/sites/webapp-quick-linux000002","name":"webapp-quick-linux000002","type":"Microsoft.Web/sites","kind":"app,linux,container","location":"Canada
        Central","properties":{"name":"webapp-quick-linux000002","state":"Running","hostNames":["webapp-quick-linux000002.azurewebsites.net"],"webSpace":"clitest.rg000001-CanadaCentralwebspace-Linux","selfLink":"https://waws-prod-yt1-071.api.azurewebsites.windows.net:454/subscriptions/00000000-0000-0000-0000-000000000000/webspaces/clitest.rg000001-CanadaCentralwebspace-Linux/sites/webapp-quick-linux000002","repositorySiteName":"webapp-quick-linux000002","owner":null,"usageState":"Normal","enabled":true,"adminEnabled":true,"siteScopedCertificatesEnabled":false,"afdEnabled":false,"enabledHostNames":["webapp-quick-linux000002.azurewebsites.net","webapp-quick-linux000002.scm.azurewebsites.net"],"siteProperties":{"metadata":null,"properties":[{"name":"LinuxFxVersion","value":"DOCKER|patle/ruby-hello"},{"name":"WindowsFxVersion","value":null}],"appSettings":null},"availabilityState":"Normal","sslCertificates":null,"csrs":[],"cers":null,"siteMode":null,"hostNameSslStates":[{"name":"webapp-quick-linux000002.azurewebsites.net","sslState":"Disabled","ipBasedSslResult":null,"virtualIP":null,"virtualIPv6":null,"thumbprint":null,"certificateResourceId":null,"toUpdate":null,"toUpdateIpBasedSsl":null,"ipBasedSslState":"NotConfigured","hostType":"Standard"},{"name":"webapp-quick-linux000002.scm.azurewebsites.net","sslState":"Disabled","ipBasedSslResult":null,"virtualIP":null,"virtualIPv6":null,"thumbprint":null,"certificateResourceId":null,"toUpdate":null,"toUpdateIpBasedSsl":null,"ipBasedSslState":"NotConfigured","hostType":"Repository"}],"computeMode":null,"serverFarm":null,"serverFarmId":"/subscriptions/00000000-0000-0000-0000-000000000000/resourceGroups/clitest.rg000001/providers/Microsoft.Web/serverfarms/plan-quick-linux000003","reserved":true,"isXenon":false,"hyperV":false,"sandboxType":null,"lastModifiedTimeUtc":"2025-10-30T22:08:15.0533333","storageRecoveryDefaultState":"Running","contentAvailabilityState":"Normal","runtimeAvailabilityState":"Normal","dnsConfiguration":{},"vnetRouteAllEnabled":false,"containerAllocationSubnet":null,"useContainerLocalhostBindings":null,"vnetImagePullEnabled":false,"vnetContentShareEnabled":false,"legacyServiceEndpointTrafficEvaluation":null,"siteConfig":{"numberOfWorkers":1,"defaultDocuments":null,"netFrameworkVersion":null,"phpVersion":null,"pythonVersion":null,"nodeVersion":null,"powerShellVersion":null,"linuxFxVersion":"DOCKER|patle/ruby-hello","windowsFxVersion":null,"sandboxType":null,"windowsConfiguredStacks":null,"requestTracingEnabled":null,"remoteDebuggingEnabled":null,"remoteDebuggingVersion":null,"httpLoggingEnabled":null,"azureMonitorLogCategories":null,"acrUseManagedIdentityCreds":false,"acrUserManagedIdentityID":null,"logsDirectorySizeLimit":null,"detailedErrorLoggingEnabled":null,"publishingUsername":null,"publishingPassword":null,"appSettings":null,"metadata":null,"connectionStrings":null,"machineKey":null,"handlerMappings":null,"documentRoot":null,"scmType":null,"use32BitWorkerProcess":null,"webSocketsEnabled":null,"alwaysOn":false,"javaVersion":null,"javaContainer":null,"javaContainerVersion":null,"appCommandLine":null,"managedPipelineMode":null,"virtualApplications":null,"winAuthAdminState":null,"winAuthTenantState":null,"customAppPoolIdentityAdminState":null,"customAppPoolIdentityTenantState":null,"runtimeADUser":null,"runtimeADUserPassword":null,"loadBalancing":null,"routingRules":null,"experiments":null,"limits":null,"autoHealEnabled":null,"autoHealRules":null,"tracingOptions":null,"vnetName":null,"vnetRouteAllEnabled":null,"vnetPrivatePortsCount":null,"publicNetworkAccess":null,"cors":null,"push":null,"apiDefinition":null,"apiManagementConfig":null,"autoSwapSlotName":null,"localMySqlEnabled":null,"managedServiceIdentityId":null,"xManagedServiceIdentityId":null,"keyVaultReferenceIdentity":null,"ipSecurityRestrictions":null,"ipSecurityRestrictionsDefaultAction":null,"scmIpSecurityRestrictions":null,"scmIpSecurityRestrictionsDefaultAction":null,"scmIpSecurityRestrictionsUseMain":null,"http20Enabled":true,"minTlsVersion":null,"minTlsCipherSuite":null,"scmMinTlsCipherSuite":null,"supportedTlsCipherSuites":null,"scmSupportedTlsCipherSuites":null,"scmMinTlsVersion":null,"ftpsState":null,"preWarmedInstanceCount":null,"functionAppScaleLimit":0,"elasticWebAppScaleLimit":null,"healthCheckPath":null,"fileChangeAuditEnabled":null,"functionsRuntimeScaleMonitoringEnabled":null,"websiteTimeZone":null,"minimumElasticInstanceCount":1,"azureStorageAccounts":null,"http20ProxyFlag":null,"sitePort":null,"antivirusScanEnabled":null,"storageType":null,"sitePrivateLinkHostEnabled":null,"clusteringEnabled":false,"webJobsEnabled":false},"functionAppConfig":null,"daprConfig":null,"deploymentId":"webapp-quick-linux000002","slotName":null,"trafficManagerHostNames":null,"sku":"Basic","scmSiteAlsoStopped":false,"targetSwapSlot":null,"hostingEnvironment":null,"hostingEnvironmentProfile":null,"clientAffinityEnabled":true,"clientAffinityProxyEnabled":false,"useQueryStringAffinity":false,"blockPathTraversal":false,"clientCertEnabled":false,"clientCertMode":"Required","clientCertExclusionPaths":null,"clientCertExclusionEndPoints":null,"hostNamesDisabled":false,"ipMode":"IPv4","vnetBackupRestoreEnabled":false,"domainVerificationIdentifiers":null,"customDomainVerificationId":"06A754DDDA9E82CEAB4064B1FFBB341F2D951D8E36BC157906AEE1799EE3B407","kind":"app,linux,container","managedEnvironmentId":null,"workloadProfileName":null,"resourceConfig":null,"inboundIpAddress":"20.48.204.0","possibleInboundIpAddresses":"20.48.204.0","inboundIpv6Address":"2603:1030:f05:3::22","possibleInboundIpv6Addresses":"2603:1030:f05:3::22","ftpUsername":"webapp-quick-linux000002\\$webapp-quick-linux000002","ftpsHostName":"ftps://waws-prod-yt1-071.ftp.azurewebsites.windows.net/site/wwwroot","outboundIpAddresses":"4.174.177.60,4.174.177.74,4.174.177.84,4.174.177.86,4.174.177.94,4.174.177.97,4.174.176.213,4.174.176.215,4.174.176.226,4.174.176.229,4.174.176.230,4.174.176.234,20.48.204.0","possibleOutboundIpAddresses":"4.174.177.60,4.174.177.74,4.174.177.84,4.174.177.86,4.174.177.94,4.174.177.97,4.174.176.213,4.174.176.215,4.174.176.226,4.174.176.229,4.174.176.230,4.174.176.234,4.174.176.239,4.174.176.243,4.174.177.14,4.174.177.17,4.174.177.23,4.174.177.25,4.174.177.33,4.174.177.35,4.174.177.37,4.174.177.43,4.174.176.121,4.174.177.58,4.174.177.110,4.174.177.144,4.174.177.150,4.174.179.140,4.174.179.143,4.174.179.151,20.48.204.0","outboundIpv6Addresses":"2603:1030:f00:e::160,2603:1030:f00:d::1ad,2603:1030:f00:f::30e,2603:1030:f00:f::30f,2603:1030:f00:14::127,2603:1030:f02:3::60d,2603:1030:f00:c::14a,2603:1030:f00:e::15a,2603:1030:f00:d::1a7,2603:1030:f00:e::15b,2603:1030:f00:d::1a8,2603:1030:f00:d::1a9,2603:1030:f05:3::22,2603:10e1:100:2::1430:cc00","possibleOutboundIpv6Addresses":"2603:1030:f00:e::160,2603:1030:f00:d::1ad,2603:1030:f00:f::30e,2603:1030:f00:f::30f,2603:1030:f00:14::127,2603:1030:f02:3::60d,2603:1030:f00:c::14a,2603:1030:f00:e::15a,2603:1030:f00:d::1a7,2603:1030:f00:e::15b,2603:1030:f00:d::1a8,2603:1030:f00:d::1a9,2603:1030:f00:e::15d,2603:1030:f00:11::139,2603:1030:f00:14::123,2603:1030:f00:10::121,2603:1030:f00:14::124,2603:1030:f00:c::14c,2603:1030:f00:f::2a8,2603:1030:f00:14::125,2603:1030:f02:3::60b,2603:1030:f00:d::1ac,2603:1030:f00:14::126,2603:1030:f00:f::2a9,2603:1030:f00:f::352,2603:1030:f00:e::163,2603:1030:f00:f::353,2603:1030:f00:11::142,2603:1030:f00:f::356,2603:1030:f00:10::124,2603:1030:f05:3::22,2603:10e1:100:2::1430:cc00","containerSize":0,"dailyMemoryTimeQuota":0,"suspendedTill":null,"siteDisabledReason":0,"functionExecutionUnitsCache":null,"maxNumberOfWorkers":null,"homeStamp":"waws-prod-yt1-071","cloningInfo":null,"hostingEnvironmentId":null,"tags":null,"resourceGroup":"clitest.rg000001","defaultHostName":"webapp-quick-linux000002.azurewebsites.net","slotSwapStatus":null,"httpsOnly":true,"endToEndEncryptionEnabled":false,"functionsRuntimeAdminIsolationEnabled":false,"redundancyMode":"None","inProgressOperationId":null,"geoDistributions":null,"privateEndpointConnections":[],"publicNetworkAccess":null,"buildVersion":null,"targetBuildVersion":null,"migrationState":null,"eligibleLogCategories":"AppServiceAppLogs,AppServiceAuditLogs,AppServiceConsoleLogs,AppServiceHTTPLogs,AppServiceIPSecAuditLogs,AppServicePlatformLogs,ScanLogs,AppServiceAuthenticationLogs","inFlightFeatures":["SiteContainers","RouteGeoCapacityClientTrafficToV2","RouteOperationClientTrafficToV2","RouteGeoPlanClientTrafficToV2","RouteGeoSourceControlKeyClientTrafficToV2","RouteGeoUserClientTrafficToV2"],"storageAccountRequired":false,"virtualNetworkSubnetId":null,"keyVaultReferenceIdentity":"SystemAssigned","autoGeneratedDomainNameLabelScope":null,"privateLinkIdentifiers":null,"sshEnabled":null}}'
    headers:
      cache-control:
      - no-cache
      content-length:
      - '8987'
      content-type:
      - application/json
      date:
      - Thu, 30 Oct 2025 22:09:20 GMT
      etag:
      - '"1DC49E9B06ED4D5"'
      expires:
      - '-1'
      pragma:
      - no-cache
      strict-transport-security:
      - max-age=31536000; includeSubDomains
      x-aspnet-version:
      - 4.0.30319
      x-cache:
      - CONFIG_NOCACHE
      x-content-type-options:
      - nosniff
      x-ms-ratelimit-remaining-subscription-global-reads:
      - '16499'
      x-msedge-ref:
      - 'Ref A: 17B6210303DA412EA5C55C121824F62A Ref B: SN4AA2022303021 Ref C: 2025-10-30T22:09:19Z'
      x-powered-by:
      - ASP.NET
    status:
      code: 200
      message: OK
- request:
    body: null
    headers:
      Accept:
      - application/json
      Accept-Encoding:
      - gzip, deflate
      CommandName:
      - webapp config appsettings list
      Connection:
      - keep-alive
      ParameterSetName:
      - -g -n
      User-Agent:
      - AZURECLI/2.79.0 azsdk-python-core/1.35.0 Python/3.13.9 (Windows-11-10.0.26200-SP0)
    method: GET
    uri: https://management.azure.com/subscriptions/00000000-0000-0000-0000-000000000000/resourceGroups/clitest.rg000001/providers/Microsoft.Web/sites/webapp-quick-linux000002/config/slotConfigNames?api-version=2024-11-01
  response:
    body:
      string: '{"id":null,"name":"webapp-quick-linux000002","type":"Microsoft.Web/sites","location":"Canada
        Central","properties":{"connectionStringNames":null,"appSettingNames":null,"azureStorageConfigNames":null}}'
    headers:
      cache-control:
      - no-cache
      content-length:
      - '200'
      content-type:
      - application/json
      date:
      - Thu, 30 Oct 2025 22:09:20 GMT
      expires:
      - '-1'
      pragma:
      - no-cache
      strict-transport-security:
      - max-age=31536000; includeSubDomains
      x-aspnet-version:
      - 4.0.30319
      x-cache:
      - CONFIG_NOCACHE
      x-content-type-options:
      - nosniff
      x-ms-operation-identifier:
      - tenantId=72f988bf-86f1-41af-91ab-2d7cd011db47,objectId=d1dbc388-1013-482b-b171-79f4269ea689/southcentralus/8c20bec9-918a-4d82-9988-40668e1862f9
      x-ms-ratelimit-remaining-subscription-global-reads:
      - '16499'
      x-msedge-ref:
      - 'Ref A: D7B8DD1DF50740BE85CF428A52A2AC36 Ref B: SN4AA2022301025 Ref C: 2025-10-30T22:09:20Z'
      x-powered-by:
      - ASP.NET
    status:
      code: 200
      message: OK
version: 1
