interactions:
- request:
    body: null
    headers:
      Accept:
      - application/json
      Accept-Encoding:
      - gzip, deflate
      CommandName:
      - appservice plan create
      Connection:
      - keep-alive
      ParameterSetName:
      - -g -n --sku --is-linux
      User-Agent:
      - AZURECLI/2.79.0 azsdk-python-core/1.35.0 Python/3.13.9 (Windows-11-10.0.26200-SP0)
    method: GET
    uri: https://management.azure.com/subscriptions/00000000-0000-0000-0000-000000000000/resourcegroups/cli_test_webapp_sitecontainers000001?api-version=2024-11-01
  response:
    body:
      string: '{"id":"/subscriptions/00000000-0000-0000-0000-000000000000/resourceGroups/cli_test_webapp_sitecontainers000001","name":"cli_test_webapp_sitecontainers000001","type":"Microsoft.Resources/resourceGroups","location":"eastus","tags":{"product":"azurecli","cause":"automation","test":"test_webapp_sitecontainers_createfromspecs_and_list_containers","date":"2025-10-30T22:17:11Z","module":"appservice"},"properties":{"provisioningState":"Succeeded"}}'
    headers:
      cache-control:
      - no-cache
      content-length:
      - '444'
      content-type:
      - application/json; charset=utf-8
      date:
      - Thu, 30 Oct 2025 22:17:11 GMT
      expires:
      - '-1'
      pragma:
      - no-cache
      strict-transport-security:
      - max-age=31536000; includeSubDomains
      x-cache:
      - CONFIG_NOCACHE
      x-content-type-options:
      - nosniff
      x-ms-ratelimit-remaining-subscription-global-reads:
      - '16499'
      x-msedge-ref:
      - 'Ref A: 5F9B5377BDEC4C8BAFD3B0D0DC067A70 Ref B: SN4AA2022301045 Ref C: 2025-10-30T22:17:12Z'
    status:
      code: 200
      message: OK
- request:
    body: '{"location": "eastus", "properties": {"perSiteScaling": false, "reserved":
      true}, "sku": {"capacity": 1, "name": "S1", "tier": "STANDARD"}}'
    headers:
      Accept:
      - application/json
      Accept-Encoding:
      - gzip, deflate
      CommandName:
      - appservice plan create
      Connection:
      - keep-alive
      Content-Length:
      - '139'
      Content-Type:
      - application/json
      ParameterSetName:
      - -g -n --sku --is-linux
      User-Agent:
      - AZURECLI/2.79.0 azsdk-python-core/1.35.0 Python/3.13.9 (Windows-11-10.0.26200-SP0)
    method: PUT
    uri: https://management.azure.com/subscriptions/00000000-0000-0000-0000-000000000000/resourceGroups/cli_test_webapp_sitecontainers000001/providers/Microsoft.Web/serverfarms/webapp-sitecontainers-plan000003?api-version=2025-03-01
  response:
    body:
      string: '{"id":"/subscriptions/00000000-0000-0000-0000-000000000000/resourceGroups/cli_test_webapp_sitecontainers000001/providers/Microsoft.Web/serverfarms/webapp-sitecontainers-plan000003","name":"webapp-sitecontainers-plan000003","type":"Microsoft.Web/serverfarms","kind":"linux","location":"eastus","properties":{"serverFarmId":40072,"name":"webapp-sitecontainers-plan000003","sku":{"name":"S1","tier":"Standard","size":"S1","family":"S","capacity":1},"workerSize":"Small","workerSizeId":0,"workerTierName":null,"numberOfWorkers":1,"currentWorkerSize":"Small","currentWorkerSizeId":0,"currentNumberOfWorkers":1,"status":"Ready","webSpace":"cli_test_webapp_sitecontainers000001-EastUSwebspace-Linux","subscription":"663546d4-b5c7-459b-8819-b65223614c9f","adminSiteName":null,"hostingEnvironment":null,"hostingEnvironmentProfile":null,"maximumNumberOfWorkers":0,"planName":"VirtualDedicatedPlan","adminRuntimeSiteName":null,"computeMode":"Dedicated","siteMode":null,"geoRegion":"East
        US","perSiteScaling":false,"elasticScaleEnabled":false,"maximumElasticWorkerCount":1,"numberOfSites":0,"hostingEnvironmentId":null,"isSpot":false,"spotExpirationTime":null,"freeOfferExpirationTime":null,"tags":null,"kind":"linux","resourceGroup":"cli_test_webapp_sitecontainers000001","reserved":true,"isXenon":false,"hyperV":false,"mdmId":"waws-prod-blu-557_40072","targetWorkerCount":0,"targetWorkerSizeId":0,"targetWorkerSku":null,"provisioningState":"Succeeded","webSiteId":null,"existingServerFarmIds":null,"kubeEnvironmentProfile":null,"zoneRedundant":false,"maximumNumberOfZones":3,"currentNumberOfZonesUtilized":1,"migrateToVMSS":null,"vnetConnectionsUsed":null,"vnetConnectionsMax":null,"createdTime":"2025-10-30T22:17:23.0933333","asyncScalingEnabled":false,"isCustomMode":null,"powerState":null,"eligibleLogCategories":null},"sku":{"name":"S1","tier":"Standard","size":"S1","family":"S","capacity":1}}'
    headers:
      cache-control:
      - no-cache
      content-length:
      - '1888'
      content-type:
      - application/json
      date:
      - Thu, 30 Oct 2025 22:17:24 GMT
      etag:
      - '"1DC49EAF7AB9E2B"'
      expires:
      - '-1'
      pragma:
      - no-cache
      strict-transport-security:
      - max-age=31536000; includeSubDomains
      x-aspnet-version:
      - 4.0.30319
      x-cache:
      - CONFIG_NOCACHE
      x-content-type-options:
      - nosniff
      x-ms-operation-identifier:
      - tenantId=72f988bf-86f1-41af-91ab-2d7cd011db47,objectId=d1dbc388-1013-482b-b171-79f4269ea689/southcentralus/12394713-6015-49da-af4c-2e79a1d0c540
      x-ms-ratelimit-remaining-subscription-global-writes:
      - '12000'
      x-ms-ratelimit-remaining-subscription-writes:
      - '800'
      x-msedge-ref:
      - 'Ref A: 692B166976014361989BAF3E6C4D8384 Ref B: SN4AA2022301035 Ref C: 2025-10-30T22:17:12Z'
      x-powered-by:
      - ASP.NET
    status:
      code: 200
      message: OK
- request:
    body: null
    headers:
      Accept:
      - application/json
      Accept-Encoding:
      - gzip, deflate
      CommandName:
      - webapp create
      Connection:
      - keep-alive
      ParameterSetName:
      - -g -n --plan --sitecontainers-app
      User-Agent:
      - AZURECLI/2.79.0 azsdk-python-core/1.35.0 Python/3.13.9 (Windows-11-10.0.26200-SP0)
    method: GET
    uri: https://management.azure.com/subscriptions/00000000-0000-0000-0000-000000000000/resourceGroups/cli_test_webapp_sitecontainers000001/providers/Microsoft.Web/serverfarms/webapp-sitecontainers-plan000003?api-version=2024-11-01
  response:
    body:
      string: '{"id":"/subscriptions/00000000-0000-0000-0000-000000000000/resourceGroups/cli_test_webapp_sitecontainers000001/providers/Microsoft.Web/serverfarms/webapp-sitecontainers-plan000003","name":"webapp-sitecontainers-plan000003","type":"Microsoft.Web/serverfarms","kind":"linux","location":"East
        US","properties":{"serverFarmId":40072,"name":"webapp-sitecontainers-plan000003","workerSize":"Small","workerSizeId":0,"workerTierName":null,"numberOfWorkers":1,"currentWorkerSize":"Small","currentWorkerSizeId":0,"currentNumberOfWorkers":1,"status":"Ready","webSpace":"cli_test_webapp_sitecontainers000001-EastUSwebspace-Linux","subscription":"663546d4-b5c7-459b-8819-b65223614c9f","adminSiteName":null,"hostingEnvironment":null,"hostingEnvironmentProfile":null,"maximumNumberOfWorkers":10,"planName":"VirtualDedicatedPlan","adminRuntimeSiteName":null,"computeMode":"Dedicated","siteMode":null,"geoRegion":"East
        US","perSiteScaling":false,"elasticScaleEnabled":false,"maximumElasticWorkerCount":1,"numberOfSites":0,"hostingEnvironmentId":null,"isSpot":false,"spotExpirationTime":null,"freeOfferExpirationTime":null,"tags":null,"kind":"linux","resourceGroup":"cli_test_webapp_sitecontainers000001","reserved":true,"isXenon":false,"hyperV":false,"mdmId":"waws-prod-blu-557_40072","targetWorkerCount":0,"targetWorkerSizeId":0,"targetWorkerSku":null,"provisioningState":"Succeeded","webSiteId":null,"existingServerFarmIds":null,"kubeEnvironmentProfile":null,"zoneRedundant":false,"maximumNumberOfZones":3,"currentNumberOfZonesUtilized":1,"migrateToVMSS":null,"vnetConnectionsUsed":0,"vnetConnectionsMax":2,"createdTime":"2025-10-30T22:17:23.0933333","asyncScalingEnabled":false,"isCustomMode":null,"powerState":null,"eligibleLogCategories":null},"sku":{"name":"S1","tier":"Standard","size":"S1","family":"S","capacity":1}}'
    headers:
      cache-control:
      - no-cache
      content-length:
      - '1808'
      content-type:
      - application/json
      date:
      - Thu, 30 Oct 2025 22:17:25 GMT
      expires:
      - '-1'
      pragma:
      - no-cache
      strict-transport-security:
      - max-age=31536000; includeSubDomains
      x-aspnet-version:
      - 4.0.30319
      x-cache:
      - CONFIG_NOCACHE
      x-content-type-options:
      - nosniff
      x-ms-ratelimit-remaining-subscription-global-reads:
      - '16499'
      x-msedge-ref:
      - 'Ref A: 02F588860D9B4545A123BFEF7694DA3D Ref B: SN4AA2022301045 Ref C: 2025-10-30T22:17:25Z'
      x-powered-by:
      - ASP.NET
    status:
      code: 200
      message: OK
- request:
    body: '{"name": "webapp-sitecontainers-test000002", "type": "Site"}'
    headers:
      Accept:
      - application/json
      Accept-Encoding:
      - gzip, deflate
      CommandName:
      - webapp create
      Connection:
      - keep-alive
      Content-Length:
      - '60'
      Content-Type:
      - application/json
      ParameterSetName:
      - -g -n --plan --sitecontainers-app
      User-Agent:
      - AZURECLI/2.79.0 azsdk-python-core/1.35.0 Python/3.13.9 (Windows-11-10.0.26200-SP0)
    method: POST
    uri: https://management.azure.com/subscriptions/00000000-0000-0000-0000-000000000000/providers/Microsoft.Web/checknameavailability?api-version=2024-11-01
  response:
    body:
      string: '{"nameAvailable":true,"reason":"","message":""}'
    headers:
      cache-control:
      - no-cache
      content-length:
      - '47'
      content-type:
      - application/json
      date:
      - Thu, 30 Oct 2025 22:17:25 GMT
      expires:
      - '-1'
      pragma:
      - no-cache
      strict-transport-security:
      - max-age=31536000; includeSubDomains
      x-aspnet-version:
      - 4.0.30319
      x-cache:
      - CONFIG_NOCACHE
      x-content-type-options:
      - nosniff
      x-ms-operation-identifier:
      - tenantId=72f988bf-86f1-41af-91ab-2d7cd011db47,objectId=d1dbc388-1013-482b-b171-79f4269ea689/southcentralus/9e53a1f4-030d-4aac-81cb-d9913ef2de8a
      x-ms-ratelimit-remaining-subscription-global-reads:
      - '16499'
      x-msedge-ref:
      - 'Ref A: 0EE6FCA17DB949ECA7D25FD97620D694 Ref B: SN4AA2022303009 Ref C: 2025-10-30T22:17:26Z'
      x-powered-by:
      - ASP.NET
    status:
      code: 200
      message: OK
- request:
    body: '{"location": "East US", "properties": {"serverFarmId": "/subscriptions/00000000-0000-0000-0000-000000000000/resourceGroups/cli_test_webapp_sitecontainers000001/providers/Microsoft.Web/serverfarms/webapp-sitecontainers-plan000003",
      "reserved": false, "isXenon": false, "hyperV": false, "siteConfig": {"netFrameworkVersion":
      "v4.6", "linuxFxVersion": "SITECONTAINERS", "appSettings": [], "alwaysOn": true,
      "localMySqlEnabled": false, "http20Enabled": true, "http20ProxyFlag": 0}, "scmSiteAlsoStopped":
      false, "httpsOnly": false}}'
    headers:
      Accept:
      - application/json
      Accept-Encoding:
      - gzip, deflate
      CommandName:
      - webapp create
      Connection:
      - keep-alive
      Content-Length:
      - '527'
      Content-Type:
      - application/json
      ParameterSetName:
      - -g -n --plan --sitecontainers-app
      User-Agent:
      - AZURECLI/2.79.0 azsdk-python-core/1.35.0 Python/3.13.9 (Windows-11-10.0.26200-SP0)
    method: PUT
    uri: https://management.azure.com/subscriptions/00000000-0000-0000-0000-000000000000/resourceGroups/cli_test_webapp_sitecontainers000001/providers/Microsoft.Web/sites/webapp-sitecontainers-test000002?api-version=2024-11-01
  response:
    body:
      string: '{"id":"/subscriptions/00000000-0000-0000-0000-000000000000/resourceGroups/cli_test_webapp_sitecontainers000001/providers/Microsoft.Web/sites/webapp-sitecontainers-test000002","name":"webapp-sitecontainers-test000002","type":"Microsoft.Web/sites","kind":"app,linux","location":"East
        US","properties":{"name":"webapp-sitecontainers-test000002","state":"Running","hostNames":["webapp-sitecontainers-test000002.azurewebsites.net"],"webSpace":"cli_test_webapp_sitecontainers000001-EastUSwebspace-Linux","selfLink":"https://waws-prod-blu-557.api.azurewebsites.windows.net:454/subscriptions/00000000-0000-0000-0000-000000000000/webspaces/cli_test_webapp_sitecontainers000001-EastUSwebspace-Linux/sites/webapp-sitecontainers-test000002","repositorySiteName":"webapp-sitecontainers-test000002","owner":null,"usageState":"Normal","enabled":true,"adminEnabled":true,"siteScopedCertificatesEnabled":false,"afdEnabled":false,"enabledHostNames":["webapp-sitecontainers-test000002.azurewebsites.net","webapp-sitecontainers-test000002.scm.azurewebsites.net"],"siteProperties":{"metadata":null,"properties":[{"name":"LinuxFxVersion","value":"SITECONTAINERS"},{"name":"WindowsFxVersion","value":null}],"appSettings":null},"availabilityState":"Normal","sslCertificates":null,"csrs":[],"cers":null,"siteMode":null,"hostNameSslStates":[{"name":"webapp-sitecontainers-test000002.azurewebsites.net","sslState":"Disabled","ipBasedSslResult":null,"virtualIP":null,"virtualIPv6":null,"thumbprint":null,"certificateResourceId":null,"toUpdate":null,"toUpdateIpBasedSsl":null,"ipBasedSslState":"NotConfigured","hostType":"Standard"},{"name":"webapp-sitecontainers-test000002.scm.azurewebsites.net","sslState":"Disabled","ipBasedSslResult":null,"virtualIP":null,"virtualIPv6":null,"thumbprint":null,"certificateResourceId":null,"toUpdate":null,"toUpdateIpBasedSsl":null,"ipBasedSslState":"NotConfigured","hostType":"Repository"}],"computeMode":null,"serverFarm":null,"serverFarmId":"/subscriptions/00000000-0000-0000-0000-000000000000/resourceGroups/cli_test_webapp_sitecontainers000001/providers/Microsoft.Web/serverfarms/webapp-sitecontainers-plan000003","reserved":true,"isXenon":false,"hyperV":false,"sandboxType":null,"lastModifiedTimeUtc":"2025-10-30T22:17:29.8766667","storageRecoveryDefaultState":"Running","contentAvailabilityState":"Normal","runtimeAvailabilityState":"Normal","dnsConfiguration":{},"containerAllocationSubnet":null,"useContainerLocalhostBindings":null,"outboundVnetRouting":{"allTraffic":false,"applicationTraffic":false,"contentShareTraffic":false,"imagePullTraffic":false,"backupRestoreTraffic":false,"managedIdentityTraffic":false},"legacyServiceEndpointTrafficEvaluation":null,"siteConfig":{"numberOfWorkers":1,"defaultDocuments":null,"netFrameworkVersion":null,"phpVersion":null,"pythonVersion":null,"nodeVersion":null,"powerShellVersion":null,"linuxFxVersion":"","windowsFxVersion":null,"sandboxType":null,"windowsConfiguredStacks":null,"requestTracingEnabled":null,"remoteDebuggingEnabled":null,"remoteDebuggingVersion":null,"httpLoggingEnabled":null,"azureMonitorLogCategories":null,"acrUseManagedIdentityCreds":false,"acrUserManagedIdentityID":null,"logsDirectorySizeLimit":null,"detailedErrorLoggingEnabled":null,"publishingUsername":null,"publishingPassword":null,"appSettings":null,"metadata":null,"connectionStrings":null,"machineKey":null,"handlerMappings":null,"documentRoot":null,"scmType":null,"use32BitWorkerProcess":null,"webSocketsEnabled":null,"alwaysOn":false,"javaVersion":null,"javaContainer":null,"javaContainerVersion":null,"appCommandLine":null,"managedPipelineMode":null,"virtualApplications":null,"winAuthAdminState":null,"winAuthTenantState":null,"customAppPoolIdentityAdminState":null,"customAppPoolIdentityTenantState":null,"runtimeADUser":null,"runtimeADUserPassword":null,"loadBalancing":null,"routingRules":null,"experiments":null,"limits":null,"autoHealEnabled":null,"autoHealRules":null,"tracingOptions":null,"vnetName":null,"vnetRouteAllEnabled":null,"vnetPrivatePortsCount":null,"publicNetworkAccess":null,"cors":null,"push":null,"apiDefinition":null,"apiManagementConfig":null,"autoSwapSlotName":null,"localMySqlEnabled":null,"managedServiceIdentityId":null,"xManagedServiceIdentityId":null,"keyVaultReferenceIdentity":null,"ipSecurityRestrictions":[{"ipAddress":"Any","action":"Allow","priority":2147483647,"name":"Allow
        all","description":"Allow all access"}],"ipSecurityRestrictionsDefaultAction":null,"scmIpSecurityRestrictions":[{"ipAddress":"Any","action":"Allow","priority":2147483647,"name":"Allow
        all","description":"Allow all access"}],"scmIpSecurityRestrictionsDefaultAction":null,"scmIpSecurityRestrictionsUseMain":null,"http20Enabled":false,"minTlsVersion":null,"minTlsCipherSuite":null,"scmMinTlsCipherSuite":null,"supportedTlsCipherSuites":null,"scmSupportedTlsCipherSuites":null,"scmMinTlsVersion":null,"ftpsState":null,"preWarmedInstanceCount":null,"functionAppScaleLimit":null,"elasticWebAppScaleLimit":0,"healthCheckPath":null,"fileChangeAuditEnabled":null,"functionsRuntimeScaleMonitoringEnabled":null,"websiteTimeZone":null,"minimumElasticInstanceCount":0,"azureStorageAccounts":null,"http20ProxyFlag":null,"sitePort":null,"antivirusScanEnabled":null,"storageType":null,"sitePrivateLinkHostEnabled":null,"clusteringEnabled":false,"webJobsEnabled":false},"functionAppConfig":null,"daprConfig":null,"deploymentId":"webapp-sitecontainers-test000002","slotName":null,"trafficManagerHostNames":null,"sku":"Standard","scmSiteAlsoStopped":false,"targetSwapSlot":null,"hostingEnvironment":null,"hostingEnvironmentProfile":null,"clientAffinityEnabled":true,"clientAffinityProxyEnabled":false,"useQueryStringAffinity":false,"blockPathTraversal":false,"clientCertEnabled":false,"clientCertMode":"Required","clientCertExclusionPaths":null,"clientCertExclusionEndPoints":null,"hostNamesDisabled":false,"ipMode":"IPv4","domainVerificationIdentifiers":null,"customDomainVerificationId":"06A754DDDA9E82CEAB4064B1FFBB341F2D951D8E36BC157906AEE1799EE3B407","kind":"app,linux","managedEnvironmentId":null,"workloadProfileName":null,"resourceConfig":null,"inboundIpAddress":"20.119.16.52","possibleInboundIpAddresses":"20.119.16.52","inboundIpv6Address":"2603:1030:210:7::3b","possibleInboundIpv6Addresses":"2603:1030:210:7::3b","ftpUsername":"webapp-sitecontainers-test000002\\$webapp-sitecontainers-test000002","ftpsHostName":"ftps://waws-prod-blu-557.ftp.azurewebsites.windows.net/site/wwwroot","outboundIpAddresses":"20.253.79.11,20.253.79.20,20.253.79.21,20.253.79.22,20.253.79.23,20.253.79.24,20.253.73.128,20.253.77.121,20.253.78.45,20.253.78.136,20.253.78.137,20.253.78.138,20.119.16.52","possibleOutboundIpAddresses":"20.253.79.11,20.253.79.20,20.253.79.21,20.253.79.22,20.253.79.23,20.253.79.24,20.253.73.128,20.253.77.121,20.253.78.45,20.253.78.136,20.253.78.137,20.253.78.138,20.253.78.139,20.253.78.180,20.253.78.181,20.253.78.182,20.253.78.183,20.253.78.240,20.253.78.241,20.253.78.242,20.253.78.243,20.253.79.8,20.253.79.9,20.253.79.10,20.253.79.25,20.253.79.26,20.253.79.27,20.253.79.224,20.253.79.225,20.253.79.226,20.119.16.52","outboundIpv6Addresses":"2603:1030:20c:f::758,2603:1030:20c:a::741,2603:1030:20c:9::767,2603:1030:20c:f::759,2603:1030:20c:f::75a,2603:1030:20c:a::746,2603:1030:20e:3::44f,2603:1030:20c:9::2bb,2603:1030:20e:3::61e,2603:1030:20c:9::72b,2603:1030:20c:9::761,2603:1030:20c:9::762,2603:1030:210:7::3b,2603:10e1:100:2::1477:1034","possibleOutboundIpv6Addresses":"2603:1030:20c:f::758,2603:1030:20c:a::741,2603:1030:20c:9::767,2603:1030:20c:f::759,2603:1030:20c:f::75a,2603:1030:20c:a::746,2603:1030:20e:3::44f,2603:1030:20c:9::2bb,2603:1030:20e:3::61e,2603:1030:20c:9::72b,2603:1030:20c:9::761,2603:1030:20c:9::762,2603:1030:20c:a::745,2603:1030:20c:9::763,2603:1030:20c:a::73a,2603:1030:20c:9::764,2603:1030:20c:9::765,2603:1030:20c:f::5ab,2603:1030:20c:f::5af,2603:1030:20c:a::73b,2603:1030:20c:f::6be,2603:1030:20c:a::740,2603:1030:20c:9::766,2603:1030:20c:f::6c7,2603:1030:20c:a::747,2603:1030:20c:9::768,2603:1030:20c:a::73c,2603:1030:20c:a::73d,2603:1030:20c:f::75b,2603:1030:20c:9::769,2603:1030:210:7::3b,2603:10e1:100:2::1477:1034","containerSize":0,"dailyMemoryTimeQuota":0,"suspendedTill":null,"siteDisabledReason":0,"functionExecutionUnitsCache":null,"maxNumberOfWorkers":null,"homeStamp":"waws-prod-blu-557","cloningInfo":null,"hostingEnvironmentId":null,"tags":null,"resourceGroup":"cli_test_webapp_sitecontainers000001","defaultHostName":"webapp-sitecontainers-test000002.azurewebsites.net","slotSwapStatus":null,"httpsOnly":true,"endToEndEncryptionEnabled":false,"functionsRuntimeAdminIsolationEnabled":false,"redundancyMode":"None","inProgressOperationId":null,"geoDistributions":null,"privateEndpointConnections":null,"publicNetworkAccess":"Enabled","buildVersion":null,"targetBuildVersion":null,"migrationState":null,"eligibleLogCategories":"AppServiceAppLogs,AppServiceAuditLogs,AppServiceConsoleLogs,AppServiceHTTPLogs,AppServiceIPSecAuditLogs,AppServicePlatformLogs,ScanLogs,AppServiceAuthenticationLogs","inFlightFeatures":null,"storageAccountRequired":false,"virtualNetworkSubnetId":null,"keyVaultReferenceIdentity":"SystemAssigned","autoGeneratedDomainNameLabelScope":null,"privateLinkIdentifiers":null,"sshEnabled":null}}'
    headers:
      cache-control:
      - no-cache
      content-length:
      - '9225'
      content-type:
      - application/json
      date:
      - Thu, 30 Oct 2025 22:17:49 GMT
      etag:
      - '"1DC49EAFB8A6C00"'
      expires:
      - '-1'
      pragma:
      - no-cache
      strict-transport-security:
      - max-age=31536000; includeSubDomains
      x-aspnet-version:
      - 4.0.30319
      x-cache:
      - CONFIG_NOCACHE
      x-content-type-options:
      - nosniff
      x-ms-operation-identifier:
      - tenantId=72f988bf-86f1-41af-91ab-2d7cd011db47,objectId=d1dbc388-1013-482b-b171-79f4269ea689/southcentralus/6f89f237-eee1-424e-85e4-92d05f0642f1
      x-ms-ratelimit-remaining-subscription-resource-requests:
      - '800'
      x-msedge-ref:
      - 'Ref A: F56F85646BBC44F1B662A6DA7872079E Ref B: SN4AA2022304045 Ref C: 2025-10-30T22:17:26Z'
      x-powered-by:
      - ASP.NET
    status:
      code: 200
      message: OK
- request:
    body: '{"format": "WebDeploy"}'
    headers:
      Accept:
      - application/xml
      Accept-Encoding:
      - gzip, deflate
      CommandName:
      - webapp create
      Connection:
      - keep-alive
      Content-Length:
      - '23'
      Content-Type:
      - application/json
      ParameterSetName:
      - -g -n --plan --sitecontainers-app
      User-Agent:
      - AZURECLI/2.79.0 azsdk-python-core/1.35.0 Python/3.13.9 (Windows-11-10.0.26200-SP0)
    method: POST
    uri: https://management.azure.com/subscriptions/00000000-0000-0000-0000-000000000000/resourceGroups/cli_test_webapp_sitecontainers000001/providers/Microsoft.Web/sites/webapp-sitecontainers-test000002/publishxml?api-version=2024-11-01
  response:
    body:
      string: <publishData><publishProfile profileName="webapp-sitecontainers-test000002
        - Web Deploy" publishMethod="MSDeploy" publishUrl="webapp-sitecontainers-test000002.scm.azurewebsites.net:443"
        msdeploySite="webapp-sitecontainers-test000002" userName="REDACTED" userPWD="REDACTED"
        destinationAppUrl="https://webapp-sitecontainers-test000002.azurewebsites.net"
        SQLServerDBConnectionString="REDACTED" mySQLDBConnectionString="" hostingProviderForumLink=""
        controlPanelLink="https://portal.azure.com" webSystem="WebSites"><databases
        /></publishProfile><publishProfile profileName="webapp-sitecontainers-test000002
        - FTP" publishMethod="FTP" publishUrl="ftps://waws-prod-blu-557.ftp.azurewebsites.windows.net/site/wwwroot"
        ftpPassiveMode="True" userName="REDACTED" userPWD="REDACTED" destinationAppUrl="https://webapp-sitecontainers-test000002.azurewebsites.net"
        SQLServerDBConnectionString="REDACTED" mySQLDBConnectionString="" hostingProviderForumLink=""
        controlPanelLink="https://portal.azure.com" webSystem="WebSites"><databases
        /></publishProfile><publishProfile profileName="webapp-sitecontainers-test000002
        - Zip Deploy" publishMethod="ZipDeploy" publishUrl="webapp-sitecontainers-test000002.scm.azurewebsites.net:443"
        userName="REDACTED" userPWD="REDACTED" destinationAppUrl="https://webapp-sitecontainers-test000002.azurewebsites.net"
        SQLServerDBConnectionString="REDACTED" mySQLDBConnectionString="" hostingProviderForumLink=""
        controlPanelLink="https://portal.azure.com" webSystem="WebSites"><databases
        /></publishProfile></publishData>
    headers:
      cache-control:
      - no-cache
      content-length:
      - '1535'
      content-type:
      - application/xml
      date:
      - Thu, 30 Oct 2025 22:17:50 GMT
      expires:
      - '-1'
      pragma:
      - no-cache
      strict-transport-security:
      - max-age=31536000; includeSubDomains
      x-aspnet-version:
      - 4.0.30319
      x-cache:
      - CONFIG_NOCACHE
      x-content-type-options:
      - nosniff
      x-ms-operation-identifier:
      - tenantId=72f988bf-86f1-41af-91ab-2d7cd011db47,objectId=d1dbc388-1013-482b-b171-79f4269ea689/southcentralus/d2d03294-5d7b-4d6c-ae12-aa7b88a70d6c
      x-ms-ratelimit-remaining-subscription-resource-requests:
      - '799'
      x-msedge-ref:
      - 'Ref A: 3E17DC1A470B4C97A502F7FB04C8E76A Ref B: SN4AA2022301045 Ref C: 2025-10-30T22:17:50Z'
      x-powered-by:
      - ASP.NET
    status:
      code: 200
      message: OK
- request:
    body: null
    headers:
      Accept:
      - application/json
      Accept-Encoding:
      - gzip, deflate
      CommandName:
      - webapp config appsettings set
      Connection:
      - keep-alive
      Content-Length:
      - '0'
      ParameterSetName:
      - --settings -g -n
      User-Agent:
      - AZURECLI/2.79.0 azsdk-python-core/1.35.0 Python/3.13.9 (Windows-11-10.0.26200-SP0)
    method: POST
    uri: https://management.azure.com/subscriptions/00000000-0000-0000-0000-000000000000/resourceGroups/cli_test_webapp_sitecontainers000001/providers/Microsoft.Web/sites/webapp-sitecontainers-test000002/config/appsettings/list?api-version=2024-11-01
  response:
    body:
      string: '{"id":"/subscriptions/00000000-0000-0000-0000-000000000000/resourceGroups/cli_test_webapp_sitecontainers000001/providers/Microsoft.Web/sites/webapp-sitecontainers-test000002/config/appsettings","name":"appsettings","type":"Microsoft.Web/sites/config","location":"East
        US","properties":{}}'
    headers:
      cache-control:
      - no-cache
      content-length:
      - '288'
      content-type:
      - application/json
      date:
      - Thu, 30 Oct 2025 22:17:51 GMT
      expires:
      - '-1'
      pragma:
      - no-cache
      strict-transport-security:
      - max-age=31536000; includeSubDomains
      x-aspnet-version:
      - 4.0.30319
      x-cache:
      - CONFIG_NOCACHE
      x-content-type-options:
      - nosniff
      x-ms-operation-identifier:
      - tenantId=72f988bf-86f1-41af-91ab-2d7cd011db47,objectId=d1dbc388-1013-482b-b171-79f4269ea689/southcentralus/dda50acf-841b-4554-9de7-0899578e1525
      x-ms-ratelimit-remaining-subscription-resource-requests:
      - '799'
      x-msedge-ref:
      - 'Ref A: 14E2A12443E7406CB1627CAE6EDC09C9 Ref B: SN4AA2022304033 Ref C: 2025-10-30T22:17:51Z'
      x-powered-by:
      - ASP.NET
    status:
      code: 200
      message: OK
- request:
    body: null
    headers:
      Accept:
      - application/json
      Accept-Encoding:
      - gzip, deflate
      CommandName:
      - webapp config appsettings set
      Connection:
      - keep-alive
      ParameterSetName:
      - --settings -g -n
      User-Agent:
      - AZURECLI/2.79.0 azsdk-python-core/1.35.0 Python/3.13.9 (Windows-11-10.0.26200-SP0)
    method: GET
    uri: https://management.azure.com/subscriptions/00000000-0000-0000-0000-000000000000/resourceGroups/cli_test_webapp_sitecontainers000001/providers/Microsoft.Web/sites/webapp-sitecontainers-test000002?api-version=2024-11-01
  response:
    body:
      string: '{"id":"/subscriptions/00000000-0000-0000-0000-000000000000/resourceGroups/cli_test_webapp_sitecontainers000001/providers/Microsoft.Web/sites/webapp-sitecontainers-test000002","name":"webapp-sitecontainers-test000002","type":"Microsoft.Web/sites","kind":"app,linux","location":"East
        US","properties":{"name":"webapp-sitecontainers-test000002","state":"Running","hostNames":["webapp-sitecontainers-test000002.azurewebsites.net"],"webSpace":"cli_test_webapp_sitecontainers000001-EastUSwebspace-Linux","selfLink":"https://waws-prod-blu-557.api.azurewebsites.windows.net:454/subscriptions/00000000-0000-0000-0000-000000000000/webspaces/cli_test_webapp_sitecontainers000001-EastUSwebspace-Linux/sites/webapp-sitecontainers-test000002","repositorySiteName":"webapp-sitecontainers-test000002","owner":null,"usageState":"Normal","enabled":true,"adminEnabled":true,"siteScopedCertificatesEnabled":false,"afdEnabled":false,"enabledHostNames":["webapp-sitecontainers-test000002.azurewebsites.net","webapp-sitecontainers-test000002.scm.azurewebsites.net"],"siteProperties":{"metadata":null,"properties":[{"name":"LinuxFxVersion","value":"SITECONTAINERS"},{"name":"WindowsFxVersion","value":null}],"appSettings":null},"availabilityState":"Normal","sslCertificates":null,"csrs":[],"cers":null,"siteMode":null,"hostNameSslStates":[{"name":"webapp-sitecontainers-test000002.azurewebsites.net","sslState":"Disabled","ipBasedSslResult":null,"virtualIP":null,"virtualIPv6":null,"thumbprint":null,"certificateResourceId":null,"toUpdate":null,"toUpdateIpBasedSsl":null,"ipBasedSslState":"NotConfigured","hostType":"Standard"},{"name":"webapp-sitecontainers-test000002.scm.azurewebsites.net","sslState":"Disabled","ipBasedSslResult":null,"virtualIP":null,"virtualIPv6":null,"thumbprint":null,"certificateResourceId":null,"toUpdate":null,"toUpdateIpBasedSsl":null,"ipBasedSslState":"NotConfigured","hostType":"Repository"}],"computeMode":null,"serverFarm":null,"serverFarmId":"/subscriptions/00000000-0000-0000-0000-000000000000/resourceGroups/cli_test_webapp_sitecontainers000001/providers/Microsoft.Web/serverfarms/webapp-sitecontainers-plan000003","reserved":true,"isXenon":false,"hyperV":false,"sandboxType":null,"lastModifiedTimeUtc":"2025-10-30T22:17:50.3366667","storageRecoveryDefaultState":"Running","contentAvailabilityState":"Normal","runtimeAvailabilityState":"Normal","dnsConfiguration":{},"containerAllocationSubnet":null,"useContainerLocalhostBindings":null,"outboundVnetRouting":{"allTraffic":false,"applicationTraffic":false,"contentShareTraffic":false,"imagePullTraffic":false,"backupRestoreTraffic":false,"managedIdentityTraffic":false},"legacyServiceEndpointTrafficEvaluation":null,"siteConfig":{"numberOfWorkers":1,"defaultDocuments":null,"netFrameworkVersion":null,"phpVersion":null,"pythonVersion":null,"nodeVersion":null,"powerShellVersion":null,"linuxFxVersion":"SITECONTAINERS","windowsFxVersion":null,"sandboxType":null,"windowsConfiguredStacks":null,"requestTracingEnabled":null,"remoteDebuggingEnabled":null,"remoteDebuggingVersion":null,"httpLoggingEnabled":null,"azureMonitorLogCategories":null,"acrUseManagedIdentityCreds":false,"acrUserManagedIdentityID":null,"logsDirectorySizeLimit":null,"detailedErrorLoggingEnabled":null,"publishingUsername":null,"publishingPassword":null,"appSettings":null,"metadata":null,"connectionStrings":null,"machineKey":null,"handlerMappings":null,"documentRoot":null,"scmType":null,"use32BitWorkerProcess":null,"webSocketsEnabled":null,"alwaysOn":true,"javaVersion":null,"javaContainer":null,"javaContainerVersion":null,"appCommandLine":null,"managedPipelineMode":null,"virtualApplications":null,"winAuthAdminState":null,"winAuthTenantState":null,"customAppPoolIdentityAdminState":null,"customAppPoolIdentityTenantState":null,"runtimeADUser":null,"runtimeADUserPassword":null,"loadBalancing":null,"routingRules":null,"experiments":null,"limits":null,"autoHealEnabled":null,"autoHealRules":null,"tracingOptions":null,"vnetName":null,"vnetRouteAllEnabled":null,"vnetPrivatePortsCount":null,"publicNetworkAccess":null,"cors":null,"push":null,"apiDefinition":null,"apiManagementConfig":null,"autoSwapSlotName":null,"localMySqlEnabled":null,"managedServiceIdentityId":null,"xManagedServiceIdentityId":null,"keyVaultReferenceIdentity":null,"ipSecurityRestrictions":null,"ipSecurityRestrictionsDefaultAction":null,"scmIpSecurityRestrictions":null,"scmIpSecurityRestrictionsDefaultAction":null,"scmIpSecurityRestrictionsUseMain":null,"http20Enabled":true,"minTlsVersion":null,"minTlsCipherSuite":null,"scmMinTlsCipherSuite":null,"supportedTlsCipherSuites":null,"scmSupportedTlsCipherSuites":null,"scmMinTlsVersion":null,"ftpsState":null,"preWarmedInstanceCount":null,"functionAppScaleLimit":0,"elasticWebAppScaleLimit":null,"healthCheckPath":null,"fileChangeAuditEnabled":null,"functionsRuntimeScaleMonitoringEnabled":null,"websiteTimeZone":null,"minimumElasticInstanceCount":0,"azureStorageAccounts":null,"http20ProxyFlag":null,"sitePort":null,"antivirusScanEnabled":null,"storageType":null,"sitePrivateLinkHostEnabled":null,"clusteringEnabled":false,"webJobsEnabled":false},"functionAppConfig":null,"daprConfig":null,"deploymentId":"webapp-sitecontainers-test000002","slotName":null,"trafficManagerHostNames":null,"sku":"Standard","scmSiteAlsoStopped":false,"targetSwapSlot":null,"hostingEnvironment":null,"hostingEnvironmentProfile":null,"clientAffinityEnabled":true,"clientAffinityProxyEnabled":false,"useQueryStringAffinity":false,"blockPathTraversal":false,"clientCertEnabled":false,"clientCertMode":"Required","clientCertExclusionPaths":null,"clientCertExclusionEndPoints":null,"hostNamesDisabled":false,"ipMode":"IPv4","domainVerificationIdentifiers":null,"customDomainVerificationId":"06A754DDDA9E82CEAB4064B1FFBB341F2D951D8E36BC157906AEE1799EE3B407","kind":"app,linux","managedEnvironmentId":null,"workloadProfileName":null,"resourceConfig":null,"inboundIpAddress":"20.119.16.52","possibleInboundIpAddresses":"20.119.16.52","inboundIpv6Address":"2603:1030:210:7::3b","possibleInboundIpv6Addresses":"2603:1030:210:7::3b","ftpUsername":"webapp-sitecontainers-test000002\\$webapp-sitecontainers-test000002","ftpsHostName":"ftps://waws-prod-blu-557.ftp.azurewebsites.windows.net/site/wwwroot","outboundIpAddresses":"20.253.79.11,20.253.79.20,20.253.79.21,20.253.79.22,20.253.79.23,20.253.79.24,20.253.73.128,20.253.77.121,20.253.78.45,20.253.78.136,20.253.78.137,20.253.78.138,20.119.16.52","possibleOutboundIpAddresses":"20.253.79.11,20.253.79.20,20.253.79.21,20.253.79.22,20.253.79.23,20.253.79.24,20.253.73.128,20.253.77.121,20.253.78.45,20.253.78.136,20.253.78.137,20.253.78.138,20.253.78.139,20.253.78.180,20.253.78.181,20.253.78.182,20.253.78.183,20.253.78.240,20.253.78.241,20.253.78.242,20.253.78.243,20.253.79.8,20.253.79.9,20.253.79.10,20.253.79.25,20.253.79.26,20.253.79.27,20.253.79.224,20.253.79.225,20.253.79.226,20.119.16.52","outboundIpv6Addresses":"2603:1030:20c:f::758,2603:1030:20c:a::741,2603:1030:20c:9::767,2603:1030:20c:f::759,2603:1030:20c:f::75a,2603:1030:20c:a::746,2603:1030:20e:3::44f,2603:1030:20c:9::2bb,2603:1030:20e:3::61e,2603:1030:20c:9::72b,2603:1030:20c:9::761,2603:1030:20c:9::762,2603:1030:210:7::3b,2603:10e1:100:2::1477:1034","possibleOutboundIpv6Addresses":"2603:1030:20c:f::758,2603:1030:20c:a::741,2603:1030:20c:9::767,2603:1030:20c:f::759,2603:1030:20c:f::75a,2603:1030:20c:a::746,2603:1030:20e:3::44f,2603:1030:20c:9::2bb,2603:1030:20e:3::61e,2603:1030:20c:9::72b,2603:1030:20c:9::761,2603:1030:20c:9::762,2603:1030:20c:a::745,2603:1030:20c:9::763,2603:1030:20c:a::73a,2603:1030:20c:9::764,2603:1030:20c:9::765,2603:1030:20c:f::5ab,2603:1030:20c:f::5af,2603:1030:20c:a::73b,2603:1030:20c:f::6be,2603:1030:20c:a::740,2603:1030:20c:9::766,2603:1030:20c:f::6c7,2603:1030:20c:a::747,2603:1030:20c:9::768,2603:1030:20c:a::73c,2603:1030:20c:a::73d,2603:1030:20c:f::75b,2603:1030:20c:9::769,2603:1030:210:7::3b,2603:10e1:100:2::1477:1034","containerSize":0,"dailyMemoryTimeQuota":0,"suspendedTill":null,"siteDisabledReason":0,"functionExecutionUnitsCache":null,"maxNumberOfWorkers":null,"homeStamp":"waws-prod-blu-557","cloningInfo":null,"hostingEnvironmentId":null,"tags":null,"resourceGroup":"cli_test_webapp_sitecontainers000001","defaultHostName":"webapp-sitecontainers-test000002.azurewebsites.net","slotSwapStatus":null,"httpsOnly":true,"endToEndEncryptionEnabled":false,"functionsRuntimeAdminIsolationEnabled":false,"redundancyMode":"None","inProgressOperationId":null,"geoDistributions":null,"privateEndpointConnections":[],"publicNetworkAccess":"Enabled","buildVersion":null,"targetBuildVersion":null,"migrationState":null,"eligibleLogCategories":"AppServiceAppLogs,AppServiceAuditLogs,AppServiceConsoleLogs,AppServiceHTTPLogs,AppServiceIPSecAuditLogs,AppServicePlatformLogs,ScanLogs,AppServiceAuthenticationLogs","inFlightFeatures":["SiteContainers","RouteGeoCapacityClientTrafficToV2","RouteOperationClientTrafficToV2","RouteGeoPlanClientTrafficToV2","RouteGeoSourceControlKeyClientTrafficToV2","RouteGeoUserClientTrafficToV2"],"storageAccountRequired":false,"virtualNetworkSubnetId":null,"keyVaultReferenceIdentity":"SystemAssigned","autoGeneratedDomainNameLabelScope":null,"privateLinkIdentifiers":null,"sshEnabled":null}}'
    headers:
      cache-control:
      - no-cache
      content-length:
      - '9211'
      content-type:
      - application/json
      date:
      - Thu, 30 Oct 2025 22:17:51 GMT
      etag:
      - '"1DC49EB07541A0B"'
      expires:
      - '-1'
      pragma:
      - no-cache
      strict-transport-security:
      - max-age=31536000; includeSubDomains
      x-aspnet-version:
      - 4.0.30319
      x-cache:
      - CONFIG_NOCACHE
      x-content-type-options:
      - nosniff
      x-ms-ratelimit-remaining-subscription-global-reads:
      - '16498'
      x-msedge-ref:
      - 'Ref A: B9749799C13C4C67A5BD4F79DF7A921A Ref B: SN4AA2022302037 Ref C: 2025-10-30T22:17:51Z'
      x-powered-by:
      - ASP.NET
    status:
      code: 200
      message: OK
- request:
    body: '{"properties": {"VARIABLE1": "Lorem", "VARIABLE2": "Ipsum"}}'
    headers:
      Accept:
      - application/json
      Accept-Encoding:
      - gzip, deflate
      CommandName:
      - webapp config appsettings set
      Connection:
      - keep-alive
      Content-Length:
      - '60'
      Content-Type:
      - application/json
      ParameterSetName:
      - --settings -g -n
      User-Agent:
      - AZURECLI/2.79.0 azsdk-python-core/1.35.0 Python/3.13.9 (Windows-11-10.0.26200-SP0)
    method: PUT
    uri: https://management.azure.com/subscriptions/00000000-0000-0000-0000-000000000000/resourceGroups/cli_test_webapp_sitecontainers000001/providers/Microsoft.Web/sites/webapp-sitecontainers-test000002/config/appsettings?api-version=2024-11-01
  response:
    body:
      string: '{"id":"/subscriptions/00000000-0000-0000-0000-000000000000/resourceGroups/cli_test_webapp_sitecontainers000001/providers/Microsoft.Web/sites/webapp-sitecontainers-test000002/config/appsettings","name":"appsettings","type":"Microsoft.Web/sites/config","location":"East
        US","properties":{"VARIABLE1":"Lorem","VARIABLE2":"Ipsum"}}'
    headers:
      cache-control:
      - no-cache
      content-length:
      - '327'
      content-type:
      - application/json
      date:
      - Thu, 30 Oct 2025 22:17:52 GMT
      etag:
      - '"1DC49EB07541A0B"'
      expires:
      - '-1'
      pragma:
      - no-cache
      strict-transport-security:
      - max-age=31536000; includeSubDomains
      x-aspnet-version:
      - 4.0.30319
      x-cache:
      - CONFIG_NOCACHE
      x-content-type-options:
      - nosniff
      x-ms-operation-identifier:
      - tenantId=72f988bf-86f1-41af-91ab-2d7cd011db47,objectId=d1dbc388-1013-482b-b171-79f4269ea689/southcentralus/edc4258f-1886-46f8-99ba-c1d8a99730a5
      x-ms-ratelimit-remaining-subscription-global-writes:
      - '11999'
      x-ms-ratelimit-remaining-subscription-writes:
      - '799'
      x-msedge-ref:
      - 'Ref A: C3F49ECE6D424DFE84CBD7D3C69409A6 Ref B: SN4AA2022305031 Ref C: 2025-10-30T22:17:51Z'
      x-powered-by:
      - ASP.NET
    status:
      code: 200
      message: OK
- request:
    body: null
    headers:
      Accept:
      - application/json
      Accept-Encoding:
      - gzip, deflate
      CommandName:
      - webapp identity assign
      Connection:
      - keep-alive
      ParameterSetName:
      - -g -n
      User-Agent:
      - AZURECLI/2.79.0 azsdk-python-core/1.35.0 Python/3.13.9 (Windows-11-10.0.26200-SP0)
    method: GET
    uri: https://management.azure.com/subscriptions/00000000-0000-0000-0000-000000000000/resourceGroups/cli_test_webapp_sitecontainers000001/providers/Microsoft.Web/sites/webapp-sitecontainers-test000002?api-version=2024-11-01
  response:
    body:
      string: '{"id":"/subscriptions/00000000-0000-0000-0000-000000000000/resourceGroups/cli_test_webapp_sitecontainers000001/providers/Microsoft.Web/sites/webapp-sitecontainers-test000002","name":"webapp-sitecontainers-test000002","type":"Microsoft.Web/sites","kind":"app,linux","location":"East
        US","properties":{"name":"webapp-sitecontainers-test000002","state":"Running","hostNames":["webapp-sitecontainers-test000002.azurewebsites.net"],"webSpace":"cli_test_webapp_sitecontainers000001-EastUSwebspace-Linux","selfLink":"https://waws-prod-blu-557.api.azurewebsites.windows.net:454/subscriptions/00000000-0000-0000-0000-000000000000/webspaces/cli_test_webapp_sitecontainers000001-EastUSwebspace-Linux/sites/webapp-sitecontainers-test000002","repositorySiteName":"webapp-sitecontainers-test000002","owner":null,"usageState":"Normal","enabled":true,"adminEnabled":true,"siteScopedCertificatesEnabled":false,"afdEnabled":false,"enabledHostNames":["webapp-sitecontainers-test000002.azurewebsites.net","webapp-sitecontainers-test000002.scm.azurewebsites.net"],"siteProperties":{"metadata":null,"properties":[{"name":"LinuxFxVersion","value":"SITECONTAINERS"},{"name":"WindowsFxVersion","value":null}],"appSettings":null},"availabilityState":"Normal","sslCertificates":null,"csrs":[],"cers":null,"siteMode":null,"hostNameSslStates":[{"name":"webapp-sitecontainers-test000002.azurewebsites.net","sslState":"Disabled","ipBasedSslResult":null,"virtualIP":null,"virtualIPv6":null,"thumbprint":null,"certificateResourceId":null,"toUpdate":null,"toUpdateIpBasedSsl":null,"ipBasedSslState":"NotConfigured","hostType":"Standard"},{"name":"webapp-sitecontainers-test000002.scm.azurewebsites.net","sslState":"Disabled","ipBasedSslResult":null,"virtualIP":null,"virtualIPv6":null,"thumbprint":null,"certificateResourceId":null,"toUpdate":null,"toUpdateIpBasedSsl":null,"ipBasedSslState":"NotConfigured","hostType":"Repository"}],"computeMode":null,"serverFarm":null,"serverFarmId":"/subscriptions/00000000-0000-0000-0000-000000000000/resourceGroups/cli_test_webapp_sitecontainers000001/providers/Microsoft.Web/serverfarms/webapp-sitecontainers-plan000003","reserved":true,"isXenon":false,"hyperV":false,"sandboxType":null,"lastModifiedTimeUtc":"2025-10-30T22:17:52.6233333","storageRecoveryDefaultState":"Running","contentAvailabilityState":"Normal","runtimeAvailabilityState":"Normal","dnsConfiguration":{},"containerAllocationSubnet":null,"useContainerLocalhostBindings":null,"outboundVnetRouting":{"allTraffic":false,"applicationTraffic":false,"contentShareTraffic":false,"imagePullTraffic":false,"backupRestoreTraffic":false,"managedIdentityTraffic":false},"legacyServiceEndpointTrafficEvaluation":null,"siteConfig":{"numberOfWorkers":1,"defaultDocuments":null,"netFrameworkVersion":null,"phpVersion":null,"pythonVersion":null,"nodeVersion":null,"powerShellVersion":null,"linuxFxVersion":"SITECONTAINERS","windowsFxVersion":null,"sandboxType":null,"windowsConfiguredStacks":null,"requestTracingEnabled":null,"remoteDebuggingEnabled":null,"remoteDebuggingVersion":null,"httpLoggingEnabled":null,"azureMonitorLogCategories":null,"acrUseManagedIdentityCreds":false,"acrUserManagedIdentityID":null,"logsDirectorySizeLimit":null,"detailedErrorLoggingEnabled":null,"publishingUsername":null,"publishingPassword":null,"appSettings":null,"metadata":null,"connectionStrings":null,"machineKey":null,"handlerMappings":null,"documentRoot":null,"scmType":null,"use32BitWorkerProcess":null,"webSocketsEnabled":null,"alwaysOn":true,"javaVersion":null,"javaContainer":null,"javaContainerVersion":null,"appCommandLine":null,"managedPipelineMode":null,"virtualApplications":null,"winAuthAdminState":null,"winAuthTenantState":null,"customAppPoolIdentityAdminState":null,"customAppPoolIdentityTenantState":null,"runtimeADUser":null,"runtimeADUserPassword":null,"loadBalancing":null,"routingRules":null,"experiments":null,"limits":null,"autoHealEnabled":null,"autoHealRules":null,"tracingOptions":null,"vnetName":null,"vnetRouteAllEnabled":null,"vnetPrivatePortsCount":null,"publicNetworkAccess":null,"cors":null,"push":null,"apiDefinition":null,"apiManagementConfig":null,"autoSwapSlotName":null,"localMySqlEnabled":null,"managedServiceIdentityId":null,"xManagedServiceIdentityId":null,"keyVaultReferenceIdentity":null,"ipSecurityRestrictions":null,"ipSecurityRestrictionsDefaultAction":null,"scmIpSecurityRestrictions":null,"scmIpSecurityRestrictionsDefaultAction":null,"scmIpSecurityRestrictionsUseMain":null,"http20Enabled":true,"minTlsVersion":null,"minTlsCipherSuite":null,"scmMinTlsCipherSuite":null,"supportedTlsCipherSuites":null,"scmSupportedTlsCipherSuites":null,"scmMinTlsVersion":null,"ftpsState":null,"preWarmedInstanceCount":null,"functionAppScaleLimit":0,"elasticWebAppScaleLimit":null,"healthCheckPath":null,"fileChangeAuditEnabled":null,"functionsRuntimeScaleMonitoringEnabled":null,"websiteTimeZone":null,"minimumElasticInstanceCount":0,"azureStorageAccounts":null,"http20ProxyFlag":null,"sitePort":null,"antivirusScanEnabled":null,"storageType":null,"sitePrivateLinkHostEnabled":null,"clusteringEnabled":false,"webJobsEnabled":false},"functionAppConfig":null,"daprConfig":null,"deploymentId":"webapp-sitecontainers-test000002","slotName":null,"trafficManagerHostNames":null,"sku":"Standard","scmSiteAlsoStopped":false,"targetSwapSlot":null,"hostingEnvironment":null,"hostingEnvironmentProfile":null,"clientAffinityEnabled":true,"clientAffinityProxyEnabled":false,"useQueryStringAffinity":false,"blockPathTraversal":false,"clientCertEnabled":false,"clientCertMode":"Required","clientCertExclusionPaths":null,"clientCertExclusionEndPoints":null,"hostNamesDisabled":false,"ipMode":"IPv4","domainVerificationIdentifiers":null,"customDomainVerificationId":"06A754DDDA9E82CEAB4064B1FFBB341F2D951D8E36BC157906AEE1799EE3B407","kind":"app,linux","managedEnvironmentId":null,"workloadProfileName":null,"resourceConfig":null,"inboundIpAddress":"20.119.16.52","possibleInboundIpAddresses":"20.119.16.52","inboundIpv6Address":"2603:1030:210:7::3b","possibleInboundIpv6Addresses":"2603:1030:210:7::3b","ftpUsername":"webapp-sitecontainers-test000002\\$webapp-sitecontainers-test000002","ftpsHostName":"ftps://waws-prod-blu-557.ftp.azurewebsites.windows.net/site/wwwroot","outboundIpAddresses":"20.253.79.11,20.253.79.20,20.253.79.21,20.253.79.22,20.253.79.23,20.253.79.24,20.253.73.128,20.253.77.121,20.253.78.45,20.253.78.136,20.253.78.137,20.253.78.138,20.119.16.52","possibleOutboundIpAddresses":"20.253.79.11,20.253.79.20,20.253.79.21,20.253.79.22,20.253.79.23,20.253.79.24,20.253.73.128,20.253.77.121,20.253.78.45,20.253.78.136,20.253.78.137,20.253.78.138,20.253.78.139,20.253.78.180,20.253.78.181,20.253.78.182,20.253.78.183,20.253.78.240,20.253.78.241,20.253.78.242,20.253.78.243,20.253.79.8,20.253.79.9,20.253.79.10,20.253.79.25,20.253.79.26,20.253.79.27,20.253.79.224,20.253.79.225,20.253.79.226,20.119.16.52","outboundIpv6Addresses":"2603:1030:20c:f::758,2603:1030:20c:a::741,2603:1030:20c:9::767,2603:1030:20c:f::759,2603:1030:20c:f::75a,2603:1030:20c:a::746,2603:1030:20e:3::44f,2603:1030:20c:9::2bb,2603:1030:20e:3::61e,2603:1030:20c:9::72b,2603:1030:20c:9::761,2603:1030:20c:9::762,2603:1030:210:7::3b,2603:10e1:100:2::1477:1034","possibleOutboundIpv6Addresses":"2603:1030:20c:f::758,2603:1030:20c:a::741,2603:1030:20c:9::767,2603:1030:20c:f::759,2603:1030:20c:f::75a,2603:1030:20c:a::746,2603:1030:20e:3::44f,2603:1030:20c:9::2bb,2603:1030:20e:3::61e,2603:1030:20c:9::72b,2603:1030:20c:9::761,2603:1030:20c:9::762,2603:1030:20c:a::745,2603:1030:20c:9::763,2603:1030:20c:a::73a,2603:1030:20c:9::764,2603:1030:20c:9::765,2603:1030:20c:f::5ab,2603:1030:20c:f::5af,2603:1030:20c:a::73b,2603:1030:20c:f::6be,2603:1030:20c:a::740,2603:1030:20c:9::766,2603:1030:20c:f::6c7,2603:1030:20c:a::747,2603:1030:20c:9::768,2603:1030:20c:a::73c,2603:1030:20c:a::73d,2603:1030:20c:f::75b,2603:1030:20c:9::769,2603:1030:210:7::3b,2603:10e1:100:2::1477:1034","containerSize":0,"dailyMemoryTimeQuota":0,"suspendedTill":null,"siteDisabledReason":0,"functionExecutionUnitsCache":null,"maxNumberOfWorkers":null,"homeStamp":"waws-prod-blu-557","cloningInfo":null,"hostingEnvironmentId":null,"tags":null,"resourceGroup":"cli_test_webapp_sitecontainers000001","defaultHostName":"webapp-sitecontainers-test000002.azurewebsites.net","slotSwapStatus":null,"httpsOnly":true,"endToEndEncryptionEnabled":false,"functionsRuntimeAdminIsolationEnabled":false,"redundancyMode":"None","inProgressOperationId":null,"geoDistributions":null,"privateEndpointConnections":[],"publicNetworkAccess":"Enabled","buildVersion":null,"targetBuildVersion":null,"migrationState":null,"eligibleLogCategories":"AppServiceAppLogs,AppServiceAuditLogs,AppServiceConsoleLogs,AppServiceHTTPLogs,AppServiceIPSecAuditLogs,AppServicePlatformLogs,ScanLogs,AppServiceAuthenticationLogs","inFlightFeatures":["SiteContainers","RouteGeoCapacityClientTrafficToV2","RouteOperationClientTrafficToV2","RouteGeoPlanClientTrafficToV2","RouteGeoSourceControlKeyClientTrafficToV2","RouteGeoUserClientTrafficToV2"],"storageAccountRequired":false,"virtualNetworkSubnetId":null,"keyVaultReferenceIdentity":"SystemAssigned","autoGeneratedDomainNameLabelScope":null,"privateLinkIdentifiers":null,"sshEnabled":null}}'
    headers:
      cache-control:
      - no-cache
      content-length:
      - '9211'
      content-type:
      - application/json
      date:
      - Thu, 30 Oct 2025 22:17:53 GMT
      etag:
      - '"1DC49EB08B104F5"'
      expires:
      - '-1'
      pragma:
      - no-cache
      strict-transport-security:
      - max-age=31536000; includeSubDomains
      x-aspnet-version:
      - 4.0.30319
      x-cache:
      - CONFIG_NOCACHE
      x-content-type-options:
      - nosniff
      x-ms-ratelimit-remaining-subscription-global-reads:
      - '16499'
      x-msedge-ref:
      - 'Ref A: 6C093E03B9D14F32BACA2D48834231E7 Ref B: SN4AA2022301027 Ref C: 2025-10-30T22:17:53Z'
      x-powered-by:
      - ASP.NET
    status:
      code: 200
      message: OK
- request:
    body: '{"kind": "app,linux", "location": "East US", "identity": {"type": "SystemAssigned"},
      "properties": {"enabled": true, "hostNameSslStates": [{"name": "webapp-sitecontainers-test000002.azurewebsites.net",
      "sslState": "Disabled", "hostType": "Standard"}, {"name": "webapp-sitecontainers-test000002.scm.azurewebsites.net",
      "sslState": "Disabled", "hostType": "Repository"}], "serverFarmId": "/subscriptions/00000000-0000-0000-0000-000000000000/resourceGroups/cli_test_webapp_sitecontainers000001/providers/Microsoft.Web/serverfarms/webapp-sitecontainers-plan000003",
      "reserved": true, "isXenon": false, "hyperV": false, "dnsConfiguration": {},
      "outboundVnetRouting": {"allTraffic": false, "applicationTraffic": false, "contentShareTraffic":
      false, "imagePullTraffic": false, "backupRestoreTraffic": false}, "siteConfig":
      {"numberOfWorkers": 1, "linuxFxVersion": "SITECONTAINERS", "acrUseManagedIdentityCreds":
      false, "alwaysOn": true, "http20Enabled": true, "functionAppScaleLimit": 0,
      "minimumElasticInstanceCount": 0}, "scmSiteAlsoStopped": false, "clientAffinityEnabled":
      true, "clientAffinityProxyEnabled": false, "clientCertEnabled": false, "clientCertMode":
      "Required", "ipMode": "IPv4", "endToEndEncryptionEnabled": false, "hostNamesDisabled":
      false, "customDomainVerificationId": "06A754DDDA9E82CEAB4064B1FFBB341F2D951D8E36BC157906AEE1799EE3B407",
      "containerSize": 0, "dailyMemoryTimeQuota": 0, "httpsOnly": true, "redundancyMode":
      "None", "publicNetworkAccess": "Enabled", "storageAccountRequired": false, "keyVaultReferenceIdentity":
      "SystemAssigned"}}'
    headers:
      Accept:
      - application/json
      Accept-Encoding:
      - gzip, deflate
      CommandName:
      - webapp identity assign
      Connection:
      - keep-alive
      Content-Length:
      - '1557'
      Content-Type:
      - application/json
      ParameterSetName:
      - -g -n
      User-Agent:
      - AZURECLI/2.79.0 azsdk-python-core/1.35.0 Python/3.13.9 (Windows-11-10.0.26200-SP0)
    method: PUT
    uri: https://management.azure.com/subscriptions/00000000-0000-0000-0000-000000000000/resourceGroups/cli_test_webapp_sitecontainers000001/providers/Microsoft.Web/sites/webapp-sitecontainers-test000002?api-version=2024-11-01
  response:
    body:
      string: '{"id":"/subscriptions/00000000-0000-0000-0000-000000000000/resourceGroups/cli_test_webapp_sitecontainers000001/providers/Microsoft.Web/sites/webapp-sitecontainers-test000002","name":"webapp-sitecontainers-test000002","type":"Microsoft.Web/sites","kind":"app,linux","location":"East
        US","properties":{"name":"webapp-sitecontainers-test000002","state":"Running","hostNames":["webapp-sitecontainers-test000002.azurewebsites.net"],"webSpace":"cli_test_webapp_sitecontainers000001-EastUSwebspace-Linux","selfLink":"https://waws-prod-blu-557.api.azurewebsites.windows.net:454/subscriptions/00000000-0000-0000-0000-000000000000/webspaces/cli_test_webapp_sitecontainers000001-EastUSwebspace-Linux/sites/webapp-sitecontainers-test000002","repositorySiteName":"webapp-sitecontainers-test000002","owner":null,"usageState":"Normal","enabled":true,"adminEnabled":true,"siteScopedCertificatesEnabled":false,"afdEnabled":false,"enabledHostNames":["webapp-sitecontainers-test000002.azurewebsites.net","webapp-sitecontainers-test000002.scm.azurewebsites.net"],"siteProperties":{"metadata":null,"properties":[{"name":"LinuxFxVersion","value":"SITECONTAINERS"},{"name":"WindowsFxVersion","value":null}],"appSettings":null},"availabilityState":"Normal","sslCertificates":null,"csrs":[],"cers":null,"siteMode":null,"hostNameSslStates":[{"name":"webapp-sitecontainers-test000002.azurewebsites.net","sslState":"Disabled","ipBasedSslResult":null,"virtualIP":null,"virtualIPv6":null,"thumbprint":null,"certificateResourceId":null,"toUpdate":null,"toUpdateIpBasedSsl":null,"ipBasedSslState":"NotConfigured","hostType":"Standard"},{"name":"webapp-sitecontainers-test000002.scm.azurewebsites.net","sslState":"Disabled","ipBasedSslResult":null,"virtualIP":null,"virtualIPv6":null,"thumbprint":null,"certificateResourceId":null,"toUpdate":null,"toUpdateIpBasedSsl":null,"ipBasedSslState":"NotConfigured","hostType":"Repository"}],"computeMode":null,"serverFarm":null,"serverFarmId":"/subscriptions/00000000-0000-0000-0000-000000000000/resourceGroups/cli_test_webapp_sitecontainers000001/providers/Microsoft.Web/serverfarms/webapp-sitecontainers-plan000003","reserved":true,"isXenon":false,"hyperV":false,"sandboxType":null,"lastModifiedTimeUtc":"2025-10-30T22:17:57.68","storageRecoveryDefaultState":"Running","contentAvailabilityState":"Normal","runtimeAvailabilityState":"Normal","dnsConfiguration":{},"containerAllocationSubnet":null,"useContainerLocalhostBindings":null,"outboundVnetRouting":{"allTraffic":false,"applicationTraffic":false,"contentShareTraffic":false,"imagePullTraffic":false,"backupRestoreTraffic":false,"managedIdentityTraffic":false},"legacyServiceEndpointTrafficEvaluation":null,"siteConfig":{"numberOfWorkers":1,"defaultDocuments":null,"netFrameworkVersion":null,"phpVersion":null,"pythonVersion":null,"nodeVersion":null,"powerShellVersion":null,"linuxFxVersion":"SITECONTAINERS","windowsFxVersion":null,"sandboxType":null,"windowsConfiguredStacks":null,"requestTracingEnabled":null,"remoteDebuggingEnabled":null,"remoteDebuggingVersion":null,"httpLoggingEnabled":null,"azureMonitorLogCategories":null,"acrUseManagedIdentityCreds":false,"acrUserManagedIdentityID":null,"logsDirectorySizeLimit":null,"detailedErrorLoggingEnabled":null,"publishingUsername":null,"publishingPassword":null,"appSettings":null,"metadata":null,"connectionStrings":null,"machineKey":null,"handlerMappings":null,"documentRoot":null,"scmType":null,"use32BitWorkerProcess":null,"webSocketsEnabled":null,"alwaysOn":true,"javaVersion":null,"javaContainer":null,"javaContainerVersion":null,"appCommandLine":null,"managedPipelineMode":null,"virtualApplications":null,"winAuthAdminState":null,"winAuthTenantState":null,"customAppPoolIdentityAdminState":null,"customAppPoolIdentityTenantState":null,"runtimeADUser":null,"runtimeADUserPassword":null,"loadBalancing":null,"routingRules":null,"experiments":null,"limits":null,"autoHealEnabled":null,"autoHealRules":null,"tracingOptions":null,"vnetName":null,"vnetRouteAllEnabled":null,"vnetPrivatePortsCount":null,"publicNetworkAccess":null,"cors":null,"push":null,"apiDefinition":null,"apiManagementConfig":null,"autoSwapSlotName":null,"localMySqlEnabled":null,"managedServiceIdentityId":null,"xManagedServiceIdentityId":null,"keyVaultReferenceIdentity":null,"ipSecurityRestrictions":[{"ipAddress":"Any","action":"Allow","priority":2147483647,"name":"Allow
        all","description":"Allow all access"}],"ipSecurityRestrictionsDefaultAction":null,"scmIpSecurityRestrictions":[{"ipAddress":"Any","action":"Allow","priority":2147483647,"name":"Allow
        all","description":"Allow all access"}],"scmIpSecurityRestrictionsDefaultAction":null,"scmIpSecurityRestrictionsUseMain":null,"http20Enabled":true,"minTlsVersion":null,"minTlsCipherSuite":null,"scmMinTlsCipherSuite":null,"supportedTlsCipherSuites":null,"scmSupportedTlsCipherSuites":null,"scmMinTlsVersion":null,"ftpsState":null,"preWarmedInstanceCount":null,"functionAppScaleLimit":null,"elasticWebAppScaleLimit":0,"healthCheckPath":null,"fileChangeAuditEnabled":null,"functionsRuntimeScaleMonitoringEnabled":null,"websiteTimeZone":null,"minimumElasticInstanceCount":1,"azureStorageAccounts":null,"http20ProxyFlag":null,"sitePort":null,"antivirusScanEnabled":null,"storageType":null,"sitePrivateLinkHostEnabled":null,"clusteringEnabled":false,"webJobsEnabled":false},"functionAppConfig":null,"daprConfig":null,"deploymentId":"webapp-sitecontainers-test000002","slotName":null,"trafficManagerHostNames":null,"sku":"Standard","scmSiteAlsoStopped":false,"targetSwapSlot":null,"hostingEnvironment":null,"hostingEnvironmentProfile":null,"clientAffinityEnabled":true,"clientAffinityProxyEnabled":false,"useQueryStringAffinity":false,"blockPathTraversal":false,"clientCertEnabled":false,"clientCertMode":"Required","clientCertExclusionPaths":null,"clientCertExclusionEndPoints":null,"hostNamesDisabled":false,"ipMode":"IPv4","domainVerificationIdentifiers":null,"customDomainVerificationId":"06A754DDDA9E82CEAB4064B1FFBB341F2D951D8E36BC157906AEE1799EE3B407","kind":"app,linux","managedEnvironmentId":null,"workloadProfileName":null,"resourceConfig":null,"inboundIpAddress":"20.119.16.52","possibleInboundIpAddresses":"20.119.16.52","inboundIpv6Address":"2603:1030:210:7::3b","possibleInboundIpv6Addresses":"2603:1030:210:7::3b","ftpUsername":"webapp-sitecontainers-test000002\\$webapp-sitecontainers-test000002","ftpsHostName":"ftps://waws-prod-blu-557.ftp.azurewebsites.windows.net/site/wwwroot","outboundIpAddresses":"20.253.79.11,20.253.79.20,20.253.79.21,20.253.79.22,20.253.79.23,20.253.79.24,20.253.73.128,20.253.77.121,20.253.78.45,20.253.78.136,20.253.78.137,20.253.78.138,20.119.16.52","possibleOutboundIpAddresses":"20.253.79.11,20.253.79.20,20.253.79.21,20.253.79.22,20.253.79.23,20.253.79.24,20.253.73.128,20.253.77.121,20.253.78.45,20.253.78.136,20.253.78.137,20.253.78.138,20.253.78.139,20.253.78.180,20.253.78.181,20.253.78.182,20.253.78.183,20.253.78.240,20.253.78.241,20.253.78.242,20.253.78.243,20.253.79.8,20.253.79.9,20.253.79.10,20.253.79.25,20.253.79.26,20.253.79.27,20.253.79.224,20.253.79.225,20.253.79.226,20.119.16.52","outboundIpv6Addresses":"2603:1030:20c:f::758,2603:1030:20c:a::741,2603:1030:20c:9::767,2603:1030:20c:f::759,2603:1030:20c:f::75a,2603:1030:20c:a::746,2603:1030:20e:3::44f,2603:1030:20c:9::2bb,2603:1030:20e:3::61e,2603:1030:20c:9::72b,2603:1030:20c:9::761,2603:1030:20c:9::762,2603:1030:210:7::3b,2603:10e1:100:2::1477:1034","possibleOutboundIpv6Addresses":"2603:1030:20c:f::758,2603:1030:20c:a::741,2603:1030:20c:9::767,2603:1030:20c:f::759,2603:1030:20c:f::75a,2603:1030:20c:a::746,2603:1030:20e:3::44f,2603:1030:20c:9::2bb,2603:1030:20e:3::61e,2603:1030:20c:9::72b,2603:1030:20c:9::761,2603:1030:20c:9::762,2603:1030:20c:a::745,2603:1030:20c:9::763,2603:1030:20c:a::73a,2603:1030:20c:9::764,2603:1030:20c:9::765,2603:1030:20c:f::5ab,2603:1030:20c:f::5af,2603:1030:20c:a::73b,2603:1030:20c:f::6be,2603:1030:20c:a::740,2603:1030:20c:9::766,2603:1030:20c:f::6c7,2603:1030:20c:a::747,2603:1030:20c:9::768,2603:1030:20c:a::73c,2603:1030:20c:a::73d,2603:1030:20c:f::75b,2603:1030:20c:9::769,2603:1030:210:7::3b,2603:10e1:100:2::1477:1034","containerSize":0,"dailyMemoryTimeQuota":0,"suspendedTill":null,"siteDisabledReason":0,"functionExecutionUnitsCache":null,"maxNumberOfWorkers":null,"homeStamp":"waws-prod-blu-557","cloningInfo":null,"hostingEnvironmentId":null,"tags":null,"resourceGroup":"cli_test_webapp_sitecontainers000001","defaultHostName":"webapp-sitecontainers-test000002.azurewebsites.net","slotSwapStatus":null,"httpsOnly":true,"endToEndEncryptionEnabled":false,"functionsRuntimeAdminIsolationEnabled":false,"redundancyMode":"None","inProgressOperationId":null,"geoDistributions":null,"privateEndpointConnections":null,"publicNetworkAccess":"Enabled","buildVersion":null,"targetBuildVersion":null,"migrationState":null,"eligibleLogCategories":"AppServiceAppLogs,AppServiceAuditLogs,AppServiceConsoleLogs,AppServiceHTTPLogs,AppServiceIPSecAuditLogs,AppServicePlatformLogs,ScanLogs,AppServiceAuthenticationLogs","inFlightFeatures":null,"storageAccountRequired":false,"virtualNetworkSubnetId":null,"keyVaultReferenceIdentity":"SystemAssigned","autoGeneratedDomainNameLabelScope":null,"privateLinkIdentifiers":null,"sshEnabled":null},"identity":{"type":"SystemAssigned","tenantId":"72f988bf-86f1-41af-91ab-2d7cd011db47","principalId":"23eaf72e-2ea7-4969-8c04-0e80c90d5952"}}'
    headers:
      cache-control:
      - no-cache
      content-length:
      - '9372'
      content-type:
      - application/json
      date:
      - Thu, 30 Oct 2025 22:18:00 GMT
      etag:
      - '"1DC49EB08B104F5"'
      expires:
      - '-1'
      pragma:
      - no-cache
      strict-transport-security:
      - max-age=31536000; includeSubDomains
      x-aspnet-version:
      - 4.0.30319
      x-cache:
      - CONFIG_NOCACHE
      x-content-type-options:
      - nosniff
      x-ms-operation-identifier:
      - tenantId=72f988bf-86f1-41af-91ab-2d7cd011db47,objectId=d1dbc388-1013-482b-b171-79f4269ea689/southcentralus/6ba97860-8f67-4e0a-9f51-0e89045b3dd1
      x-ms-ratelimit-remaining-subscription-resource-requests:
      - '799'
      x-msedge-ref:
      - 'Ref A: FA4FE7A474504F63B1AD8DF556159BCA Ref B: SN4AA2022302009 Ref C: 2025-10-30T22:17:54Z'
      x-powered-by:
      - ASP.NET
    status:
      code: 200
      message: OK
- request:
    body: null
    headers:
      Accept:
      - application/json
      Accept-Encoding:
      - gzip, deflate
      CommandName:
      - webapp sitecontainers create
      Connection:
      - keep-alive
      ParameterSetName:
      - --name --resource-group --sitecontainers-spec-file
      User-Agent:
      - AZURECLI/2.79.0 azsdk-python-core/1.35.0 Python/3.13.9 (Windows-11-10.0.26200-SP0)
    method: GET
    uri: https://management.azure.com/subscriptions/00000000-0000-0000-0000-000000000000/resourceGroups/cli_test_webapp_sitecontainers000001/providers/Microsoft.Web/sites/webapp-sitecontainers-test000002?api-version=2024-11-01
  response:
    body:
      string: '{"id":"/subscriptions/00000000-0000-0000-0000-000000000000/resourceGroups/cli_test_webapp_sitecontainers000001/providers/Microsoft.Web/sites/webapp-sitecontainers-test000002","name":"webapp-sitecontainers-test000002","type":"Microsoft.Web/sites","kind":"app,linux","location":"East
        US","properties":{"name":"webapp-sitecontainers-test000002","state":"Running","hostNames":["webapp-sitecontainers-test000002.azurewebsites.net"],"webSpace":"cli_test_webapp_sitecontainers000001-EastUSwebspace-Linux","selfLink":"https://waws-prod-blu-557.api.azurewebsites.windows.net:454/subscriptions/00000000-0000-0000-0000-000000000000/webspaces/cli_test_webapp_sitecontainers000001-EastUSwebspace-Linux/sites/webapp-sitecontainers-test000002","repositorySiteName":"webapp-sitecontainers-test000002","owner":null,"usageState":"Normal","enabled":true,"adminEnabled":true,"siteScopedCertificatesEnabled":false,"afdEnabled":false,"enabledHostNames":["webapp-sitecontainers-test000002.azurewebsites.net","webapp-sitecontainers-test000002.scm.azurewebsites.net"],"siteProperties":{"metadata":null,"properties":[{"name":"LinuxFxVersion","value":"SITECONTAINERS"},{"name":"WindowsFxVersion","value":null}],"appSettings":null},"availabilityState":"Normal","sslCertificates":null,"csrs":[],"cers":null,"siteMode":null,"hostNameSslStates":[{"name":"webapp-sitecontainers-test000002.azurewebsites.net","sslState":"Disabled","ipBasedSslResult":null,"virtualIP":null,"virtualIPv6":null,"thumbprint":null,"certificateResourceId":null,"toUpdate":null,"toUpdateIpBasedSsl":null,"ipBasedSslState":"NotConfigured","hostType":"Standard"},{"name":"webapp-sitecontainers-test000002.scm.azurewebsites.net","sslState":"Disabled","ipBasedSslResult":null,"virtualIP":null,"virtualIPv6":null,"thumbprint":null,"certificateResourceId":null,"toUpdate":null,"toUpdateIpBasedSsl":null,"ipBasedSslState":"NotConfigured","hostType":"Repository"}],"computeMode":null,"serverFarm":null,"serverFarmId":"/subscriptions/00000000-0000-0000-0000-000000000000/resourceGroups/cli_test_webapp_sitecontainers000001/providers/Microsoft.Web/serverfarms/webapp-sitecontainers-plan000003","reserved":true,"isXenon":false,"hyperV":false,"sandboxType":null,"lastModifiedTimeUtc":"2025-10-30T22:17:57.68","storageRecoveryDefaultState":"Running","contentAvailabilityState":"Normal","runtimeAvailabilityState":"Normal","dnsConfiguration":{},"containerAllocationSubnet":null,"useContainerLocalhostBindings":null,"outboundVnetRouting":{"allTraffic":false,"applicationTraffic":false,"contentShareTraffic":false,"imagePullTraffic":false,"backupRestoreTraffic":false,"managedIdentityTraffic":false},"legacyServiceEndpointTrafficEvaluation":null,"siteConfig":{"numberOfWorkers":1,"defaultDocuments":null,"netFrameworkVersion":null,"phpVersion":null,"pythonVersion":null,"nodeVersion":null,"powerShellVersion":null,"linuxFxVersion":"SITECONTAINERS","windowsFxVersion":null,"sandboxType":null,"windowsConfiguredStacks":null,"requestTracingEnabled":null,"remoteDebuggingEnabled":null,"remoteDebuggingVersion":null,"httpLoggingEnabled":null,"azureMonitorLogCategories":null,"acrUseManagedIdentityCreds":false,"acrUserManagedIdentityID":null,"logsDirectorySizeLimit":null,"detailedErrorLoggingEnabled":null,"publishingUsername":null,"publishingPassword":null,"appSettings":null,"metadata":null,"connectionStrings":null,"machineKey":null,"handlerMappings":null,"documentRoot":null,"scmType":null,"use32BitWorkerProcess":null,"webSocketsEnabled":null,"alwaysOn":true,"javaVersion":null,"javaContainer":null,"javaContainerVersion":null,"appCommandLine":null,"managedPipelineMode":null,"virtualApplications":null,"winAuthAdminState":null,"winAuthTenantState":null,"customAppPoolIdentityAdminState":null,"customAppPoolIdentityTenantState":null,"runtimeADUser":null,"runtimeADUserPassword":null,"loadBalancing":null,"routingRules":null,"experiments":null,"limits":null,"autoHealEnabled":null,"autoHealRules":null,"tracingOptions":null,"vnetName":null,"vnetRouteAllEnabled":null,"vnetPrivatePortsCount":null,"publicNetworkAccess":null,"cors":null,"push":null,"apiDefinition":null,"apiManagementConfig":null,"autoSwapSlotName":null,"localMySqlEnabled":null,"managedServiceIdentityId":null,"xManagedServiceIdentityId":null,"keyVaultReferenceIdentity":null,"ipSecurityRestrictions":null,"ipSecurityRestrictionsDefaultAction":null,"scmIpSecurityRestrictions":null,"scmIpSecurityRestrictionsDefaultAction":null,"scmIpSecurityRestrictionsUseMain":null,"http20Enabled":true,"minTlsVersion":null,"minTlsCipherSuite":null,"scmMinTlsCipherSuite":null,"supportedTlsCipherSuites":null,"scmSupportedTlsCipherSuites":null,"scmMinTlsVersion":null,"ftpsState":null,"preWarmedInstanceCount":null,"functionAppScaleLimit":0,"elasticWebAppScaleLimit":null,"healthCheckPath":null,"fileChangeAuditEnabled":null,"functionsRuntimeScaleMonitoringEnabled":null,"websiteTimeZone":null,"minimumElasticInstanceCount":1,"azureStorageAccounts":null,"http20ProxyFlag":null,"sitePort":null,"antivirusScanEnabled":null,"storageType":null,"sitePrivateLinkHostEnabled":null,"clusteringEnabled":false,"webJobsEnabled":false},"functionAppConfig":null,"daprConfig":null,"deploymentId":"webapp-sitecontainers-test000002","slotName":null,"trafficManagerHostNames":null,"sku":"Standard","scmSiteAlsoStopped":false,"targetSwapSlot":null,"hostingEnvironment":null,"hostingEnvironmentProfile":null,"clientAffinityEnabled":true,"clientAffinityProxyEnabled":false,"useQueryStringAffinity":false,"blockPathTraversal":false,"clientCertEnabled":false,"clientCertMode":"Required","clientCertExclusionPaths":null,"clientCertExclusionEndPoints":null,"hostNamesDisabled":false,"ipMode":"IPv4","domainVerificationIdentifiers":null,"customDomainVerificationId":"06A754DDDA9E82CEAB4064B1FFBB341F2D951D8E36BC157906AEE1799EE3B407","kind":"app,linux","managedEnvironmentId":null,"workloadProfileName":null,"resourceConfig":null,"inboundIpAddress":"20.119.16.52","possibleInboundIpAddresses":"20.119.16.52","inboundIpv6Address":"2603:1030:210:7::3b","possibleInboundIpv6Addresses":"2603:1030:210:7::3b","ftpUsername":"webapp-sitecontainers-test000002\\$webapp-sitecontainers-test000002","ftpsHostName":"ftps://waws-prod-blu-557.ftp.azurewebsites.windows.net/site/wwwroot","outboundIpAddresses":"20.253.79.11,20.253.79.20,20.253.79.21,20.253.79.22,20.253.79.23,20.253.79.24,20.253.73.128,20.253.77.121,20.253.78.45,20.253.78.136,20.253.78.137,20.253.78.138,20.119.16.52","possibleOutboundIpAddresses":"20.253.79.11,20.253.79.20,20.253.79.21,20.253.79.22,20.253.79.23,20.253.79.24,20.253.73.128,20.253.77.121,20.253.78.45,20.253.78.136,20.253.78.137,20.253.78.138,20.253.78.139,20.253.78.180,20.253.78.181,20.253.78.182,20.253.78.183,20.253.78.240,20.253.78.241,20.253.78.242,20.253.78.243,20.253.79.8,20.253.79.9,20.253.79.10,20.253.79.25,20.253.79.26,20.253.79.27,20.253.79.224,20.253.79.225,20.253.79.226,20.119.16.52","outboundIpv6Addresses":"2603:1030:20c:f::758,2603:1030:20c:a::741,2603:1030:20c:9::767,2603:1030:20c:f::759,2603:1030:20c:f::75a,2603:1030:20c:a::746,2603:1030:20e:3::44f,2603:1030:20c:9::2bb,2603:1030:20e:3::61e,2603:1030:20c:9::72b,2603:1030:20c:9::761,2603:1030:20c:9::762,2603:1030:210:7::3b,2603:10e1:100:2::1477:1034","possibleOutboundIpv6Addresses":"2603:1030:20c:f::758,2603:1030:20c:a::741,2603:1030:20c:9::767,2603:1030:20c:f::759,2603:1030:20c:f::75a,2603:1030:20c:a::746,2603:1030:20e:3::44f,2603:1030:20c:9::2bb,2603:1030:20e:3::61e,2603:1030:20c:9::72b,2603:1030:20c:9::761,2603:1030:20c:9::762,2603:1030:20c:a::745,2603:1030:20c:9::763,2603:1030:20c:a::73a,2603:1030:20c:9::764,2603:1030:20c:9::765,2603:1030:20c:f::5ab,2603:1030:20c:f::5af,2603:1030:20c:a::73b,2603:1030:20c:f::6be,2603:1030:20c:a::740,2603:1030:20c:9::766,2603:1030:20c:f::6c7,2603:1030:20c:a::747,2603:1030:20c:9::768,2603:1030:20c:a::73c,2603:1030:20c:a::73d,2603:1030:20c:f::75b,2603:1030:20c:9::769,2603:1030:210:7::3b,2603:10e1:100:2::1477:1034","containerSize":0,"dailyMemoryTimeQuota":0,"suspendedTill":null,"siteDisabledReason":0,"functionExecutionUnitsCache":null,"maxNumberOfWorkers":null,"homeStamp":"waws-prod-blu-557","cloningInfo":null,"hostingEnvironmentId":null,"tags":null,"resourceGroup":"cli_test_webapp_sitecontainers000001","defaultHostName":"webapp-sitecontainers-test000002.azurewebsites.net","slotSwapStatus":null,"httpsOnly":true,"endToEndEncryptionEnabled":false,"functionsRuntimeAdminIsolationEnabled":false,"redundancyMode":"None","inProgressOperationId":null,"geoDistributions":null,"privateEndpointConnections":[],"publicNetworkAccess":"Enabled","buildVersion":null,"targetBuildVersion":null,"migrationState":null,"eligibleLogCategories":"AppServiceAppLogs,AppServiceAuditLogs,AppServiceConsoleLogs,AppServiceHTTPLogs,AppServiceIPSecAuditLogs,AppServicePlatformLogs,ScanLogs,AppServiceAuthenticationLogs","inFlightFeatures":["SiteContainers","RouteGeoCapacityClientTrafficToV2","RouteOperationClientTrafficToV2","RouteGeoPlanClientTrafficToV2","RouteGeoSourceControlKeyClientTrafficToV2","RouteGeoUserClientTrafficToV2"],"storageAccountRequired":false,"virtualNetworkSubnetId":null,"keyVaultReferenceIdentity":"SystemAssigned","autoGeneratedDomainNameLabelScope":null,"privateLinkIdentifiers":null,"sshEnabled":null},"identity":{"type":"SystemAssigned","tenantId":"72f988bf-86f1-41af-91ab-2d7cd011db47","principalId":"23eaf72e-2ea7-4969-8c04-0e80c90d5952"}}'
    headers:
      cache-control:
      - no-cache
      content-length:
      - '9346'
      content-type:
      - application/json
      date:
      - Thu, 30 Oct 2025 22:18:00 GMT
      etag:
      - '"1DC49EB0BB49B00"'
      expires:
      - '-1'
      pragma:
      - no-cache
      strict-transport-security:
      - max-age=31536000; includeSubDomains
      x-aspnet-version:
      - 4.0.30319
      x-cache:
      - CONFIG_NOCACHE
      x-content-type-options:
      - nosniff
      x-ms-ratelimit-remaining-subscription-global-reads:
      - '16499'
      x-msedge-ref:
      - 'Ref A: 97F5E92974AA4D23BAD4F5EB849EDFBA Ref B: SN4AA2022301051 Ref C: 2025-10-30T22:18:01Z'
      x-powered-by:
      - ASP.NET
    status:
      code: 200
      message: OK
- request:
    body: null
    headers:
      Accept:
      - application/json
      Accept-Encoding:
      - gzip, deflate
      CommandName:
      - webapp sitecontainers create
      Connection:
      - keep-alive
      Content-Length:
      - '0'
      ParameterSetName:
      - --name --resource-group --sitecontainers-spec-file
      User-Agent:
      - AZURECLI/2.79.0 azsdk-python-core/1.35.0 Python/3.13.9 (Windows-11-10.0.26200-SP0)
    method: POST
    uri: https://management.azure.com/subscriptions/00000000-0000-0000-0000-000000000000/resourceGroups/cli_test_webapp_sitecontainers000001/providers/Microsoft.Web/sites/webapp-sitecontainers-test000002/config/appsettings/list?api-version=2024-11-01
  response:
    body:
      string: '{"id":"/subscriptions/00000000-0000-0000-0000-000000000000/resourceGroups/cli_test_webapp_sitecontainers000001/providers/Microsoft.Web/sites/webapp-sitecontainers-test000002/config/appsettings","name":"appsettings","type":"Microsoft.Web/sites/config","location":"East
        US","properties":{"VARIABLE1":"Lorem","VARIABLE2":"Ipsum"}}'
    headers:
      cache-control:
      - no-cache
      content-length:
      - '327'
      content-type:
      - application/json
      date:
      - Thu, 30 Oct 2025 22:18:01 GMT
      expires:
      - '-1'
      pragma:
      - no-cache
      strict-transport-security:
      - max-age=31536000; includeSubDomains
      x-aspnet-version:
      - 4.0.30319
      x-cache:
      - CONFIG_NOCACHE
      x-content-type-options:
      - nosniff
      x-ms-operation-identifier:
      - tenantId=72f988bf-86f1-41af-91ab-2d7cd011db47,objectId=d1dbc388-1013-482b-b171-79f4269ea689/southcentralus/592401c4-41cc-4b04-bd73-4ee348103a89
      x-ms-ratelimit-remaining-subscription-resource-requests:
      - '799'
      x-msedge-ref:
      - 'Ref A: B89167EBB95F4E73B5270DC6766DDB83 Ref B: SN4AA2022305035 Ref C: 2025-10-30T22:18:01Z'
      x-powered-by:
      - ASP.NET
    status:
      code: 200
      message: OK
- request:
    body: null
    headers:
      Accept:
      - application/json
      Accept-Encoding:
      - gzip, deflate
      CommandName:
      - webapp sitecontainers create
      Connection:
      - keep-alive
      ParameterSetName:
      - --name --resource-group --sitecontainers-spec-file
      User-Agent:
      - AZURECLI/2.79.0 azsdk-python-core/1.35.0 Python/3.13.9 (Windows-11-10.0.26200-SP0)
    method: GET
    uri: https://management.azure.com/subscriptions/00000000-0000-0000-0000-000000000000/resourceGroups/cli_test_webapp_sitecontainers000001/providers/Microsoft.Web/sites/webapp-sitecontainers-test000002?api-version=2024-11-01
  response:
    body:
      string: '{"id":"/subscriptions/00000000-0000-0000-0000-000000000000/resourceGroups/cli_test_webapp_sitecontainers000001/providers/Microsoft.Web/sites/webapp-sitecontainers-test000002","name":"webapp-sitecontainers-test000002","type":"Microsoft.Web/sites","kind":"app,linux","location":"East
        US","properties":{"name":"webapp-sitecontainers-test000002","state":"Running","hostNames":["webapp-sitecontainers-test000002.azurewebsites.net"],"webSpace":"cli_test_webapp_sitecontainers000001-EastUSwebspace-Linux","selfLink":"https://waws-prod-blu-557.api.azurewebsites.windows.net:454/subscriptions/00000000-0000-0000-0000-000000000000/webspaces/cli_test_webapp_sitecontainers000001-EastUSwebspace-Linux/sites/webapp-sitecontainers-test000002","repositorySiteName":"webapp-sitecontainers-test000002","owner":null,"usageState":"Normal","enabled":true,"adminEnabled":true,"siteScopedCertificatesEnabled":false,"afdEnabled":false,"enabledHostNames":["webapp-sitecontainers-test000002.azurewebsites.net","webapp-sitecontainers-test000002.scm.azurewebsites.net"],"siteProperties":{"metadata":null,"properties":[{"name":"LinuxFxVersion","value":"SITECONTAINERS"},{"name":"WindowsFxVersion","value":null}],"appSettings":null},"availabilityState":"Normal","sslCertificates":null,"csrs":[],"cers":null,"siteMode":null,"hostNameSslStates":[{"name":"webapp-sitecontainers-test000002.azurewebsites.net","sslState":"Disabled","ipBasedSslResult":null,"virtualIP":null,"virtualIPv6":null,"thumbprint":null,"certificateResourceId":null,"toUpdate":null,"toUpdateIpBasedSsl":null,"ipBasedSslState":"NotConfigured","hostType":"Standard"},{"name":"webapp-sitecontainers-test000002.scm.azurewebsites.net","sslState":"Disabled","ipBasedSslResult":null,"virtualIP":null,"virtualIPv6":null,"thumbprint":null,"certificateResourceId":null,"toUpdate":null,"toUpdateIpBasedSsl":null,"ipBasedSslState":"NotConfigured","hostType":"Repository"}],"computeMode":null,"serverFarm":null,"serverFarmId":"/subscriptions/00000000-0000-0000-0000-000000000000/resourceGroups/cli_test_webapp_sitecontainers000001/providers/Microsoft.Web/serverfarms/webapp-sitecontainers-plan000003","reserved":true,"isXenon":false,"hyperV":false,"sandboxType":null,"lastModifiedTimeUtc":"2025-10-30T22:17:57.68","storageRecoveryDefaultState":"Running","contentAvailabilityState":"Normal","runtimeAvailabilityState":"Normal","dnsConfiguration":{},"containerAllocationSubnet":null,"useContainerLocalhostBindings":null,"outboundVnetRouting":{"allTraffic":false,"applicationTraffic":false,"contentShareTraffic":false,"imagePullTraffic":false,"backupRestoreTraffic":false,"managedIdentityTraffic":false},"legacyServiceEndpointTrafficEvaluation":null,"siteConfig":{"numberOfWorkers":1,"defaultDocuments":null,"netFrameworkVersion":null,"phpVersion":null,"pythonVersion":null,"nodeVersion":null,"powerShellVersion":null,"linuxFxVersion":"SITECONTAINERS","windowsFxVersion":null,"sandboxType":null,"windowsConfiguredStacks":null,"requestTracingEnabled":null,"remoteDebuggingEnabled":null,"remoteDebuggingVersion":null,"httpLoggingEnabled":null,"azureMonitorLogCategories":null,"acrUseManagedIdentityCreds":false,"acrUserManagedIdentityID":null,"logsDirectorySizeLimit":null,"detailedErrorLoggingEnabled":null,"publishingUsername":null,"publishingPassword":null,"appSettings":null,"metadata":null,"connectionStrings":null,"machineKey":null,"handlerMappings":null,"documentRoot":null,"scmType":null,"use32BitWorkerProcess":null,"webSocketsEnabled":null,"alwaysOn":true,"javaVersion":null,"javaContainer":null,"javaContainerVersion":null,"appCommandLine":null,"managedPipelineMode":null,"virtualApplications":null,"winAuthAdminState":null,"winAuthTenantState":null,"customAppPoolIdentityAdminState":null,"customAppPoolIdentityTenantState":null,"runtimeADUser":null,"runtimeADUserPassword":null,"loadBalancing":null,"routingRules":null,"experiments":null,"limits":null,"autoHealEnabled":null,"autoHealRules":null,"tracingOptions":null,"vnetName":null,"vnetRouteAllEnabled":null,"vnetPrivatePortsCount":null,"publicNetworkAccess":null,"cors":null,"push":null,"apiDefinition":null,"apiManagementConfig":null,"autoSwapSlotName":null,"localMySqlEnabled":null,"managedServiceIdentityId":null,"xManagedServiceIdentityId":null,"keyVaultReferenceIdentity":null,"ipSecurityRestrictions":null,"ipSecurityRestrictionsDefaultAction":null,"scmIpSecurityRestrictions":null,"scmIpSecurityRestrictionsDefaultAction":null,"scmIpSecurityRestrictionsUseMain":null,"http20Enabled":true,"minTlsVersion":null,"minTlsCipherSuite":null,"scmMinTlsCipherSuite":null,"supportedTlsCipherSuites":null,"scmSupportedTlsCipherSuites":null,"scmMinTlsVersion":null,"ftpsState":null,"preWarmedInstanceCount":null,"functionAppScaleLimit":0,"elasticWebAppScaleLimit":null,"healthCheckPath":null,"fileChangeAuditEnabled":null,"functionsRuntimeScaleMonitoringEnabled":null,"websiteTimeZone":null,"minimumElasticInstanceCount":1,"azureStorageAccounts":null,"http20ProxyFlag":null,"sitePort":null,"antivirusScanEnabled":null,"storageType":null,"sitePrivateLinkHostEnabled":null,"clusteringEnabled":false,"webJobsEnabled":false},"functionAppConfig":null,"daprConfig":null,"deploymentId":"webapp-sitecontainers-test000002","slotName":null,"trafficManagerHostNames":null,"sku":"Standard","scmSiteAlsoStopped":false,"targetSwapSlot":null,"hostingEnvironment":null,"hostingEnvironmentProfile":null,"clientAffinityEnabled":true,"clientAffinityProxyEnabled":false,"useQueryStringAffinity":false,"blockPathTraversal":false,"clientCertEnabled":false,"clientCertMode":"Required","clientCertExclusionPaths":null,"clientCertExclusionEndPoints":null,"hostNamesDisabled":false,"ipMode":"IPv4","domainVerificationIdentifiers":null,"customDomainVerificationId":"06A754DDDA9E82CEAB4064B1FFBB341F2D951D8E36BC157906AEE1799EE3B407","kind":"app,linux","managedEnvironmentId":null,"workloadProfileName":null,"resourceConfig":null,"inboundIpAddress":"20.119.16.52","possibleInboundIpAddresses":"20.119.16.52","inboundIpv6Address":"2603:1030:210:7::3b","possibleInboundIpv6Addresses":"2603:1030:210:7::3b","ftpUsername":"webapp-sitecontainers-test000002\\$webapp-sitecontainers-test000002","ftpsHostName":"ftps://waws-prod-blu-557.ftp.azurewebsites.windows.net/site/wwwroot","outboundIpAddresses":"20.253.79.11,20.253.79.20,20.253.79.21,20.253.79.22,20.253.79.23,20.253.79.24,20.253.73.128,20.253.77.121,20.253.78.45,20.253.78.136,20.253.78.137,20.253.78.138,20.119.16.52","possibleOutboundIpAddresses":"20.253.79.11,20.253.79.20,20.253.79.21,20.253.79.22,20.253.79.23,20.253.79.24,20.253.73.128,20.253.77.121,20.253.78.45,20.253.78.136,20.253.78.137,20.253.78.138,20.253.78.139,20.253.78.180,20.253.78.181,20.253.78.182,20.253.78.183,20.253.78.240,20.253.78.241,20.253.78.242,20.253.78.243,20.253.79.8,20.253.79.9,20.253.79.10,20.253.79.25,20.253.79.26,20.253.79.27,20.253.79.224,20.253.79.225,20.253.79.226,20.119.16.52","outboundIpv6Addresses":"2603:1030:20c:f::758,2603:1030:20c:a::741,2603:1030:20c:9::767,2603:1030:20c:f::759,2603:1030:20c:f::75a,2603:1030:20c:a::746,2603:1030:20e:3::44f,2603:1030:20c:9::2bb,2603:1030:20e:3::61e,2603:1030:20c:9::72b,2603:1030:20c:9::761,2603:1030:20c:9::762,2603:1030:210:7::3b,2603:10e1:100:2::1477:1034","possibleOutboundIpv6Addresses":"2603:1030:20c:f::758,2603:1030:20c:a::741,2603:1030:20c:9::767,2603:1030:20c:f::759,2603:1030:20c:f::75a,2603:1030:20c:a::746,2603:1030:20e:3::44f,2603:1030:20c:9::2bb,2603:1030:20e:3::61e,2603:1030:20c:9::72b,2603:1030:20c:9::761,2603:1030:20c:9::762,2603:1030:20c:a::745,2603:1030:20c:9::763,2603:1030:20c:a::73a,2603:1030:20c:9::764,2603:1030:20c:9::765,2603:1030:20c:f::5ab,2603:1030:20c:f::5af,2603:1030:20c:a::73b,2603:1030:20c:f::6be,2603:1030:20c:a::740,2603:1030:20c:9::766,2603:1030:20c:f::6c7,2603:1030:20c:a::747,2603:1030:20c:9::768,2603:1030:20c:a::73c,2603:1030:20c:a::73d,2603:1030:20c:f::75b,2603:1030:20c:9::769,2603:1030:210:7::3b,2603:10e1:100:2::1477:1034","containerSize":0,"dailyMemoryTimeQuota":0,"suspendedTill":null,"siteDisabledReason":0,"functionExecutionUnitsCache":null,"maxNumberOfWorkers":null,"homeStamp":"waws-prod-blu-557","cloningInfo":null,"hostingEnvironmentId":null,"tags":null,"resourceGroup":"cli_test_webapp_sitecontainers000001","defaultHostName":"webapp-sitecontainers-test000002.azurewebsites.net","slotSwapStatus":null,"httpsOnly":true,"endToEndEncryptionEnabled":false,"functionsRuntimeAdminIsolationEnabled":false,"redundancyMode":"None","inProgressOperationId":null,"geoDistributions":null,"privateEndpointConnections":[],"publicNetworkAccess":"Enabled","buildVersion":null,"targetBuildVersion":null,"migrationState":null,"eligibleLogCategories":"AppServiceAppLogs,AppServiceAuditLogs,AppServiceConsoleLogs,AppServiceHTTPLogs,AppServiceIPSecAuditLogs,AppServicePlatformLogs,ScanLogs,AppServiceAuthenticationLogs","inFlightFeatures":["SiteContainers","RouteGeoCapacityClientTrafficToV2","RouteOperationClientTrafficToV2","RouteGeoPlanClientTrafficToV2","RouteGeoSourceControlKeyClientTrafficToV2","RouteGeoUserClientTrafficToV2"],"storageAccountRequired":false,"virtualNetworkSubnetId":null,"keyVaultReferenceIdentity":"SystemAssigned","autoGeneratedDomainNameLabelScope":null,"privateLinkIdentifiers":null,"sshEnabled":null},"identity":{"type":"SystemAssigned","tenantId":"72f988bf-86f1-41af-91ab-2d7cd011db47","principalId":"23eaf72e-2ea7-4969-8c04-0e80c90d5952"}}'
    headers:
      cache-control:
      - no-cache
      content-length:
      - '9346'
      content-type:
      - application/json
      date:
      - Thu, 30 Oct 2025 22:18:01 GMT
      etag:
      - '"1DC49EB0BB49B00"'
      expires:
      - '-1'
      pragma:
      - no-cache
      strict-transport-security:
      - max-age=31536000; includeSubDomains
      x-aspnet-version:
      - 4.0.30319
      x-cache:
      - CONFIG_NOCACHE
      x-content-type-options:
      - nosniff
      x-ms-ratelimit-remaining-subscription-global-reads:
      - '16499'
      x-msedge-ref:
      - 'Ref A: 2D6D3FF928E7418F886E890586087D1C Ref B: SN4AA2022302025 Ref C: 2025-10-30T22:18:02Z'
      x-powered-by:
      - ASP.NET
    status:
      code: 200
      message: OK
- request:
    body: null
    headers:
      Accept:
      - '*/*'
      Accept-Encoding:
      - gzip, deflate
      CommandName:
      - webapp sitecontainers create
      Connection:
      - keep-alive
      ParameterSetName:
      - --name --resource-group --sitecontainers-spec-file
      User-Agent:
      - python/3.13.9 (Windows-11-10.0.26200-SP0) AZURECLI/2.79.0
    method: GET
    uri: https://management.azure.com/subscriptions/00000000-0000-0000-0000-000000000000/resourceGroups/cli_test_webapp_sitecontainers000001/providers/Microsoft.Web/sites/webapp-sitecontainers-test000002?api-version=2023-12-01
  response:
    body:
      string: '{"id":"/subscriptions/00000000-0000-0000-0000-000000000000/resourceGroups/cli_test_webapp_sitecontainers000001/providers/Microsoft.Web/sites/webapp-sitecontainers-test000002","name":"webapp-sitecontainers-test000002","type":"Microsoft.Web/sites","kind":"app,linux","location":"East
        US","properties":{"name":"webapp-sitecontainers-test000002","state":"Running","hostNames":["webapp-sitecontainers-test000002.azurewebsites.net"],"webSpace":"cli_test_webapp_sitecontainers000001-EastUSwebspace-Linux","selfLink":"https://waws-prod-blu-557.api.azurewebsites.windows.net:454/subscriptions/00000000-0000-0000-0000-000000000000/webspaces/cli_test_webapp_sitecontainers000001-EastUSwebspace-Linux/sites/webapp-sitecontainers-test000002","repositorySiteName":"webapp-sitecontainers-test000002","owner":null,"usageState":"Normal","enabled":true,"adminEnabled":true,"siteScopedCertificatesEnabled":false,"afdEnabled":false,"enabledHostNames":["webapp-sitecontainers-test000002.azurewebsites.net","webapp-sitecontainers-test000002.scm.azurewebsites.net"],"siteProperties":{"metadata":null,"properties":[{"name":"LinuxFxVersion","value":"SITECONTAINERS"},{"name":"WindowsFxVersion","value":null}],"appSettings":null},"availabilityState":"Normal","sslCertificates":null,"csrs":[],"cers":null,"siteMode":null,"hostNameSslStates":[{"name":"webapp-sitecontainers-test000002.azurewebsites.net","sslState":"Disabled","ipBasedSslResult":null,"virtualIP":null,"virtualIPv6":null,"thumbprint":null,"certificateResourceId":null,"toUpdate":null,"toUpdateIpBasedSsl":null,"ipBasedSslState":"NotConfigured","hostType":"Standard"},{"name":"webapp-sitecontainers-test000002.scm.azurewebsites.net","sslState":"Disabled","ipBasedSslResult":null,"virtualIP":null,"virtualIPv6":null,"thumbprint":null,"certificateResourceId":null,"toUpdate":null,"toUpdateIpBasedSsl":null,"ipBasedSslState":"NotConfigured","hostType":"Repository"}],"computeMode":null,"serverFarm":null,"serverFarmId":"/subscriptions/00000000-0000-0000-0000-000000000000/resourceGroups/cli_test_webapp_sitecontainers000001/providers/Microsoft.Web/serverfarms/webapp-sitecontainers-plan000003","reserved":true,"isXenon":false,"hyperV":false,"sandboxType":null,"lastModifiedTimeUtc":"2025-10-30T22:17:57.68","storageRecoveryDefaultState":"Running","contentAvailabilityState":"Normal","runtimeAvailabilityState":"Normal","dnsConfiguration":{},"vnetRouteAllEnabled":false,"containerAllocationSubnet":null,"useContainerLocalhostBindings":null,"vnetImagePullEnabled":false,"vnetContentShareEnabled":false,"legacyServiceEndpointTrafficEvaluation":null,"siteConfig":{"numberOfWorkers":1,"defaultDocuments":null,"netFrameworkVersion":null,"phpVersion":null,"pythonVersion":null,"nodeVersion":null,"powerShellVersion":null,"linuxFxVersion":"SITECONTAINERS","windowsFxVersion":null,"sandboxType":null,"windowsConfiguredStacks":null,"requestTracingEnabled":null,"remoteDebuggingEnabled":null,"remoteDebuggingVersion":null,"httpLoggingEnabled":null,"azureMonitorLogCategories":null,"acrUseManagedIdentityCreds":false,"acrUserManagedIdentityID":null,"logsDirectorySizeLimit":null,"detailedErrorLoggingEnabled":null,"publishingUsername":null,"publishingPassword":null,"appSettings":null,"metadata":null,"connectionStrings":null,"machineKey":null,"handlerMappings":null,"documentRoot":null,"scmType":null,"use32BitWorkerProcess":null,"webSocketsEnabled":null,"alwaysOn":true,"javaVersion":null,"javaContainer":null,"javaContainerVersion":null,"appCommandLine":null,"managedPipelineMode":null,"virtualApplications":null,"winAuthAdminState":null,"winAuthTenantState":null,"customAppPoolIdentityAdminState":null,"customAppPoolIdentityTenantState":null,"runtimeADUser":null,"runtimeADUserPassword":null,"loadBalancing":null,"routingRules":null,"experiments":null,"limits":null,"autoHealEnabled":null,"autoHealRules":null,"tracingOptions":null,"vnetName":null,"vnetRouteAllEnabled":null,"vnetPrivatePortsCount":null,"publicNetworkAccess":null,"cors":null,"push":null,"apiDefinition":null,"apiManagementConfig":null,"autoSwapSlotName":null,"localMySqlEnabled":null,"managedServiceIdentityId":null,"xManagedServiceIdentityId":null,"keyVaultReferenceIdentity":null,"ipSecurityRestrictions":null,"ipSecurityRestrictionsDefaultAction":null,"scmIpSecurityRestrictions":null,"scmIpSecurityRestrictionsDefaultAction":null,"scmIpSecurityRestrictionsUseMain":null,"http20Enabled":true,"minTlsVersion":null,"minTlsCipherSuite":null,"scmMinTlsCipherSuite":null,"supportedTlsCipherSuites":null,"scmSupportedTlsCipherSuites":null,"scmMinTlsVersion":null,"ftpsState":null,"preWarmedInstanceCount":null,"functionAppScaleLimit":0,"elasticWebAppScaleLimit":null,"healthCheckPath":null,"fileChangeAuditEnabled":null,"functionsRuntimeScaleMonitoringEnabled":null,"websiteTimeZone":null,"minimumElasticInstanceCount":1,"azureStorageAccounts":null,"http20ProxyFlag":null,"sitePort":null,"antivirusScanEnabled":null,"storageType":null,"sitePrivateLinkHostEnabled":null,"clusteringEnabled":false,"webJobsEnabled":false},"functionAppConfig":null,"daprConfig":null,"deploymentId":"webapp-sitecontainers-test000002","slotName":null,"trafficManagerHostNames":null,"sku":"Standard","scmSiteAlsoStopped":false,"targetSwapSlot":null,"hostingEnvironment":null,"hostingEnvironmentProfile":null,"clientAffinityEnabled":true,"clientAffinityProxyEnabled":false,"useQueryStringAffinity":false,"blockPathTraversal":false,"clientCertEnabled":false,"clientCertMode":"Required","clientCertExclusionPaths":null,"clientCertExclusionEndPoints":null,"hostNamesDisabled":false,"ipMode":"IPv4","vnetBackupRestoreEnabled":false,"domainVerificationIdentifiers":null,"customDomainVerificationId":"06A754DDDA9E82CEAB4064B1FFBB341F2D951D8E36BC157906AEE1799EE3B407","kind":"app,linux","managedEnvironmentId":null,"workloadProfileName":null,"resourceConfig":null,"inboundIpAddress":"20.119.16.52","possibleInboundIpAddresses":"20.119.16.52","inboundIpv6Address":"2603:1030:210:7::3b","possibleInboundIpv6Addresses":"2603:1030:210:7::3b","ftpUsername":"webapp-sitecontainers-test000002\\$webapp-sitecontainers-test000002","ftpsHostName":"ftps://waws-prod-blu-557.ftp.azurewebsites.windows.net/site/wwwroot","outboundIpAddresses":"20.253.79.11,20.253.79.20,20.253.79.21,20.253.79.22,20.253.79.23,20.253.79.24,20.253.73.128,20.253.77.121,20.253.78.45,20.253.78.136,20.253.78.137,20.253.78.138,20.119.16.52","possibleOutboundIpAddresses":"20.253.79.11,20.253.79.20,20.253.79.21,20.253.79.22,20.253.79.23,20.253.79.24,20.253.73.128,20.253.77.121,20.253.78.45,20.253.78.136,20.253.78.137,20.253.78.138,20.253.78.139,20.253.78.180,20.253.78.181,20.253.78.182,20.253.78.183,20.253.78.240,20.253.78.241,20.253.78.242,20.253.78.243,20.253.79.8,20.253.79.9,20.253.79.10,20.253.79.25,20.253.79.26,20.253.79.27,20.253.79.224,20.253.79.225,20.253.79.226,20.119.16.52","outboundIpv6Addresses":"2603:1030:20c:f::758,2603:1030:20c:a::741,2603:1030:20c:9::767,2603:1030:20c:f::759,2603:1030:20c:f::75a,2603:1030:20c:a::746,2603:1030:20e:3::44f,2603:1030:20c:9::2bb,2603:1030:20e:3::61e,2603:1030:20c:9::72b,2603:1030:20c:9::761,2603:1030:20c:9::762,2603:1030:210:7::3b,2603:10e1:100:2::1477:1034","possibleOutboundIpv6Addresses":"2603:1030:20c:f::758,2603:1030:20c:a::741,2603:1030:20c:9::767,2603:1030:20c:f::759,2603:1030:20c:f::75a,2603:1030:20c:a::746,2603:1030:20e:3::44f,2603:1030:20c:9::2bb,2603:1030:20e:3::61e,2603:1030:20c:9::72b,2603:1030:20c:9::761,2603:1030:20c:9::762,2603:1030:20c:a::745,2603:1030:20c:9::763,2603:1030:20c:a::73a,2603:1030:20c:9::764,2603:1030:20c:9::765,2603:1030:20c:f::5ab,2603:1030:20c:f::5af,2603:1030:20c:a::73b,2603:1030:20c:f::6be,2603:1030:20c:a::740,2603:1030:20c:9::766,2603:1030:20c:f::6c7,2603:1030:20c:a::747,2603:1030:20c:9::768,2603:1030:20c:a::73c,2603:1030:20c:a::73d,2603:1030:20c:f::75b,2603:1030:20c:9::769,2603:1030:210:7::3b,2603:10e1:100:2::1477:1034","containerSize":0,"dailyMemoryTimeQuota":0,"suspendedTill":null,"siteDisabledReason":0,"functionExecutionUnitsCache":null,"maxNumberOfWorkers":null,"homeStamp":"waws-prod-blu-557","cloningInfo":null,"hostingEnvironmentId":null,"tags":null,"resourceGroup":"cli_test_webapp_sitecontainers000001","defaultHostName":"webapp-sitecontainers-test000002.azurewebsites.net","slotSwapStatus":null,"httpsOnly":true,"endToEndEncryptionEnabled":false,"functionsRuntimeAdminIsolationEnabled":false,"redundancyMode":"None","inProgressOperationId":null,"geoDistributions":null,"privateEndpointConnections":[],"publicNetworkAccess":"Enabled","buildVersion":null,"targetBuildVersion":null,"migrationState":null,"eligibleLogCategories":"AppServiceAppLogs,AppServiceAuditLogs,AppServiceConsoleLogs,AppServiceHTTPLogs,AppServiceIPSecAuditLogs,AppServicePlatformLogs,ScanLogs,AppServiceAuthenticationLogs","inFlightFeatures":["SiteContainers","RouteGeoCapacityClientTrafficToV2","RouteOperationClientTrafficToV2","RouteGeoPlanClientTrafficToV2","RouteGeoSourceControlKeyClientTrafficToV2","RouteGeoUserClientTrafficToV2"],"storageAccountRequired":false,"virtualNetworkSubnetId":null,"keyVaultReferenceIdentity":"SystemAssigned","autoGeneratedDomainNameLabelScope":null,"privateLinkIdentifiers":null,"sshEnabled":null},"identity":{"type":"SystemAssigned","tenantId":"72f988bf-86f1-41af-91ab-2d7cd011db47","principalId":"23eaf72e-2ea7-4969-8c04-0e80c90d5952"}}'
    headers:
      cache-control:
      - no-cache
      content-length:
      - '9285'
      content-type:
      - application/json
      date:
      - Thu, 30 Oct 2025 22:18:02 GMT
      etag:
      - '"1DC49EB0BB49B00"'
      expires:
      - '-1'
      pragma:
      - no-cache
      strict-transport-security:
      - max-age=31536000; includeSubDomains
      x-aspnet-version:
      - 4.0.30319
      x-cache:
      - CONFIG_NOCACHE
      x-content-type-options:
      - nosniff
      x-ms-ratelimit-remaining-subscription-global-reads:
      - '16499'
      x-msedge-ref:
      - 'Ref A: 94ACE331957D47B182A027AC71D64F2C Ref B: SN4AA2022305051 Ref C: 2025-10-30T22:18:02Z'
      x-powered-by:
      - ASP.NET
    status:
      code: 200
      message: OK
- request:
    body: null
    headers:
      Accept:
      - application/json
      Accept-Encoding:
      - gzip, deflate
      CommandName:
      - webapp sitecontainers create
      Connection:
      - keep-alive
      ParameterSetName:
      - --name --resource-group --sitecontainers-spec-file
      User-Agent:
      - AZURECLI/2.79.0 azsdk-python-core/1.35.0 Python/3.13.9 (Windows-11-10.0.26200-SP0)
    method: GET
    uri: https://management.azure.com/subscriptions/00000000-0000-0000-0000-000000000000/resourceGroups/cli_test_webapp_sitecontainers000001/providers/Microsoft.Web/sites/webapp-sitecontainers-test000002/config/slotConfigNames?api-version=2024-11-01
  response:
    body:
      string: '{"id":null,"name":"webapp-sitecontainers-test000002","type":"Microsoft.Web/sites","location":"East
        US","properties":{"connectionStringNames":null,"appSettingNames":null,"azureStorageConfigNames":null}}'
    headers:
      cache-control:
      - no-cache
      content-length:
      - '201'
      content-type:
      - application/json
      date:
      - Thu, 30 Oct 2025 22:18:02 GMT
      expires:
      - '-1'
      pragma:
      - no-cache
      strict-transport-security:
      - max-age=31536000; includeSubDomains
      x-aspnet-version:
      - 4.0.30319
      x-cache:
      - CONFIG_NOCACHE
      x-content-type-options:
      - nosniff
      x-ms-operation-identifier:
      - tenantId=72f988bf-86f1-41af-91ab-2d7cd011db47,objectId=d1dbc388-1013-482b-b171-79f4269ea689/southcentralus/99d8c0d7-4c3d-4da6-8982-0cfab2d5e299
      x-ms-ratelimit-remaining-subscription-global-reads:
      - '16499'
      x-msedge-ref:
      - 'Ref A: AD6CD0C08DB14F739AEADC51B365152E Ref B: SN4AA2022302037 Ref C: 2025-10-30T22:18:03Z'
      x-powered-by:
      - ASP.NET
    status:
      code: 200
      message: OK
- request:
    body: null
    headers:
      Accept:
      - application/json
      Accept-Encoding:
      - gzip, deflate
      CommandName:
      - webapp sitecontainers create
      Connection:
      - keep-alive
      ParameterSetName:
      - --name --resource-group --sitecontainers-spec-file
      User-Agent:
      - AZURECLI/2.79.0 azsdk-python-core/1.35.0 Python/3.13.9 (Windows-11-10.0.26200-SP0)
    method: GET
    uri: https://management.azure.com/subscriptions/00000000-0000-0000-0000-000000000000/resourceGroups/cli_test_webapp_sitecontainers000001/providers/Microsoft.Web/sites/webapp-sitecontainers-test000002/sitecontainers?api-version=2024-11-01
  response:
    body:
      string: ''
    headers:
      cache-control:
      - no-cache
      content-length:
      - '0'
      date:
      - Thu, 30 Oct 2025 22:18:02 GMT
      expires:
      - '-1'
      pragma:
      - no-cache
      strict-transport-security:
      - max-age=31536000; includeSubDomains
      x-aspnet-version:
      - 4.0.30319
      x-cache:
      - CONFIG_NOCACHE
      x-content-type-options:
      - nosniff
      x-ms-operation-identifier:
      - tenantId=72f988bf-86f1-41af-91ab-2d7cd011db47,objectId=d1dbc388-1013-482b-b171-79f4269ea689/southcentralus/1cf398e2-2fad-4b59-865e-5a7a855398d7
      x-ms-ratelimit-remaining-subscription-global-reads:
      - '16499'
      x-msedge-ref:
      - 'Ref A: 6062EE4B20B6408B9794031E2AFF39E6 Ref B: SN4AA2022305017 Ref C: 2025-10-30T22:18:03Z'
      x-powered-by:
      - ASP.NET
    status:
      code: 200
      message: OK
- request:
    body: '{"properties": {"image": "mcr.microsoft.com/appsvc/docs/sidecars/sample-nginx:latest",
      "targetPort": "80", "isMain": true, "authType": "SystemIdentity", "volumeMounts":
      [{"volumeSubPath": "subPath", "containerMountPath": "mountPath", "readOnly":
      true}], "environmentVariables": [{"name": "VAR1", "value": "VARIABLE1"}, {"name":
      "VAR2", "value": "VARIABLE2"}]}}'
    headers:
      Accept:
      - application/json
      Accept-Encoding:
      - gzip, deflate
      CommandName:
      - webapp sitecontainers create
      Connection:
      - keep-alive
      Content-Length:
      - '360'
      Content-Type:
      - application/json
      ParameterSetName:
      - --name --resource-group --sitecontainers-spec-file
      User-Agent:
      - AZURECLI/2.79.0 azsdk-python-core/1.35.0 Python/3.13.9 (Windows-11-10.0.26200-SP0)
    method: PUT
    uri: https://management.azure.com/subscriptions/00000000-0000-0000-0000-000000000000/resourceGroups/cli_test_webapp_sitecontainers000001/providers/Microsoft.Web/sites/webapp-sitecontainers-test000002/sitecontainers/main?api-version=2024-11-01
  response:
    body:
      string: '{"id":"/subscriptions/00000000-0000-0000-0000-000000000000/resourceGroups/cli_test_webapp_sitecontainers000001/providers/Microsoft.Web/sites/webapp-sitecontainers-test000002/sitecontainers/main","name":"main","type":"Microsoft.Web/sites/sitecontainer","location":"East
        US","properties":{"image":"mcr.microsoft.com/appsvc/docs/sidecars/sample-nginx:latest","targetPort":"80","isMain":true,"startUpCommand":null,"authType":"SystemIdentity","userName":null,"passwordSecret":null,"userManagedIdentityClientId":null,"type":null,"metadata":null,"createdTime":"2025-10-30T22:18:04.09","lastModifiedTime":"2025-10-30T22:18:04.09","volumeMounts":[{"volumeSubPath":"subPath","containerMountPath":"mountPath","data":null,"readOnly":true}],"environmentVariables":[{"name":"VAR1","value":"VARIABLE1"},{"name":"VAR2","value":"VARIABLE2"}],"inheritAppSettingsAndConnectionStrings":null}}'
    headers:
      cache-control:
      - no-cache
      content-length:
      - '872'
      content-type:
      - application/json
      date:
      - Thu, 30 Oct 2025 22:18:04 GMT
      etag:
      - '"1DC49EB0F8733D5"'
      expires:
      - '-1'
      pragma:
      - no-cache
      strict-transport-security:
      - max-age=31536000; includeSubDomains
      x-aspnet-version:
      - 4.0.30319
      x-cache:
      - CONFIG_NOCACHE
      x-content-type-options:
      - nosniff
      x-ms-operation-identifier:
      - tenantId=72f988bf-86f1-41af-91ab-2d7cd011db47,objectId=d1dbc388-1013-482b-b171-79f4269ea689/southcentralus/793059f7-95fe-4093-9630-ffc831915dd7
      x-ms-ratelimit-remaining-subscription-global-writes:
      - '11999'
      x-ms-ratelimit-remaining-subscription-writes:
      - '799'
      x-msedge-ref:
      - 'Ref A: 646412B8FEBA49C69961D6FBF13AD256 Ref B: SN4AA2022301035 Ref C: 2025-10-30T22:18:03Z'
      x-powered-by:
      - ASP.NET
    status:
      code: 200
      message: OK
- request:
    body: null
    headers:
      Accept:
      - application/json
      Accept-Encoding:
      - gzip, deflate
      CommandName:
      - webapp sitecontainers create
      Connection:
      - keep-alive
      ParameterSetName:
      - --name --resource-group --sitecontainers-spec-file
      User-Agent:
      - AZURECLI/2.79.0 azsdk-python-core/1.35.0 Python/3.13.9 (Windows-11-10.0.26200-SP0)
    method: GET
    uri: https://management.azure.com/subscriptions/00000000-0000-0000-0000-000000000000/resourceGroups/cli_test_webapp_sitecontainers000001/providers/Microsoft.Web/sites/webapp-sitecontainers-test000002/sitecontainers?api-version=2024-11-01
  response:
    body:
      string: '{"value":[{"id":"/subscriptions/00000000-0000-0000-0000-000000000000/resourceGroups/cli_test_webapp_sitecontainers000001/providers/Microsoft.Web/sites/webapp-sitecontainers-test000002/sitecontainers/main","name":"main","type":"Microsoft.Web/sites/sitecontainer","location":"East
        US","properties":{"image":"mcr.microsoft.com/appsvc/docs/sidecars/sample-nginx:latest","targetPort":"80","isMain":true,"startUpCommand":null,"authType":"SystemIdentity","userName":null,"passwordSecret":null,"userManagedIdentityClientId":null,"type":null,"metadata":null,"createdTime":"2025-10-30T22:18:04.09","lastModifiedTime":"2025-10-30T22:18:04.09","volumeMounts":[{"volumeSubPath":"subPath","containerMountPath":"mountPath","data":null,"readOnly":true}],"environmentVariables":[{"name":"VAR1","value":"VARIABLE1"},{"name":"VAR2","value":"VARIABLE2"}],"inheritAppSettingsAndConnectionStrings":null}}],"nextLink":null,"id":null}'
    headers:
      cache-control:
      - no-cache
      content-length:
      - '910'
      content-type:
      - application/json
      date:
      - Thu, 30 Oct 2025 22:18:03 GMT
      expires:
      - '-1'
      pragma:
      - no-cache
      strict-transport-security:
      - max-age=31536000; includeSubDomains
      x-aspnet-version:
      - 4.0.30319
      x-cache:
      - CONFIG_NOCACHE
      x-content-type-options:
      - nosniff
      x-ms-operation-identifier:
      - tenantId=72f988bf-86f1-41af-91ab-2d7cd011db47,objectId=d1dbc388-1013-482b-b171-79f4269ea689/southcentralus/af5b7c19-e055-47b9-b96b-c6dece7fc660
      x-ms-ratelimit-remaining-subscription-global-reads:
      - '16499'
      x-msedge-ref:
      - 'Ref A: 90F85BDCFF7243718F434BF390DF7F33 Ref B: SN4AA2022305045 Ref C: 2025-10-30T22:18:04Z'
      x-powered-by:
      - ASP.NET
    status:
      code: 200
      message: OK
- request:
    body: '{"properties": {"image": "mcr.microsoft.com/appsvc/docs/sidecars/sample-dotnetcore:latest",
      "targetPort": "2000", "isMain": false, "authType": "SystemIdentity"}}'
    headers:
      Accept:
      - application/json
      Accept-Encoding:
      - gzip, deflate
      CommandName:
      - webapp sitecontainers create
      Connection:
      - keep-alive
      Content-Length:
      - '161'
      Content-Type:
      - application/json
      ParameterSetName:
      - --name --resource-group --sitecontainers-spec-file
      User-Agent:
      - AZURECLI/2.79.0 azsdk-python-core/1.35.0 Python/3.13.9 (Windows-11-10.0.26200-SP0)
    method: PUT
    uri: https://management.azure.com/subscriptions/00000000-0000-0000-0000-000000000000/resourceGroups/cli_test_webapp_sitecontainers000001/providers/Microsoft.Web/sites/webapp-sitecontainers-test000002/sitecontainers/sidecardotnet?api-version=2024-11-01
  response:
    body:
      string: '{"id":"/subscriptions/00000000-0000-0000-0000-000000000000/resourceGroups/cli_test_webapp_sitecontainers000001/providers/Microsoft.Web/sites/webapp-sitecontainers-test000002/sitecontainers/sidecardotnet","name":"sidecardotnet","type":"Microsoft.Web/sites/sitecontainer","location":"East
        US","properties":{"image":"mcr.microsoft.com/appsvc/docs/sidecars/sample-dotnetcore:latest","targetPort":"2000","isMain":false,"startUpCommand":null,"authType":"SystemIdentity","userName":null,"passwordSecret":null,"userManagedIdentityClientId":null,"type":null,"metadata":null,"createdTime":"2025-10-30T22:18:05.1","lastModifiedTime":"2025-10-30T22:18:05.1","volumeMounts":[],"environmentVariables":[],"inheritAppSettingsAndConnectionStrings":null}}'
    headers:
      cache-control:
      - no-cache
      content-length:
      - '737'
      content-type:
      - application/json
      date:
      - Thu, 30 Oct 2025 22:18:05 GMT
      etag:
      - '"1DC49EB102150F5"'
      expires:
      - '-1'
      pragma:
      - no-cache
      strict-transport-security:
      - max-age=31536000; includeSubDomains
      x-aspnet-version:
      - 4.0.30319
      x-cache:
      - CONFIG_NOCACHE
      x-content-type-options:
      - nosniff
      x-ms-operation-identifier:
      - tenantId=72f988bf-86f1-41af-91ab-2d7cd011db47,objectId=d1dbc388-1013-482b-b171-79f4269ea689/southcentralus/225c2b71-554a-4eb8-8b55-b4c0adb343c7
      x-ms-ratelimit-remaining-subscription-global-writes:
      - '11999'
      x-ms-ratelimit-remaining-subscription-writes:
      - '799'
      x-msedge-ref:
      - 'Ref A: 2E5F3A090D534E1E8672623719092B3C Ref B: SN4AA2022301019 Ref C: 2025-10-30T22:18:04Z'
      x-powered-by:
      - ASP.NET
    status:
      code: 200
      message: OK
- request:
    body: null
    headers:
      Accept:
      - application/json
      Accept-Encoding:
      - gzip, deflate
      CommandName:
      - webapp sitecontainers create
      Connection:
      - keep-alive
      ParameterSetName:
      - --name --resource-group --sitecontainers-spec-file
      User-Agent:
      - AZURECLI/2.79.0 azsdk-python-core/1.35.0 Python/3.13.9 (Windows-11-10.0.26200-SP0)
    method: GET
    uri: https://management.azure.com/subscriptions/00000000-0000-0000-0000-000000000000/resourceGroups/cli_test_webapp_sitecontainers000001/providers/Microsoft.Web/sites/webapp-sitecontainers-test000002/sitecontainers?api-version=2024-11-01
  response:
    body:
      string: '{"value":[{"id":"/subscriptions/00000000-0000-0000-0000-000000000000/resourceGroups/cli_test_webapp_sitecontainers000001/providers/Microsoft.Web/sites/webapp-sitecontainers-test000002/sitecontainers/main","name":"main","type":"Microsoft.Web/sites/sitecontainer","location":"East
        US","properties":{"image":"mcr.microsoft.com/appsvc/docs/sidecars/sample-nginx:latest","targetPort":"80","isMain":true,"startUpCommand":null,"authType":"SystemIdentity","userName":null,"passwordSecret":null,"userManagedIdentityClientId":null,"type":null,"metadata":null,"createdTime":"2025-10-30T22:18:04.09","lastModifiedTime":"2025-10-30T22:18:04.09","volumeMounts":[{"volumeSubPath":"subPath","containerMountPath":"mountPath","data":null,"readOnly":true}],"environmentVariables":[{"name":"VAR1","value":"VARIABLE1"},{"name":"VAR2","value":"VARIABLE2"}],"inheritAppSettingsAndConnectionStrings":null}},{"id":"/subscriptions/00000000-0000-0000-0000-000000000000/resourceGroups/cli_test_webapp_sitecontainers000001/providers/Microsoft.Web/sites/webapp-sitecontainers-test000002/sitecontainers/sidecardotnet","name":"sidecardotnet","type":"Microsoft.Web/sites/sitecontainer","location":"East
        US","properties":{"image":"mcr.microsoft.com/appsvc/docs/sidecars/sample-dotnetcore:latest","targetPort":"2000","isMain":false,"startUpCommand":null,"authType":"SystemIdentity","userName":null,"passwordSecret":null,"userManagedIdentityClientId":null,"type":null,"metadata":null,"createdTime":"2025-10-30T22:18:05.1","lastModifiedTime":"2025-10-30T22:18:05.1","volumeMounts":[],"environmentVariables":[],"inheritAppSettingsAndConnectionStrings":null}}],"nextLink":null,"id":null}'
    headers:
      cache-control:
      - no-cache
      content-length:
      - '1648'
      content-type:
      - application/json
      date:
      - Thu, 30 Oct 2025 22:18:05 GMT
      expires:
      - '-1'
      pragma:
      - no-cache
      strict-transport-security:
      - max-age=31536000; includeSubDomains
      x-aspnet-version:
      - 4.0.30319
      x-cache:
      - CONFIG_NOCACHE
      x-content-type-options:
      - nosniff
      x-ms-operation-identifier:
      - tenantId=72f988bf-86f1-41af-91ab-2d7cd011db47,objectId=d1dbc388-1013-482b-b171-79f4269ea689/southcentralus/8ecba16e-5510-4a47-939c-bb652aabffe8
      x-ms-ratelimit-remaining-subscription-global-reads:
      - '16499'
      x-msedge-ref:
      - 'Ref A: 43DDE7E47AAB41CD99D69EA6C8E93C91 Ref B: SN4AA2022304025 Ref C: 2025-10-30T22:18:05Z'
      x-powered-by:
      - ASP.NET
    status:
      code: 200
      message: OK
- request:
    body: '{"properties": {"image": "mcr.microsoft.com/appsvc/docs/sidecars/sample-nodejs:latest",
      "targetPort": "4000", "isMain": false, "authType": "UserCredentials", "userName":
      "Username", "passwordSecret": "Password"}}'
    headers:
      Accept:
      - application/json
      Accept-Encoding:
      - gzip, deflate
      CommandName:
      - webapp sitecontainers create
      Connection:
      - keep-alive
      Content-Length:
      - '212'
      Content-Type:
      - application/json
      ParameterSetName:
      - --name --resource-group --sitecontainers-spec-file
      User-Agent:
      - AZURECLI/2.79.0 azsdk-python-core/1.35.0 Python/3.13.9 (Windows-11-10.0.26200-SP0)
    method: PUT
    uri: https://management.azure.com/subscriptions/00000000-0000-0000-0000-000000000000/resourceGroups/cli_test_webapp_sitecontainers000001/providers/Microsoft.Web/sites/webapp-sitecontainers-test000002/sitecontainers/sidecarnodejs?api-version=2024-11-01
  response:
    body:
      string: '{"id":"/subscriptions/00000000-0000-0000-0000-000000000000/resourceGroups/cli_test_webapp_sitecontainers000001/providers/Microsoft.Web/sites/webapp-sitecontainers-test000002/sitecontainers/sidecarnodejs","name":"sidecarnodejs","type":"Microsoft.Web/sites/sitecontainer","location":"East
        US","properties":{"image":"mcr.microsoft.com/appsvc/docs/sidecars/sample-nodejs:latest","targetPort":"4000","isMain":false,"startUpCommand":null,"authType":"UserCredentials","userName":"Username","passwordSecret":"Password","userManagedIdentityClientId":null,"type":null,"metadata":null,"createdTime":"2025-10-30T22:18:06.2233333","lastModifiedTime":"2025-10-30T22:18:06.2233333","volumeMounts":[],"environmentVariables":[],"inheritAppSettingsAndConnectionStrings":null}}'
    headers:
      cache-control:
      - no-cache
      content-length:
      - '758'
      content-type:
      - application/json
      date:
      - Thu, 30 Oct 2025 22:18:05 GMT
      etag:
      - '"1DC49EB10CC36F5"'
      expires:
      - '-1'
      pragma:
      - no-cache
      strict-transport-security:
      - max-age=31536000; includeSubDomains
      x-aspnet-version:
      - 4.0.30319
      x-cache:
      - CONFIG_NOCACHE
      x-content-type-options:
      - nosniff
      x-ms-operation-identifier:
      - tenantId=72f988bf-86f1-41af-91ab-2d7cd011db47,objectId=d1dbc388-1013-482b-b171-79f4269ea689/southcentralus/5624e529-0ebe-4dca-a45d-10e723b918a0
      x-ms-ratelimit-remaining-subscription-global-writes:
      - '11999'
      x-ms-ratelimit-remaining-subscription-writes:
      - '799'
      x-msedge-ref:
      - 'Ref A: 18F94E8E4D794A40A383ED5DB29757E0 Ref B: SN4AA2022305047 Ref C: 2025-10-30T22:18:05Z'
      x-powered-by:
      - ASP.NET
    status:
      code: 200
      message: OK
- request:
    body: null
    headers:
      Accept:
      - application/json
      Accept-Encoding:
      - gzip, deflate
      CommandName:
      - webapp sitecontainers list
      Connection:
      - keep-alive
      ParameterSetName:
      - --name --resource-group
      User-Agent:
      - AZURECLI/2.79.0 azsdk-python-core/1.35.0 Python/3.13.9 (Windows-11-10.0.26200-SP0)
    method: GET
    uri: https://management.azure.com/subscriptions/00000000-0000-0000-0000-000000000000/resourceGroups/cli_test_webapp_sitecontainers000001/providers/Microsoft.Web/sites/webapp-sitecontainers-test000002/sitecontainers?api-version=2024-11-01
  response:
    body:
      string: '{"value":[{"id":"/subscriptions/00000000-0000-0000-0000-000000000000/resourceGroups/cli_test_webapp_sitecontainers000001/providers/Microsoft.Web/sites/webapp-sitecontainers-test000002/sitecontainers/main","name":"main","type":"Microsoft.Web/sites/sitecontainer","location":"East
        US","properties":{"image":"mcr.microsoft.com/appsvc/docs/sidecars/sample-nginx:latest","targetPort":"80","isMain":true,"startUpCommand":null,"authType":"SystemIdentity","userName":null,"passwordSecret":null,"userManagedIdentityClientId":null,"type":null,"metadata":null,"createdTime":"2025-10-30T22:18:04.09","lastModifiedTime":"2025-10-30T22:18:04.09","volumeMounts":[{"volumeSubPath":"subPath","containerMountPath":"mountPath","data":null,"readOnly":true}],"environmentVariables":[{"name":"VAR1","value":"VARIABLE1"},{"name":"VAR2","value":"VARIABLE2"}],"inheritAppSettingsAndConnectionStrings":null}},{"id":"/subscriptions/00000000-0000-0000-0000-000000000000/resourceGroups/cli_test_webapp_sitecontainers000001/providers/Microsoft.Web/sites/webapp-sitecontainers-test000002/sitecontainers/sidecardotnet","name":"sidecardotnet","type":"Microsoft.Web/sites/sitecontainer","location":"East
        US","properties":{"image":"mcr.microsoft.com/appsvc/docs/sidecars/sample-dotnetcore:latest","targetPort":"2000","isMain":false,"startUpCommand":null,"authType":"SystemIdentity","userName":null,"passwordSecret":null,"userManagedIdentityClientId":null,"type":null,"metadata":null,"createdTime":"2025-10-30T22:18:05.1","lastModifiedTime":"2025-10-30T22:18:05.1","volumeMounts":[],"environmentVariables":[],"inheritAppSettingsAndConnectionStrings":null}},{"id":"/subscriptions/00000000-0000-0000-0000-000000000000/resourceGroups/cli_test_webapp_sitecontainers000001/providers/Microsoft.Web/sites/webapp-sitecontainers-test000002/sitecontainers/sidecarnodejs","name":"sidecarnodejs","type":"Microsoft.Web/sites/sitecontainer","location":"East
        US","properties":{"image":"mcr.microsoft.com/appsvc/docs/sidecars/sample-nodejs:latest","targetPort":"4000","isMain":false,"startUpCommand":null,"authType":"UserCredentials","userName":"Username","passwordSecret":null,"userManagedIdentityClientId":null,"type":null,"metadata":null,"createdTime":"2025-10-30T22:18:06.2233333","lastModifiedTime":"2025-10-30T22:18:06.2233333","volumeMounts":[],"environmentVariables":[],"inheritAppSettingsAndConnectionStrings":null}}],"nextLink":null,"id":null}'
    headers:
      cache-control:
      - no-cache
      content-length:
      - '2401'
      content-type:
      - application/json
      date:
      - Thu, 30 Oct 2025 22:18:06 GMT
      expires:
      - '-1'
      pragma:
      - no-cache
      strict-transport-security:
      - max-age=31536000; includeSubDomains
      x-aspnet-version:
      - 4.0.30319
      x-cache:
      - CONFIG_NOCACHE
      x-content-type-options:
      - nosniff
      x-ms-operation-identifier:
      - tenantId=72f988bf-86f1-41af-91ab-2d7cd011db47,objectId=d1dbc388-1013-482b-b171-79f4269ea689/southcentralus/046aa7b8-517c-4afa-973f-443f6b2e4158
      x-ms-ratelimit-remaining-subscription-global-reads:
      - '16499'
      x-msedge-ref:
      - 'Ref A: 18795CF85E314E449DA55E9EE6C02310 Ref B: SN4AA2022305045 Ref C: 2025-10-30T22:18:06Z'
      x-powered-by:
      - ASP.NET
    status:
      code: 200
      message: OK
version: 1
