interactions:
- request:
    body: '{"properties": {"defaultEncryptionScope": "encryption000004", "denyEncryptionScopeOverride":
      false, "publicAccess": "blob", "metadata": {"key1": "value1"}}}'
    headers:
      Accept:
      - application/json
      Accept-Encoding:
      - gzip, deflate
      CommandName:
      - storage container-rm create
      Connection:
      - keep-alive
      Content-Length:
      - '156'
      Content-Type:
      - application/json
      ParameterSetName:
      - --storage-account -g -n --public-access --metadata -d --deny-override
      User-Agent:
      - AZURECLI/2.77.0 azsdk-python-core/1.35.0 Python/3.12.10 (Windows-10-10.0.19045-SP0)
    method: PUT
    uri: https://management.azure.com/subscriptions/00000000-0000-0000-0000-000000000000/resourceGroups/cli000001/providers/Microsoft.Storage/storageAccounts/containerrm000002/blobServices/default/containers/container000003?api-version=2025-01-01
  response:
    body:
      string: '{"id":"/subscriptions/00000000-0000-0000-0000-000000000000/resourceGroups/cli000001/providers/Microsoft.Storage/storageAccounts/containerrm000002/blobServices/default/containers/container000003","name":"container000003","type":"Microsoft.Storage/storageAccounts/blobServices/containers","properties":{"deleted":false,"remainingRetentionDays":0,"defaultEncryptionScope":"encryption000004","denyEncryptionScopeOverride":false,"metadata":{"key1":"value1"},"publicAccess":"Blob","hasImmutabilityPolicy":false,"hasLegalHold":false}}'
    headers:
      cache-control:
      - no-cache
      content-length:
      - '527'
      content-type:
      - application/json
      date:
      - Tue, 23 Sep 2025 09:10:14 GMT
      etag:
      - '"0x8DDFA8102368EE0"'
      expires:
      - '-1'
      pragma:
      - no-cache
      server:
      - Microsoft-Azure-Storage-Resource-Provider/1.0,Microsoft-HTTPAPI/2.0 Microsoft-HTTPAPI/2.0
      strict-transport-security:
      - max-age=31536000; includeSubDomains
      x-content-type-options:
      - nosniff
      x-ms-operation-identifier:
      - tenantId=7b31ddc4-9101-4ef0-a387-79ce181cacdb,objectId=7b1bdbe4-80ac-47f9-882b-33d6e62950ab/eastus2euap/eadf09ac-67af-4f1e-bf23-d5d541d3bd01
      x-ms-ratelimit-remaining-subscription-writes:
      - '199'
      x-ms-throttling-version:
      - v2
    status:
      code: 201
      message: Created
- request:
    body: null
    headers:
      Accept:
      - application/json
      Accept-Encoding:
      - gzip, deflate
      CommandName:
      - storage container-rm create
      Connection:
      - keep-alive
      ParameterSetName:
      - --storage-account -g -n --fail-on-exist
      User-Agent:
      - AZURECLI/2.77.0 azsdk-python-core/1.35.0 Python/3.12.10 (Windows-10-10.0.19045-SP0)
    method: GET
    uri: https://management.azure.com/subscriptions/00000000-0000-0000-0000-000000000000/resourceGroups/cli000001/providers/Microsoft.Storage/storageAccounts/containerrm000002/blobServices/default/containers/container000003?api-version=2025-01-01
  response:
    body:
      string: '{"id":"/subscriptions/00000000-0000-0000-0000-000000000000/resourceGroups/cli000001/providers/Microsoft.Storage/storageAccounts/containerrm000002/blobServices/default/containers/container000003","name":"container000003","type":"Microsoft.Storage/storageAccounts/blobServices/containers","etag":"\"0x8DDFA8102368EE0\"","properties":{"deleted":false,"remainingRetentionDays":0,"defaultEncryptionScope":"encryption000004","denyEncryptionScopeOverride":false,"metadata":{"key1":"value1"},"publicAccess":"Blob","leaseStatus":"Unlocked","leaseState":"Available","lastModifiedTime":"2025-09-23T09:10:15.0000000Z","legalHold":{"hasLegalHold":false,"tags":[]},"hasImmutabilityPolicy":false,"hasLegalHold":false}}'
    headers:
      cache-control:
      - no-cache
      content-length:
      - '703'
      content-type:
      - application/json
      date:
      - Tue, 23 Sep 2025 09:10:15 GMT
      etag:
      - '"0x8DDFA8102368EE0"'
      expires:
      - '-1'
      pragma:
      - no-cache
      server:
      - Microsoft-Azure-Storage-Resource-Provider/1.0,Microsoft-HTTPAPI/2.0 Microsoft-HTTPAPI/2.0
      strict-transport-security:
      - max-age=31536000; includeSubDomains
      x-content-type-options:
      - nosniff
      x-ms-operation-identifier:
      - tenantId=7b31ddc4-9101-4ef0-a387-79ce181cacdb,objectId=7b1bdbe4-80ac-47f9-882b-33d6e62950ab/eastus2euap/575a9c42-0bba-44da-8fff-7dfaf5566fdb
      x-ms-throttling-version:
      - v2
    status:
      code: 200
      message: OK
- request:
    body: null
    headers:
      Accept:
      - application/json
      Accept-Encoding:
      - gzip, deflate
      CommandName:
      - storage account show
      Connection:
      - keep-alive
      ParameterSetName:
      - -n
      User-Agent:
      - AZURECLI/2.77.0 azsdk-python-core/1.35.0 Python/3.12.10 (Windows-10-10.0.19045-SP0)
    method: GET
    uri: https://management.azure.com/subscriptions/00000000-0000-0000-0000-000000000000/providers/Microsoft.Storage/storageAccounts?api-version=2025-01-01
  response:
    body:
      string: '{"value":[{"sku":{"name":"Standard_LRS","tier":"Standard"},"kind":"Storage","id":"/subscriptions/00000000-0000-0000-0000-000000000000/resourceGroups/cli000001/providers/Microsoft.Storage/storageAccounts/containerrm000002","name":"containerrm000002","type":"Microsoft.Storage/storageAccounts","location":"eastus","tags":{},"properties":{"keyCreationTime":{"key1":"2025-09-23T09:09:49.1500952Z","key2":"2025-09-23T09:09:49.1500952Z"},"allowCrossTenantReplication":false,"privateEndpointConnections":[],"minimumTlsVersion":"TLS1_0","allowBlobPublicAccess":true,"networkAcls":{"ipv6Rules":[],"bypass":"AzureServices","virtualNetworkRules":[],"ipRules":[],"defaultAction":"Allow"},"supportsHttpsTrafficOnly":true,"encryption":{"services":{"file":{"keyType":"Account","enabled":true,"lastEnabledTime":"2025-09-23T09:09:49.1657203Z"},"blob":{"keyType":"Account","enabled":true,"lastEnabledTime":"2025-09-23T09:09:49.1657203Z"}},"keySource":"Microsoft.Storage"},"provisioningState":"Succeeded","creationTime":"2025-09-23T09:09:48.9469714Z","primaryEndpoints":{"blob":"https://containerrm000002.blob.core.windows.net/","queue":"https://containerrm000002.queue.core.windows.net/","table":"https://containerrm000002.table.core.windows.net/","file":"https://containerrm000002.file.core.windows.net/"},"primaryLocation":"eastus","statusOfPrimary":"available"}},{"sku":{"name":"Standard_LRS","tier":"Standard"},"kind":"Storage","id":"/subscriptions/00000000-0000-0000-0000-000000000000/resourceGroups/clioxshtf5lsms6qtwp7hbwugphb3ngjlzymjf7ybhc2brse7zjgvy43qvg27shjwil7eq4aels/providers/Microsoft.Storage/storageAccounts/sharermsmswxul7xluyx7vu5","name":"sharermsmswxul7xluyx7vu5","type":"Microsoft.Storage/storageAccounts","location":"eastus","tags":{},"properties":{"keyCreationTime":{"key1":"2025-09-23T09:09:26.3219434Z","key2":"2025-09-23T09:09:26.3219434Z"},"allowCrossTenantReplication":false,"privateEndpointConnections":[],"minimumTlsVersion":"TLS1_0","allowBlobPublicAccess":false,"networkAcls":{"ipv6Rules":[],"bypass":"AzureServices","virtualNetworkRules":[],"ipRules":[],"defaultAction":"Allow"},"supportsHttpsTrafficOnly":true,"encryption":{"services":{"file":{"keyType":"Account","enabled":true,"lastEnabledTime":"2025-09-23T09:09:26.3375711Z"},"blob":{"keyType":"Account","enabled":true,"lastEnabledTime":"2025-09-23T09:09:26.3375711Z"}},"keySource":"Microsoft.Storage"},"provisioningState":"Succeeded","creationTime":"2025-09-23T09:09:26.0875711Z","primaryEndpoints":{"blob":"https://sharermsmswxul7xluyx7vu5.blob.core.windows.net/","queue":"https://sharermsmswxul7xluyx7vu5.queue.core.windows.net/","table":"https://sharermsmswxul7xluyx7vu5.table.core.windows.net/","file":"https://sharermsmswxul7xluyx7vu5.file.core.windows.net/"},"primaryLocation":"eastus","statusOfPrimary":"available"}},{"sku":{"name":"Standard_LRS","tier":"Standard"},"kind":"Storage","id":"/subscriptions/00000000-0000-0000-0000-000000000000/resourceGroups/clitest.rgkrsbaydbb5auli5pqpsqzzzwb2ow4og446bm77xeh4qzib4usgndkgjtawvdqd5dc/providers/Microsoft.Storage/storageAccounts/clitest7dwzhymhxab6rq53t","name":"clitest7dwzhymhxab6rq53t","type":"Microsoft.Storage/storageAccounts","location":"westus","tags":{},"properties":{"keyCreationTime":{"key1":"2025-09-22T02:33:33.0760855Z","key2":"2025-09-22T02:33:33.0760855Z"},"allowCrossTenantReplication":false,"privateEndpointConnections":[],"minimumTlsVersion":"TLS1_0","allowBlobPublicAccess":false,"networkAcls":{"ipv6Rules":[],"bypass":"AzureServices","virtualNetworkRules":[],"ipRules":[],"defaultAction":"Allow"},"supportsHttpsTrafficOnly":true,"encryption":{"services":{"file":{"keyType":"Account","enabled":true,"lastEnabledTime":"2025-09-22T02:33:33.0917161Z"},"blob":{"keyType":"Account","enabled":true,"lastEnabledTime":"2025-09-22T02:33:33.0917161Z"}},"keySource":"Microsoft.Storage"},"provisioningState":"Succeeded","creationTime":"2025-09-22T02:33:32.9354566Z","primaryEndpoints":{"blob":"https://clitest7dwzhymhxab6rq53t.blob.core.windows.net/","queue":"https://clitest7dwzhymhxab6rq53t.queue.core.windows.net/","table":"https://clitest7dwzhymhxab6rq53t.table.core.windows.net/","file":"https://clitest7dwzhymhxab6rq53t.file.core.windows.net/"},"primaryLocation":"westus","statusOfPrimary":"available"}},{"sku":{"name":"Standard_LRS","tier":"Standard"},"kind":"Storage","id":"/subscriptions/00000000-0000-0000-0000-000000000000/resourceGroups/clitest.rgvldvzl5tg4jatlufixdmsiugjysocphcpkb7ru4hwaga65o2ydqxd6crd5pr2chk3/providers/Microsoft.Storage/storageAccounts/clitest7jlfiyvmk5zb6tiug","name":"clitest7jlfiyvmk5zb6tiug","type":"Microsoft.Storage/storageAccounts","location":"westus","tags":{},"properties":{"keyCreationTime":{"key1":"2025-09-23T09:05:42.9183928Z","key2":"2025-09-23T09:05:42.9183928Z"},"allowCrossTenantReplication":false,"privateEndpointConnections":[],"minimumTlsVersion":"TLS1_0","allowBlobPublicAccess":false,"networkAcls":{"ipv6Rules":[],"bypass":"AzureServices","virtualNetworkRules":[],"ipRules":[],"defaultAction":"Allow"},"supportsHttpsTrafficOnly":true,"encryption":{"services":{"file":{"keyType":"Account","enabled":true,"lastEnabledTime":"2025-09-23T09:05:42.9183928Z"},"blob":{"keyType":"Account","enabled":true,"lastEnabledTime":"2025-09-23T09:05:42.9183928Z"}},"keySource":"Microsoft.Storage"},"provisioningState":"Succeeded","creationTime":"2025-09-23T09:05:42.8090158Z","primaryEndpoints":{"blob":"https://clitest7jlfiyvmk5zb6tiug.blob.core.windows.net/","queue":"https://clitest7jlfiyvmk5zb6tiug.queue.core.windows.net/","table":"https://clitest7jlfiyvmk5zb6tiug.table.core.windows.net/","file":"https://clitest7jlfiyvmk5zb6tiug.file.core.windows.net/"},"primaryLocation":"westus","statusOfPrimary":"available"}},{"sku":{"name":"Standard_LRS","tier":"Standard"},"kind":"Storage","id":"/subscriptions/00000000-0000-0000-0000-000000000000/resourceGroups/clitest.rgqevkzlvjads7zyirjywrswqshimke2aw54ze6jcreyjh3fxneaxbap42sviya75ay/providers/Microsoft.Storage/storageAccounts/clitesthupd2jmgvyp7efjjy","name":"clitesthupd2jmgvyp7efjjy","type":"Microsoft.Storage/storageAccounts","location":"westus","tags":{},"properties":{"keyCreationTime":{"key1":"2025-09-22T02:39:16.2382371Z","key2":"2025-09-22T02:39:16.2382371Z"},"allowCrossTenantReplication":false,"privateEndpointConnections":[],"minimumTlsVersion":"TLS1_0","allowBlobPublicAccess":false,"networkAcls":{"ipv6Rules":[],"bypass":"AzureServices","virtualNetworkRules":[],"ipRules":[],"defaultAction":"Allow"},"supportsHttpsTrafficOnly":true,"encryption":{"services":{"file":{"keyType":"Account","enabled":true,"lastEnabledTime":"2025-09-22T02:39:16.2538575Z"},"blob":{"keyType":"Account","enabled":true,"lastEnabledTime":"2025-09-22T02:39:16.2538575Z"}},"keySource":"Microsoft.Storage"},"provisioningState":"Succeeded","creationTime":"2025-09-22T02:39:16.1133112Z","primaryEndpoints":{"blob":"https://clitesthupd2jmgvyp7efjjy.blob.core.windows.net/","queue":"https://clitesthupd2jmgvyp7efjjy.queue.core.windows.net/","table":"https://clitesthupd2jmgvyp7efjjy.table.core.windows.net/","file":"https://clitesthupd2jmgvyp7efjjy.file.core.windows.net/"},"primaryLocation":"westus","statusOfPrimary":"available"}},{"sku":{"name":"Standard_LRS","tier":"Standard"},"kind":"Storage","id":"/subscriptions/00000000-0000-0000-0000-000000000000/resourceGroups/clitest.rgvaw52ob4e6t4knglvcfkwkt5pvplcqjcxzfbftqllxpacy5vv2irf2gfuodtwvz5q/providers/Microsoft.Storage/storageAccounts/clitestpkcb3xfvzxeb2ogpk","name":"clitestpkcb3xfvzxeb2ogpk","type":"Microsoft.Storage/storageAccounts","location":"westus","tags":{},"properties":{"keyCreationTime":{"key1":"2025-09-22T02:48:28.0919867Z","key2":"2025-09-22T02:48:28.0919867Z"},"allowCrossTenantReplication":false,"privateEndpointConnections":[],"minimumTlsVersion":"TLS1_0","allowBlobPublicAccess":false,"networkAcls":{"ipv6Rules":[],"bypass":"AzureServices","virtualNetworkRules":[],"ipRules":[],"defaultAction":"Allow"},"supportsHttpsTrafficOnly":true,"encryption":{"services":{"file":{"keyType":"Account","enabled":true,"lastEnabledTime":"2025-09-22T02:48:28.0919867Z"},"blob":{"keyType":"Account","enabled":true,"lastEnabledTime":"2025-09-22T02:48:28.0919867Z"}},"keySource":"Microsoft.Storage"},"provisioningState":"Succeeded","creationTime":"2025-09-22T02:48:27.9826714Z","primaryEndpoints":{"blob":"https://clitestpkcb3xfvzxeb2ogpk.blob.core.windows.net/","queue":"https://clitestpkcb3xfvzxeb2ogpk.queue.core.windows.net/","table":"https://clitestpkcb3xfvzxeb2ogpk.table.core.windows.net/","file":"https://clitestpkcb3xfvzxeb2ogpk.file.core.windows.net/"},"primaryLocation":"westus","statusOfPrimary":"available"}},{"sku":{"name":"Standard_LRS","tier":"Standard"},"kind":"Storage","id":"/subscriptions/00000000-0000-0000-0000-000000000000/resourceGroups/clitest.rgcec4m3hx5gjieh47fbge6kjopissq2tkuuhecaswoxvxlx6pmld3wkkkqpbbt64fd/providers/Microsoft.Storage/storageAccounts/clitestr36nz43vogmwl7kfb","name":"clitestr36nz43vogmwl7kfb","type":"Microsoft.Storage/storageAccounts","location":"westus","tags":{},"properties":{"keyCreationTime":{"key1":"2025-09-22T06:54:12.2758834Z","key2":"2025-09-22T06:54:12.2758834Z"},"allowCrossTenantReplication":false,"privateEndpointConnections":[],"minimumTlsVersion":"TLS1_0","allowBlobPublicAccess":false,"networkAcls":{"ipv6Rules":[],"bypass":"AzureServices","virtualNetworkRules":[],"ipRules":[],"defaultAction":"Allow"},"supportsHttpsTrafficOnly":true,"encryption":{"services":{"file":{"keyType":"Account","enabled":true,"lastEnabledTime":"2025-09-22T06:54:12.2758834Z"},"blob":{"keyType":"Account","enabled":true,"lastEnabledTime":"2025-09-22T06:54:12.2758834Z"}},"keySource":"Microsoft.Storage"},"provisioningState":"Succeeded","creationTime":"2025-09-22T06:54:12.1820828Z","primaryEndpoints":{"blob":"https://clitestr36nz43vogmwl7kfb.blob.core.windows.net/","queue":"https://clitestr36nz43vogmwl7kfb.queue.core.windows.net/","table":"https://clitestr36nz43vogmwl7kfb.table.core.windows.net/","file":"https://clitestr36nz43vogmwl7kfb.file.core.windows.net/"},"primaryLocation":"westus","statusOfPrimary":"available"}},{"sku":{"name":"Standard_LRS","tier":"Standard"},"kind":"Storage","id":"/subscriptions/00000000-0000-0000-0000-000000000000/resourceGroups/cli_test_active_active_vnet_vnet_connection75ubnsc7vmq546wss3jjf4xh32hs3p3k/providers/Microsoft.Storage/storageAccounts/clitestvpncnnektlxs4oggu","name":"clitestvpncnnektlxs4oggu","type":"Microsoft.Storage/storageAccounts","location":"westus","tags":{},"properties":{"keyCreationTime":{"key1":"2025-09-23T05:37:40.8345780Z","key2":"2025-09-23T05:37:40.8345780Z"},"allowCrossTenantReplication":false,"privateEndpointConnections":[],"minimumTlsVersion":"TLS1_0","allowBlobPublicAccess":false,"networkAcls":{"ipv6Rules":[],"bypass":"AzureServices","virtualNetworkRules":[],"ipRules":[],"defaultAction":"Allow"},"supportsHttpsTrafficOnly":true,"encryption":{"services":{"file":{"keyType":"Account","enabled":true,"lastEnabledTime":"2025-09-23T05:37:40.8502037Z"},"blob":{"keyType":"Account","enabled":true,"lastEnabledTime":"2025-09-23T05:37:40.8502037Z"}},"keySource":"Microsoft.Storage"},"provisioningState":"Succeeded","creationTime":"2025-09-23T05:37:40.7252008Z","primaryEndpoints":{"blob":"https://clitestvpncnnektlxs4oggu.blob.core.windows.net/","queue":"https://clitestvpncnnektlxs4oggu.queue.core.windows.net/","table":"https://clitestvpncnnektlxs4oggu.table.core.windows.net/","file":"https://clitestvpncnnektlxs4oggu.file.core.windows.net/"},"primaryLocation":"westus","statusOfPrimary":"available"}},{"sku":{"name":"Standard_LRS","tier":"Standard"},"kind":"StorageV2","id":"/subscriptions/00000000-0000-0000-0000-000000000000/resourceGroups/cli_test_storage_encryption4fhl2ntkxwvw2yww5roq3lnxbk25cirp3477p42v2wrow7my/providers/Microsoft.Storage/storageAccounts/encryptioncv3hbq6l36bl3k","name":"encryptioncv3hbq6l36bl3k","type":"Microsoft.Storage/storageAccounts","location":"westus","tags":{},"properties":{"keyCreationTime":{"key1":"2025-09-23T09:09:13.0952125Z","key2":"2025-09-23T09:09:13.0952125Z"},"allowCrossTenantReplication":false,"privateEndpointConnections":[],"minimumTlsVersion":"TLS1_0","allowBlobPublicAccess":false,"networkAcls":{"ipv6Rules":[],"bypass":"AzureServices","virtualNetworkRules":[],"ipRules":[],"defaultAction":"Allow"},"supportsHttpsTrafficOnly":true,"encryption":{"services":{"file":{"keyType":"Account","enabled":true,"lastEnabledTime":"2025-09-23T09:09:13.1108988Z"},"blob":{"keyType":"Account","enabled":true,"lastEnabledTime":"2025-09-23T09:09:13.1108988Z"}},"keySource":"Microsoft.Storage"},"accessTier":"Hot","provisioningState":"Succeeded","creationTime":"2025-09-23T09:09:12.9858332Z","primaryEndpoints":{"dfs":"https://encryptioncv3hbq6l36bl3k.dfs.core.windows.net/","web":"https://encryptioncv3hbq6l36bl3k.z22.web.core.windows.net/","blob":"https://encryptioncv3hbq6l36bl3k.blob.core.windows.net/","queue":"https://encryptioncv3hbq6l36bl3k.queue.core.windows.net/","table":"https://encryptioncv3hbq6l36bl3k.table.core.windows.net/","file":"https://encryptioncv3hbq6l36bl3k.file.core.windows.net/"},"primaryLocation":"westus","statusOfPrimary":"available"}}]}'
    headers:
      cache-control:
      - no-cache
      content-length:
      - '13076'
      content-type:
      - application/json; charset=utf-8
      date:
      - Tue, 23 Sep 2025 09:10:17 GMT
      expires:
      - '-1'
      pragma:
      - no-cache
      strict-transport-security:
      - max-age=31536000; includeSubDomains
      x-content-type-options:
      - nosniff
      x-ms-original-request-ids:
      - f81d5264-701e-4bdb-a5fe-6ad91ff04afc
      - e2abcbe0-4a99-4073-94c6-64c5a6ee2fe6
      x-ms-throttling-version:
      - v2
    status:
      code: 200
      message: OK
- request:
    body: null
    headers:
      Accept:
      - application/json
      Accept-Encoding:
      - gzip, deflate
      CommandName:
      - storage account show
      Connection:
      - keep-alive
      ParameterSetName:
      - -n
      User-Agent:
      - AZURECLI/2.77.0 azsdk-python-core/1.35.0 Python/3.12.10 (Windows-10-10.0.19045-SP0)
    method: GET
    uri: https://management.azure.com/subscriptions/00000000-0000-0000-0000-000000000000/resourceGroups/cli000001/providers/Microsoft.Storage/storageAccounts/containerrm000002?api-version=2025-01-01
  response:
    body:
      string: '{"sku":{"name":"Standard_LRS","tier":"Standard"},"kind":"Storage","id":"/subscriptions/00000000-0000-0000-0000-000000000000/resourceGroups/cli000001/providers/Microsoft.Storage/storageAccounts/containerrm000002","name":"containerrm000002","type":"Microsoft.Storage/storageAccounts","location":"eastus","tags":{},"properties":{"keyCreationTime":{"key1":"2025-09-23T09:09:49.1500952Z","key2":"2025-09-23T09:09:49.1500952Z"},"allowCrossTenantReplication":false,"privateEndpointConnections":[],"minimumTlsVersion":"TLS1_0","allowBlobPublicAccess":true,"networkAcls":{"ipv6Rules":[],"bypass":"AzureServices","virtualNetworkRules":[],"ipRules":[],"defaultAction":"Allow"},"supportsHttpsTrafficOnly":true,"encryption":{"services":{"file":{"keyType":"Account","enabled":true,"lastEnabledTime":"2025-09-23T09:09:49.1657203Z"},"blob":{"keyType":"Account","enabled":true,"lastEnabledTime":"2025-09-23T09:09:49.1657203Z"}},"keySource":"Microsoft.Storage"},"provisioningState":"Succeeded","creationTime":"2025-09-23T09:09:48.9469714Z","primaryEndpoints":{"blob":"https://containerrm000002.blob.core.windows.net/","queue":"https://containerrm000002.queue.core.windows.net/","table":"https://containerrm000002.table.core.windows.net/","file":"https://containerrm000002.file.core.windows.net/"},"primaryLocation":"eastus","statusOfPrimary":"available"}}'
    headers:
      cache-control:
      - no-cache
      content-length:
      - '1337'
      content-type:
      - application/json
      date:
      - Tue, 23 Sep 2025 09:10:19 GMT
      expires:
      - '-1'
      pragma:
      - no-cache
      server:
      - Microsoft-Azure-Storage-Resource-Provider/1.0,Microsoft-HTTPAPI/2.0 Microsoft-HTTPAPI/2.0
      strict-transport-security:
      - max-age=31536000; includeSubDomains
      x-content-type-options:
      - nosniff
      x-ms-throttling-version:
      - v2
    status:
      code: 200
      message: OK
- request:
    body: '{}'
    headers:
      Accept:
      - application/json
      Accept-Encoding:
      - gzip, deflate
      CommandName:
      - storage container-rm create
      Connection:
      - keep-alive
      Content-Length:
      - '2'
      Content-Type:
      - application/json
      ParameterSetName:
      - --storage-account -n --public-access
      User-Agent:
      - AZURECLI/2.77.0 azsdk-python-core/1.35.0 Python/3.12.10 (Windows-10-10.0.19045-SP0)
    method: PUT
    uri: https://management.azure.com/subscriptions/00000000-0000-0000-0000-000000000000/resourceGroups/cli000001/providers/Microsoft.Storage/storageAccounts/containerrm000002/blobServices/default/containers/container000005?api-version=2025-01-01
  response:
    body:
      string: '{"id":"/subscriptions/00000000-0000-0000-0000-000000000000/resourceGroups/cli000001/providers/Microsoft.Storage/storageAccounts/containerrm000002/blobServices/default/containers/container000005","name":"container000005","type":"Microsoft.Storage/storageAccounts/blobServices/containers"}'
    headers:
      cache-control:
      - no-cache
      content-length:
      - '287'
      content-type:
      - application/json
      date:
      - Tue, 23 Sep 2025 09:10:22 GMT
      etag:
      - '"0x8DDFA81065691B8"'
      expires:
      - '-1'
      pragma:
      - no-cache
      server:
      - Microsoft-Azure-Storage-Resource-Provider/1.0,Microsoft-HTTPAPI/2.0 Microsoft-HTTPAPI/2.0
      strict-transport-security:
      - max-age=31536000; includeSubDomains
      x-content-type-options:
      - nosniff
      x-ms-operation-identifier:
      - tenantId=7b31ddc4-9101-4ef0-a387-79ce181cacdb,objectId=7b1bdbe4-80ac-47f9-882b-33d6e62950ab/eastus2euap/c3fa57c4-3b6c-4e41-9f6e-62b93ddf91a0
      x-ms-ratelimit-remaining-subscription-writes:
      - '199'
      x-ms-throttling-version:
      - v2
    status:
      code: 201
      message: Created
- request:
    body: null
    headers:
      Accept:
      - application/json
      Accept-Encoding:
      - gzip, deflate
      CommandName:
      - storage container-rm exists
      Connection:
      - keep-alive
      ParameterSetName:
      - --storage-account -g -n
      User-Agent:
      - AZURECLI/2.77.0 azsdk-python-core/1.35.0 Python/3.12.10 (Windows-10-10.0.19045-SP0)
    method: GET
    uri: https://management.azure.com/subscriptions/00000000-0000-0000-0000-000000000000/resourceGroups/cli000001/providers/Microsoft.Storage/storageAccounts/containerrm000002/blobServices/default/containers/container000003?api-version=2025-01-01
  response:
    body:
      string: '{"id":"/subscriptions/00000000-0000-0000-0000-000000000000/resourceGroups/cli000001/providers/Microsoft.Storage/storageAccounts/containerrm000002/blobServices/default/containers/container000003","name":"container000003","type":"Microsoft.Storage/storageAccounts/blobServices/containers","etag":"\"0x8DDFA8102368EE0\"","properties":{"deleted":false,"remainingRetentionDays":0,"defaultEncryptionScope":"encryption000004","denyEncryptionScopeOverride":false,"metadata":{"key1":"value1"},"publicAccess":"Blob","leaseStatus":"Unlocked","leaseState":"Available","lastModifiedTime":"2025-09-23T09:10:15.0000000Z","legalHold":{"hasLegalHold":false,"tags":[]},"hasImmutabilityPolicy":false,"hasLegalHold":false}}'
    headers:
      cache-control:
      - no-cache
      content-length:
      - '703'
      content-type:
      - application/json
      date:
      - Tue, 23 Sep 2025 09:10:23 GMT
      etag:
      - '"0x8DDFA8102368EE0"'
      expires:
      - '-1'
      pragma:
      - no-cache
      server:
      - Microsoft-Azure-Storage-Resource-Provider/1.0,Microsoft-HTTPAPI/2.0 Microsoft-HTTPAPI/2.0
      strict-transport-security:
      - max-age=31536000; includeSubDomains
      x-content-type-options:
      - nosniff
      x-ms-operation-identifier:
      - tenantId=7b31ddc4-9101-4ef0-a387-79ce181cacdb,objectId=7b1bdbe4-80ac-47f9-882b-33d6e62950ab/eastus2euap/6289f7d4-77cd-4f67-9361-1e2b0c5fec44
      x-ms-throttling-version:
      - v2
    status:
      code: 200
      message: OK
- request:
    body: null
    headers:
      Accept:
      - application/json
      Accept-Encoding:
      - gzip, deflate
      CommandName:
      - storage container-rm exists
      Connection:
      - keep-alive
      ParameterSetName:
      - --storage-account -n
      User-Agent:
      - AZURECLI/2.77.0 azsdk-python-core/1.35.0 Python/3.12.10 (Windows-10-10.0.19045-SP0)
    method: GET
    uri: https://management.azure.com/subscriptions/00000000-0000-0000-0000-000000000000/resourceGroups/cli000001/providers/Microsoft.Storage/storageAccounts/containerrm000002/blobServices/default/containers/container000003?api-version=2025-01-01
  response:
    body:
      string: '{"id":"/subscriptions/00000000-0000-0000-0000-000000000000/resourceGroups/cli000001/providers/Microsoft.Storage/storageAccounts/containerrm000002/blobServices/default/containers/container000003","name":"container000003","type":"Microsoft.Storage/storageAccounts/blobServices/containers","etag":"\"0x8DDFA8102368EE0\"","properties":{"deleted":false,"remainingRetentionDays":0,"defaultEncryptionScope":"encryption000004","denyEncryptionScopeOverride":false,"metadata":{"key1":"value1"},"publicAccess":"Blob","leaseStatus":"Unlocked","leaseState":"Available","lastModifiedTime":"2025-09-23T09:10:15.0000000Z","legalHold":{"hasLegalHold":false,"tags":[]},"hasImmutabilityPolicy":false,"hasLegalHold":false}}'
    headers:
      cache-control:
      - no-cache
      content-length:
      - '703'
      content-type:
      - application/json
      date:
      - Tue, 23 Sep 2025 09:10:24 GMT
      etag:
      - '"0x8DDFA8102368EE0"'
      expires:
      - '-1'
      pragma:
      - no-cache
      server:
      - Microsoft-Azure-Storage-Resource-Provider/1.0,Microsoft-HTTPAPI/2.0 Microsoft-HTTPAPI/2.0
      strict-transport-security:
      - max-age=31536000; includeSubDomains
      x-content-type-options:
      - nosniff
      x-ms-operation-identifier:
      - tenantId=7b31ddc4-9101-4ef0-a387-79ce181cacdb,objectId=7b1bdbe4-80ac-47f9-882b-33d6e62950ab/eastus2euap/d7fd7291-3826-4a86-ba56-12ebb88a33d8
      x-ms-throttling-version:
      - v2
    status:
      code: 200
      message: OK
- request:
    body: null
    headers:
      Accept:
      - application/json
      Accept-Encoding:
      - gzip, deflate
      CommandName:
      - storage container-rm exists
      Connection:
      - keep-alive
      ParameterSetName:
      - --ids
      User-Agent:
      - AZURECLI/2.77.0 azsdk-python-core/1.35.0 Python/3.12.10 (Windows-10-10.0.19045-SP0)
    method: GET
    uri: https://management.azure.com/subscriptions/00000000-0000-0000-0000-000000000000/resourceGroups/cli000001/providers/Microsoft.Storage/storageAccounts/containerrm000002/blobServices/default/containers/container000003?api-version=2025-01-01
  response:
    body:
      string: '{"id":"/subscriptions/00000000-0000-0000-0000-000000000000/resourceGroups/cli000001/providers/Microsoft.Storage/storageAccounts/containerrm000002/blobServices/default/containers/container000003","name":"container000003","type":"Microsoft.Storage/storageAccounts/blobServices/containers","etag":"\"0x8DDFA8102368EE0\"","properties":{"deleted":false,"remainingRetentionDays":0,"defaultEncryptionScope":"encryption000004","denyEncryptionScopeOverride":false,"metadata":{"key1":"value1"},"publicAccess":"Blob","leaseStatus":"Unlocked","leaseState":"Available","lastModifiedTime":"2025-09-23T09:10:15.0000000Z","legalHold":{"hasLegalHold":false,"tags":[]},"hasImmutabilityPolicy":false,"hasLegalHold":false}}'
    headers:
      cache-control:
      - no-cache
      content-length:
      - '703'
      content-type:
      - application/json
      date:
      - Tue, 23 Sep 2025 09:10:26 GMT
      etag:
      - '"0x8DDFA8102368EE0"'
      expires:
      - '-1'
      pragma:
      - no-cache
      server:
      - Microsoft-Azure-Storage-Resource-Provider/1.0,Microsoft-HTTPAPI/2.0 Microsoft-HTTPAPI/2.0
      strict-transport-security:
      - max-age=31536000; includeSubDomains
      x-content-type-options:
      - nosniff
      x-ms-operation-identifier:
      - tenantId=7b31ddc4-9101-4ef0-a387-79ce181cacdb,objectId=7b1bdbe4-80ac-47f9-882b-33d6e62950ab/eastus2euap/d6917629-1a44-4b11-bdae-199d2eafe5de
      x-ms-throttling-version:
      - v2
    status:
      code: 200
      message: OK
- request:
    body: null
    headers:
      Accept:
      - application/json
      Accept-Encoding:
      - gzip, deflate
      CommandName:
      - storage container-rm show
      Connection:
      - keep-alive
      ParameterSetName:
      - --storage-account -g -n
      User-Agent:
      - AZURECLI/2.77.0 azsdk-python-core/1.35.0 Python/3.12.10 (Windows-10-10.0.19045-SP0)
    method: GET
    uri: https://management.azure.com/subscriptions/00000000-0000-0000-0000-000000000000/resourceGroups/cli000001/providers/Microsoft.Storage/storageAccounts/containerrm000002/blobServices/default/containers/container000003?api-version=2025-01-01
  response:
    body:
      string: '{"id":"/subscriptions/00000000-0000-0000-0000-000000000000/resourceGroups/cli000001/providers/Microsoft.Storage/storageAccounts/containerrm000002/blobServices/default/containers/container000003","name":"container000003","type":"Microsoft.Storage/storageAccounts/blobServices/containers","etag":"\"0x8DDFA8102368EE0\"","properties":{"deleted":false,"remainingRetentionDays":0,"defaultEncryptionScope":"encryption000004","denyEncryptionScopeOverride":false,"metadata":{"key1":"value1"},"publicAccess":"Blob","leaseStatus":"Unlocked","leaseState":"Available","lastModifiedTime":"2025-09-23T09:10:15.0000000Z","legalHold":{"hasLegalHold":false,"tags":[]},"hasImmutabilityPolicy":false,"hasLegalHold":false}}'
    headers:
      cache-control:
      - no-cache
      content-length:
      - '703'
      content-type:
      - application/json
      date:
      - Tue, 23 Sep 2025 09:10:28 GMT
      etag:
      - '"0x8DDFA8102368EE0"'
      expires:
      - '-1'
      pragma:
      - no-cache
      server:
      - Microsoft-Azure-Storage-Resource-Provider/1.0,Microsoft-HTTPAPI/2.0 Microsoft-HTTPAPI/2.0
      strict-transport-security:
      - max-age=31536000; includeSubDomains
      x-content-type-options:
      - nosniff
      x-ms-operation-identifier:
      - tenantId=7b31ddc4-9101-4ef0-a387-79ce181cacdb,objectId=7b1bdbe4-80ac-47f9-882b-33d6e62950ab/eastus2euap/53df9705-c948-4a03-9f8a-e03b90fc13ad
      x-ms-throttling-version:
      - v2
    status:
      code: 200
      message: OK
- request:
    body: null
    headers:
      Accept:
      - application/json
      Accept-Encoding:
      - gzip, deflate
      CommandName:
      - storage container-rm show
      Connection:
      - keep-alive
      ParameterSetName:
      - --storage-account -n
      User-Agent:
      - AZURECLI/2.77.0 azsdk-python-core/1.35.0 Python/3.12.10 (Windows-10-10.0.19045-SP0)
    method: GET
    uri: https://management.azure.com/subscriptions/00000000-0000-0000-0000-000000000000/resourceGroups/cli000001/providers/Microsoft.Storage/storageAccounts/containerrm000002/blobServices/default/containers/container000003?api-version=2025-01-01
  response:
    body:
      string: '{"id":"/subscriptions/00000000-0000-0000-0000-000000000000/resourceGroups/cli000001/providers/Microsoft.Storage/storageAccounts/containerrm000002/blobServices/default/containers/container000003","name":"container000003","type":"Microsoft.Storage/storageAccounts/blobServices/containers","etag":"\"0x8DDFA8102368EE0\"","properties":{"deleted":false,"remainingRetentionDays":0,"defaultEncryptionScope":"encryption000004","denyEncryptionScopeOverride":false,"metadata":{"key1":"value1"},"publicAccess":"Blob","leaseStatus":"Unlocked","leaseState":"Available","lastModifiedTime":"2025-09-23T09:10:15.0000000Z","legalHold":{"hasLegalHold":false,"tags":[]},"hasImmutabilityPolicy":false,"hasLegalHold":false}}'
    headers:
      cache-control:
      - no-cache
      content-length:
      - '703'
      content-type:
      - application/json
      date:
      - Tue, 23 Sep 2025 09:10:28 GMT
      etag:
      - '"0x8DDFA8102368EE0"'
      expires:
      - '-1'
      pragma:
      - no-cache
      server:
      - Microsoft-Azure-Storage-Resource-Provider/1.0,Microsoft-HTTPAPI/2.0 Microsoft-HTTPAPI/2.0
      strict-transport-security:
      - max-age=31536000; includeSubDomains
      x-content-type-options:
      - nosniff
      x-ms-operation-identifier:
      - tenantId=7b31ddc4-9101-4ef0-a387-79ce181cacdb,objectId=7b1bdbe4-80ac-47f9-882b-33d6e62950ab/eastus2euap/42a4c158-2b9b-466c-b057-14a888e001aa
      x-ms-throttling-version:
      - v2
    status:
      code: 200
      message: OK
- request:
    body: null
    headers:
      Accept:
      - application/json
      Accept-Encoding:
      - gzip, deflate
      CommandName:
      - storage container-rm show
      Connection:
      - keep-alive
      ParameterSetName:
      - --ids
      User-Agent:
      - AZURECLI/2.77.0 azsdk-python-core/1.35.0 Python/3.12.10 (Windows-10-10.0.19045-SP0)
    method: GET
    uri: https://management.azure.com/subscriptions/00000000-0000-0000-0000-000000000000/resourceGroups/cli000001/providers/Microsoft.Storage/storageAccounts/containerrm000002/blobServices/default/containers/container000003?api-version=2025-01-01
  response:
    body:
      string: '{"id":"/subscriptions/00000000-0000-0000-0000-000000000000/resourceGroups/cli000001/providers/Microsoft.Storage/storageAccounts/containerrm000002/blobServices/default/containers/container000003","name":"container000003","type":"Microsoft.Storage/storageAccounts/blobServices/containers","etag":"\"0x8DDFA8102368EE0\"","properties":{"deleted":false,"remainingRetentionDays":0,"defaultEncryptionScope":"encryption000004","denyEncryptionScopeOverride":false,"metadata":{"key1":"value1"},"publicAccess":"Blob","leaseStatus":"Unlocked","leaseState":"Available","lastModifiedTime":"2025-09-23T09:10:15.0000000Z","legalHold":{"hasLegalHold":false,"tags":[]},"hasImmutabilityPolicy":false,"hasLegalHold":false}}'
    headers:
      cache-control:
      - no-cache
      content-length:
      - '703'
      content-type:
      - application/json
      date:
      - Tue, 23 Sep 2025 09:10:31 GMT
      etag:
      - '"0x8DDFA8102368EE0"'
      expires:
      - '-1'
      pragma:
      - no-cache
      server:
      - Microsoft-Azure-Storage-Resource-Provider/1.0,Microsoft-HTTPAPI/2.0 Microsoft-HTTPAPI/2.0
      strict-transport-security:
      - max-age=31536000; includeSubDomains
      x-content-type-options:
      - nosniff
      x-ms-operation-identifier:
      - tenantId=7b31ddc4-9101-4ef0-a387-79ce181cacdb,objectId=7b1bdbe4-80ac-47f9-882b-33d6e62950ab/eastus2euap/3d2dacb3-6bfd-4bb3-9371-fb03637f2c90
      x-ms-throttling-version:
      - v2
    status:
      code: 200
      message: OK
- request:
    body: null
    headers:
      Accept:
      - application/json
      Accept-Encoding:
      - gzip, deflate
      CommandName:
      - storage container-rm update
      Connection:
      - keep-alive
      ParameterSetName:
      - --storage-account -g -n --metadata
      User-Agent:
      - AZURECLI/2.77.0 azsdk-python-core/1.35.0 Python/3.12.10 (Windows-10-10.0.19045-SP0)
    method: GET
    uri: https://management.azure.com/subscriptions/00000000-0000-0000-0000-000000000000/resourceGroups/cli000001/providers/Microsoft.Storage/storageAccounts/containerrm000002/blobServices/default/containers/container000003?api-version=2025-01-01
  response:
    body:
      string: '{"id":"/subscriptions/00000000-0000-0000-0000-000000000000/resourceGroups/cli000001/providers/Microsoft.Storage/storageAccounts/containerrm000002/blobServices/default/containers/container000003","name":"container000003","type":"Microsoft.Storage/storageAccounts/blobServices/containers","etag":"\"0x8DDFA8102368EE0\"","properties":{"deleted":false,"remainingRetentionDays":0,"defaultEncryptionScope":"encryption000004","denyEncryptionScopeOverride":false,"metadata":{"key1":"value1"},"publicAccess":"Blob","leaseStatus":"Unlocked","leaseState":"Available","lastModifiedTime":"2025-09-23T09:10:15.0000000Z","legalHold":{"hasLegalHold":false,"tags":[]},"hasImmutabilityPolicy":false,"hasLegalHold":false}}'
    headers:
      cache-control:
      - no-cache
      content-length:
      - '703'
      content-type:
      - application/json
      date:
      - Tue, 23 Sep 2025 09:10:35 GMT
      etag:
      - '"0x8DDFA8102368EE0"'
      expires:
      - '-1'
      pragma:
      - no-cache
      server:
      - Microsoft-Azure-Storage-Resource-Provider/1.0,Microsoft-HTTPAPI/2.0 Microsoft-HTTPAPI/2.0
      strict-transport-security:
      - max-age=31536000; includeSubDomains
      x-content-type-options:
      - nosniff
      x-ms-operation-identifier:
      - tenantId=7b31ddc4-9101-4ef0-a387-79ce181cacdb,objectId=7b1bdbe4-80ac-47f9-882b-33d6e62950ab/eastus2euap/29b17ecd-1e4f-4de2-8d41-7de4f68289d8
      x-ms-throttling-version:
      - v2
    status:
      code: 200
      message: OK
- request:
    body: '{"properties": {"publicAccess": "Blob", "metadata": {"key2": "value2"}}}'
    headers:
      Accept:
      - application/json
      Accept-Encoding:
      - gzip, deflate
      CommandName:
      - storage container-rm update
      Connection:
      - keep-alive
      Content-Length:
      - '72'
      Content-Type:
      - application/json
      ParameterSetName:
      - --storage-account -g -n --metadata
      User-Agent:
      - AZURECLI/2.77.0 azsdk-python-core/1.35.0 Python/3.12.10 (Windows-10-10.0.19045-SP0)
    method: PATCH
    uri: https://management.azure.com/subscriptions/00000000-0000-0000-0000-000000000000/resourceGroups/cli000001/providers/Microsoft.Storage/storageAccounts/containerrm000002/blobServices/default/containers/container000003?api-version=2025-01-01
  response:
    body:
      string: '{"id":"/subscriptions/00000000-0000-0000-0000-000000000000/resourceGroups/cli000001/providers/Microsoft.Storage/storageAccounts/containerrm000002/blobServices/default/containers/container000003","name":"container000003","type":"Microsoft.Storage/storageAccounts/blobServices/containers","properties":{"deleted":false,"remainingRetentionDays":0,"metadata":{"key2":"value2"},"publicAccess":"Blob","hasImmutabilityPolicy":false,"hasLegalHold":false}}'
    headers:
      cache-control:
      - no-cache
      content-length:
      - '447'
      content-type:
      - application/json
      date:
      - Tue, 23 Sep 2025 09:10:36 GMT
      etag:
      - '"0x8DDFA810F7AEE10"'
      expires:
      - '-1'
      pragma:
      - no-cache
      server:
      - Microsoft-Azure-Storage-Resource-Provider/1.0,Microsoft-HTTPAPI/2.0 Microsoft-HTTPAPI/2.0
      strict-transport-security:
      - max-age=31536000; includeSubDomains
      x-content-type-options:
      - nosniff
      x-ms-operation-identifier:
      - tenantId=7b31ddc4-9101-4ef0-a387-79ce181cacdb,objectId=7b1bdbe4-80ac-47f9-882b-33d6e62950ab/eastus2euap/d865792a-2efa-4d0f-99be-a93708d01cd0
      x-ms-ratelimit-remaining-subscription-writes:
      - '198'
      x-ms-throttling-version:
      - v2
    status:
      code: 200
      message: OK
- request:
    body: null
    headers:
      Accept:
      - application/json
      Accept-Encoding:
      - gzip, deflate
      CommandName:
      - storage container-rm update
      Connection:
      - keep-alive
      ParameterSetName:
      - --storage-account -n --public-access
      User-Agent:
      - AZURECLI/2.77.0 azsdk-python-core/1.35.0 Python/3.12.10 (Windows-10-10.0.19045-SP0)
    method: GET
    uri: https://management.azure.com/subscriptions/00000000-0000-0000-0000-000000000000/resourceGroups/cli000001/providers/Microsoft.Storage/storageAccounts/containerrm000002/blobServices/default/containers/container000003?api-version=2025-01-01
  response:
    body:
      string: '{"id":"/subscriptions/00000000-0000-0000-0000-000000000000/resourceGroups/cli000001/providers/Microsoft.Storage/storageAccounts/containerrm000002/blobServices/default/containers/container000003","name":"container000003","type":"Microsoft.Storage/storageAccounts/blobServices/containers","etag":"\"0x8DDFA810F7AEE10\"","properties":{"deleted":false,"remainingRetentionDays":0,"defaultEncryptionScope":"encryption000004","denyEncryptionScopeOverride":false,"metadata":{"key2":"value2"},"publicAccess":"Blob","leaseStatus":"Unlocked","leaseState":"Available","lastModifiedTime":"2025-09-23T09:10:37.0000000Z","legalHold":{"hasLegalHold":false,"tags":[]},"hasImmutabilityPolicy":false,"hasLegalHold":false}}'
    headers:
      cache-control:
      - no-cache
      content-length:
      - '703'
      content-type:
      - application/json
      date:
      - Tue, 23 Sep 2025 09:10:38 GMT
      etag:
      - '"0x8DDFA810F7AEE10"'
      expires:
      - '-1'
      pragma:
      - no-cache
      server:
      - Microsoft-Azure-Storage-Resource-Provider/1.0,Microsoft-HTTPAPI/2.0 Microsoft-HTTPAPI/2.0
      strict-transport-security:
      - max-age=31536000; includeSubDomains
      x-content-type-options:
      - nosniff
      x-ms-operation-identifier:
      - tenantId=7b31ddc4-9101-4ef0-a387-79ce181cacdb,objectId=7b1bdbe4-80ac-47f9-882b-33d6e62950ab/eastus2euap/9607a223-4755-4460-93c7-4a3e45d0937d
      x-ms-throttling-version:
      - v2
    status:
      code: 200
      message: OK
- request:
    body: '{"properties": {"publicAccess": "container", "metadata": {"key2": "value2"}}}'
    headers:
      Accept:
      - application/json
      Accept-Encoding:
      - gzip, deflate
      CommandName:
      - storage container-rm update
      Connection:
      - keep-alive
      Content-Length:
      - '77'
      Content-Type:
      - application/json
      ParameterSetName:
      - --storage-account -n --public-access
      User-Agent:
      - AZURECLI/2.77.0 azsdk-python-core/1.35.0 Python/3.12.10 (Windows-10-10.0.19045-SP0)
    method: PATCH
    uri: https://management.azure.com/subscriptions/00000000-0000-0000-0000-000000000000/resourceGroups/cli000001/providers/Microsoft.Storage/storageAccounts/containerrm000002/blobServices/default/containers/container000003?api-version=2025-01-01
  response:
    body:
      string: '{"id":"/subscriptions/00000000-0000-0000-0000-000000000000/resourceGroups/cli000001/providers/Microsoft.Storage/storageAccounts/containerrm000002/blobServices/default/containers/container000003","name":"container000003","type":"Microsoft.Storage/storageAccounts/blobServices/containers","properties":{"deleted":false,"remainingRetentionDays":0,"metadata":{"key2":"value2"},"publicAccess":"Container","hasImmutabilityPolicy":false,"hasLegalHold":false}}'
    headers:
      cache-control:
      - no-cache
      content-length:
      - '452'
      content-type:
      - application/json
      date:
      - Tue, 23 Sep 2025 09:10:40 GMT
      etag:
      - '"0x8DDFA8111570DDD"'
      expires:
      - '-1'
      pragma:
      - no-cache
      server:
      - Microsoft-Azure-Storage-Resource-Provider/1.0,Microsoft-HTTPAPI/2.0 Microsoft-HTTPAPI/2.0
      strict-transport-security:
      - max-age=31536000; includeSubDomains
      x-content-type-options:
      - nosniff
      x-ms-operation-identifier:
      - tenantId=7b31ddc4-9101-4ef0-a387-79ce181cacdb,objectId=7b1bdbe4-80ac-47f9-882b-33d6e62950ab/eastus2euap/e665fec9-55dd-4404-bafe-bbf366839153
      x-ms-ratelimit-remaining-subscription-writes:
      - '199'
      x-ms-throttling-version:
      - v2
    status:
      code: 200
      message: OK
- request:
    body: null
    headers:
      Accept:
      - application/json
      Accept-Encoding:
      - gzip, deflate
      CommandName:
      - storage container-rm list
      Connection:
      - keep-alive
      ParameterSetName:
      - --storage-account --query
      User-Agent:
      - AZURECLI/2.77.0 azsdk-python-core/1.35.0 Python/3.12.10 (Windows-10-10.0.19045-SP0)
    method: GET
    uri: https://management.azure.com/subscriptions/00000000-0000-0000-0000-000000000000/providers/Microsoft.Storage/storageAccounts?api-version=2025-01-01
  response:
    body:
      string: '{"value":[{"sku":{"name":"Standard_LRS","tier":"Standard"},"kind":"Storage","id":"/subscriptions/00000000-0000-0000-0000-000000000000/resourceGroups/cli000001/providers/Microsoft.Storage/storageAccounts/containerrm000002","name":"containerrm000002","type":"Microsoft.Storage/storageAccounts","location":"eastus","tags":{},"properties":{"keyCreationTime":{"key1":"2025-09-23T09:09:49.1500952Z","key2":"2025-09-23T09:09:49.1500952Z"},"allowCrossTenantReplication":false,"privateEndpointConnections":[],"minimumTlsVersion":"TLS1_0","allowBlobPublicAccess":true,"networkAcls":{"ipv6Rules":[],"bypass":"AzureServices","virtualNetworkRules":[],"ipRules":[],"defaultAction":"Allow"},"supportsHttpsTrafficOnly":true,"encryption":{"services":{"file":{"keyType":"Account","enabled":true,"lastEnabledTime":"2025-09-23T09:09:49.1657203Z"},"blob":{"keyType":"Account","enabled":true,"lastEnabledTime":"2025-09-23T09:09:49.1657203Z"}},"keySource":"Microsoft.Storage"},"provisioningState":"Succeeded","creationTime":"2025-09-23T09:09:48.9469714Z","primaryEndpoints":{"blob":"https://containerrm000002.blob.core.windows.net/","queue":"https://containerrm000002.queue.core.windows.net/","table":"https://containerrm000002.table.core.windows.net/","file":"https://containerrm000002.file.core.windows.net/"},"primaryLocation":"eastus","statusOfPrimary":"available"}},{"sku":{"name":"Standard_RAGRS","tier":"Standard"},"kind":"StorageV2","id":"/subscriptions/00000000-0000-0000-0000-000000000000/resourceGroups/clitest.rgoutelyscgsbognatssqfr6zu6paxgkl5dhkxfwp2ejj3kuawio6sycs7wcg2mq7j2/providers/Microsoft.Storage/storageAccounts/clircuovohu3c6n6323pphbf","name":"clircuovohu3c6n6323pphbf","type":"Microsoft.Storage/storageAccounts","location":"eastus2","tags":{},"properties":{"keyCreationTime":{"key1":"2025-09-23T09:10:27.7756532Z","key2":"2025-09-23T09:10:27.7756532Z"},"allowCrossTenantReplication":false,"privateEndpointConnections":[],"azureFilesIdentityBasedAuthentication":{"directoryServiceOptions":"None"},"minimumTlsVersion":"TLS1_0","allowBlobPublicAccess":false,"networkAcls":{"ipv6Rules":[],"bypass":"AzureServices","virtualNetworkRules":[],"ipRules":[],"defaultAction":"Allow"},"supportsHttpsTrafficOnly":true,"encryption":{"services":{"file":{"keyType":"Account","enabled":true,"lastEnabledTime":"2025-09-23T09:10:27.7912772Z"},"blob":{"keyType":"Account","enabled":true,"lastEnabledTime":"2025-09-23T09:10:27.7912772Z"}},"keySource":"Microsoft.Storage"},"accessTier":"Hot","provisioningState":"ResolvingDns","creationTime":"2025-09-23T09:10:27.6506550Z","primaryEndpoints":{"dfs":"https://clircuovohu3c6n6323pphbf.dfs.core.windows.net/","web":"https://clircuovohu3c6n6323pphbf.z20.web.core.windows.net/","blob":"https://clircuovohu3c6n6323pphbf.blob.core.windows.net/","queue":"https://clircuovohu3c6n6323pphbf.queue.core.windows.net/","table":"https://clircuovohu3c6n6323pphbf.table.core.windows.net/","file":"https://clircuovohu3c6n6323pphbf.file.core.windows.net/"},"primaryLocation":"eastus2","statusOfPrimary":"available","secondaryLocation":"centralus","statusOfSecondary":"available","secondaryEndpoints":{"dfs":"https://clircuovohu3c6n6323pphbf-secondary.dfs.core.windows.net/","web":"https://clircuovohu3c6n6323pphbf-secondary.z20.web.core.windows.net/","blob":"https://clircuovohu3c6n6323pphbf-secondary.blob.core.windows.net/","queue":"https://clircuovohu3c6n6323pphbf-secondary.queue.core.windows.net/","table":"https://clircuovohu3c6n6323pphbf-secondary.table.core.windows.net/"}}},{"sku":{"name":"Standard_LRS","tier":"Standard"},"kind":"Storage","id":"/subscriptions/00000000-0000-0000-0000-000000000000/resourceGroups/clitest.rgkrsbaydbb5auli5pqpsqzzzwb2ow4og446bm77xeh4qzib4usgndkgjtawvdqd5dc/providers/Microsoft.Storage/storageAccounts/clitest7dwzhymhxab6rq53t","name":"clitest7dwzhymhxab6rq53t","type":"Microsoft.Storage/storageAccounts","location":"westus","tags":{},"properties":{"keyCreationTime":{"key1":"2025-09-22T02:33:33.0760855Z","key2":"2025-09-22T02:33:33.0760855Z"},"allowCrossTenantReplication":false,"privateEndpointConnections":[],"minimumTlsVersion":"TLS1_0","allowBlobPublicAccess":false,"networkAcls":{"ipv6Rules":[],"bypass":"AzureServices","virtualNetworkRules":[],"ipRules":[],"defaultAction":"Allow"},"supportsHttpsTrafficOnly":true,"encryption":{"services":{"file":{"keyType":"Account","enabled":true,"lastEnabledTime":"2025-09-22T02:33:33.0917161Z"},"blob":{"keyType":"Account","enabled":true,"lastEnabledTime":"2025-09-22T02:33:33.0917161Z"}},"keySource":"Microsoft.Storage"},"provisioningState":"Succeeded","creationTime":"2025-09-22T02:33:32.9354566Z","primaryEndpoints":{"blob":"https://clitest7dwzhymhxab6rq53t.blob.core.windows.net/","queue":"https://clitest7dwzhymhxab6rq53t.queue.core.windows.net/","table":"https://clitest7dwzhymhxab6rq53t.table.core.windows.net/","file":"https://clitest7dwzhymhxab6rq53t.file.core.windows.net/"},"primaryLocation":"westus","statusOfPrimary":"available"}},{"sku":{"name":"Standard_LRS","tier":"Standard"},"kind":"Storage","id":"/subscriptions/00000000-0000-0000-0000-000000000000/resourceGroups/clitest.rgvldvzl5tg4jatlufixdmsiugjysocphcpkb7ru4hwaga65o2ydqxd6crd5pr2chk3/providers/Microsoft.Storage/storageAccounts/clitest7jlfiyvmk5zb6tiug","name":"clitest7jlfiyvmk5zb6tiug","type":"Microsoft.Storage/storageAccounts","location":"westus","tags":{},"properties":{"keyCreationTime":{"key1":"2025-09-23T09:05:42.9183928Z","key2":"2025-09-23T09:05:42.9183928Z"},"allowCrossTenantReplication":false,"privateEndpointConnections":[],"minimumTlsVersion":"TLS1_0","allowBlobPublicAccess":false,"networkAcls":{"ipv6Rules":[],"bypass":"AzureServices","virtualNetworkRules":[],"ipRules":[],"defaultAction":"Allow"},"supportsHttpsTrafficOnly":true,"encryption":{"services":{"file":{"keyType":"Account","enabled":true,"lastEnabledTime":"2025-09-23T09:05:42.9183928Z"},"blob":{"keyType":"Account","enabled":true,"lastEnabledTime":"2025-09-23T09:05:42.9183928Z"}},"keySource":"Microsoft.Storage"},"provisioningState":"Succeeded","creationTime":"2025-09-23T09:05:42.8090158Z","primaryEndpoints":{"blob":"https://clitest7jlfiyvmk5zb6tiug.blob.core.windows.net/","queue":"https://clitest7jlfiyvmk5zb6tiug.queue.core.windows.net/","table":"https://clitest7jlfiyvmk5zb6tiug.table.core.windows.net/","file":"https://clitest7jlfiyvmk5zb6tiug.file.core.windows.net/"},"primaryLocation":"westus","statusOfPrimary":"available"}},{"sku":{"name":"Standard_LRS","tier":"Standard"},"kind":"Storage","id":"/subscriptions/00000000-0000-0000-0000-000000000000/resourceGroups/clitest.rgqevkzlvjads7zyirjywrswqshimke2aw54ze6jcreyjh3fxneaxbap42sviya75ay/providers/Microsoft.Storage/storageAccounts/clitesthupd2jmgvyp7efjjy","name":"clitesthupd2jmgvyp7efjjy","type":"Microsoft.Storage/storageAccounts","location":"westus","tags":{},"properties":{"keyCreationTime":{"key1":"2025-09-22T02:39:16.2382371Z","key2":"2025-09-22T02:39:16.2382371Z"},"allowCrossTenantReplication":false,"privateEndpointConnections":[],"minimumTlsVersion":"TLS1_0","allowBlobPublicAccess":false,"networkAcls":{"ipv6Rules":[],"bypass":"AzureServices","virtualNetworkRules":[],"ipRules":[],"defaultAction":"Allow"},"supportsHttpsTrafficOnly":true,"encryption":{"services":{"file":{"keyType":"Account","enabled":true,"lastEnabledTime":"2025-09-22T02:39:16.2538575Z"},"blob":{"keyType":"Account","enabled":true,"lastEnabledTime":"2025-09-22T02:39:16.2538575Z"}},"keySource":"Microsoft.Storage"},"provisioningState":"Succeeded","creationTime":"2025-09-22T02:39:16.1133112Z","primaryEndpoints":{"blob":"https://clitesthupd2jmgvyp7efjjy.blob.core.windows.net/","queue":"https://clitesthupd2jmgvyp7efjjy.queue.core.windows.net/","table":"https://clitesthupd2jmgvyp7efjjy.table.core.windows.net/","file":"https://clitesthupd2jmgvyp7efjjy.file.core.windows.net/"},"primaryLocation":"westus","statusOfPrimary":"available"}},{"sku":{"name":"Standard_LRS","tier":"Standard"},"kind":"Storage","id":"/subscriptions/00000000-0000-0000-0000-000000000000/resourceGroups/clitest.rgvaw52ob4e6t4knglvcfkwkt5pvplcqjcxzfbftqllxpacy5vv2irf2gfuodtwvz5q/providers/Microsoft.Storage/storageAccounts/clitestpkcb3xfvzxeb2ogpk","name":"clitestpkcb3xfvzxeb2ogpk","type":"Microsoft.Storage/storageAccounts","location":"westus","tags":{},"properties":{"keyCreationTime":{"key1":"2025-09-22T02:48:28.0919867Z","key2":"2025-09-22T02:48:28.0919867Z"},"allowCrossTenantReplication":false,"privateEndpointConnections":[],"minimumTlsVersion":"TLS1_0","allowBlobPublicAccess":false,"networkAcls":{"ipv6Rules":[],"bypass":"AzureServices","virtualNetworkRules":[],"ipRules":[],"defaultAction":"Allow"},"supportsHttpsTrafficOnly":true,"encryption":{"services":{"file":{"keyType":"Account","enabled":true,"lastEnabledTime":"2025-09-22T02:48:28.0919867Z"},"blob":{"keyType":"Account","enabled":true,"lastEnabledTime":"2025-09-22T02:48:28.0919867Z"}},"keySource":"Microsoft.Storage"},"provisioningState":"Succeeded","creationTime":"2025-09-22T02:48:27.9826714Z","primaryEndpoints":{"blob":"https://clitestpkcb3xfvzxeb2ogpk.blob.core.windows.net/","queue":"https://clitestpkcb3xfvzxeb2ogpk.queue.core.windows.net/","table":"https://clitestpkcb3xfvzxeb2ogpk.table.core.windows.net/","file":"https://clitestpkcb3xfvzxeb2ogpk.file.core.windows.net/"},"primaryLocation":"westus","statusOfPrimary":"available"}},{"sku":{"name":"Standard_LRS","tier":"Standard"},"kind":"Storage","id":"/subscriptions/00000000-0000-0000-0000-000000000000/resourceGroups/clitest.rgcec4m3hx5gjieh47fbge6kjopissq2tkuuhecaswoxvxlx6pmld3wkkkqpbbt64fd/providers/Microsoft.Storage/storageAccounts/clitestr36nz43vogmwl7kfb","name":"clitestr36nz43vogmwl7kfb","type":"Microsoft.Storage/storageAccounts","location":"westus","tags":{},"properties":{"keyCreationTime":{"key1":"2025-09-22T06:54:12.2758834Z","key2":"2025-09-22T06:54:12.2758834Z"},"allowCrossTenantReplication":false,"privateEndpointConnections":[],"minimumTlsVersion":"TLS1_0","allowBlobPublicAccess":false,"networkAcls":{"ipv6Rules":[],"bypass":"AzureServices","virtualNetworkRules":[],"ipRules":[],"defaultAction":"Allow"},"supportsHttpsTrafficOnly":true,"encryption":{"services":{"file":{"keyType":"Account","enabled":true,"lastEnabledTime":"2025-09-22T06:54:12.2758834Z"},"blob":{"keyType":"Account","enabled":true,"lastEnabledTime":"2025-09-22T06:54:12.2758834Z"}},"keySource":"Microsoft.Storage"},"provisioningState":"Succeeded","creationTime":"2025-09-22T06:54:12.1820828Z","primaryEndpoints":{"blob":"https://clitestr36nz43vogmwl7kfb.blob.core.windows.net/","queue":"https://clitestr36nz43vogmwl7kfb.queue.core.windows.net/","table":"https://clitestr36nz43vogmwl7kfb.table.core.windows.net/","file":"https://clitestr36nz43vogmwl7kfb.file.core.windows.net/"},"primaryLocation":"westus","statusOfPrimary":"available"}},{"sku":{"name":"Standard_LRS","tier":"Standard"},"kind":"Storage","id":"/subscriptions/00000000-0000-0000-0000-000000000000/resourceGroups/cli_test_active_active_vnet_vnet_connection75ubnsc7vmq546wss3jjf4xh32hs3p3k/providers/Microsoft.Storage/storageAccounts/clitestvpncnnektlxs4oggu","name":"clitestvpncnnektlxs4oggu","type":"Microsoft.Storage/storageAccounts","location":"westus","tags":{},"properties":{"keyCreationTime":{"key1":"2025-09-23T05:37:40.8345780Z","key2":"2025-09-23T05:37:40.8345780Z"},"allowCrossTenantReplication":false,"privateEndpointConnections":[],"minimumTlsVersion":"TLS1_0","allowBlobPublicAccess":false,"networkAcls":{"ipv6Rules":[],"bypass":"AzureServices","virtualNetworkRules":[],"ipRules":[],"defaultAction":"Allow"},"supportsHttpsTrafficOnly":true,"encryption":{"services":{"file":{"keyType":"Account","enabled":true,"lastEnabledTime":"2025-09-23T05:37:40.8502037Z"},"blob":{"keyType":"Account","enabled":true,"lastEnabledTime":"2025-09-23T05:37:40.8502037Z"}},"keySource":"Microsoft.Storage"},"provisioningState":"Succeeded","creationTime":"2025-09-23T05:37:40.7252008Z","primaryEndpoints":{"blob":"https://clitestvpncnnektlxs4oggu.blob.core.windows.net/","queue":"https://clitestvpncnnektlxs4oggu.queue.core.windows.net/","table":"https://clitestvpncnnektlxs4oggu.table.core.windows.net/","file":"https://clitestvpncnnektlxs4oggu.file.core.windows.net/"},"primaryLocation":"westus","statusOfPrimary":"available"}},{"identity":{"principalId":"705c4393-4548-4a53-b8d2-bc8893cf6cc3","tenantId":"7b31ddc4-9101-4ef0-a387-79ce181cacdb","type":"SystemAssigned"},"sku":{"name":"Standard_LRS","tier":"Standard"},"kind":"StorageV2","id":"/subscriptions/00000000-0000-0000-0000-000000000000/resourceGroups/cli_test_storage_encryption4fhl2ntkxwvw2yww5roq3lnxbk25cirp3477p42v2wrow7my/providers/Microsoft.Storage/storageAccounts/encryptioncv3hbq6l36bl3k","name":"encryptioncv3hbq6l36bl3k","type":"Microsoft.Storage/storageAccounts","location":"westus","tags":{},"properties":{"keyCreationTime":{"key1":"2025-09-23T09:09:13.0952125Z","key2":"2025-09-23T09:09:13.0952125Z"},"allowCrossTenantReplication":false,"privateEndpointConnections":[],"minimumTlsVersion":"TLS1_0","allowBlobPublicAccess":false,"networkAcls":{"ipv6Rules":[],"bypass":"AzureServices","virtualNetworkRules":[],"ipRules":[],"defaultAction":"Allow"},"supportsHttpsTrafficOnly":true,"encryption":{"services":{"file":{"keyType":"Account","enabled":true,"lastEnabledTime":"2025-09-23T09:09:13.1108988Z"},"blob":{"keyType":"Account","enabled":true,"lastEnabledTime":"2025-09-23T09:09:13.1108988Z"}},"keySource":"Microsoft.Storage"},"accessTier":"Hot","provisioningState":"Succeeded","creationTime":"2025-09-23T09:09:12.9858332Z","primaryEndpoints":{"dfs":"https://encryptioncv3hbq6l36bl3k.dfs.core.windows.net/","web":"https://encryptioncv3hbq6l36bl3k.z22.web.core.windows.net/","blob":"https://encryptioncv3hbq6l36bl3k.blob.core.windows.net/","queue":"https://encryptioncv3hbq6l36bl3k.queue.core.windows.net/","table":"https://encryptioncv3hbq6l36bl3k.table.core.windows.net/","file":"https://encryptioncv3hbq6l36bl3k.file.core.windows.net/"},"primaryLocation":"westus","statusOfPrimary":"available"}}]}'
    headers:
      cache-control:
      - no-cache
      content-length:
      - '13915'
      content-type:
      - application/json; charset=utf-8
      date:
      - Tue, 23 Sep 2025 09:10:41 GMT
      expires:
      - '-1'
      pragma:
      - no-cache
      strict-transport-security:
      - max-age=31536000; includeSubDomains
      x-content-type-options:
      - nosniff
      x-ms-original-request-ids:
      - 9d16a81e-8468-423b-b1e1-3b1848bb8e9c
      - 53087db6-1847-43dd-a166-1adcffc07a52
      - c10f91ce-9764-4887-8670-337cfd14b419
      x-ms-throttling-version:
      - v2
    status:
      code: 200
      message: OK
- request:
    body: null
    headers:
      Accept:
      - application/json
      Accept-Encoding:
      - gzip, deflate
      CommandName:
      - storage container-rm list
      Connection:
      - keep-alive
      ParameterSetName:
      - --storage-account --query
      User-Agent:
      - AZURECLI/2.77.0 azsdk-python-core/1.35.0 Python/3.12.10 (Windows-10-10.0.19045-SP0)
    method: GET
    uri: https://management.azure.com/subscriptions/00000000-0000-0000-0000-000000000000/resourceGroups/cli000001/providers/Microsoft.Storage/storageAccounts/containerrm000002/blobServices/default/containers?api-version=2025-01-01
  response:
    body:
      string: '{"value":[{"id":"/subscriptions/00000000-0000-0000-0000-000000000000/resourceGroups/cli000001/providers/Microsoft.Storage/storageAccounts/containerrm000002/blobServices/default/containers/container000005","name":"container000005","type":"Microsoft.Storage/storageAccounts/blobServices/containers","etag":"\"0x8DDFA81065691B8\"","properties":{"immutableStorageWithVersioning":{"enabled":false},"deleted":false,"remainingRetentionDays":0,"defaultEncryptionScope":"$account-encryption-key","denyEncryptionScopeOverride":false,"publicAccess":"None","leaseStatus":"Unlocked","leaseState":"Available","lastModifiedTime":"2025-09-23T09:10:22.0000000Z","hasImmutabilityPolicy":false,"hasLegalHold":false}},{"id":"/subscriptions/00000000-0000-0000-0000-000000000000/resourceGroups/cli000001/providers/Microsoft.Storage/storageAccounts/containerrm000002/blobServices/default/containers/container000003","name":"container000003","type":"Microsoft.Storage/storageAccounts/blobServices/containers","etag":"\"0x8DDFA8111570DDD\"","properties":{"immutableStorageWithVersioning":{"enabled":false},"deleted":false,"remainingRetentionDays":0,"defaultEncryptionScope":"encryption000004","denyEncryptionScopeOverride":false,"publicAccess":"Container","leaseStatus":"Unlocked","leaseState":"Available","lastModifiedTime":"2025-09-23T09:10:40.0000000Z","hasImmutabilityPolicy":false,"hasLegalHold":false}}]}'
    headers:
      cache-control:
      - no-cache
      content-length:
      - '1385'
      content-type:
      - application/json
      date:
      - Tue, 23 Sep 2025 09:10:43 GMT
      expires:
      - '-1'
      pragma:
      - no-cache
      server:
      - Microsoft-Azure-Storage-Resource-Provider/1.0,Microsoft-HTTPAPI/2.0 Microsoft-HTTPAPI/2.0
      strict-transport-security:
      - max-age=31536000; includeSubDomains
      x-content-type-options:
      - nosniff
      x-ms-operation-identifier:
      - tenantId=7b31ddc4-9101-4ef0-a387-79ce181cacdb,objectId=7b1bdbe4-80ac-47f9-882b-33d6e62950ab/eastus2euap/7741d9b6-b369-4eec-a214-2cf925e4ed04
      x-ms-throttling-version:
      - v2
    status:
      code: 200
      message: OK
- request:
    body: null
    headers:
      Accept:
      - '*/*'
      Accept-Encoding:
      - gzip, deflate
      CommandName:
      - storage container-rm delete
      Connection:
      - keep-alive
      Content-Length:
      - '0'
      ParameterSetName:
      - --storage-account -g -n -y
      User-Agent:
      - AZURECLI/2.77.0 azsdk-python-core/1.35.0 Python/3.12.10 (Windows-10-10.0.19045-SP0)
    method: DELETE
    uri: https://management.azure.com/subscriptions/00000000-0000-0000-0000-000000000000/resourceGroups/cli000001/providers/Microsoft.Storage/storageAccounts/containerrm000002/blobServices/default/containers/container000005?api-version=2025-01-01
  response:
    body:
      string: ''
    headers:
      cache-control:
      - no-cache
      content-length:
      - '0'
      content-type:
      - text/plain; charset=utf-8
      date:
      - Tue, 23 Sep 2025 09:10:44 GMT
      expires:
      - '-1'
      pragma:
      - no-cache
      server:
      - Microsoft-Azure-Storage-Resource-Provider/1.0,Microsoft-HTTPAPI/2.0 Microsoft-HTTPAPI/2.0
      strict-transport-security:
      - max-age=31536000; includeSubDomains
      x-content-type-options:
      - nosniff
      x-ms-operation-identifier:
      - tenantId=7b31ddc4-9101-4ef0-a387-79ce181cacdb,objectId=7b1bdbe4-80ac-47f9-882b-33d6e62950ab/eastus2euap/4756117b-6466-4b33-96b4-43ffa83be224
      x-ms-ratelimit-remaining-subscription-deletes:
      - '199'
      x-ms-throttling-version:
      - v2
    status:
      code: 200
      message: OK
- request:
    body: null
    headers:
      Accept:
      - application/json
      Accept-Encoding:
      - gzip, deflate
      CommandName:
      - storage container-rm list
      Connection:
      - keep-alive
      ParameterSetName:
      - --storage-account --query
      User-Agent:
      - AZURECLI/2.77.0 azsdk-python-core/1.35.0 Python/3.12.10 (Windows-10-10.0.19045-SP0)
    method: GET
    uri: https://management.azure.com/subscriptions/00000000-0000-0000-0000-000000000000/resourceGroups/cli000001/providers/Microsoft.Storage/storageAccounts/containerrm000002/blobServices/default/containers?api-version=2025-01-01
  response:
    body:
      string: '{"value":[{"id":"/subscriptions/00000000-0000-0000-0000-000000000000/resourceGroups/cli000001/providers/Microsoft.Storage/storageAccounts/containerrm000002/blobServices/default/containers/container000003","name":"container000003","type":"Microsoft.Storage/storageAccounts/blobServices/containers","etag":"\"0x8DDFA8111570DDD\"","properties":{"immutableStorageWithVersioning":{"enabled":false},"deleted":false,"remainingRetentionDays":0,"defaultEncryptionScope":"encryption000004","denyEncryptionScopeOverride":false,"publicAccess":"Container","leaseStatus":"Unlocked","leaseState":"Available","lastModifiedTime":"2025-09-23T09:10:40.0000000Z","hasImmutabilityPolicy":false,"hasLegalHold":false}}]}'
    headers:
      cache-control:
      - no-cache
      content-length:
      - '697'
      content-type:
      - application/json
      date:
      - Tue, 23 Sep 2025 09:10:46 GMT
      expires:
      - '-1'
      pragma:
      - no-cache
      server:
      - Microsoft-Azure-Storage-Resource-Provider/1.0,Microsoft-HTTPAPI/2.0 Microsoft-HTTPAPI/2.0
      strict-transport-security:
      - max-age=31536000; includeSubDomains
      x-content-type-options:
      - nosniff
      x-ms-operation-identifier:
      - tenantId=7b31ddc4-9101-4ef0-a387-79ce181cacdb,objectId=7b1bdbe4-80ac-47f9-882b-33d6e62950ab/eastus2euap/d7eacd2c-29d3-4ef2-a70e-fd9e7b307bfe
      x-ms-throttling-version:
      - v2
    status:
      code: 200
      message: OK
- request:
    body: null
    headers:
      Accept:
      - '*/*'
      Accept-Encoding:
      - gzip, deflate
      CommandName:
      - storage container-rm delete
      Connection:
      - keep-alive
      Content-Length:
      - '0'
      ParameterSetName:
      - --ids -y
      User-Agent:
      - AZURECLI/2.77.0 azsdk-python-core/1.35.0 Python/3.12.10 (Windows-10-10.0.19045-SP0)
    method: DELETE
    uri: https://management.azure.com/subscriptions/00000000-0000-0000-0000-000000000000/resourceGroups/cli000001/providers/Microsoft.Storage/storageAccounts/containerrm000002/blobServices/default/containers/container000003?api-version=2025-01-01
  response:
    body:
      string: ''
    headers:
      cache-control:
      - no-cache
      content-length:
      - '0'
      content-type:
      - text/plain; charset=utf-8
      date:
      - Tue, 23 Sep 2025 09:10:47 GMT
      expires:
      - '-1'
      pragma:
      - no-cache
      server:
      - Microsoft-Azure-Storage-Resource-Provider/1.0,Microsoft-HTTPAPI/2.0 Microsoft-HTTPAPI/2.0
      strict-transport-security:
      - max-age=31536000; includeSubDomains
      x-content-type-options:
      - nosniff
      x-ms-operation-identifier:
      - tenantId=7b31ddc4-9101-4ef0-a387-79ce181cacdb,objectId=7b1bdbe4-80ac-47f9-882b-33d6e62950ab/eastus2euap/e7bf824f-ef41-48f5-bc93-ce3e17eb275a
      x-ms-ratelimit-remaining-subscription-deletes:
      - '199'
      x-ms-throttling-version:
      - v2
    status:
      code: 200
      message: OK
- request:
    body: null
    headers:
      Accept:
      - application/json
      Accept-Encoding:
      - gzip, deflate
      CommandName:
      - storage container-rm list
      Connection:
      - keep-alive
      ParameterSetName:
      - --storage-account
      User-Agent:
      - AZURECLI/2.77.0 azsdk-python-core/1.35.0 Python/3.12.10 (Windows-10-10.0.19045-SP0)
    method: GET
    uri: https://management.azure.com/subscriptions/00000000-0000-0000-0000-000000000000/resourceGroups/cli000001/providers/Microsoft.Storage/storageAccounts/containerrm000002/blobServices/default/containers?api-version=2025-01-01
  response:
    body:
      string: '{"value":[]}'
    headers:
      cache-control:
      - no-cache
      content-length:
      - '12'
      content-type:
      - application/json
      date:
      - Tue, 23 Sep 2025 09:10:49 GMT
      expires:
      - '-1'
      pragma:
      - no-cache
      server:
      - Microsoft-Azure-Storage-Resource-Provider/1.0,Microsoft-HTTPAPI/2.0 Microsoft-HTTPAPI/2.0
      strict-transport-security:
      - max-age=31536000; includeSubDomains
      x-content-type-options:
      - nosniff
      x-ms-operation-identifier:
      - tenantId=7b31ddc4-9101-4ef0-a387-79ce181cacdb,objectId=7b1bdbe4-80ac-47f9-882b-33d6e62950ab/eastus2euap/ec006b37-e61a-46c5-ba42-533a8c2cf4d2
      x-ms-throttling-version:
      - v2
    status:
      code: 200
      message: OK
- request:
    body: null
    headers:
      Accept:
      - application/json
      Accept-Encoding:
      - gzip, deflate
      CommandName:
      - storage container-rm show
      Connection:
      - keep-alive
      ParameterSetName:
      - --storage-account -g -n
      User-Agent:
      - AZURECLI/2.77.0 azsdk-python-core/1.35.0 Python/3.12.10 (Windows-10-10.0.19045-SP0)
    method: GET
    uri: https://management.azure.com/subscriptions/00000000-0000-0000-0000-000000000000/resourceGroups/cli000001/providers/Microsoft.Storage/storageAccounts/containerrm000002/blobServices/default/containers/container000003?api-version=2025-01-01
  response:
    body:
      string: '{"error":{"code":"ContainerNotFound","message":"The specified container
        does not exist.\nRequestId:b734fb21-101e-0061-6769-2c8996000000\nTime:2025-09-23T09:10:51.8719203Z"}}'
    headers:
      cache-control:
      - no-cache
      content-length:
      - '173'
      content-type:
      - application/json
      date:
      - Tue, 23 Sep 2025 09:10:51 GMT
      expires:
      - '-1'
      pragma:
      - no-cache
      server:
      - Microsoft-Azure-Storage-Resource-Provider/1.0,Microsoft-HTTPAPI/2.0 Microsoft-HTTPAPI/2.0
      strict-transport-security:
      - max-age=31536000; includeSubDomains
      x-content-type-options:
      - nosniff
      x-ms-operation-identifier:
      - tenantId=7b31ddc4-9101-4ef0-a387-79ce181cacdb,objectId=7b1bdbe4-80ac-47f9-882b-33d6e62950ab/eastus2euap/93722c80-e990-43c7-a38d-73a12f024a6a
      x-ms-throttling-version:
      - v2
    status:
      code: 404
      message: Not Found
- request:
    body: null
    headers:
      Accept:
      - application/json
      Accept-Encoding:
      - gzip, deflate
      CommandName:
      - storage container-rm exists
      Connection:
      - keep-alive
      ParameterSetName:
      - --storage-account -g -n
      User-Agent:
      - AZURECLI/2.77.0 azsdk-python-core/1.35.0 Python/3.12.10 (Windows-10-10.0.19045-SP0)
    method: GET
    uri: https://management.azure.com/subscriptions/00000000-0000-0000-0000-000000000000/resourceGroups/cli000001/providers/Microsoft.Storage/storageAccounts/containerrm000002/blobServices/default/containers/container000003?api-version=2025-01-01
  response:
    body:
      string: '{"error":{"code":"ContainerNotFound","message":"The specified container
        does not exist.\nRequestId:b7350428-101e-0061-8069-2c8996000000\nTime:2025-09-23T09:10:53.7810819Z"}}'
    headers:
      cache-control:
      - no-cache
      content-length:
      - '173'
      content-type:
      - application/json
      date:
      - Tue, 23 Sep 2025 09:10:53 GMT
      expires:
      - '-1'
      pragma:
      - no-cache
      server:
      - Microsoft-Azure-Storage-Resource-Provider/1.0,Microsoft-HTTPAPI/2.0 Microsoft-HTTPAPI/2.0
      strict-transport-security:
      - max-age=31536000; includeSubDomains
      x-content-type-options:
      - nosniff
      x-ms-operation-identifier:
      - tenantId=7b31ddc4-9101-4ef0-a387-79ce181cacdb,objectId=7b1bdbe4-80ac-47f9-882b-33d6e62950ab/eastus2euap/47bbc8a1-624d-470b-8845-f517b54c75e8
      x-ms-throttling-version:
      - v2
    status:
      code: 404
      message: Not Found
version: 1
