interactions:
- request:
    body: null
    headers:
      Accept:
      - application/json
      Accept-Encoding:
      - gzip, deflate
      CommandName:
      - storage container create
      Connection:
      - keep-alive
      ParameterSetName:
      - --account-name -n
      User-Agent:
      - AZURECLI/2.78.0 azsdk-python-core/1.35.0 Python/3.12.10 (Windows-10-10.0.19045-SP0)
    method: GET
    uri: https://management.azure.com/subscriptions/00000000-0000-0000-0000-000000000000/providers/Microsoft.Storage/storageAccounts?api-version=2025-06-01
  response:
    body:
      string: '{"value":[{"sku":{"name":"Standard_RAGRS","tier":"Standard"},"kind":"StorageV2","id":"/subscriptions/00000000-0000-0000-0000-000000000000/resourceGroups/whatif-demo-rg/providers/Microsoft.Storage/storageAccounts/whatifdemosa","name":"whatifdemosa","type":"Microsoft.Storage/storageAccounts","location":"eastus","tags":{"environment":"test"},"properties":{"allowCrossTenantDelegationSas":false,"keyCreationTime":{"key1":"2025-09-30T01:49:26.1073945Z","key2":"2025-09-30T01:49:26.1073945Z"},"allowCrossTenantReplication":false,"privateEndpointConnections":[],"minimumTlsVersion":"TLS1_0","allowBlobPublicAccess":false,"networkAcls":{"ipv6Rules":[],"bypass":"AzureServices","virtualNetworkRules":[],"ipRules":[],"defaultAction":"Allow"},"supportsHttpsTrafficOnly":true,"encryption":{"services":{"file":{"keyType":"Account","enabled":true,"lastEnabledTime":"2025-09-30T01:49:26.1073945Z"},"blob":{"keyType":"Account","enabled":true,"lastEnabledTime":"2025-09-30T01:49:26.1073945Z"}},"keySource":"Microsoft.Storage"},"accessTier":"Hot","provisioningState":"Succeeded","creationTime":"2025-09-30T01:49:25.9199024Z","primaryEndpoints":{"dfs":"https://whatifdemosa.dfs.core.windows.net/","web":"https://whatifdemosa.z13.web.core.windows.net/","blob":"https://whatifdemosa.blob.core.windows.net/","queue":"https://whatifdemosa.queue.core.windows.net/","table":"https://whatifdemosa.table.core.windows.net/","file":"https://whatifdemosa.file.core.windows.net/"},"primaryLocation":"eastus","statusOfPrimary":"available","secondaryLocation":"westus","statusOfSecondary":"available","secondaryEndpoints":{"dfs":"https://whatifdemosa-secondary.dfs.core.windows.net/","web":"https://whatifdemosa-secondary.z13.web.core.windows.net/","blob":"https://whatifdemosa-secondary.blob.core.windows.net/","queue":"https://whatifdemosa-secondary.queue.core.windows.net/","table":"https://whatifdemosa-secondary.table.core.windows.net/"}}},{"sku":{"name":"Standard_LRS","tier":"Standard"},"kind":"StorageV2","id":"/subscriptions/00000000-0000-0000-0000-000000000000/resourceGroups/clitest.rgd27z3tdjet3vfsn7botbqsf6jm7fmexxxn5vmn73etramkotnwhyfkqdi2byboe5b/providers/Microsoft.Storage/storageAccounts/clitest2xvbobz2axwv27x5b","name":"clitest2xvbobz2axwv27x5b","type":"Microsoft.Storage/storageAccounts","location":"eastus2","tags":{},"properties":{"keyCreationTime":{"key1":"2025-09-23T09:46:51.3932036Z","key2":"2025-09-23T09:46:51.3932036Z"},"allowCrossTenantReplication":false,"privateEndpointConnections":[],"minimumTlsVersion":"TLS1_0","allowBlobPublicAccess":false,"networkAcls":{"ipv6Rules":[],"bypass":"AzureServices","virtualNetworkRules":[],"ipRules":[],"defaultAction":"Allow"},"supportsHttpsTrafficOnly":true,"encryption":{"services":{"file":{"keyType":"Account","enabled":true,"lastEnabledTime":"2025-09-23T09:46:51.4088277Z"},"blob":{"keyType":"Account","enabled":true,"lastEnabledTime":"2025-09-23T09:46:51.4088277Z"}},"keySource":"Microsoft.Storage"},"accessTier":"Hot","provisioningState":"Succeeded","creationTime":"2025-09-23T09:46:51.2525789Z","primaryEndpoints":{"dfs":"https://clitest2xvbobz2axwv27x5b.dfs.core.windows.net/","web":"https://clitest2xvbobz2axwv27x5b.z20.web.core.windows.net/","blob":"https://clitest2xvbobz2axwv27x5b.blob.core.windows.net/","queue":"https://clitest2xvbobz2axwv27x5b.queue.core.windows.net/","table":"https://clitest2xvbobz2axwv27x5b.table.core.windows.net/","file":"https://clitest2xvbobz2axwv27x5b.file.core.windows.net/"},"primaryLocation":"eastus2","statusOfPrimary":"available"}},{"sku":{"name":"Standard_LRS","tier":"Standard"},"kind":"StorageV2","id":"/subscriptions/00000000-0000-0000-0000-000000000000/resourceGroups/clitest.rg000001/providers/Microsoft.Storage/storageAccounts/clitest000002","name":"clitest000002","type":"Microsoft.Storage/storageAccounts","location":"eastus2","tags":{},"properties":{"allowCrossTenantDelegationSas":false,"keyCreationTime":{"key1":"2025-10-24T09:48:49.6121083Z","key2":"2025-10-24T09:48:49.6121083Z"},"allowCrossTenantReplication":false,"privateEndpointConnections":[],"minimumTlsVersion":"TLS1_0","allowBlobPublicAccess":false,"networkAcls":{"ipv6Rules":[],"bypass":"AzureServices","virtualNetworkRules":[],"ipRules":[],"defaultAction":"Allow"},"supportsHttpsTrafficOnly":true,"encryption":{"services":{"file":{"keyType":"Account","enabled":true,"lastEnabledTime":"2025-10-24T09:48:49.6277345Z"},"blob":{"keyType":"Account","enabled":true,"lastEnabledTime":"2025-10-24T09:48:49.6277345Z"}},"keySource":"Microsoft.Storage"},"accessTier":"Hot","provisioningState":"Succeeded","creationTime":"2025-10-24T09:48:49.4089901Z","primaryEndpoints":{"dfs":"https://clitest000002.dfs.core.windows.net/","web":"https://clitest000002.z20.web.core.windows.net/","blob":"https://clitest000002.blob.core.windows.net/","queue":"https://clitest000002.queue.core.windows.net/","table":"https://clitest000002.table.core.windows.net/","file":"https://clitest000002.file.core.windows.net/"},"primaryLocation":"eastus2","statusOfPrimary":"available"}},{"sku":{"name":"Standard_LRS","tier":"Standard"},"kind":"StorageV2","id":"/subscriptions/00000000-0000-0000-0000-000000000000/resourceGroups/clitest.rg3q35ra5wbhknl5j2vzcybyglofljxr3d6tgsousarxfyamdcpf7c5gk7yu7hr2a7p/providers/Microsoft.Storage/storageAccounts/clitestzvoe2pfwcuum7mxlz","name":"clitestzvoe2pfwcuum7mxlz","type":"Microsoft.Storage/storageAccounts","location":"eastus2","tags":{},"properties":{"keyCreationTime":{"key1":"2025-09-25T03:57:05.1033852Z","key2":"2025-09-25T03:57:05.1033852Z"},"allowCrossTenantReplication":false,"privateEndpointConnections":[],"minimumTlsVersion":"TLS1_0","allowBlobPublicAccess":false,"networkAcls":{"ipv6Rules":[],"bypass":"AzureServices","virtualNetworkRules":[],"ipRules":[],"defaultAction":"Allow"},"supportsHttpsTrafficOnly":true,"encryption":{"services":{"file":{"keyType":"Account","enabled":true,"lastEnabledTime":"2025-09-25T03:57:05.1033852Z"},"blob":{"keyType":"Account","enabled":true,"lastEnabledTime":"2025-09-25T03:57:05.1033852Z"}},"keySource":"Microsoft.Storage"},"accessTier":"Hot","provisioningState":"Succeeded","creationTime":"2025-09-25T03:57:04.9002588Z","primaryEndpoints":{"dfs":"https://clitestzvoe2pfwcuum7mxlz.dfs.core.windows.net/","web":"https://clitestzvoe2pfwcuum7mxlz.z20.web.core.windows.net/","blob":"https://clitestzvoe2pfwcuum7mxlz.blob.core.windows.net/","queue":"https://clitestzvoe2pfwcuum7mxlz.queue.core.windows.net/","table":"https://clitestzvoe2pfwcuum7mxlz.table.core.windows.net/","file":"https://clitestzvoe2pfwcuum7mxlz.file.core.windows.net/"},"primaryLocation":"eastus2","statusOfPrimary":"available"}},{"sku":{"name":"Standard_RAGRS","tier":"Standard"},"kind":"StorageV2","id":"/subscriptions/00000000-0000-0000-0000-000000000000/resourceGroups/clistorageowvdprnb76xzakakpje63skewiagditoc3fxi5sqy4os4bse5ejyv7phauq5hz5ws/providers/Microsoft.Storage/storageAccounts/storagegrzsm336zcmyrgiwk","name":"storagegrzsm336zcmyrgiwk","type":"Microsoft.Storage/storageAccounts","location":"eastus2","tags":{},"properties":{"allowCrossTenantDelegationSas":false,"keyCreationTime":{"key1":"2025-10-24T09:30:05.6526986Z","key2":"2025-10-24T09:30:05.6526986Z"},"allowCrossTenantReplication":false,"privateEndpointConnections":[],"minimumTlsVersion":"TLS1_0","allowBlobPublicAccess":false,"networkAcls":{"ipv6Rules":[],"bypass":"AzureServices","virtualNetworkRules":[],"ipRules":[],"defaultAction":"Allow"},"supportsHttpsTrafficOnly":true,"encryption":{"services":{"file":{"keyType":"Account","enabled":true,"lastEnabledTime":"2025-10-24T09:30:05.6526986Z"},"blob":{"keyType":"Account","enabled":true,"lastEnabledTime":"2025-10-24T09:30:05.6526986Z"}},"keySource":"Microsoft.Storage"},"accessTier":"Hot","provisioningState":"Succeeded","creationTime":"2025-10-24T09:30:05.4651933Z","primaryEndpoints":{"dfs":"https://storagegrzsm336zcmyrgiwk.dfs.core.windows.net/","web":"https://storagegrzsm336zcmyrgiwk.z20.web.core.windows.net/","blob":"https://storagegrzsm336zcmyrgiwk.blob.core.windows.net/","queue":"https://storagegrzsm336zcmyrgiwk.queue.core.windows.net/","table":"https://storagegrzsm336zcmyrgiwk.table.core.windows.net/","file":"https://storagegrzsm336zcmyrgiwk.file.core.windows.net/"},"primaryLocation":"centralus","statusOfPrimary":"available","lastGeoFailoverTime":"2025-10-24T09:47:02.0778456Z","secondaryLocation":"eastus2","statusOfSecondary":"available","secondaryEndpoints":{"dfs":"https://storagegrzsm336zcmyrgiwk-secondary.dfs.core.windows.net/","web":"https://storagegrzsm336zcmyrgiwk-secondary.z20.web.core.windows.net/","blob":"https://storagegrzsm336zcmyrgiwk-secondary.blob.core.windows.net/","queue":"https://storagegrzsm336zcmyrgiwk-secondary.queue.core.windows.net/","table":"https://storagegrzsm336zcmyrgiwk-secondary.table.core.windows.net/"}}},{"sku":{"name":"Premium_LRS","tier":"Premium"},"kind":"Storage","id":"/subscriptions/00000000-0000-0000-0000-000000000000/resourceGroups/zytest2/providers/Microsoft.Storage/storageAccounts/vhdstoragebbbbb41b88fb42","name":"vhdstoragebbbbb41b88fb42","type":"Microsoft.Storage/storageAccounts","location":"eastus2","tags":{},"properties":{"allowCrossTenantDelegationSas":false,"keyCreationTime":{"key1":"2025-10-19T23:46:48.4392395Z","key2":"2025-10-19T23:46:48.4392395Z"},"allowCrossTenantReplication":false,"privateEndpointConnections":[],"minimumTlsVersion":"TLS1_0","allowBlobPublicAccess":false,"networkAcls":{"ipv6Rules":[],"bypass":"AzureServices","virtualNetworkRules":[],"ipRules":[],"defaultAction":"Allow"},"supportsHttpsTrafficOnly":false,"encryption":{"services":{"file":{"keyType":"Account","enabled":true,"lastEnabledTime":"2025-10-19T23:46:48.4392395Z"},"blob":{"keyType":"Account","enabled":true,"lastEnabledTime":"2025-10-19T23:46:48.4392395Z"}},"keySource":"Microsoft.Storage"},"provisioningState":"Succeeded","creationTime":"2025-10-19T23:46:48.2517329Z","primaryEndpoints":{"blob":"https://vhdstoragebbbbb41b88fb42.blob.core.windows.net/"},"primaryLocation":"eastus2","statusOfPrimary":"available"}},{"sku":{"name":"Standard_LRS","tier":"Standard"},"kind":"StorageV2","id":"/subscriptions/00000000-0000-0000-0000-000000000000/resourceGroups/clitest.rg5bdnk2aeobevc6altpql5ccckmxw5xdumhlfit67ldtb4qjohkuick577osc6fhvu/providers/Microsoft.Storage/storageAccounts/clitestrrmhgkea5lj6ibhso","name":"clitestrrmhgkea5lj6ibhso","type":"Microsoft.Storage/storageAccounts","location":"westus","tags":{},"properties":{"allowCrossTenantDelegationSas":false,"keyCreationTime":{"key1":"2025-10-24T09:48:54.6963947Z","key2":"2025-10-24T09:48:54.6963947Z"},"allowCrossTenantReplication":false,"privateEndpointConnections":[],"minimumTlsVersion":"TLS1_0","allowBlobPublicAccess":false,"networkAcls":{"ipv6Rules":[],"bypass":"AzureServices","virtualNetworkRules":[],"ipRules":[],"defaultAction":"Allow"},"supportsHttpsTrafficOnly":true,"encryption":{"services":{"file":{"keyType":"Account","enabled":true,"lastEnabledTime":"2025-10-24T09:48:54.7120202Z"},"blob":{"keyType":"Account","enabled":true,"lastEnabledTime":"2025-10-24T09:48:54.7120202Z"}},"keySource":"Microsoft.Storage"},"accessTier":"Hot","provisioningState":"Succeeded","creationTime":"2025-10-24T09:48:54.5870711Z","primaryEndpoints":{"dfs":"https://clitestrrmhgkea5lj6ibhso.dfs.core.windows.net/","web":"https://clitestrrmhgkea5lj6ibhso.z22.web.core.windows.net/","blob":"https://clitestrrmhgkea5lj6ibhso.blob.core.windows.net/","queue":"https://clitestrrmhgkea5lj6ibhso.queue.core.windows.net/","table":"https://clitestrrmhgkea5lj6ibhso.table.core.windows.net/","file":"https://clitestrrmhgkea5lj6ibhso.file.core.windows.net/"},"primaryLocation":"westus","statusOfPrimary":"available"}},{"sku":{"name":"Standard_LRS","tier":"Standard"},"kind":"Storage","id":"/subscriptions/00000000-0000-0000-0000-000000000000/resourceGroups/clitest.rgkr6r5swqxtr4che5jcy5jq2yxnhnf5thm6d3yeup57rmb3eck5dy4s6a6bfg3tukb/providers/Microsoft.Storage/storageAccounts/clitestsl655br6qijbc54bu","name":"clitestsl655br6qijbc54bu","type":"Microsoft.Storage/storageAccounts","location":"westus","tags":{},"properties":{"allowCrossTenantDelegationSas":false,"keyCreationTime":{"key1":"2025-10-24T09:49:12.6341599Z","key2":"2025-10-24T09:49:12.6341599Z"},"allowCrossTenantReplication":false,"privateEndpointConnections":[],"minimumTlsVersion":"TLS1_0","allowBlobPublicAccess":true,"networkAcls":{"ipv6Rules":[],"bypass":"AzureServices","virtualNetworkRules":[],"ipRules":[],"defaultAction":"Allow"},"supportsHttpsTrafficOnly":true,"encryption":{"services":{"file":{"keyType":"Account","enabled":true,"lastEnabledTime":"2025-10-24T09:49:12.6498193Z"},"blob":{"keyType":"Account","enabled":true,"lastEnabledTime":"2025-10-24T09:49:12.6498193Z"}},"keySource":"Microsoft.Storage"},"provisioningState":"Creating","creationTime":"2025-10-24T09:49:12.5403531Z","primaryEndpoints":{"blob":"https://clitestsl655br6qijbc54bu.blob.core.windows.net/","queue":"https://clitestsl655br6qijbc54bu.queue.core.windows.net/","table":"https://clitestsl655br6qijbc54bu.table.core.windows.net/","file":"https://clitestsl655br6qijbc54bu.file.core.windows.net/"},"primaryLocation":"westus","statusOfPrimary":"available"}},{"sku":{"name":"Standard_LRS","tier":"Standard"},"kind":"StorageV2","id":"/subscriptions/00000000-0000-0000-0000-000000000000/resourceGroups/clitestlnnugc4h23ae66fhghi6xu6qhu5ztbje3r44z6jw7ygnrogyca7fruxieoi5rn4xqo4f/providers/Microsoft.Storage/storageAccounts/clitestkexin5f3dgelcmx23","name":"clitestkexin5f3dgelcmx23","type":"Microsoft.Storage/storageAccounts","location":"centralus","tags":{},"properties":{"allowCrossTenantDelegationSas":false,"keyCreationTime":{"key1":"2025-09-25T03:59:06.3053903Z","key2":"2025-09-25T03:59:06.3053903Z"},"allowCrossTenantReplication":false,"privateEndpointConnections":[],"minimumTlsVersion":"TLS1_0","allowBlobPublicAccess":false,"networkAcls":{"ipv6Rules":[],"bypass":"AzureServices","virtualNetworkRules":[],"ipRules":[],"defaultAction":"Allow"},"supportsHttpsTrafficOnly":true,"encryption":{"services":{"file":{"keyType":"Account","enabled":true,"lastEnabledTime":"2025-09-25T03:59:06.3053903Z"},"blob":{"keyType":"Account","enabled":true,"lastEnabledTime":"2025-09-25T03:59:06.3053903Z"}},"keySource":"Microsoft.Storage"},"accessTier":"Hot","provisioningState":"Succeeded","creationTime":"2025-09-25T03:59:06.1803870Z","primaryEndpoints":{"dfs":"https://clitestkexin5f3dgelcmx23.dfs.core.windows.net/","web":"https://clitestkexin5f3dgelcmx23.z19.web.core.windows.net/","blob":"https://clitestkexin5f3dgelcmx23.blob.core.windows.net/","queue":"https://clitestkexin5f3dgelcmx23.queue.core.windows.net/","table":"https://clitestkexin5f3dgelcmx23.table.core.windows.net/","file":"https://clitestkexin5f3dgelcmx23.file.core.windows.net/"},"primaryLocation":"centralus","statusOfPrimary":"available"}},{"sku":{"name":"Standard_LRS","tier":"Standard"},"kind":"StorageV2","id":"/subscriptions/00000000-0000-0000-0000-000000000000/resourceGroups/clitestuaattuokyjhw7sntbufwibdlvp6rpovlp4dznqjwf6bid25ko3akrcsxwsxdnavrynrt/providers/Microsoft.Storage/storageAccounts/clitestp36tiug7ym2kwyzdd","name":"clitestp36tiug7ym2kwyzdd","type":"Microsoft.Storage/storageAccounts","location":"centralus","tags":{},"properties":{"allowCrossTenantDelegationSas":false,"keyCreationTime":{"key1":"2025-09-23T10:12:39.0741108Z","key2":"2025-09-23T10:12:39.0741108Z"},"allowCrossTenantReplication":false,"privateEndpointConnections":[],"minimumTlsVersion":"TLS1_0","allowBlobPublicAccess":false,"networkAcls":{"ipv6Rules":[],"bypass":"AzureServices","virtualNetworkRules":[],"ipRules":[],"defaultAction":"Allow"},"supportsHttpsTrafficOnly":true,"encryption":{"services":{"file":{"keyType":"Account","enabled":true,"lastEnabledTime":"2025-09-23T10:12:39.0897477Z"},"blob":{"keyType":"Account","enabled":true,"lastEnabledTime":"2025-09-23T10:12:39.0897477Z"}},"keySource":"Microsoft.Storage"},"accessTier":"Hot","provisioningState":"Succeeded","creationTime":"2025-09-23T10:12:38.9491125Z","primaryEndpoints":{"dfs":"https://clitestp36tiug7ym2kwyzdd.dfs.core.windows.net/","web":"https://clitestp36tiug7ym2kwyzdd.z19.web.core.windows.net/","blob":"https://clitestp36tiug7ym2kwyzdd.blob.core.windows.net/","queue":"https://clitestp36tiug7ym2kwyzdd.queue.core.windows.net/","table":"https://clitestp36tiug7ym2kwyzdd.table.core.windows.net/","file":"https://clitestp36tiug7ym2kwyzdd.file.core.windows.net/"},"primaryLocation":"centralus","statusOfPrimary":"available"}},{"sku":{"name":"Standard_LRS","tier":"Standard"},"kind":"StorageV2","id":"/subscriptions/00000000-0000-0000-0000-000000000000/resourceGroups/storage_blob_restoreeggismeit7byoew57oof5jam5jmyvgzpkwxocaaflihh6l4v636edgd/providers/Microsoft.Storage/storageAccounts/restoresizric34kenyk3z4p","name":"restoresizric34kenyk3z4p","type":"Microsoft.Storage/storageAccounts","location":"centralus","tags":{},"properties":{"allowCrossTenantDelegationSas":false,"keyCreationTime":{"key1":"2025-10-24T09:43:36.9772807Z","key2":"2025-10-24T09:43:36.9772807Z"},"allowCrossTenantReplication":false,"privateEndpointConnections":[],"minimumTlsVersion":"TLS1_0","allowBlobPublicAccess":false,"networkAcls":{"ipv6Rules":[],"bypass":"AzureServices","virtualNetworkRules":[],"ipRules":[],"defaultAction":"Allow"},"supportsHttpsTrafficOnly":true,"encryption":{"services":{"file":{"keyType":"Account","enabled":true,"lastEnabledTime":"2025-10-24T09:43:36.9772807Z"},"blob":{"keyType":"Account","enabled":true,"lastEnabledTime":"2025-10-24T09:43:36.9772807Z"}},"keySource":"Microsoft.Storage"},"accessTier":"Hot","provisioningState":"Succeeded","creationTime":"2025-10-24T09:43:36.8210296Z","primaryEndpoints":{"dfs":"https://restoresizric34kenyk3z4p.dfs.core.windows.net/","web":"https://restoresizric34kenyk3z4p.z19.web.core.windows.net/","blob":"https://restoresizric34kenyk3z4p.blob.core.windows.net/","queue":"https://restoresizric34kenyk3z4p.queue.core.windows.net/","table":"https://restoresizric34kenyk3z4p.table.core.windows.net/","file":"https://restoresizric34kenyk3z4p.file.core.windows.net/"},"primaryLocation":"centralus","statusOfPrimary":"available"}},{"sku":{"name":"Standard_LRS","tier":"Standard"},"kind":"StorageV2","id":"/subscriptions/00000000-0000-0000-0000-000000000000/resourceGroups/clitestubryjfms4ribsqr6m5z74pugac7bkp6vh72pja72ltdocpzx5ihrb65722hio224oat3/providers/Microsoft.Storage/storageAccounts/versionmw64tyonjtv3d5ip2","name":"versionmw64tyonjtv3d5ip2","type":"Microsoft.Storage/storageAccounts","location":"centralus","tags":{},"properties":{"allowCrossTenantDelegationSas":false,"keyCreationTime":{"key1":"2025-09-25T03:40:22.5426763Z","key2":"2025-09-25T03:40:22.5426763Z"},"allowCrossTenantReplication":false,"privateEndpointConnections":[],"minimumTlsVersion":"TLS1_0","allowBlobPublicAccess":false,"networkAcls":{"ipv6Rules":[],"bypass":"AzureServices","virtualNetworkRules":[],"ipRules":[],"defaultAction":"Allow"},"supportsHttpsTrafficOnly":true,"encryption":{"services":{"file":{"keyType":"Account","enabled":true,"lastEnabledTime":"2025-09-25T03:40:22.5583028Z"},"blob":{"keyType":"Account","enabled":true,"lastEnabledTime":"2025-09-25T03:40:22.5583028Z"}},"keySource":"Microsoft.Storage"},"accessTier":"Hot","provisioningState":"Succeeded","creationTime":"2025-09-25T03:40:22.3864273Z","primaryEndpoints":{"dfs":"https://versionmw64tyonjtv3d5ip2.dfs.core.windows.net/","web":"https://versionmw64tyonjtv3d5ip2.z19.web.core.windows.net/","blob":"https://versionmw64tyonjtv3d5ip2.blob.core.windows.net/","queue":"https://versionmw64tyonjtv3d5ip2.queue.core.windows.net/","table":"https://versionmw64tyonjtv3d5ip2.table.core.windows.net/","file":"https://versionmw64tyonjtv3d5ip2.file.core.windows.net/"},"primaryLocation":"centralus","statusOfPrimary":"available"}},{"sku":{"name":"Standard_LRS","tier":"Standard"},"kind":"StorageV2","id":"/subscriptions/00000000-0000-0000-0000-000000000000/resourceGroups/clitestndb3wxemvszq4dkh3c5ls3mcc7xfcno3ce3s5u4mjp26m4i3jmlvafpw5ovooqzruuvk/providers/Microsoft.Storage/storageAccounts/versionohptwbpljnotpfw37","name":"versionohptwbpljnotpfw37","type":"Microsoft.Storage/storageAccounts","location":"centralus","tags":{},"properties":{"allowCrossTenantDelegationSas":false,"keyCreationTime":{"key1":"2025-09-23T10:12:32.8241298Z","key2":"2025-09-23T10:12:32.8241298Z"},"allowCrossTenantReplication":false,"privateEndpointConnections":[],"minimumTlsVersion":"TLS1_0","allowBlobPublicAccess":false,"networkAcls":{"ipv6Rules":[],"bypass":"AzureServices","virtualNetworkRules":[],"ipRules":[],"defaultAction":"Allow"},"supportsHttpsTrafficOnly":true,"encryption":{"services":{"file":{"keyType":"Account","enabled":true,"lastEnabledTime":"2025-09-23T10:12:32.8397577Z"},"blob":{"keyType":"Account","enabled":true,"lastEnabledTime":"2025-09-23T10:12:32.8397577Z"}},"keySource":"Microsoft.Storage"},"accessTier":"Hot","provisioningState":"Succeeded","creationTime":"2025-09-23T10:12:32.6991330Z","primaryEndpoints":{"dfs":"https://versionohptwbpljnotpfw37.dfs.core.windows.net/","web":"https://versionohptwbpljnotpfw37.z19.web.core.windows.net/","blob":"https://versionohptwbpljnotpfw37.blob.core.windows.net/","queue":"https://versionohptwbpljnotpfw37.queue.core.windows.net/","table":"https://versionohptwbpljnotpfw37.table.core.windows.net/","file":"https://versionohptwbpljnotpfw37.file.core.windows.net/"},"primaryLocation":"centralus","statusOfPrimary":"available"}},{"sku":{"name":"Standard_LRS","tier":"Standard"},"kind":"StorageV2","id":"/subscriptions/00000000-0000-0000-0000-000000000000/resourceGroups/clitestgwromsdv4i3vkl324rwkm4na5jpyx5v4ep3ynmayjjqk574ljnpg4uxhmhguq7c5ul4d/providers/Microsoft.Storage/storageAccounts/versionsu6y6a75br7hir56q","name":"versionsu6y6a75br7hir56q","type":"Microsoft.Storage/storageAccounts","location":"centralus","tags":{},"properties":{"allowCrossTenantDelegationSas":false,"keyCreationTime":{"key1":"2025-10-24T09:46:55.3976899Z","key2":"2025-10-24T09:46:55.3976899Z"},"allowCrossTenantReplication":false,"privateEndpointConnections":[],"minimumTlsVersion":"TLS1_0","allowBlobPublicAccess":false,"networkAcls":{"ipv6Rules":[],"bypass":"AzureServices","virtualNetworkRules":[],"ipRules":[],"defaultAction":"Allow"},"supportsHttpsTrafficOnly":true,"encryption":{"services":{"file":{"keyType":"Account","enabled":true,"lastEnabledTime":"2025-10-24T09:46:55.3976899Z"},"blob":{"keyType":"Account","enabled":true,"lastEnabledTime":"2025-10-24T09:46:55.3976899Z"}},"keySource":"Microsoft.Storage"},"accessTier":"Hot","provisioningState":"Succeeded","creationTime":"2025-10-24T09:46:55.2258149Z","primaryEndpoints":{"dfs":"https://versionsu6y6a75br7hir56q.dfs.core.windows.net/","web":"https://versionsu6y6a75br7hir56q.z19.web.core.windows.net/","blob":"https://versionsu6y6a75br7hir56q.blob.core.windows.net/","queue":"https://versionsu6y6a75br7hir56q.queue.core.windows.net/","table":"https://versionsu6y6a75br7hir56q.table.core.windows.net/","file":"https://versionsu6y6a75br7hir56q.file.core.windows.net/"},"primaryLocation":"centralus","statusOfPrimary":"available"}}]}'
    headers:
      cache-control:
      - no-cache
      content-length:
      - '22955'
      content-type:
      - application/json; charset=utf-8
      date:
      - Fri, 24 Oct 2025 09:49:13 GMT
      expires:
      - '-1'
      pragma:
      - no-cache
      strict-transport-security:
      - max-age=31536000; includeSubDomains
      x-content-type-options:
      - nosniff
      x-ms-original-request-ids:
      - 2797f6d2-eecf-4380-90bf-27f46d9910ff
      - f26a4235-0d9b-40f1-929a-fd71390129ce
      - 0a16b0b5-fbaf-4702-aaac-24dfdcb152ea
      - c3050ed5-1e7f-4fca-8ed5-1cd9239335d0
      x-ms-throttling-version:
      - v2
    status:
      code: 200
      message: OK
- request:
    body: null
    headers:
      Accept:
      - application/json
      Accept-Encoding:
      - gzip, deflate
      CommandName:
      - storage container create
      Connection:
      - keep-alive
      Content-Length:
      - '0'
      ParameterSetName:
      - --account-name -n
      User-Agent:
      - AZURECLI/2.78.0 azsdk-python-core/1.35.0 Python/3.12.10 (Windows-10-10.0.19045-SP0)
    method: POST
    uri: https://management.azure.com/subscriptions/00000000-0000-0000-0000-000000000000/resourceGroups/clitest.rg000001/providers/Microsoft.Storage/storageAccounts/clitest000002/listKeys?api-version=2025-06-01&$expand=kerb
  response:
    body:
      string: '{"keys":[{"creationTime":"2025-10-24T09:48:49.6121083Z","keyName":"key1","value":"veryFakedStorageAccountKey==","permissions":"FULL"},{"creationTime":"2025-10-24T09:48:49.6121083Z","keyName":"key2","value":"veryFakedStorageAccountKey==","permissions":"FULL"}]}'
    headers:
      cache-control:
      - no-cache
      content-length:
      - '260'
      content-type:
      - application/json
      date:
      - Fri, 24 Oct 2025 09:49:14 GMT
      expires:
      - '-1'
      pragma:
      - no-cache
      server:
      - Microsoft-Azure-Storage-Resource-Provider/1.0,Microsoft-HTTPAPI/2.0 Microsoft-HTTPAPI/2.0
      strict-transport-security:
      - max-age=31536000; includeSubDomains
      x-content-type-options:
      - nosniff
      x-ms-operation-identifier:
      - tenantId=7b31ddc4-9101-4ef0-a387-79ce181cacdb,objectId=7b1bdbe4-80ac-47f9-882b-33d6e62950ab/eastus2euap/48a97d1c-67ad-4866-8935-c11b68e0ea8c
      x-ms-ratelimit-remaining-subscription-resource-requests:
      - '799'
      x-ms-throttling-version:
      - v1
    status:
      code: 200
      message: OK
- request:
    body: null
    headers:
      Accept:
      - application/xml
      Accept-Encoding:
      - gzip, deflate
      CommandName:
      - storage container create
      Connection:
      - keep-alive
      Content-Length:
      - '0'
      ParameterSetName:
      - --account-name -n
      User-Agent:
      - AZURECLI/2.78.0 azsdk-python-storage-blob/12.16.0 Python/3.12.10 (Windows-10-10.0.19045-SP0)
      x-ms-date:
      - Fri, 24 Oct 2025 09:49:15 GMT
      x-ms-version:
      - '2022-11-02'
    method: PUT
    uri: https://clitest000002.blob.core.windows.net/container1?restype=container
  response:
    body:
      string: ''
    headers:
      content-length:
      - '0'
      date:
      - Fri, 24 Oct 2025 09:49:16 GMT
      etag:
      - '"0x8DE12E298F6EA78"'
      last-modified:
      - Fri, 24 Oct 2025 09:49:17 GMT
      server:
      - Windows-Azure-Blob/1.0 Microsoft-HTTPAPI/2.0
      x-ms-version:
      - '2022-11-02'
    status:
      code: 201
      message: Created
- request:
    body: '{"properties": {"immutabilityPeriodSinceCreationInDays": 1, "allowProtectedAppendWritesAll":
      true}}'
    headers:
      Accept:
      - application/json
      Accept-Encoding:
      - gzip, deflate
      CommandName:
      - storage container immutability-policy create
      Connection:
      - keep-alive
      Content-Length:
      - '99'
      Content-Type:
      - application/json
      ParameterSetName:
      - --account-name -c -g --period --w-all
      User-Agent:
      - AZURECLI/2.78.0 azsdk-python-core/1.35.0 Python/3.12.10 (Windows-10-10.0.19045-SP0)
    method: PUT
    uri: https://management.azure.com/subscriptions/00000000-0000-0000-0000-000000000000/resourceGroups/clitest.rg000001/providers/Microsoft.Storage/storageAccounts/clitest000002/blobServices/default/containers/container1/immutabilityPolicies/default?api-version=2025-06-01
  response:
    body:
      string: '{"id":"/subscriptions/00000000-0000-0000-0000-000000000000/resourceGroups/clitest.rg000001/providers/Microsoft.Storage/storageAccounts/clitest000002/blobServices/default/containers/container1/immutabilityPolicies/default","name":"default","type":"Microsoft.Storage/storageAccounts/blobServices/containers/immutabilityPolicies","etag":"\"8de12e299e5bbe7\"","properties":{"allowProtectedAppendWritesAll":true,"immutabilityPeriodSinceCreationInDays":1,"state":"Unlocked"}}'
    headers:
      cache-control:
      - no-cache
      content-length:
      - '469'
      content-type:
      - application/json
      date:
      - Fri, 24 Oct 2025 09:49:17 GMT
      etag:
      - '"8de12e299e5bbe7"'
      expires:
      - '-1'
      pragma:
      - no-cache
      server:
      - Microsoft-Azure-Storage-Resource-Provider/1.0,Microsoft-HTTPAPI/2.0 Microsoft-HTTPAPI/2.0
      strict-transport-security:
      - max-age=31536000; includeSubDomains
      x-content-type-options:
      - nosniff
      x-ms-operation-identifier:
      - tenantId=7b31ddc4-9101-4ef0-a387-79ce181cacdb,objectId=7b1bdbe4-80ac-47f9-882b-33d6e62950ab/eastus2euap/57165d9b-f483-4e44-b86a-666206944e76
      x-ms-ratelimit-remaining-subscription-writes:
      - '199'
      x-ms-throttling-version:
      - v2
    status:
      code: 200
      message: OK
- request:
    body: null
    headers:
      Accept:
      - application/json
      Accept-Encoding:
      - gzip, deflate
      CommandName:
      - storage container immutability-policy show
      Connection:
      - keep-alive
      ParameterSetName:
      - --account-name -c -g
      User-Agent:
      - AZURECLI/2.78.0 azsdk-python-core/1.35.0 Python/3.12.10 (Windows-10-10.0.19045-SP0)
    method: GET
    uri: https://management.azure.com/subscriptions/00000000-0000-0000-0000-000000000000/resourceGroups/clitest.rg000001/providers/Microsoft.Storage/storageAccounts/clitest000002/blobServices/default/containers/container1/immutabilityPolicies/default?api-version=2025-06-01
  response:
    body:
      string: '{"id":"/subscriptions/00000000-0000-0000-0000-000000000000/resourceGroups/clitest.rg000001/providers/Microsoft.Storage/storageAccounts/clitest000002/blobServices/default/containers/container1/immutabilityPolicies/default","name":"default","type":"Microsoft.Storage/storageAccounts/blobServices/containers/immutabilityPolicies","etag":"\"8de12e299e5bbe7\"","properties":{"allowProtectedAppendWritesAll":true,"immutabilityPeriodSinceCreationInDays":1,"state":"Unlocked"}}'
    headers:
      cache-control:
      - no-cache
      content-length:
      - '469'
      content-type:
      - application/json
      date:
      - Fri, 24 Oct 2025 09:49:19 GMT
      etag:
      - '"8de12e299e5bbe7"'
      expires:
      - '-1'
      pragma:
      - no-cache
      server:
      - Microsoft-Azure-Storage-Resource-Provider/1.0,Microsoft-HTTPAPI/2.0 Microsoft-HTTPAPI/2.0
      strict-transport-security:
      - max-age=31536000; includeSubDomains
      x-content-type-options:
      - nosniff
      x-ms-operation-identifier:
      - tenantId=7b31ddc4-9101-4ef0-a387-79ce181cacdb,objectId=7b1bdbe4-80ac-47f9-882b-33d6e62950ab/eastus2euap/227f1237-f579-4494-b6e1-bc853aed8446
      x-ms-throttling-version:
      - v2
    status:
      code: 200
      message: OK
- request:
    body: null
    headers:
      Accept:
      - application/json
      Accept-Encoding:
      - gzip, deflate
      CommandName:
      - storage container immutability-policy delete
      Connection:
      - keep-alive
      Content-Length:
      - '0'
      If-Match:
      - '"8de12e299e5bbe7"'
      ParameterSetName:
      - --account-name -c -g --if-match
      User-Agent:
      - AZURECLI/2.78.0 azsdk-python-core/1.35.0 Python/3.12.10 (Windows-10-10.0.19045-SP0)
    method: DELETE
    uri: https://management.azure.com/subscriptions/00000000-0000-0000-0000-000000000000/resourceGroups/clitest.rg000001/providers/Microsoft.Storage/storageAccounts/clitest000002/blobServices/default/containers/container1/immutabilityPolicies/default?api-version=2025-06-01
  response:
    body:
      string: '{"id":"/subscriptions/00000000-0000-0000-0000-000000000000/resourceGroups/clitest.rg000001/providers/Microsoft.Storage/storageAccounts/clitest000002/blobServices/default/containers/container1/immutabilityPolicies/default","name":"default","type":"Microsoft.Storage/storageAccounts/blobServices/containers/immutabilityPolicies","etag":"\"8de12e29bce7d87\"","properties":{"immutabilityPeriodSinceCreationInDays":0,"state":"Deleted"}}'
    headers:
      cache-control:
      - no-cache
      content-length:
      - '431'
      content-type:
      - application/json
      date:
      - Fri, 24 Oct 2025 09:49:21 GMT
      etag:
      - '"8de12e29bce7d87"'
      expires:
      - '-1'
      pragma:
      - no-cache
      server:
      - Microsoft-Azure-Storage-Resource-Provider/1.0,Microsoft-HTTPAPI/2.0 Microsoft-HTTPAPI/2.0
      strict-transport-security:
      - max-age=31536000; includeSubDomains
      x-content-type-options:
      - nosniff
      x-ms-operation-identifier:
      - tenantId=7b31ddc4-9101-4ef0-a387-79ce181cacdb,objectId=7b1bdbe4-80ac-47f9-882b-33d6e62950ab/eastus2euap/2c528052-9dee-48a4-8987-4c2fead21c0b
      x-ms-ratelimit-remaining-subscription-deletes:
      - '199'
      x-ms-throttling-version:
      - v2
    status:
      code: 200
      message: OK
- request:
    body: '{"properties": {"immutabilityPeriodSinceCreationInDays": 1, "allowProtectedAppendWritesAll":
      false}}'
    headers:
      Accept:
      - application/json
      Accept-Encoding:
      - gzip, deflate
      CommandName:
      - storage container immutability-policy create
      Connection:
      - keep-alive
      Content-Length:
      - '100'
      Content-Type:
      - application/json
      ParameterSetName:
      - --account-name -c -g --period --w-all
      User-Agent:
      - AZURECLI/2.78.0 azsdk-python-core/1.35.0 Python/3.12.10 (Windows-10-10.0.19045-SP0)
    method: PUT
    uri: https://management.azure.com/subscriptions/00000000-0000-0000-0000-000000000000/resourceGroups/clitest.rg000001/providers/Microsoft.Storage/storageAccounts/clitest000002/blobServices/default/containers/container1/immutabilityPolicies/default?api-version=2025-06-01
  response:
    body:
      string: '{"id":"/subscriptions/00000000-0000-0000-0000-000000000000/resourceGroups/clitest.rg000001/providers/Microsoft.Storage/storageAccounts/clitest000002/blobServices/default/containers/container1/immutabilityPolicies/default","name":"default","type":"Microsoft.Storage/storageAccounts/blobServices/containers/immutabilityPolicies","etag":"\"8de12e29cd9870d\"","properties":{"allowProtectedAppendWritesAll":false,"immutabilityPeriodSinceCreationInDays":1,"state":"Unlocked"}}'
    headers:
      cache-control:
      - no-cache
      content-length:
      - '470'
      content-type:
      - application/json
      date:
      - Fri, 24 Oct 2025 09:49:23 GMT
      etag:
      - '"8de12e29cd9870d"'
      expires:
      - '-1'
      pragma:
      - no-cache
      server:
      - Microsoft-Azure-Storage-Resource-Provider/1.0,Microsoft-HTTPAPI/2.0 Microsoft-HTTPAPI/2.0
      strict-transport-security:
      - max-age=31536000; includeSubDomains
      x-content-type-options:
      - nosniff
      x-ms-operation-identifier:
      - tenantId=7b31ddc4-9101-4ef0-a387-79ce181cacdb,objectId=7b1bdbe4-80ac-47f9-882b-33d6e62950ab/eastus2euap/a161c318-f8be-4dd4-b658-44de45f9d45a
      x-ms-ratelimit-remaining-subscription-writes:
      - '199'
      x-ms-throttling-version:
      - v2
    status:
      code: 200
      message: OK
- request:
    body: '{"properties": {"allowProtectedAppendWritesAll": true}}'
    headers:
      Accept:
      - application/json
      Accept-Encoding:
      - gzip, deflate
      CommandName:
      - storage container immutability-policy create
      Connection:
      - keep-alive
      Content-Length:
      - '55'
      Content-Type:
      - application/json
      ParameterSetName:
      - --account-name -c -g --w-all
      User-Agent:
      - AZURECLI/2.78.0 azsdk-python-core/1.35.0 Python/3.12.10 (Windows-10-10.0.19045-SP0)
    method: PUT
    uri: https://management.azure.com/subscriptions/00000000-0000-0000-0000-000000000000/resourceGroups/clitest.rg000001/providers/Microsoft.Storage/storageAccounts/clitest000002/blobServices/default/containers/container1/immutabilityPolicies/default?api-version=2025-06-01
  response:
    body:
      string: '{"id":"/subscriptions/00000000-0000-0000-0000-000000000000/resourceGroups/clitest.rg000001/providers/Microsoft.Storage/storageAccounts/clitest000002/blobServices/default/containers/container1/immutabilityPolicies/default","name":"default","type":"Microsoft.Storage/storageAccounts/blobServices/containers/immutabilityPolicies","etag":"\"8de12e29dee199e\"","properties":{"allowProtectedAppendWritesAll":true,"immutabilityPeriodSinceCreationInDays":1,"state":"Unlocked"}}'
    headers:
      cache-control:
      - no-cache
      content-length:
      - '469'
      content-type:
      - application/json
      date:
      - Fri, 24 Oct 2025 09:49:25 GMT
      etag:
      - '"8de12e29dee199e"'
      expires:
      - '-1'
      pragma:
      - no-cache
      server:
      - Microsoft-Azure-Storage-Resource-Provider/1.0,Microsoft-HTTPAPI/2.0 Microsoft-HTTPAPI/2.0
      strict-transport-security:
      - max-age=31536000; includeSubDomains
      x-content-type-options:
      - nosniff
      x-ms-operation-identifier:
      - tenantId=7b31ddc4-9101-4ef0-a387-79ce181cacdb,objectId=7b1bdbe4-80ac-47f9-882b-33d6e62950ab/eastus2euap/8b5f81af-f6a5-4fe7-b1d7-e7ce754cb63d
      x-ms-ratelimit-remaining-subscription-writes:
      - '199'
      x-ms-throttling-version:
      - v2
    status:
      code: 200
      message: OK
- request:
    body: null
    headers:
      Accept:
      - application/json
      Accept-Encoding:
      - gzip, deflate
      CommandName:
      - storage container immutability-policy show
      Connection:
      - keep-alive
      ParameterSetName:
      - --account-name -c -g
      User-Agent:
      - AZURECLI/2.78.0 azsdk-python-core/1.35.0 Python/3.12.10 (Windows-10-10.0.19045-SP0)
    method: GET
    uri: https://management.azure.com/subscriptions/00000000-0000-0000-0000-000000000000/resourceGroups/clitest.rg000001/providers/Microsoft.Storage/storageAccounts/clitest000002/blobServices/default/containers/container1/immutabilityPolicies/default?api-version=2025-06-01
  response:
    body:
      string: '{"id":"/subscriptions/00000000-0000-0000-0000-000000000000/resourceGroups/clitest.rg000001/providers/Microsoft.Storage/storageAccounts/clitest000002/blobServices/default/containers/container1/immutabilityPolicies/default","name":"default","type":"Microsoft.Storage/storageAccounts/blobServices/containers/immutabilityPolicies","etag":"\"8de12e29dee199e\"","properties":{"allowProtectedAppendWritesAll":true,"immutabilityPeriodSinceCreationInDays":1,"state":"Unlocked"}}'
    headers:
      cache-control:
      - no-cache
      connection:
      - close
      content-length:
      - '469'
      content-type:
      - application/json
      date:
      - Fri, 24 Oct 2025 09:49:26 GMT
      etag:
      - '"8de12e29dee199e"'
      expires:
      - '-1'
      pragma:
      - no-cache
      server:
      - Microsoft-Azure-Storage-Resource-Provider/1.0,Microsoft-HTTPAPI/2.0 Microsoft-HTTPAPI/2.0
      strict-transport-security:
      - max-age=31536000; includeSubDomains
      x-content-type-options:
      - nosniff
      x-ms-operation-identifier:
      - tenantId=7b31ddc4-9101-4ef0-a387-79ce181cacdb,objectId=7b1bdbe4-80ac-47f9-882b-33d6e62950ab/eastus2euap/3a3b06a5-a449-42e0-ba12-ab4739fb767c
      x-ms-throttling-version:
      - v2
    status:
      code: 200
      message: OK
- request:
    body: null
    headers:
      Accept:
      - application/json
      Accept-Encoding:
      - gzip, deflate
      CommandName:
      - storage container immutability-policy lock
      Connection:
      - keep-alive
      Content-Length:
      - '0'
      If-Match:
      - '"8de12e29dee199e"'
      ParameterSetName:
      - --account-name -c -g --if-match
      User-Agent:
      - AZURECLI/2.78.0 azsdk-python-core/1.35.0 Python/3.12.10 (Windows-10-10.0.19045-SP0)
    method: POST
    uri: https://management.azure.com/subscriptions/00000000-0000-0000-0000-000000000000/resourceGroups/clitest.rg000001/providers/Microsoft.Storage/storageAccounts/clitest000002/blobServices/default/containers/container1/immutabilityPolicies/default/lock?api-version=2025-06-01
  response:
    body:
      string: '{"id":"/subscriptions/00000000-0000-0000-0000-000000000000/resourceGroups/clitest.rg000001/providers/Microsoft.Storage/storageAccounts/clitest000002/blobServices/default/containers/container1/immutabilityPolicies/default","name":"default","type":"Microsoft.Storage/storageAccounts/blobServices/containers/immutabilityPolicies","etag":"\"8de12e29fdba459\"","properties":{"allowProtectedAppendWritesAll":true,"immutabilityPeriodSinceCreationInDays":1,"state":"Locked"}}'
    headers:
      cache-control:
      - no-cache
      content-length:
      - '467'
      content-type:
      - application/json
      date:
      - Fri, 24 Oct 2025 09:49:28 GMT
      etag:
      - '"8de12e29fdba459"'
      expires:
      - '-1'
      pragma:
      - no-cache
      server:
      - Microsoft-Azure-Storage-Resource-Provider/1.0,Microsoft-HTTPAPI/2.0 Microsoft-HTTPAPI/2.0
      strict-transport-security:
      - max-age=31536000; includeSubDomains
      x-content-type-options:
      - nosniff
      x-ms-operation-identifier:
      - tenantId=7b31ddc4-9101-4ef0-a387-79ce181cacdb,objectId=7b1bdbe4-80ac-47f9-882b-33d6e62950ab/eastus2euap/ba4a81e3-51d2-4271-beea-f2aee987e313
      x-ms-ratelimit-remaining-subscription-writes:
      - '198'
      x-ms-throttling-version:
      - v2
    status:
      code: 200
      message: OK
- request:
    body: null
    headers:
      Accept:
      - application/json
      Accept-Encoding:
      - gzip, deflate
      CommandName:
      - storage container immutability-policy show
      Connection:
      - keep-alive
      ParameterSetName:
      - --account-name -c -g
      User-Agent:
      - AZURECLI/2.78.0 azsdk-python-core/1.35.0 Python/3.12.10 (Windows-10-10.0.19045-SP0)
    method: GET
    uri: https://management.azure.com/subscriptions/00000000-0000-0000-0000-000000000000/resourceGroups/clitest.rg000001/providers/Microsoft.Storage/storageAccounts/clitest000002/blobServices/default/containers/container1/immutabilityPolicies/default?api-version=2025-06-01
  response:
    body:
      string: '{"id":"/subscriptions/00000000-0000-0000-0000-000000000000/resourceGroups/clitest.rg000001/providers/Microsoft.Storage/storageAccounts/clitest000002/blobServices/default/containers/container1/immutabilityPolicies/default","name":"default","type":"Microsoft.Storage/storageAccounts/blobServices/containers/immutabilityPolicies","etag":"\"8de12e29fdba459\"","properties":{"allowProtectedAppendWritesAll":true,"immutabilityPeriodSinceCreationInDays":1,"state":"Locked"}}'
    headers:
      cache-control:
      - no-cache
      content-length:
      - '467'
      content-type:
      - application/json
      date:
      - Fri, 24 Oct 2025 09:49:29 GMT
      etag:
      - '"8de12e29fdba459"'
      expires:
      - '-1'
      pragma:
      - no-cache
      server:
      - Microsoft-Azure-Storage-Resource-Provider/1.0,Microsoft-HTTPAPI/2.0 Microsoft-HTTPAPI/2.0
      strict-transport-security:
      - max-age=31536000; includeSubDomains
      x-content-type-options:
      - nosniff
      x-ms-operation-identifier:
      - tenantId=7b31ddc4-9101-4ef0-a387-79ce181cacdb,objectId=7b1bdbe4-80ac-47f9-882b-33d6e62950ab/eastus2euap/514c93b8-aa88-4762-969c-2d756c3a0de2
      x-ms-throttling-version:
      - v2
    status:
      code: 200
      message: OK
- request:
    body: '{"properties": {"immutabilityPeriodSinceCreationInDays": 5}}'
    headers:
      Accept:
      - application/json
      Accept-Encoding:
      - gzip, deflate
      CommandName:
      - storage container immutability-policy extend
      Connection:
      - keep-alive
      Content-Length:
      - '60'
      Content-Type:
      - application/json
      If-Match:
      - '"8de12e29fdba459"'
      ParameterSetName:
      - --account-name -c -g --period --if-match
      User-Agent:
      - AZURECLI/2.78.0 azsdk-python-core/1.35.0 Python/3.12.10 (Windows-10-10.0.19045-SP0)
    method: POST
    uri: https://management.azure.com/subscriptions/00000000-0000-0000-0000-000000000000/resourceGroups/clitest.rg000001/providers/Microsoft.Storage/storageAccounts/clitest000002/blobServices/default/containers/container1/immutabilityPolicies/default/extend?api-version=2025-06-01
  response:
    body:
      string: '{"id":"/subscriptions/00000000-0000-0000-0000-000000000000/resourceGroups/clitest.rg000001/providers/Microsoft.Storage/storageAccounts/clitest000002/blobServices/default/containers/container1/immutabilityPolicies/default","name":"default","type":"Microsoft.Storage/storageAccounts/blobServices/containers/immutabilityPolicies","etag":"\"8de12e2a1e36826\"","properties":{"allowProtectedAppendWritesAll":true,"immutabilityPeriodSinceCreationInDays":5,"state":"Locked"}}'
    headers:
      cache-control:
      - no-cache
      content-length:
      - '467'
      content-type:
      - application/json
      date:
      - Fri, 24 Oct 2025 09:49:31 GMT
      etag:
      - '"8de12e2a1e36826"'
      expires:
      - '-1'
      pragma:
      - no-cache
      server:
      - Microsoft-Azure-Storage-Resource-Provider/1.0,Microsoft-HTTPAPI/2.0 Microsoft-HTTPAPI/2.0
      strict-transport-security:
      - max-age=31536000; includeSubDomains
      x-content-type-options:
      - nosniff
      x-ms-operation-identifier:
      - tenantId=7b31ddc4-9101-4ef0-a387-79ce181cacdb,objectId=7b1bdbe4-80ac-47f9-882b-33d6e62950ab/eastus2euap/6e256cdc-37a8-4c89-bcc4-3a303ae3ad57
      x-ms-ratelimit-remaining-subscription-writes:
      - '199'
      x-ms-throttling-version:
      - v2
    status:
      code: 200
      message: OK
version: 1
