interactions:
- request:
    body: null
    headers:
      Accept:
      - application/json
      Accept-Encoding:
      - gzip, deflate
      CommandName:
      - storage account blob-service-properties update
      Connection:
      - keep-alive
      ParameterSetName:
      - --enable-change-feed --change-feed-retention-days -n -g
      User-Agent:
      - AZURECLI/2.77.0 azsdk-python-core/1.35.0 Python/3.12.10 (Windows-10-10.0.19045-SP0)
    method: GET
    uri: https://management.azure.com/subscriptions/00000000-0000-0000-0000-000000000000/resourceGroups/cli_storage_account_update_change_feed000001/providers/Microsoft.Storage/storageAccounts/clitest000002/blobServices/default?api-version=2025-01-01
  response:
    body:
      string: '{"sku":{"name":"Standard_LRS","tier":"Standard"},"id":"/subscriptions/00000000-0000-0000-0000-000000000000/resourceGroups/cli_storage_account_update_change_feed000001/providers/Microsoft.Storage/storageAccounts/clitest000002/blobServices/default","name":"default","type":"Microsoft.Storage/storageAccounts/blobServices","properties":{"cors":{"corsRules":[]},"deleteRetentionPolicy":{"allowPermanentDelete":false,"enabled":false}}}'
    headers:
      cache-control:
      - no-cache
      content-length:
      - '430'
      content-type:
      - application/json
      date:
      - Tue, 23 Sep 2025 09:42:45 GMT
      expires:
      - '-1'
      pragma:
      - no-cache
      server:
      - Microsoft-Azure-Storage-Resource-Provider/1.0,Microsoft-HTTPAPI/2.0 Microsoft-HTTPAPI/2.0
      strict-transport-security:
      - max-age=31536000; includeSubDomains
      x-content-type-options:
      - nosniff
      x-ms-operation-identifier:
      - tenantId=7b31ddc4-9101-4ef0-a387-79ce181cacdb,objectId=7b1bdbe4-80ac-47f9-882b-33d6e62950ab/eastus2euap/fe9bb3c7-96b7-4a1f-a61d-1c681e4b35d6
      x-ms-throttling-version:
      - v2
    status:
      code: 200
      message: OK
- request:
    body: '{"properties": {"cors": {"corsRules": []}, "deleteRetentionPolicy": {"enabled":
      false, "allowPermanentDelete": false}, "changeFeed": {"enabled": true, "retentionInDays":
      1}}}'
    headers:
      Accept:
      - application/json
      Accept-Encoding:
      - gzip, deflate
      CommandName:
      - storage account blob-service-properties update
      Connection:
      - keep-alive
      Content-Length:
      - '174'
      Content-Type:
      - application/json
      ParameterSetName:
      - --enable-change-feed --change-feed-retention-days -n -g
      User-Agent:
      - AZURECLI/2.77.0 azsdk-python-core/1.35.0 Python/3.12.10 (Windows-10-10.0.19045-SP0)
    method: PUT
    uri: https://management.azure.com/subscriptions/00000000-0000-0000-0000-000000000000/resourceGroups/cli_storage_account_update_change_feed000001/providers/Microsoft.Storage/storageAccounts/clitest000002/blobServices/default?api-version=2025-01-01
  response:
    body:
      string: '{"id":"/subscriptions/00000000-0000-0000-0000-000000000000/resourceGroups/cli_storage_account_update_change_feed000001/providers/Microsoft.Storage/storageAccounts/clitest000002/blobServices/default","name":"default","type":"Microsoft.Storage/storageAccounts/blobServices","properties":{"cors":{"corsRules":[]},"deleteRetentionPolicy":{"allowPermanentDelete":false,"enabled":false},"changeFeed":{"retentionInDays":1,"enabled":true}}}'
    headers:
      cache-control:
      - no-cache
      content-length:
      - '432'
      content-type:
      - application/json
      date:
      - Tue, 23 Sep 2025 09:42:48 GMT
      expires:
      - '-1'
      pragma:
      - no-cache
      server:
      - Microsoft-Azure-Storage-Resource-Provider/1.0,Microsoft-HTTPAPI/2.0 Microsoft-HTTPAPI/2.0
      strict-transport-security:
      - max-age=31536000; includeSubDomains
      x-content-type-options:
      - nosniff
      x-ms-operation-identifier:
      - tenantId=7b31ddc4-9101-4ef0-a387-79ce181cacdb,objectId=7b1bdbe4-80ac-47f9-882b-33d6e62950ab/eastus2euap/26eaed44-e144-42f6-8559-2e9f0031f8d9
      x-ms-ratelimit-remaining-subscription-writes:
      - '199'
      x-ms-throttling-version:
      - v2
    status:
      code: 200
      message: OK
- request:
    body: null
    headers:
      Accept:
      - application/json
      Accept-Encoding:
      - gzip, deflate
      CommandName:
      - storage account blob-service-properties update
      Connection:
      - keep-alive
      ParameterSetName:
      - --enable-change-feed --change-feed-retention-days -n -g
      User-Agent:
      - AZURECLI/2.77.0 azsdk-python-core/1.35.0 Python/3.12.10 (Windows-10-10.0.19045-SP0)
    method: GET
    uri: https://management.azure.com/subscriptions/00000000-0000-0000-0000-000000000000/resourceGroups/cli_storage_account_update_change_feed000001/providers/Microsoft.Storage/storageAccounts/clitest000002/blobServices/default?api-version=2025-01-01
  response:
    body:
      string: '{"sku":{"name":"Standard_LRS","tier":"Standard"},"id":"/subscriptions/00000000-0000-0000-0000-000000000000/resourceGroups/cli_storage_account_update_change_feed000001/providers/Microsoft.Storage/storageAccounts/clitest000002/blobServices/default","name":"default","type":"Microsoft.Storage/storageAccounts/blobServices","properties":{"cors":{"corsRules":[]},"deleteRetentionPolicy":{"allowPermanentDelete":false,"enabled":false},"changeFeed":{"retentionInDays":1,"enabled":true}}}'
    headers:
      cache-control:
      - no-cache
      content-length:
      - '480'
      content-type:
      - application/json
      date:
      - Tue, 23 Sep 2025 09:42:49 GMT
      expires:
      - '-1'
      pragma:
      - no-cache
      server:
      - Microsoft-Azure-Storage-Resource-Provider/1.0,Microsoft-HTTPAPI/2.0 Microsoft-HTTPAPI/2.0
      strict-transport-security:
      - max-age=31536000; includeSubDomains
      x-content-type-options:
      - nosniff
      x-ms-operation-identifier:
      - tenantId=7b31ddc4-9101-4ef0-a387-79ce181cacdb,objectId=7b1bdbe4-80ac-47f9-882b-33d6e62950ab/eastus2euap/e2417b2d-410c-4732-b5cc-c8fac8e364b8
      x-ms-throttling-version:
      - v2
    status:
      code: 200
      message: OK
- request:
    body: '{"properties": {"cors": {"corsRules": []}, "deleteRetentionPolicy": {"enabled":
      false, "allowPermanentDelete": false}, "changeFeed": {"enabled": true, "retentionInDays":
      100}}}'
    headers:
      Accept:
      - application/json
      Accept-Encoding:
      - gzip, deflate
      CommandName:
      - storage account blob-service-properties update
      Connection:
      - keep-alive
      Content-Length:
      - '176'
      Content-Type:
      - application/json
      ParameterSetName:
      - --enable-change-feed --change-feed-retention-days -n -g
      User-Agent:
      - AZURECLI/2.77.0 azsdk-python-core/1.35.0 Python/3.12.10 (Windows-10-10.0.19045-SP0)
    method: PUT
    uri: https://management.azure.com/subscriptions/00000000-0000-0000-0000-000000000000/resourceGroups/cli_storage_account_update_change_feed000001/providers/Microsoft.Storage/storageAccounts/clitest000002/blobServices/default?api-version=2025-01-01
  response:
    body:
      string: '{"id":"/subscriptions/00000000-0000-0000-0000-000000000000/resourceGroups/cli_storage_account_update_change_feed000001/providers/Microsoft.Storage/storageAccounts/clitest000002/blobServices/default","name":"default","type":"Microsoft.Storage/storageAccounts/blobServices","properties":{"cors":{"corsRules":[]},"deleteRetentionPolicy":{"allowPermanentDelete":false,"enabled":false},"changeFeed":{"retentionInDays":100,"enabled":true}}}'
    headers:
      cache-control:
      - no-cache
      content-length:
      - '434'
      content-type:
      - application/json
      date:
      - Tue, 23 Sep 2025 09:42:51 GMT
      expires:
      - '-1'
      pragma:
      - no-cache
      server:
      - Microsoft-Azure-Storage-Resource-Provider/1.0,Microsoft-HTTPAPI/2.0 Microsoft-HTTPAPI/2.0
      strict-transport-security:
      - max-age=31536000; includeSubDomains
      x-content-type-options:
      - nosniff
      x-ms-operation-identifier:
      - tenantId=7b31ddc4-9101-4ef0-a387-79ce181cacdb,objectId=7b1bdbe4-80ac-47f9-882b-33d6e62950ab/eastus2euap/1944787d-b528-419c-8396-683e3122cb3f
      x-ms-ratelimit-remaining-subscription-writes:
      - '199'
      x-ms-throttling-version:
      - v2
    status:
      code: 200
      message: OK
- request:
    body: null
    headers:
      Accept:
      - application/json
      Accept-Encoding:
      - gzip, deflate
      CommandName:
      - storage account blob-service-properties update
      Connection:
      - keep-alive
      ParameterSetName:
      - --enable-change-feed --change-feed-retention-days -n -g
      User-Agent:
      - AZURECLI/2.77.0 azsdk-python-core/1.35.0 Python/3.12.10 (Windows-10-10.0.19045-SP0)
    method: GET
    uri: https://management.azure.com/subscriptions/00000000-0000-0000-0000-000000000000/resourceGroups/cli_storage_account_update_change_feed000001/providers/Microsoft.Storage/storageAccounts/clitest000002/blobServices/default?api-version=2025-01-01
  response:
    body:
      string: '{"sku":{"name":"Standard_LRS","tier":"Standard"},"id":"/subscriptions/00000000-0000-0000-0000-000000000000/resourceGroups/cli_storage_account_update_change_feed000001/providers/Microsoft.Storage/storageAccounts/clitest000002/blobServices/default","name":"default","type":"Microsoft.Storage/storageAccounts/blobServices","properties":{"cors":{"corsRules":[]},"deleteRetentionPolicy":{"allowPermanentDelete":false,"enabled":false},"changeFeed":{"retentionInDays":100,"enabled":true}}}'
    headers:
      cache-control:
      - no-cache
      content-length:
      - '482'
      content-type:
      - application/json
      date:
      - Tue, 23 Sep 2025 09:42:53 GMT
      expires:
      - '-1'
      pragma:
      - no-cache
      server:
      - Microsoft-Azure-Storage-Resource-Provider/1.0,Microsoft-HTTPAPI/2.0 Microsoft-HTTPAPI/2.0
      strict-transport-security:
      - max-age=31536000; includeSubDomains
      x-content-type-options:
      - nosniff
      x-ms-operation-identifier:
      - tenantId=7b31ddc4-9101-4ef0-a387-79ce181cacdb,objectId=7b1bdbe4-80ac-47f9-882b-33d6e62950ab/eastus2euap/c377fa94-3cee-4a91-8591-73c6a4b528d6
      x-ms-throttling-version:
      - v2
    status:
      code: 200
      message: OK
- request:
    body: '{"properties": {"cors": {"corsRules": []}, "deleteRetentionPolicy": {"enabled":
      false, "allowPermanentDelete": false}, "changeFeed": {"enabled": true, "retentionInDays":
      14600}}}'
    headers:
      Accept:
      - application/json
      Accept-Encoding:
      - gzip, deflate
      CommandName:
      - storage account blob-service-properties update
      Connection:
      - keep-alive
      Content-Length:
      - '178'
      Content-Type:
      - application/json
      ParameterSetName:
      - --enable-change-feed --change-feed-retention-days -n -g
      User-Agent:
      - AZURECLI/2.77.0 azsdk-python-core/1.35.0 Python/3.12.10 (Windows-10-10.0.19045-SP0)
    method: PUT
    uri: https://management.azure.com/subscriptions/00000000-0000-0000-0000-000000000000/resourceGroups/cli_storage_account_update_change_feed000001/providers/Microsoft.Storage/storageAccounts/clitest000002/blobServices/default?api-version=2025-01-01
  response:
    body:
      string: '{"id":"/subscriptions/00000000-0000-0000-0000-000000000000/resourceGroups/cli_storage_account_update_change_feed000001/providers/Microsoft.Storage/storageAccounts/clitest000002/blobServices/default","name":"default","type":"Microsoft.Storage/storageAccounts/blobServices","properties":{"cors":{"corsRules":[]},"deleteRetentionPolicy":{"allowPermanentDelete":false,"enabled":false},"changeFeed":{"retentionInDays":14600,"enabled":true}}}'
    headers:
      cache-control:
      - no-cache
      content-length:
      - '436'
      content-type:
      - application/json
      date:
      - Tue, 23 Sep 2025 09:42:55 GMT
      expires:
      - '-1'
      pragma:
      - no-cache
      server:
      - Microsoft-Azure-Storage-Resource-Provider/1.0,Microsoft-HTTPAPI/2.0 Microsoft-HTTPAPI/2.0
      strict-transport-security:
      - max-age=31536000; includeSubDomains
      x-content-type-options:
      - nosniff
      x-ms-operation-identifier:
      - tenantId=7b31ddc4-9101-4ef0-a387-79ce181cacdb,objectId=7b1bdbe4-80ac-47f9-882b-33d6e62950ab/eastus2euap/f96e9d54-7fb1-4517-972d-23c063fcddef
      x-ms-ratelimit-remaining-subscription-writes:
      - '199'
      x-ms-throttling-version:
      - v2
    status:
      code: 200
      message: OK
- request:
    body: null
    headers:
      Accept:
      - application/json
      Accept-Encoding:
      - gzip, deflate
      CommandName:
      - storage account blob-service-properties update
      Connection:
      - keep-alive
      ParameterSetName:
      - --enable-change-feed -n -g
      User-Agent:
      - AZURECLI/2.77.0 azsdk-python-core/1.35.0 Python/3.12.10 (Windows-10-10.0.19045-SP0)
    method: GET
    uri: https://management.azure.com/subscriptions/00000000-0000-0000-0000-000000000000/resourceGroups/cli_storage_account_update_change_feed000001/providers/Microsoft.Storage/storageAccounts/clitest000002/blobServices/default?api-version=2025-01-01
  response:
    body:
      string: '{"sku":{"name":"Standard_LRS","tier":"Standard"},"id":"/subscriptions/00000000-0000-0000-0000-000000000000/resourceGroups/cli_storage_account_update_change_feed000001/providers/Microsoft.Storage/storageAccounts/clitest000002/blobServices/default","name":"default","type":"Microsoft.Storage/storageAccounts/blobServices","properties":{"cors":{"corsRules":[]},"deleteRetentionPolicy":{"allowPermanentDelete":false,"enabled":false},"changeFeed":{"retentionInDays":14600,"enabled":true}}}'
    headers:
      cache-control:
      - no-cache
      content-length:
      - '484'
      content-type:
      - application/json
      date:
      - Tue, 23 Sep 2025 09:42:56 GMT
      expires:
      - '-1'
      pragma:
      - no-cache
      server:
      - Microsoft-Azure-Storage-Resource-Provider/1.0,Microsoft-HTTPAPI/2.0 Microsoft-HTTPAPI/2.0
      strict-transport-security:
      - max-age=31536000; includeSubDomains
      x-content-type-options:
      - nosniff
      x-ms-operation-identifier:
      - tenantId=7b31ddc4-9101-4ef0-a387-79ce181cacdb,objectId=7b1bdbe4-80ac-47f9-882b-33d6e62950ab/eastus2euap/361cc761-29d8-48f0-a8f8-07e8aa827479
      x-ms-throttling-version:
      - v2
    status:
      code: 200
      message: OK
- request:
    body: '{"properties": {"cors": {"corsRules": []}, "deleteRetentionPolicy": {"enabled":
      false, "allowPermanentDelete": false}, "changeFeed": {"enabled": false}}}'
    headers:
      Accept:
      - application/json
      Accept-Encoding:
      - gzip, deflate
      CommandName:
      - storage account blob-service-properties update
      Connection:
      - keep-alive
      Content-Length:
      - '153'
      Content-Type:
      - application/json
      ParameterSetName:
      - --enable-change-feed -n -g
      User-Agent:
      - AZURECLI/2.77.0 azsdk-python-core/1.35.0 Python/3.12.10 (Windows-10-10.0.19045-SP0)
    method: PUT
    uri: https://management.azure.com/subscriptions/00000000-0000-0000-0000-000000000000/resourceGroups/cli_storage_account_update_change_feed000001/providers/Microsoft.Storage/storageAccounts/clitest000002/blobServices/default?api-version=2025-01-01
  response:
    body:
      string: '{"id":"/subscriptions/00000000-0000-0000-0000-000000000000/resourceGroups/cli_storage_account_update_change_feed000001/providers/Microsoft.Storage/storageAccounts/clitest000002/blobServices/default","name":"default","type":"Microsoft.Storage/storageAccounts/blobServices","properties":{"cors":{"corsRules":[]},"deleteRetentionPolicy":{"allowPermanentDelete":false,"enabled":false},"changeFeed":{"enabled":false}}}'
    headers:
      cache-control:
      - no-cache
      content-length:
      - '413'
      content-type:
      - application/json
      date:
      - Tue, 23 Sep 2025 09:42:58 GMT
      expires:
      - '-1'
      pragma:
      - no-cache
      server:
      - Microsoft-Azure-Storage-Resource-Provider/1.0,Microsoft-HTTPAPI/2.0 Microsoft-HTTPAPI/2.0
      strict-transport-security:
      - max-age=31536000; includeSubDomains
      x-content-type-options:
      - nosniff
      x-ms-operation-identifier:
      - tenantId=7b31ddc4-9101-4ef0-a387-79ce181cacdb,objectId=7b1bdbe4-80ac-47f9-882b-33d6e62950ab/eastus2euap/06eb42ab-c55a-4e39-a904-c6f05f1166b9
      x-ms-ratelimit-remaining-subscription-writes:
      - '198'
      x-ms-throttling-version:
      - v2
    status:
      code: 200
      message: OK
version: 1
