interactions:
- request:
    body: null
    headers:
      Accept:
      - application/json
      Accept-Encoding:
      - gzip, deflate
      CommandName:
      - storage account keys list
      Connection:
      - keep-alive
      Content-Length:
      - '0'
      ParameterSetName:
      - -n -g --query -o
      User-Agent:
      - AZURECLI/2.77.0 azsdk-python-core/1.35.0 Python/3.12.10 (Windows-10-10.0.19045-SP0)
    method: POST
    uri: https://management.azure.com/subscriptions/00000000-0000-0000-0000-000000000000/resourceGroups/clitest000001/providers/Microsoft.Storage/storageAccounts/clitest000002/listKeys?api-version=2025-01-01&$expand=kerb
  response:
    body:
      string: '{"keys":[{"creationTime":"2025-09-24T02:05:59.7594077Z","keyName":"key1","value":"veryFakedStorageAccountKey==","permissions":"FULL"},{"creationTime":"2025-09-24T02:05:59.7594077Z","keyName":"key2","value":"veryFakedStorageAccountKey==","permissions":"FULL"}]}'
    headers:
      cache-control:
      - no-cache
      content-length:
      - '260'
      content-type:
      - application/json
      date:
      - Wed, 24 Sep 2025 02:06:23 GMT
      expires:
      - '-1'
      pragma:
      - no-cache
      server:
      - Microsoft-Azure-Storage-Resource-Provider/1.0,Microsoft-HTTPAPI/2.0 Microsoft-HTTPAPI/2.0
      strict-transport-security:
      - max-age=31536000; includeSubDomains
      x-content-type-options:
      - nosniff
      x-ms-operation-identifier:
      - tenantId=7b31ddc4-9101-4ef0-a387-79ce181cacdb,objectId=7b1bdbe4-80ac-47f9-882b-33d6e62950ab/eastus2euap/8291bd88-54e9-401f-a1cb-dc9ea03c15b8
      x-ms-ratelimit-remaining-subscription-resource-requests:
      - '799'
      x-ms-throttling-version:
      - v1
    status:
      code: 200
      message: OK
- request:
    body: null
    headers:
      Accept:
      - application/xml
      Accept-Encoding:
      - gzip, deflate
      CommandName:
      - storage container create
      Connection:
      - keep-alive
      Content-Length:
      - '0'
      ParameterSetName:
      - -n --account-name --account-key
      User-Agent:
      - AZURECLI/2.77.0 azsdk-python-storage-blob/12.16.0 Python/3.12.10 (Windows-10-10.0.19045-SP0)
      x-ms-date:
      - Wed, 24 Sep 2025 02:06:24 GMT
      x-ms-version:
      - '2022-11-02'
    method: PUT
    uri: https://clitest000002.blob.core.windows.net/con1000003?restype=container
  response:
    body:
      string: ''
    headers:
      content-length:
      - '0'
      date:
      - Wed, 24 Sep 2025 02:06:24 GMT
      etag:
      - '"0x8DDFB0EF7637EFC"'
      last-modified:
      - Wed, 24 Sep 2025 02:06:25 GMT
      server:
      - Windows-Azure-Blob/1.0 Microsoft-HTTPAPI/2.0
      x-ms-version:
      - '2022-11-02'
    status:
      code: 201
      message: Created
- request:
    body: null
    headers:
      Accept:
      - application/json
      Accept-Encoding:
      - gzip, deflate
      CommandName:
      - storage account blob-service-properties update
      Connection:
      - keep-alive
      ParameterSetName:
      - -n -g --container-delete-retention-days --enable-container-delete-retention
      User-Agent:
      - AZURECLI/2.77.0 azsdk-python-core/1.35.0 Python/3.12.10 (Windows-10-10.0.19045-SP0)
    method: GET
    uri: https://management.azure.com/subscriptions/00000000-0000-0000-0000-000000000000/resourceGroups/clitest000001/providers/Microsoft.Storage/storageAccounts/clitest000002/blobServices/default?api-version=2025-01-01
  response:
    body:
      string: '{"sku":{"name":"Standard_LRS","tier":"Standard"},"id":"/subscriptions/00000000-0000-0000-0000-000000000000/resourceGroups/clitest000001/providers/Microsoft.Storage/storageAccounts/clitest000002/blobServices/default","name":"default","type":"Microsoft.Storage/storageAccounts/blobServices","properties":{"cors":{"corsRules":[]},"deleteRetentionPolicy":{"allowPermanentDelete":false,"enabled":false}}}'
    headers:
      cache-control:
      - no-cache
      content-length:
      - '399'
      content-type:
      - application/json
      date:
      - Wed, 24 Sep 2025 02:06:26 GMT
      expires:
      - '-1'
      pragma:
      - no-cache
      server:
      - Microsoft-Azure-Storage-Resource-Provider/1.0,Microsoft-HTTPAPI/2.0 Microsoft-HTTPAPI/2.0
      strict-transport-security:
      - max-age=31536000; includeSubDomains
      x-content-type-options:
      - nosniff
      x-ms-operation-identifier:
      - tenantId=7b31ddc4-9101-4ef0-a387-79ce181cacdb,objectId=7b1bdbe4-80ac-47f9-882b-33d6e62950ab/eastus2euap/651eac64-9e15-486a-886d-141ece0b56cd
      x-ms-throttling-version:
      - v2
    status:
      code: 200
      message: OK
- request:
    body: '{"properties": {"cors": {"corsRules": []}, "deleteRetentionPolicy": {"enabled":
      false, "allowPermanentDelete": false}, "containerDeleteRetentionPolicy": {"enabled":
      true, "days": 7}}}'
    headers:
      Accept:
      - application/json
      Accept-Encoding:
      - gzip, deflate
      CommandName:
      - storage account blob-service-properties update
      Connection:
      - keep-alive
      Content-Length:
      - '183'
      Content-Type:
      - application/json
      ParameterSetName:
      - -n -g --container-delete-retention-days --enable-container-delete-retention
      User-Agent:
      - AZURECLI/2.77.0 azsdk-python-core/1.35.0 Python/3.12.10 (Windows-10-10.0.19045-SP0)
    method: PUT
    uri: https://management.azure.com/subscriptions/00000000-0000-0000-0000-000000000000/resourceGroups/clitest000001/providers/Microsoft.Storage/storageAccounts/clitest000002/blobServices/default?api-version=2025-01-01
  response:
    body:
      string: '{"id":"/subscriptions/00000000-0000-0000-0000-000000000000/resourceGroups/clitest000001/providers/Microsoft.Storage/storageAccounts/clitest000002/blobServices/default","name":"default","type":"Microsoft.Storage/storageAccounts/blobServices","properties":{"cors":{"corsRules":[]},"deleteRetentionPolicy":{"allowPermanentDelete":false,"enabled":false},"containerDeleteRetentionPolicy":{"enabled":true,"days":7}}}'
    headers:
      cache-control:
      - no-cache
      content-length:
      - '410'
      content-type:
      - application/json
      date:
      - Wed, 24 Sep 2025 02:06:29 GMT
      expires:
      - '-1'
      pragma:
      - no-cache
      server:
      - Microsoft-Azure-Storage-Resource-Provider/1.0,Microsoft-HTTPAPI/2.0 Microsoft-HTTPAPI/2.0
      strict-transport-security:
      - max-age=31536000; includeSubDomains
      x-content-type-options:
      - nosniff
      x-ms-operation-identifier:
      - tenantId=7b31ddc4-9101-4ef0-a387-79ce181cacdb,objectId=7b1bdbe4-80ac-47f9-882b-33d6e62950ab/eastus2euap/bc383386-71a2-4a4c-9d38-2aa5c8c2e78a
      x-ms-ratelimit-remaining-subscription-writes:
      - '199'
      x-ms-throttling-version:
      - v2
    status:
      code: 200
      message: OK
- request:
    body: null
    headers:
      Accept:
      - application/xml
      Accept-Encoding:
      - gzip, deflate
      CommandName:
      - storage container list
      Connection:
      - keep-alive
      ParameterSetName:
      - --account-name --auth-mode
      User-Agent:
      - AZURECLI/2.77.0 azsdk-python-storage-blob/12.16.0 Python/3.12.10 (Windows-10-10.0.19045-SP0)
      x-ms-date:
      - Wed, 24 Sep 2025 02:06:29 GMT
      x-ms-version:
      - '2022-11-02'
    method: GET
    uri: https://clitest000002.blob.core.windows.net/?comp=list&maxresults=5000&include=
  response:
    body:
      string: "\uFEFF<?xml version=\"1.0\" encoding=\"utf-8\"?><EnumerationResults
        ServiceEndpoint=\"https://clitest000002.blob.core.windows.net/\"><MaxResults>5000</MaxResults><Containers><Container><Name>con1000003</Name><Properties><Last-Modified>Wed,
        24 Sep 2025 02:06:25 GMT</Last-Modified><Etag>\"0x8DDFB0EF7637EFC\"</Etag><LeaseStatus>unlocked</LeaseStatus><LeaseState>available</LeaseState><DefaultEncryptionScope>$account-encryption-key</DefaultEncryptionScope><DenyEncryptionScopeOverride>false</DenyEncryptionScopeOverride><HasImmutabilityPolicy>false</HasImmutabilityPolicy><HasLegalHold>false</HasLegalHold><ImmutableStorageWithVersioningEnabled>false</ImmutableStorageWithVersioningEnabled></Properties></Container></Containers><NextMarker
        /></EnumerationResults>"
    headers:
      content-type:
      - application/xml
      date:
      - Wed, 24 Sep 2025 02:06:30 GMT
      server:
      - Windows-Azure-Blob/1.0 Microsoft-HTTPAPI/2.0
      transfer-encoding:
      - chunked
      x-ms-version:
      - '2022-11-02'
    status:
      code: 200
      message: OK
- request:
    body: null
    headers:
      Accept:
      - application/xml
      Accept-Encoding:
      - gzip, deflate
      CommandName:
      - storage container delete
      Connection:
      - keep-alive
      Content-Length:
      - '0'
      ParameterSetName:
      - -n --account-name --auth-mode
      User-Agent:
      - AZURECLI/2.77.0 azsdk-python-storage-blob/12.16.0 Python/3.12.10 (Windows-10-10.0.19045-SP0)
      x-ms-date:
      - Wed, 24 Sep 2025 02:06:31 GMT
      x-ms-version:
      - '2022-11-02'
    method: DELETE
    uri: https://clitest000002.blob.core.windows.net/con1000003?restype=container
  response:
    body:
      string: ''
    headers:
      content-length:
      - '0'
      date:
      - Wed, 24 Sep 2025 02:06:31 GMT
      server:
      - Windows-Azure-Blob/1.0 Microsoft-HTTPAPI/2.0
      x-ms-version:
      - '2022-11-02'
    status:
      code: 202
      message: Accepted
- request:
    body: null
    headers:
      Accept:
      - application/xml
      Accept-Encoding:
      - gzip, deflate
      CommandName:
      - storage container list
      Connection:
      - keep-alive
      ParameterSetName:
      - --account-name --auth-mode
      User-Agent:
      - AZURECLI/2.77.0 azsdk-python-storage-blob/12.16.0 Python/3.12.10 (Windows-10-10.0.19045-SP0)
      x-ms-date:
      - Wed, 24 Sep 2025 02:06:32 GMT
      x-ms-version:
      - '2022-11-02'
    method: GET
    uri: https://clitest000002.blob.core.windows.net/?comp=list&maxresults=5000&include=
  response:
    body:
      string: "\uFEFF<?xml version=\"1.0\" encoding=\"utf-8\"?><EnumerationResults
        ServiceEndpoint=\"https://clitest000002.blob.core.windows.net/\"><MaxResults>5000</MaxResults><Containers
        /><NextMarker /></EnumerationResults>"
    headers:
      content-type:
      - application/xml
      date:
      - Wed, 24 Sep 2025 02:06:33 GMT
      server:
      - Windows-Azure-Blob/1.0 Microsoft-HTTPAPI/2.0
      transfer-encoding:
      - chunked
      x-ms-version:
      - '2022-11-02'
    status:
      code: 200
      message: OK
- request:
    body: null
    headers:
      Accept:
      - application/xml
      Accept-Encoding:
      - gzip, deflate
      CommandName:
      - storage container list
      Connection:
      - keep-alive
      ParameterSetName:
      - --include-deleted --account-name --auth-mode
      User-Agent:
      - AZURECLI/2.77.0 azsdk-python-storage-blob/12.16.0 Python/3.12.10 (Windows-10-10.0.19045-SP0)
      x-ms-date:
      - Wed, 24 Sep 2025 02:06:34 GMT
      x-ms-version:
      - '2022-11-02'
    method: GET
    uri: https://clitest000002.blob.core.windows.net/?comp=list&maxresults=5000&include=deleted
  response:
    body:
      string: "\uFEFF<?xml version=\"1.0\" encoding=\"utf-8\"?><EnumerationResults
        ServiceEndpoint=\"https://clitest000002.blob.core.windows.net/\"><MaxResults>5000</MaxResults><Containers><Container><Name>con1000003</Name><Deleted>true</Deleted><Version>01DC2CF7D4ECC0D5</Version><Properties><Last-Modified>Wed,
        24 Sep 2025 02:06:25 GMT</Last-Modified><Etag>\"0x8DDFB0EF7637EFC\"</Etag><LeaseStatus>locked</LeaseStatus><LeaseState>leased</LeaseState><LeaseDuration>fixed</LeaseDuration><DefaultEncryptionScope>$account-encryption-key</DefaultEncryptionScope><DenyEncryptionScopeOverride>false</DenyEncryptionScopeOverride><HasImmutabilityPolicy>false</HasImmutabilityPolicy><HasLegalHold>false</HasLegalHold><ImmutableStorageWithVersioningEnabled>false</ImmutableStorageWithVersioningEnabled><DeletedTime>Wed,
        24 Sep 2025 02:06:32 GMT</DeletedTime><RemainingRetentionDays>7</RemainingRetentionDays></Properties></Container></Containers><NextMarker
        /></EnumerationResults>"
    headers:
      content-type:
      - application/xml
      date:
      - Wed, 24 Sep 2025 02:06:34 GMT
      server:
      - Windows-Azure-Blob/1.0 Microsoft-HTTPAPI/2.0
      transfer-encoding:
      - chunked
      x-ms-version:
      - '2022-11-02'
    status:
      code: 200
      message: OK
- request:
    body: null
    headers:
      Accept:
      - application/xml
      Accept-Encoding:
      - gzip, deflate
      CommandName:
      - storage container list
      Connection:
      - keep-alive
      ParameterSetName:
      - --include-deleted --query -o --account-name --auth-mode
      User-Agent:
      - AZURECLI/2.77.0 azsdk-python-storage-blob/12.16.0 Python/3.12.10 (Windows-10-10.0.19045-SP0)
      x-ms-date:
      - Wed, 24 Sep 2025 02:07:05 GMT
      x-ms-version:
      - '2022-11-02'
    method: GET
    uri: https://clitest000002.blob.core.windows.net/?comp=list&maxresults=5000&include=deleted
  response:
    body:
      string: "\uFEFF<?xml version=\"1.0\" encoding=\"utf-8\"?><EnumerationResults
        ServiceEndpoint=\"https://clitest000002.blob.core.windows.net/\"><MaxResults>5000</MaxResults><Containers><Container><Name>con1000003</Name><Deleted>true</Deleted><Version>01DC2CF7D4ECC0D5</Version><Properties><Last-Modified>Wed,
        24 Sep 2025 02:06:25 GMT</Last-Modified><Etag>\"0x8DDFB0EF7637EFC\"</Etag><LeaseStatus>unlocked</LeaseStatus><LeaseState>expired</LeaseState><DefaultEncryptionScope>$account-encryption-key</DefaultEncryptionScope><DenyEncryptionScopeOverride>false</DenyEncryptionScopeOverride><HasImmutabilityPolicy>false</HasImmutabilityPolicy><HasLegalHold>false</HasLegalHold><ImmutableStorageWithVersioningEnabled>false</ImmutableStorageWithVersioningEnabled><DeletedTime>Wed,
        24 Sep 2025 02:06:32 GMT</DeletedTime><RemainingRetentionDays>7</RemainingRetentionDays></Properties></Container></Containers><NextMarker
        /></EnumerationResults>"
    headers:
      content-type:
      - application/xml
      date:
      - Wed, 24 Sep 2025 02:07:05 GMT
      server:
      - Windows-Azure-Blob/1.0 Microsoft-HTTPAPI/2.0
      transfer-encoding:
      - chunked
      x-ms-version:
      - '2022-11-02'
    status:
      code: 200
      message: OK
- request:
    body: null
    headers:
      Accept:
      - application/xml
      Accept-Encoding:
      - gzip, deflate
      CommandName:
      - storage container restore
      Connection:
      - keep-alive
      Content-Length:
      - '0'
      ParameterSetName:
      - -n --deleted-version --account-name --auth-mode
      User-Agent:
      - AZURECLI/2.77.0 azsdk-python-storage-blob/12.16.0 Python/3.12.10 (Windows-10-10.0.19045-SP0)
      x-ms-date:
      - Wed, 24 Sep 2025 02:07:06 GMT
      x-ms-deleted-container-name:
      - con13dsqp3sj5xawbh7bsmpy
      x-ms-deleted-container-version:
      - 01DC2CF7D4ECC0D5
      x-ms-version:
      - '2022-11-02'
    method: PUT
    uri: https://clitest000002.blob.core.windows.net/con1000003?restype=container&comp=undelete
  response:
    body:
      string: ''
    headers:
      content-length:
      - '0'
      date:
      - Wed, 24 Sep 2025 02:07:07 GMT
      server:
      - Windows-Azure-Blob/1.0 Microsoft-HTTPAPI/2.0
      x-ms-version:
      - '2022-11-02'
    status:
      code: 201
      message: Created
- request:
    body: null
    headers:
      Accept:
      - application/xml
      Accept-Encoding:
      - gzip, deflate
      CommandName:
      - storage container list
      Connection:
      - keep-alive
      ParameterSetName:
      - --account-name --auth-mode
      User-Agent:
      - AZURECLI/2.77.0 azsdk-python-storage-blob/12.16.0 Python/3.12.10 (Windows-10-10.0.19045-SP0)
      x-ms-date:
      - Wed, 24 Sep 2025 02:07:08 GMT
      x-ms-version:
      - '2022-11-02'
    method: GET
    uri: https://clitest000002.blob.core.windows.net/?comp=list&maxresults=5000&include=
  response:
    body:
      string: "\uFEFF<?xml version=\"1.0\" encoding=\"utf-8\"?><EnumerationResults
        ServiceEndpoint=\"https://clitest000002.blob.core.windows.net/\"><MaxResults>5000</MaxResults><Containers><Container><Name>con1000003</Name><Properties><Last-Modified>Wed,
        24 Sep 2025 02:07:08 GMT</Last-Modified><Etag>\"0x8DDFB0F10C19B7B\"</Etag><LeaseStatus>unlocked</LeaseStatus><LeaseState>available</LeaseState><DefaultEncryptionScope>$account-encryption-key</DefaultEncryptionScope><DenyEncryptionScopeOverride>false</DenyEncryptionScopeOverride><HasImmutabilityPolicy>false</HasImmutabilityPolicy><HasLegalHold>false</HasLegalHold><ImmutableStorageWithVersioningEnabled>false</ImmutableStorageWithVersioningEnabled></Properties></Container></Containers><NextMarker
        /></EnumerationResults>"
    headers:
      content-type:
      - application/xml
      date:
      - Wed, 24 Sep 2025 02:07:08 GMT
      server:
      - Windows-Azure-Blob/1.0 Microsoft-HTTPAPI/2.0
      transfer-encoding:
      - chunked
      x-ms-version:
      - '2022-11-02'
    status:
      code: 200
      message: OK
- request:
    body: null
    headers:
      Accept:
      - application/xml
      Accept-Encoding:
      - gzip, deflate
      CommandName:
      - storage container list
      Connection:
      - keep-alive
      ParameterSetName:
      - --include-deleted --account-name --auth-mode
      User-Agent:
      - AZURECLI/2.77.0 azsdk-python-storage-blob/12.16.0 Python/3.12.10 (Windows-10-10.0.19045-SP0)
      x-ms-date:
      - Wed, 24 Sep 2025 02:07:09 GMT
      x-ms-version:
      - '2022-11-02'
    method: GET
    uri: https://clitest000002.blob.core.windows.net/?comp=list&maxresults=5000&include=deleted
  response:
    body:
      string: "\uFEFF<?xml version=\"1.0\" encoding=\"utf-8\"?><EnumerationResults
        ServiceEndpoint=\"https://clitest000002.blob.core.windows.net/\"><MaxResults>5000</MaxResults><Containers><Container><Name>con1000003</Name><Properties><Last-Modified>Wed,
        24 Sep 2025 02:07:08 GMT</Last-Modified><Etag>\"0x8DDFB0F10C19B7B\"</Etag><LeaseStatus>unlocked</LeaseStatus><LeaseState>available</LeaseState><DefaultEncryptionScope>$account-encryption-key</DefaultEncryptionScope><DenyEncryptionScopeOverride>false</DenyEncryptionScopeOverride><HasImmutabilityPolicy>false</HasImmutabilityPolicy><HasLegalHold>false</HasLegalHold><ImmutableStorageWithVersioningEnabled>false</ImmutableStorageWithVersioningEnabled></Properties></Container></Containers><NextMarker
        /></EnumerationResults>"
    headers:
      content-type:
      - application/xml
      date:
      - Wed, 24 Sep 2025 02:07:10 GMT
      server:
      - Windows-Azure-Blob/1.0 Microsoft-HTTPAPI/2.0
      transfer-encoding:
      - chunked
      x-ms-version:
      - '2022-11-02'
    status:
      code: 200
      message: OK
version: 1
