interactions:
- request:
    body: null
    headers:
      Accept:
      - application/json
      Accept-Encoding:
      - gzip, deflate
      CommandName:
      - storage account keys list
      Connection:
      - keep-alive
      Content-Length:
      - '0'
      ParameterSetName:
      - -n -g --query -o
      User-Agent:
      - AZURECLI/2.77.0 azsdk-python-core/1.35.0 Python/3.12.10 (Windows-10-10.0.19045-SP0)
    method: POST
    uri: https://management.azure.com/subscriptions/00000000-0000-0000-0000-000000000000/resourceGroups/clitest000001/providers/Microsoft.Storage/storageAccounts/message000002/listKeys?api-version=2025-01-01&$expand=kerb
  response:
    body:
      string: '{"keys":[{"creationTime":"2025-09-24T01:38:48.0428901Z","keyName":"key1","value":"veryFakedStorageAccountKey==","permissions":"FULL"},{"creationTime":"2025-09-24T01:38:48.0428901Z","keyName":"key2","value":"veryFakedStorageAccountKey==","permissions":"FULL"}]}'
    headers:
      cache-control:
      - no-cache
      content-length:
      - '260'
      content-type:
      - application/json
      date:
      - Wed, 24 Sep 2025 01:39:12 GMT
      expires:
      - '-1'
      pragma:
      - no-cache
      server:
      - Microsoft-Azure-Storage-Resource-Provider/1.0,Microsoft-HTTPAPI/2.0 Microsoft-HTTPAPI/2.0
      strict-transport-security:
      - max-age=31536000; includeSubDomains
      x-content-type-options:
      - nosniff
      x-ms-operation-identifier:
      - tenantId=7b31ddc4-9101-4ef0-a387-79ce181cacdb,objectId=7b1bdbe4-80ac-47f9-882b-33d6e62950ab/eastus2euap/26cf9ca7-0957-479b-acc6-8a72ee3efd10
      x-ms-ratelimit-remaining-subscription-resource-requests:
      - '799'
      x-ms-throttling-version:
      - v1
    status:
      code: 200
      message: OK
- request:
    body: null
    headers:
      Accept:
      - application/json
      Accept-Encoding:
      - gzip, deflate
      CommandName:
      - storage account show-connection-string
      Connection:
      - keep-alive
      Content-Length:
      - '0'
      ParameterSetName:
      - -n -g --query -o
      User-Agent:
      - AZURECLI/2.77.0 azsdk-python-core/1.35.0 Python/3.12.10 (Windows-10-10.0.19045-SP0)
    method: POST
    uri: https://management.azure.com/subscriptions/00000000-0000-0000-0000-000000000000/resourceGroups/clitest000001/providers/Microsoft.Storage/storageAccounts/message000002/listKeys?api-version=2025-01-01&$expand=kerb
  response:
    body:
      string: '{"keys":[{"creationTime":"2025-09-24T01:38:48.0428901Z","keyName":"key1","value":"veryFakedStorageAccountKey==","permissions":"FULL"},{"creationTime":"2025-09-24T01:38:48.0428901Z","keyName":"key2","value":"veryFakedStorageAccountKey==","permissions":"FULL"}]}'
    headers:
      cache-control:
      - no-cache
      content-length:
      - '260'
      content-type:
      - application/json
      date:
      - Wed, 24 Sep 2025 01:39:14 GMT
      expires:
      - '-1'
      pragma:
      - no-cache
      server:
      - Microsoft-Azure-Storage-Resource-Provider/1.0,Microsoft-HTTPAPI/2.0 Microsoft-HTTPAPI/2.0
      strict-transport-security:
      - max-age=31536000; includeSubDomains
      x-content-type-options:
      - nosniff
      x-ms-operation-identifier:
      - tenantId=7b31ddc4-9101-4ef0-a387-79ce181cacdb,objectId=7b1bdbe4-80ac-47f9-882b-33d6e62950ab/eastus2euap/b4a25800-e1b5-4f76-a2ab-73c634cca2a2
      x-ms-ratelimit-remaining-subscription-resource-requests:
      - '799'
      x-ms-throttling-version:
      - v1
    status:
      code: 200
      message: OK
- request:
    body: null
    headers:
      Accept:
      - application/json
      Accept-Encoding:
      - gzip, deflate
      CommandName:
      - storage account show-connection-string
      Connection:
      - keep-alive
      ParameterSetName:
      - -n -g --query -o
      User-Agent:
      - AZURECLI/2.77.0 azsdk-python-core/1.35.0 Python/3.12.10 (Windows-10-10.0.19045-SP0)
    method: GET
    uri: https://management.azure.com/subscriptions/00000000-0000-0000-0000-000000000000/resourceGroups/clitest000001/providers/Microsoft.Storage/storageAccounts/message000002?api-version=2025-01-01
  response:
    body:
      string: '{"sku":{"name":"Standard_RAGRS","tier":"Standard"},"kind":"StorageV2","id":"/subscriptions/00000000-0000-0000-0000-000000000000/resourceGroups/clitest000001/providers/Microsoft.Storage/storageAccounts/message000002","name":"message000002","type":"Microsoft.Storage/storageAccounts","location":"eastus2","tags":{},"properties":{"keyCreationTime":{"key1":"2025-09-24T01:38:48.0428901Z","key2":"2025-09-24T01:38:48.0428901Z"},"allowCrossTenantReplication":false,"privateEndpointConnections":[],"minimumTlsVersion":"TLS1_0","allowBlobPublicAccess":false,"networkAcls":{"ipv6Rules":[],"bypass":"AzureServices","virtualNetworkRules":[],"ipRules":[],"defaultAction":"Allow"},"supportsHttpsTrafficOnly":true,"encryption":{"services":{"file":{"keyType":"Account","enabled":true,"lastEnabledTime":"2025-09-24T01:38:48.0585148Z"},"blob":{"keyType":"Account","enabled":true,"lastEnabledTime":"2025-09-24T01:38:48.0585148Z"}},"keySource":"Microsoft.Storage"},"accessTier":"Hot","provisioningState":"Succeeded","creationTime":"2025-09-24T01:38:47.8710145Z","primaryEndpoints":{"dfs":"https://message000002.dfs.core.windows.net/","web":"https://message000002.z20.web.core.windows.net/","blob":"https://message000002.blob.core.windows.net/","queue":"https://message000002.queue.core.windows.net/","table":"https://message000002.table.core.windows.net/","file":"https://message000002.file.core.windows.net/"},"primaryLocation":"eastus2","statusOfPrimary":"available","secondaryLocation":"centralus","statusOfSecondary":"available","secondaryEndpoints":{"dfs":"https://message000002-secondary.dfs.core.windows.net/","web":"https://message000002-secondary.z20.web.core.windows.net/","blob":"https://message000002-secondary.blob.core.windows.net/","queue":"https://message000002-secondary.queue.core.windows.net/","table":"https://message000002-secondary.table.core.windows.net/"}}}'
    headers:
      cache-control:
      - no-cache
      content-length:
      - '1862'
      content-type:
      - application/json
      date:
      - Wed, 24 Sep 2025 01:39:15 GMT
      expires:
      - '-1'
      pragma:
      - no-cache
      server:
      - Microsoft-Azure-Storage-Resource-Provider/1.0,Microsoft-HTTPAPI/2.0 Microsoft-HTTPAPI/2.0
      strict-transport-security:
      - max-age=31536000; includeSubDomains
      x-content-type-options:
      - nosniff
      x-ms-throttling-version:
      - v2
    status:
      code: 200
      message: OK
- request:
    body: null
    headers:
      Accept:
      - application/xml
      Accept-Encoding:
      - gzip, deflate
      CommandName:
      - storage queue create
      Connection:
      - keep-alive
      Content-Length:
      - '0'
      ParameterSetName:
      - -n --account-name --account-key
      User-Agent:
      - AZURECLI/2.77.0 azsdk-python-storage-queue/12.3.0 Python/3.12.10 (Windows-10-10.0.19045-SP0)
      x-ms-date:
      - Wed, 24 Sep 2025 01:39:16 GMT
      x-ms-version:
      - '2021-02-12'
    method: PUT
    uri: https://message000002.queue.core.windows.net/queue000003
  response:
    body:
      string: ''
    headers:
      content-length:
      - '0'
      date:
      - Wed, 24 Sep 2025 01:39:17 GMT
      server:
      - Windows-Azure-Queue/1.0 Microsoft-HTTPAPI/2.0
      x-ms-version:
      - '2021-02-12'
    status:
      code: 201
      message: Created
- request:
    body: '<?xml version=''1.0'' encoding=''utf-8''?>

      <QueueMessage><MessageText>test message 1</MessageText></QueueMessage>'
    headers:
      Accept:
      - application/xml
      Accept-Encoding:
      - gzip, deflate
      CommandName:
      - storage message put
      Connection:
      - keep-alive
      Content-Length:
      - '109'
      Content-Type:
      - application/xml
      ParameterSetName:
      - -q --content --account-name --account-key
      User-Agent:
      - AZURECLI/2.77.0 azsdk-python-storage-queue/12.3.0 Python/3.12.10 (Windows-10-10.0.19045-SP0)
      x-ms-date:
      - Wed, 24 Sep 2025 01:39:17 GMT
      x-ms-version:
      - '2021-02-12'
    method: POST
    uri: https://message000002.queue.core.windows.net/queue000003/messages
  response:
    body:
      string: "\uFEFF<?xml version=\"1.0\" encoding=\"utf-8\"?><QueueMessagesList><QueueMessage><MessageId>63582a6d-bb3d-44c1-8d55-fadddf1d2a34</MessageId><InsertionTime>Wed,
        24 Sep 2025 01:39:18 GMT</InsertionTime><ExpirationTime>Wed, 01 Oct 2025 01:39:18
        GMT</ExpirationTime><PopReceipt>AgAAAAMAAAAAAAAAsXRgC/Qs3AE=</PopReceipt><TimeNextVisible>Wed,
        24 Sep 2025 01:39:18 GMT</TimeNextVisible></QueueMessage></QueueMessagesList>"
    headers:
      content-type:
      - application/xml
      date:
      - Wed, 24 Sep 2025 01:39:18 GMT
      server:
      - Windows-Azure-Queue/1.0 Microsoft-HTTPAPI/2.0
      transfer-encoding:
      - chunked
      x-ms-version:
      - '2021-02-12'
    status:
      code: 201
      message: Created
- request:
    body: '<?xml version=''1.0'' encoding=''utf-8''?>

      <QueueMessage><MessageText>test message 2</MessageText></QueueMessage>'
    headers:
      Accept:
      - application/xml
      Accept-Encoding:
      - gzip, deflate
      CommandName:
      - storage message put
      Connection:
      - keep-alive
      Content-Length:
      - '109'
      Content-Type:
      - application/xml
      ParameterSetName:
      - -q --content --visibility-timeout --connection-string
      User-Agent:
      - AZURECLI/2.77.0 azsdk-python-storage-queue/12.3.0 Python/3.12.10 (Windows-10-10.0.19045-SP0)
      x-ms-date:
      - Wed, 24 Sep 2025 01:39:19 GMT
      x-ms-version:
      - '2021-02-12'
    method: POST
    uri: https://message000002.queue.core.windows.net/queue000003/messages?visibilitytimeout=3600
  response:
    body:
      string: "\uFEFF<?xml version=\"1.0\" encoding=\"utf-8\"?><QueueMessagesList><QueueMessage><MessageId>13ce68dc-a16d-4402-8db4-22fd89bd4477</MessageId><InsertionTime>Wed,
        24 Sep 2025 01:39:20 GMT</InsertionTime><ExpirationTime>Wed, 01 Oct 2025 01:39:20
        GMT</ExpirationTime><PopReceipt>AgAAAAMAAAAAAAAAYxvybfws3AE=</PopReceipt><TimeNextVisible>Wed,
        24 Sep 2025 02:39:20 GMT</TimeNextVisible></QueueMessage></QueueMessagesList>"
    headers:
      content-type:
      - application/xml
      date:
      - Wed, 24 Sep 2025 01:39:20 GMT
      server:
      - Windows-Azure-Queue/1.0 Microsoft-HTTPAPI/2.0
      transfer-encoding:
      - chunked
      x-ms-version:
      - '2021-02-12'
    status:
      code: 201
      message: Created
- request:
    body: '<?xml version=''1.0'' encoding=''utf-8''?>

      <QueueMessage><MessageText>test message 3</MessageText></QueueMessage>'
    headers:
      Accept:
      - application/xml
      Accept-Encoding:
      - gzip, deflate
      CommandName:
      - storage message put
      Connection:
      - keep-alive
      Content-Length:
      - '109'
      Content-Type:
      - application/xml
      ParameterSetName:
      - -q --content --time-to-live --account-name --auth-mode
      User-Agent:
      - AZURECLI/2.77.0 azsdk-python-storage-queue/12.3.0 Python/3.12.10 (Windows-10-10.0.19045-SP0)
      x-ms-date:
      - Wed, 24 Sep 2025 01:39:20 GMT
      x-ms-version:
      - '2021-02-12'
    method: POST
    uri: https://message000002.queue.core.windows.net/queue000003/messages?messagettl=3600
  response:
    body:
      string: "\uFEFF<?xml version=\"1.0\" encoding=\"utf-8\"?><QueueMessagesList><QueueMessage><MessageId>787c6226-d6ba-412e-9f6d-0681a41ba2ab</MessageId><InsertionTime>Wed,
        24 Sep 2025 01:39:22 GMT</InsertionTime><ExpirationTime>Wed, 24 Sep 2025 02:39:22
        GMT</ExpirationTime><PopReceipt>AgAAAAMAAAAAAAAA+GU+DfQs3AE=</PopReceipt><TimeNextVisible>Wed,
        24 Sep 2025 01:39:22 GMT</TimeNextVisible></QueueMessage></QueueMessagesList>"
    headers:
      content-type:
      - application/xml
      date:
      - Wed, 24 Sep 2025 01:39:21 GMT
      server:
      - Windows-Azure-Queue/1.0 Microsoft-HTTPAPI/2.0
      transfer-encoding:
      - chunked
      x-ms-version:
      - '2021-02-12'
    status:
      code: 201
      message: Created
- request:
    body: null
    headers:
      Accept:
      - application/xml
      Accept-Encoding:
      - gzip, deflate
      CommandName:
      - storage message peek
      Connection:
      - keep-alive
      ParameterSetName:
      - -q --account-name --account-key
      User-Agent:
      - AZURECLI/2.77.0 azsdk-python-storage-queue/12.3.0 Python/3.12.10 (Windows-10-10.0.19045-SP0)
      x-ms-date:
      - Wed, 24 Sep 2025 01:39:22 GMT
      x-ms-version:
      - '2021-02-12'
    method: GET
    uri: https://message000002.queue.core.windows.net/queue000003/messages?peekonly=true
  response:
    body:
      string: "\uFEFF<?xml version=\"1.0\" encoding=\"utf-8\"?><QueueMessagesList><QueueMessage><MessageId>63582a6d-bb3d-44c1-8d55-fadddf1d2a34</MessageId><InsertionTime>Wed,
        24 Sep 2025 01:39:18 GMT</InsertionTime><ExpirationTime>Wed, 01 Oct 2025 01:39:18
        GMT</ExpirationTime><DequeueCount>0</DequeueCount><MessageText>test message
        1</MessageText></QueueMessage></QueueMessagesList>"
    headers:
      cache-control:
      - no-cache
      content-type:
      - application/xml
      date:
      - Wed, 24 Sep 2025 01:39:23 GMT
      server:
      - Windows-Azure-Queue/1.0 Microsoft-HTTPAPI/2.0
      transfer-encoding:
      - chunked
      x-ms-version:
      - '2021-02-12'
    status:
      code: 200
      message: OK
- request:
    body: null
    headers:
      Accept:
      - application/xml
      Accept-Encoding:
      - gzip, deflate
      CommandName:
      - storage message peek
      Connection:
      - keep-alive
      ParameterSetName:
      - -q --num-messages --connection-string
      User-Agent:
      - AZURECLI/2.77.0 azsdk-python-storage-queue/12.3.0 Python/3.12.10 (Windows-10-10.0.19045-SP0)
      x-ms-date:
      - Wed, 24 Sep 2025 01:39:23 GMT
      x-ms-version:
      - '2021-02-12'
    method: GET
    uri: https://message000002.queue.core.windows.net/queue000003/messages?peekonly=true&numofmessages=5
  response:
    body:
      string: "\uFEFF<?xml version=\"1.0\" encoding=\"utf-8\"?><QueueMessagesList><QueueMessage><MessageId>63582a6d-bb3d-44c1-8d55-fadddf1d2a34</MessageId><InsertionTime>Wed,
        24 Sep 2025 01:39:18 GMT</InsertionTime><ExpirationTime>Wed, 01 Oct 2025 01:39:18
        GMT</ExpirationTime><DequeueCount>0</DequeueCount><MessageText>test message
        1</MessageText></QueueMessage><QueueMessage><MessageId>787c6226-d6ba-412e-9f6d-0681a41ba2ab</MessageId><InsertionTime>Wed,
        24 Sep 2025 01:39:22 GMT</InsertionTime><ExpirationTime>Wed, 24 Sep 2025 02:39:22
        GMT</ExpirationTime><DequeueCount>0</DequeueCount><MessageText>test message
        3</MessageText></QueueMessage></QueueMessagesList>"
    headers:
      cache-control:
      - no-cache
      content-type:
      - application/xml
      date:
      - Wed, 24 Sep 2025 01:39:24 GMT
      server:
      - Windows-Azure-Queue/1.0 Microsoft-HTTPAPI/2.0
      transfer-encoding:
      - chunked
      x-ms-version:
      - '2021-02-12'
    status:
      code: 200
      message: OK
- request:
    body: null
    headers:
      Accept:
      - application/xml
      Accept-Encoding:
      - gzip, deflate
      CommandName:
      - storage message get
      Connection:
      - keep-alive
      ParameterSetName:
      - -q --account-name --account-key
      User-Agent:
      - AZURECLI/2.77.0 azsdk-python-storage-queue/12.3.0 Python/3.12.10 (Windows-10-10.0.19045-SP0)
      x-ms-date:
      - Wed, 24 Sep 2025 01:39:25 GMT
      x-ms-version:
      - '2021-02-12'
    method: GET
    uri: https://message000002.queue.core.windows.net/queue000003/messages?numofmessages=1
  response:
    body:
      string: "\uFEFF<?xml version=\"1.0\" encoding=\"utf-8\"?><QueueMessagesList><QueueMessage><MessageId>63582a6d-bb3d-44c1-8d55-fadddf1d2a34</MessageId><InsertionTime>Wed,
        24 Sep 2025 01:39:18 GMT</InsertionTime><ExpirationTime>Wed, 01 Oct 2025 01:39:18
        GMT</ExpirationTime><PopReceipt>AgAAAAMAAAAAAAAA6sWfIfQs3AE=</PopReceipt><TimeNextVisible>Wed,
        24 Sep 2025 01:39:56 GMT</TimeNextVisible><DequeueCount>1</DequeueCount><MessageText>test
        message 1</MessageText></QueueMessage></QueueMessagesList>"
    headers:
      cache-control:
      - no-cache
      content-type:
      - application/xml
      date:
      - Wed, 24 Sep 2025 01:39:25 GMT
      server:
      - Windows-Azure-Queue/1.0 Microsoft-HTTPAPI/2.0
      transfer-encoding:
      - chunked
      x-ms-version:
      - '2021-02-12'
    status:
      code: 200
      message: OK
- request:
    body: null
    headers:
      Accept:
      - application/xml
      Accept-Encoding:
      - gzip, deflate
      CommandName:
      - storage message get
      Connection:
      - keep-alive
      ParameterSetName:
      - -q --visibility-timeout --account-name --account-key
      User-Agent:
      - AZURECLI/2.77.0 azsdk-python-storage-queue/12.3.0 Python/3.12.10 (Windows-10-10.0.19045-SP0)
      x-ms-date:
      - Wed, 24 Sep 2025 01:39:26 GMT
      x-ms-version:
      - '2021-02-12'
    method: GET
    uri: https://message000002.queue.core.windows.net/queue000003/messages?numofmessages=1&visibilitytimeout=30
  response:
    body:
      string: "\uFEFF<?xml version=\"1.0\" encoding=\"utf-8\"?><QueueMessagesList><QueueMessage><MessageId>787c6226-d6ba-412e-9f6d-0681a41ba2ab</MessageId><InsertionTime>Wed,
        24 Sep 2025 01:39:22 GMT</InsertionTime><ExpirationTime>Wed, 24 Sep 2025 02:39:22
        GMT</ExpirationTime><PopReceipt>AgAAAAMAAAAAAAAAlittIvQs3AE=</PopReceipt><TimeNextVisible>Wed,
        24 Sep 2025 01:39:57 GMT</TimeNextVisible><DequeueCount>1</DequeueCount><MessageText>test
        message 3</MessageText></QueueMessage></QueueMessagesList>"
    headers:
      cache-control:
      - no-cache
      content-type:
      - application/xml
      date:
      - Wed, 24 Sep 2025 01:39:27 GMT
      server:
      - Windows-Azure-Queue/1.0 Microsoft-HTTPAPI/2.0
      transfer-encoding:
      - chunked
      x-ms-version:
      - '2021-02-12'
    status:
      code: 200
      message: OK
- request:
    body: null
    headers:
      Accept:
      - application/xml
      Accept-Encoding:
      - gzip, deflate
      CommandName:
      - storage message get
      Connection:
      - keep-alive
      ParameterSetName:
      - -q --num-messages --account-name --account-key
      User-Agent:
      - AZURECLI/2.77.0 azsdk-python-storage-queue/12.3.0 Python/3.12.10 (Windows-10-10.0.19045-SP0)
      x-ms-date:
      - Wed, 24 Sep 2025 01:40:02 GMT
      x-ms-version:
      - '2021-02-12'
    method: GET
    uri: https://message000002.queue.core.windows.net/queue000003/messages?numofmessages=2
  response:
    body:
      string: "\uFEFF<?xml version=\"1.0\" encoding=\"utf-8\"?><QueueMessagesList><QueueMessage><MessageId>63582a6d-bb3d-44c1-8d55-fadddf1d2a34</MessageId><InsertionTime>Wed,
        24 Sep 2025 01:39:18 GMT</InsertionTime><ExpirationTime>Wed, 01 Oct 2025 01:39:18
        GMT</ExpirationTime><PopReceipt>AgAAAAMAAAAAAAAALwQZOPQs3AE=</PopReceipt><TimeNextVisible>Wed,
        24 Sep 2025 01:40:33 GMT</TimeNextVisible><DequeueCount>2</DequeueCount><MessageText>test
        message 1</MessageText></QueueMessage><QueueMessage><MessageId>787c6226-d6ba-412e-9f6d-0681a41ba2ab</MessageId><InsertionTime>Wed,
        24 Sep 2025 01:39:22 GMT</InsertionTime><ExpirationTime>Wed, 24 Sep 2025 02:39:22
        GMT</ExpirationTime><PopReceipt>AgAAAAMAAAAAAAAALwQZOPQs3AE=</PopReceipt><TimeNextVisible>Wed,
        24 Sep 2025 01:40:33 GMT</TimeNextVisible><DequeueCount>2</DequeueCount><MessageText>test
        message 3</MessageText></QueueMessage></QueueMessagesList>"
    headers:
      cache-control:
      - no-cache
      content-type:
      - application/xml
      date:
      - Wed, 24 Sep 2025 01:40:03 GMT
      server:
      - Windows-Azure-Queue/1.0 Microsoft-HTTPAPI/2.0
      transfer-encoding:
      - chunked
      x-ms-version:
      - '2021-02-12'
    status:
      code: 200
      message: OK
- request:
    body: null
    headers:
      Accept:
      - application/xml
      Accept-Encoding:
      - gzip, deflate
      CommandName:
      - storage message update
      Connection:
      - keep-alive
      Content-Length:
      - '0'
      Content-Type:
      - application/xml
      ParameterSetName:
      - -q --id --pop-receipt --visibility-timeout --account-name --account-key
      User-Agent:
      - AZURECLI/2.77.0 azsdk-python-storage-queue/12.3.0 Python/3.12.10 (Windows-10-10.0.19045-SP0)
      x-ms-date:
      - Wed, 24 Sep 2025 01:40:04 GMT
      x-ms-version:
      - '2021-02-12'
    method: PUT
    uri: https://message000002.queue.core.windows.net/queue000003/messages/63582a6d-bb3d-44c1-8d55-fadddf1d2a34?popreceipt=AgAAAAMAAAAAAAAALwQZOPQs3AE%3D&visibilitytimeout=10
  response:
    body:
      string: ''
    headers:
      content-length:
      - '0'
      date:
      - Wed, 24 Sep 2025 01:40:05 GMT
      server:
      - Windows-Azure-Queue/1.0 Microsoft-HTTPAPI/2.0
      x-ms-popreceipt:
      - AwAAAAMAAAAAAAAARmr7LPQs3AECAAAA
      x-ms-time-next-visible:
      - Wed, 24 Sep 2025 01:40:15 GMT
      x-ms-version:
      - '2021-02-12'
    status:
      code: 204
      message: No Content
- request:
    body: '<?xml version=''1.0'' encoding=''utf-8''?>

      <QueueMessage><MessageText>update message</MessageText></QueueMessage>'
    headers:
      Accept:
      - application/xml
      Accept-Encoding:
      - gzip, deflate
      CommandName:
      - storage message update
      Connection:
      - keep-alive
      Content-Length:
      - '109'
      Content-Type:
      - application/xml
      ParameterSetName:
      - -q --id --pop-receipt --content --account-name --account-key
      User-Agent:
      - AZURECLI/2.77.0 azsdk-python-storage-queue/12.3.0 Python/3.12.10 (Windows-10-10.0.19045-SP0)
      x-ms-date:
      - Wed, 24 Sep 2025 01:40:05 GMT
      x-ms-version:
      - '2021-02-12'
    method: PUT
    uri: https://message000002.queue.core.windows.net/queue000003/messages/787c6226-d6ba-412e-9f6d-0681a41ba2ab?popreceipt=AgAAAAMAAAAAAAAALwQZOPQs3AE%3D&visibilitytimeout=0
  response:
    body:
      string: ''
    headers:
      content-length:
      - '0'
      date:
      - Wed, 24 Sep 2025 01:40:06 GMT
      server:
      - Windows-Azure-Queue/1.0 Microsoft-HTTPAPI/2.0
      x-ms-popreceipt:
      - AwAAAAMAAAAAAAAAptvYJ/Qs3AECAAAA
      x-ms-time-next-visible:
      - Wed, 24 Sep 2025 01:40:06 GMT
      x-ms-version:
      - '2021-02-12'
    status:
      code: 204
      message: No Content
- request:
    body: null
    headers:
      Accept:
      - application/xml
      Accept-Encoding:
      - gzip, deflate
      CommandName:
      - storage message delete
      Connection:
      - keep-alive
      Content-Length:
      - '0'
      ParameterSetName:
      - -q --id --pop-receipt --account-name --account-key
      User-Agent:
      - AZURECLI/2.77.0 azsdk-python-storage-queue/12.3.0 Python/3.12.10 (Windows-10-10.0.19045-SP0)
      x-ms-date:
      - Wed, 24 Sep 2025 01:40:06 GMT
      x-ms-version:
      - '2021-02-12'
    method: DELETE
    uri: https://message000002.queue.core.windows.net/queue000003/messages/787c6226-d6ba-412e-9f6d-0681a41ba2ab?popreceipt=AwAAAAMAAAAAAAAAptvYJ%2FQs3AECAAAA
  response:
    body:
      string: ''
    headers:
      content-length:
      - '0'
      date:
      - Wed, 24 Sep 2025 01:40:07 GMT
      server:
      - Windows-Azure-Queue/1.0 Microsoft-HTTPAPI/2.0
      x-ms-version:
      - '2021-02-12'
    status:
      code: 204
      message: No Content
- request:
    body: null
    headers:
      Accept:
      - application/xml
      Accept-Encoding:
      - gzip, deflate
      CommandName:
      - storage message peek
      Connection:
      - keep-alive
      ParameterSetName:
      - -q --num-messages --account-name --account-key
      User-Agent:
      - AZURECLI/2.77.0 azsdk-python-storage-queue/12.3.0 Python/3.12.10 (Windows-10-10.0.19045-SP0)
      x-ms-date:
      - Wed, 24 Sep 2025 01:40:18 GMT
      x-ms-version:
      - '2021-02-12'
    method: GET
    uri: https://message000002.queue.core.windows.net/queue000003/messages?peekonly=true&numofmessages=2
  response:
    body:
      string: "\uFEFF<?xml version=\"1.0\" encoding=\"utf-8\"?><QueueMessagesList><QueueMessage><MessageId>63582a6d-bb3d-44c1-8d55-fadddf1d2a34</MessageId><InsertionTime>Wed,
        24 Sep 2025 01:39:18 GMT</InsertionTime><ExpirationTime>Wed, 01 Oct 2025 01:39:18
        GMT</ExpirationTime><DequeueCount>2</DequeueCount><MessageText>test message
        1</MessageText></QueueMessage></QueueMessagesList>"
    headers:
      cache-control:
      - no-cache
      content-type:
      - application/xml
      date:
      - Wed, 24 Sep 2025 01:40:18 GMT
      server:
      - Windows-Azure-Queue/1.0 Microsoft-HTTPAPI/2.0
      transfer-encoding:
      - chunked
      x-ms-version:
      - '2021-02-12'
    status:
      code: 200
      message: OK
- request:
    body: null
    headers:
      Accept:
      - application/xml
      Accept-Encoding:
      - gzip, deflate
      CommandName:
      - storage message clear
      Connection:
      - keep-alive
      Content-Length:
      - '0'
      ParameterSetName:
      - -q --account-name --account-key
      User-Agent:
      - AZURECLI/2.77.0 azsdk-python-storage-queue/12.3.0 Python/3.12.10 (Windows-10-10.0.19045-SP0)
      x-ms-date:
      - Wed, 24 Sep 2025 01:40:19 GMT
      x-ms-version:
      - '2021-02-12'
    method: DELETE
    uri: https://message000002.queue.core.windows.net/queue000003/messages
  response:
    body:
      string: ''
    headers:
      content-length:
      - '0'
      date:
      - Wed, 24 Sep 2025 01:40:19 GMT
      server:
      - Windows-Azure-Queue/1.0 Microsoft-HTTPAPI/2.0
      x-ms-version:
      - '2021-02-12'
    status:
      code: 204
      message: No Content
- request:
    body: null
    headers:
      Accept:
      - application/xml
      Accept-Encoding:
      - gzip, deflate
      CommandName:
      - storage message peek
      Connection:
      - keep-alive
      ParameterSetName:
      - -q --num-messages --account-name --account-key
      User-Agent:
      - AZURECLI/2.77.0 azsdk-python-storage-queue/12.3.0 Python/3.12.10 (Windows-10-10.0.19045-SP0)
      x-ms-date:
      - Wed, 24 Sep 2025 01:40:21 GMT
      x-ms-version:
      - '2021-02-12'
    method: GET
    uri: https://message000002.queue.core.windows.net/queue000003/messages?peekonly=true&numofmessages=2
  response:
    body:
      string: "\uFEFF<?xml version=\"1.0\" encoding=\"utf-8\"?><QueueMessagesList
        />"
    headers:
      cache-control:
      - no-cache
      content-type:
      - application/xml
      date:
      - Wed, 24 Sep 2025 01:40:21 GMT
      server:
      - Windows-Azure-Queue/1.0 Microsoft-HTTPAPI/2.0
      transfer-encoding:
      - chunked
      x-ms-version:
      - '2021-02-12'
    status:
      code: 200
      message: OK
version: 1
