interactions:
- request:
    body: null
    headers:
      Accept:
      - application/json
      Accept-Encoding:
      - gzip, deflate
      CommandName:
      - storage account file-service-properties show
      Connection:
      - keep-alive
      ParameterSetName:
      - -n -g
      User-Agent:
      - AZURECLI/2.78.0 azsdk-python-core/1.35.0 Python/3.12.10 (Windows-10-10.0.19045-SP0)
    method: GET
    uri: https://management.azure.com/subscriptions/00000000-0000-0000-0000-000000000000/resourceGroups/cli_file_smb000001/providers/Microsoft.Storage/storageAccounts/filesmb000002/fileServices/default?api-version=2025-06-01
  response:
    body:
      string: '{"sku":{"name":"Premium_LRS","tier":"Premium"},"id":"/subscriptions/00000000-0000-0000-0000-000000000000/resourceGroups/cli_file_smb000001/providers/Microsoft.Storage/storageAccounts/filesmb000002/fileServices/default","name":"default","type":"Microsoft.Storage/storageAccounts/fileServices","properties":{"protocolSettings":{"smb":{"multichannel":{"enabled":true}}},"cors":{"corsRules":[]},"shareDeleteRetentionPolicy":{"enabled":true,"days":7}}}'
    headers:
      cache-control:
      - no-cache
      content-length:
      - '447'
      content-type:
      - application/json
      date:
      - Fri, 24 Oct 2025 09:30:17 GMT
      expires:
      - '-1'
      pragma:
      - no-cache
      server:
      - Microsoft-Azure-Storage-Resource-Provider/1.0,Microsoft-HTTPAPI/2.0 Microsoft-HTTPAPI/2.0
      strict-transport-security:
      - max-age=31536000; includeSubDomains
      x-content-type-options:
      - nosniff
      x-ms-operation-identifier:
      - tenantId=7b31ddc4-9101-4ef0-a387-79ce181cacdb,objectId=7b1bdbe4-80ac-47f9-882b-33d6e62950ab/eastus2euap/6c868f9a-895e-4905-b948-ee15b6f64e67
      x-ms-throttling-version:
      - v2
    status:
      code: 200
      message: OK
- request:
    body: null
    headers:
      Accept:
      - application/json
      Accept-Encoding:
      - gzip, deflate
      CommandName:
      - storage account file-service-properties update
      Connection:
      - keep-alive
      ParameterSetName:
      - --versions --auth-methods --kerb-ticket-encryption --channel-encryption -n
        -g
      User-Agent:
      - AZURECLI/2.78.0 azsdk-python-core/1.35.0 Python/3.12.10 (Windows-10-10.0.19045-SP0)
    method: GET
    uri: https://management.azure.com/subscriptions/00000000-0000-0000-0000-000000000000/resourceGroups/cli_file_smb000001/providers/Microsoft.Storage/storageAccounts/filesmb000002/fileServices/default?api-version=2025-06-01
  response:
    body:
      string: '{"sku":{"name":"Premium_LRS","tier":"Premium"},"id":"/subscriptions/00000000-0000-0000-0000-000000000000/resourceGroups/cli_file_smb000001/providers/Microsoft.Storage/storageAccounts/filesmb000002/fileServices/default","name":"default","type":"Microsoft.Storage/storageAccounts/fileServices","properties":{"protocolSettings":{"smb":{"multichannel":{"enabled":true}}},"cors":{"corsRules":[]},"shareDeleteRetentionPolicy":{"enabled":true,"days":7}}}'
    headers:
      cache-control:
      - no-cache
      content-length:
      - '447'
      content-type:
      - application/json
      date:
      - Fri, 24 Oct 2025 09:30:18 GMT
      expires:
      - '-1'
      pragma:
      - no-cache
      server:
      - Microsoft-Azure-Storage-Resource-Provider/1.0,Microsoft-HTTPAPI/2.0 Microsoft-HTTPAPI/2.0
      strict-transport-security:
      - max-age=31536000; includeSubDomains
      x-content-type-options:
      - nosniff
      x-ms-operation-identifier:
      - tenantId=7b31ddc4-9101-4ef0-a387-79ce181cacdb,objectId=7b1bdbe4-80ac-47f9-882b-33d6e62950ab/eastus2euap/c63c5a4c-b86b-40d7-aab4-53d8a7cf6bdd
      x-ms-throttling-version:
      - v2
    status:
      code: 200
      message: OK
- request:
    body: '{"properties": {"shareDeleteRetentionPolicy": {"enabled": true, "days":
      7}, "protocolSettings": {"smb": {"multichannel": {"enabled": true}, "versions":
      "SMB2.1;SMB3.0;SMB3.1.1", "authenticationMethods": "NTLMv2;Kerberos", "kerberosTicketEncryption":
      "RC4-HMAC;AES-256", "channelEncryption": "AES-128-CCM;AES-128-GCM;AES-256-GCM"}}}}'
    headers:
      Accept:
      - application/json
      Accept-Encoding:
      - gzip, deflate
      CommandName:
      - storage account file-service-properties update
      Connection:
      - keep-alive
      Content-Length:
      - '332'
      Content-Type:
      - application/json
      ParameterSetName:
      - --versions --auth-methods --kerb-ticket-encryption --channel-encryption -n
        -g
      User-Agent:
      - AZURECLI/2.78.0 azsdk-python-core/1.35.0 Python/3.12.10 (Windows-10-10.0.19045-SP0)
    method: PUT
    uri: https://management.azure.com/subscriptions/00000000-0000-0000-0000-000000000000/resourceGroups/cli_file_smb000001/providers/Microsoft.Storage/storageAccounts/filesmb000002/fileServices/default?api-version=2025-06-01
  response:
    body:
      string: '{"id":"/subscriptions/00000000-0000-0000-0000-000000000000/resourceGroups/cli_file_smb000001/providers/Microsoft.Storage/storageAccounts/filesmb000002/fileServices/default","name":"default","type":"Microsoft.Storage/storageAccounts/fileServices","properties":{"protocolSettings":{"smb":{"multichannel":{"enabled":true},"versions":"SMB2.1;SMB3.0;SMB3.1.1","authenticationMethods":"NTLMv2;Kerberos","kerberosTicketEncryption":"RC4-HMAC;AES-256","channelEncryption":"AES-128-CCM;AES-128-GCM;AES-256-GCM"}},"shareDeleteRetentionPolicy":{"enabled":true,"days":7}}}'
    headers:
      cache-control:
      - no-cache
      content-length:
      - '559'
      content-type:
      - application/json
      date:
      - Fri, 24 Oct 2025 09:30:20 GMT
      expires:
      - '-1'
      pragma:
      - no-cache
      server:
      - Microsoft-Azure-Storage-Resource-Provider/1.0,Microsoft-HTTPAPI/2.0 Microsoft-HTTPAPI/2.0
      strict-transport-security:
      - max-age=31536000; includeSubDomains
      x-content-type-options:
      - nosniff
      x-ms-operation-identifier:
      - tenantId=7b31ddc4-9101-4ef0-a387-79ce181cacdb,objectId=7b1bdbe4-80ac-47f9-882b-33d6e62950ab/eastus2euap/30b6c204-580e-447d-b170-ec9f28b1e35a
      x-ms-ratelimit-remaining-subscription-writes:
      - '199'
      x-ms-throttling-version:
      - v2
    status:
      code: 200
      message: OK
- request:
    body: null
    headers:
      Accept:
      - application/json
      Accept-Encoding:
      - gzip, deflate
      CommandName:
      - storage account file-service-properties show
      Connection:
      - keep-alive
      ParameterSetName:
      - -n -g
      User-Agent:
      - AZURECLI/2.78.0 azsdk-python-core/1.35.0 Python/3.12.10 (Windows-10-10.0.19045-SP0)
    method: GET
    uri: https://management.azure.com/subscriptions/00000000-0000-0000-0000-000000000000/resourceGroups/cli_file_smb000001/providers/Microsoft.Storage/storageAccounts/filesmb000002/fileServices/default?api-version=2025-06-01
  response:
    body:
      string: '{"sku":{"name":"Premium_LRS","tier":"Premium"},"id":"/subscriptions/00000000-0000-0000-0000-000000000000/resourceGroups/cli_file_smb000001/providers/Microsoft.Storage/storageAccounts/filesmb000002/fileServices/default","name":"default","type":"Microsoft.Storage/storageAccounts/fileServices","properties":{"protocolSettings":{"smb":{"multichannel":{"enabled":true},"versions":"SMB2.1;SMB3.0;SMB3.1.1","authenticationMethods":"NTLMv2;Kerberos","kerberosTicketEncryption":"RC4-HMAC;AES-256","channelEncryption":"AES-128-CCM;AES-128-GCM;AES-256-GCM"}},"cors":{"corsRules":[]},"shareDeleteRetentionPolicy":{"enabled":true,"days":7}}}'
    headers:
      cache-control:
      - no-cache
      content-length:
      - '629'
      content-type:
      - application/json
      date:
      - Fri, 24 Oct 2025 09:30:22 GMT
      expires:
      - '-1'
      pragma:
      - no-cache
      server:
      - Microsoft-Azure-Storage-Resource-Provider/1.0,Microsoft-HTTPAPI/2.0 Microsoft-HTTPAPI/2.0
      strict-transport-security:
      - max-age=31536000; includeSubDomains
      x-content-type-options:
      - nosniff
      x-ms-operation-identifier:
      - tenantId=7b31ddc4-9101-4ef0-a387-79ce181cacdb,objectId=7b1bdbe4-80ac-47f9-882b-33d6e62950ab/eastus2euap/50e77c71-637d-4c71-a408-e9348de60f24
      x-ms-throttling-version:
      - v2
    status:
      code: 200
      message: OK
version: 1
