interactions:
- request:
    body: null
    headers:
      Accept:
      - application/json
      Accept-Encoding:
      - gzip, deflate
      CommandName:
      - storage account keys list
      Connection:
      - keep-alive
      Content-Length:
      - '0'
      ParameterSetName:
      - -n -g --query -o
      User-Agent:
      - AZURECLI/2.78.0 azsdk-python-core/1.35.0 Python/3.12.10 (Windows-10-10.0.19045-SP0)
    method: POST
    uri: https://management.azure.com/subscriptions/00000000-0000-0000-0000-000000000000/resourceGroups/clitest000001/providers/Microsoft.Storage/storageAccounts/queue000002/listKeys?api-version=2025-06-01&$expand=kerb
  response:
    body:
      string: '{"keys":[{"creationTime":"2025-10-24T10:01:11.1719125Z","keyName":"key1","value":"veryFakedStorageAccountKey==","permissions":"FULL"},{"creationTime":"2025-10-24T10:01:11.1719125Z","keyName":"key2","value":"veryFakedStorageAccountKey==","permissions":"FULL"}]}'
    headers:
      cache-control:
      - no-cache
      content-length:
      - '260'
      content-type:
      - application/json
      date:
      - Fri, 24 Oct 2025 10:01:35 GMT
      expires:
      - '-1'
      pragma:
      - no-cache
      server:
      - Microsoft-Azure-Storage-Resource-Provider/1.0,Microsoft-HTTPAPI/2.0 Microsoft-HTTPAPI/2.0
      strict-transport-security:
      - max-age=31536000; includeSubDomains
      x-content-type-options:
      - nosniff
      x-ms-operation-identifier:
      - tenantId=7b31ddc4-9101-4ef0-a387-79ce181cacdb,objectId=7b1bdbe4-80ac-47f9-882b-33d6e62950ab/eastus2euap/08292f70-00ba-4b1c-8533-fb18db98d7d2
      x-ms-ratelimit-remaining-subscription-resource-requests:
      - '799'
      x-ms-throttling-version:
      - v1
    status:
      code: 200
      message: OK
- request:
    body: null
    headers:
      Accept:
      - application/json
      Accept-Encoding:
      - gzip, deflate
      CommandName:
      - storage account show-connection-string
      Connection:
      - keep-alive
      Content-Length:
      - '0'
      ParameterSetName:
      - -n -g --query -o
      User-Agent:
      - AZURECLI/2.78.0 azsdk-python-core/1.35.0 Python/3.12.10 (Windows-10-10.0.19045-SP0)
    method: POST
    uri: https://management.azure.com/subscriptions/00000000-0000-0000-0000-000000000000/resourceGroups/clitest000001/providers/Microsoft.Storage/storageAccounts/queue000002/listKeys?api-version=2025-06-01&$expand=kerb
  response:
    body:
      string: '{"keys":[{"creationTime":"2025-10-24T10:01:11.1719125Z","keyName":"key1","value":"veryFakedStorageAccountKey==","permissions":"FULL"},{"creationTime":"2025-10-24T10:01:11.1719125Z","keyName":"key2","value":"veryFakedStorageAccountKey==","permissions":"FULL"}]}'
    headers:
      cache-control:
      - no-cache
      content-length:
      - '260'
      content-type:
      - application/json
      date:
      - Fri, 24 Oct 2025 10:01:37 GMT
      expires:
      - '-1'
      pragma:
      - no-cache
      server:
      - Microsoft-Azure-Storage-Resource-Provider/1.0,Microsoft-HTTPAPI/2.0 Microsoft-HTTPAPI/2.0
      strict-transport-security:
      - max-age=31536000; includeSubDomains
      x-content-type-options:
      - nosniff
      x-ms-operation-identifier:
      - tenantId=7b31ddc4-9101-4ef0-a387-79ce181cacdb,objectId=7b1bdbe4-80ac-47f9-882b-33d6e62950ab/eastus2euap/e8af6ff0-0ed1-4214-9b6f-fd8e8df13777
      x-ms-ratelimit-remaining-subscription-resource-requests:
      - '799'
      x-ms-throttling-version:
      - v1
    status:
      code: 200
      message: OK
- request:
    body: null
    headers:
      Accept:
      - application/json
      Accept-Encoding:
      - gzip, deflate
      CommandName:
      - storage account show-connection-string
      Connection:
      - keep-alive
      ParameterSetName:
      - -n -g --query -o
      User-Agent:
      - AZURECLI/2.78.0 azsdk-python-core/1.35.0 Python/3.12.10 (Windows-10-10.0.19045-SP0)
    method: GET
    uri: https://management.azure.com/subscriptions/00000000-0000-0000-0000-000000000000/resourceGroups/clitest000001/providers/Microsoft.Storage/storageAccounts/queue000002?api-version=2025-06-01
  response:
    body:
      string: '{"sku":{"name":"Standard_RAGRS","tier":"Standard"},"kind":"StorageV2","id":"/subscriptions/00000000-0000-0000-0000-000000000000/resourceGroups/clitest000001/providers/Microsoft.Storage/storageAccounts/queue000002","name":"queue000002","type":"Microsoft.Storage/storageAccounts","location":"eastus2","tags":{},"properties":{"allowCrossTenantDelegationSas":false,"keyCreationTime":{"key1":"2025-10-24T10:01:11.1719125Z","key2":"2025-10-24T10:01:11.1719125Z"},"allowCrossTenantReplication":false,"privateEndpointConnections":[],"minimumTlsVersion":"TLS1_0","allowBlobPublicAccess":false,"networkAcls":{"ipv6Rules":[],"bypass":"AzureServices","virtualNetworkRules":[],"ipRules":[],"defaultAction":"Allow"},"supportsHttpsTrafficOnly":true,"encryption":{"services":{"file":{"keyType":"Account","enabled":true,"lastEnabledTime":"2025-10-24T10:01:11.1719125Z"},"blob":{"keyType":"Account","enabled":true,"lastEnabledTime":"2025-10-24T10:01:11.1719125Z"}},"keySource":"Microsoft.Storage"},"accessTier":"Hot","provisioningState":"Succeeded","creationTime":"2025-10-24T10:01:10.9687833Z","primaryEndpoints":{"dfs":"https://queue000002.dfs.core.windows.net/","web":"https://queue000002.z20.web.core.windows.net/","blob":"https://queue000002.blob.core.windows.net/","queue":"https://queue000002.queue.core.windows.net/","table":"https://queue000002.table.core.windows.net/","file":"https://queue000002.file.core.windows.net/"},"primaryLocation":"eastus2","statusOfPrimary":"available","secondaryLocation":"centralus","statusOfSecondary":"available","secondaryEndpoints":{"dfs":"https://queue000002-secondary.dfs.core.windows.net/","web":"https://queue000002-secondary.z20.web.core.windows.net/","blob":"https://queue000002-secondary.blob.core.windows.net/","queue":"https://queue000002-secondary.queue.core.windows.net/","table":"https://queue000002-secondary.table.core.windows.net/"}}}'
    headers:
      cache-control:
      - no-cache
      content-length:
      - '1874'
      content-type:
      - application/json
      date:
      - Fri, 24 Oct 2025 10:01:38 GMT
      expires:
      - '-1'
      pragma:
      - no-cache
      server:
      - Microsoft-Azure-Storage-Resource-Provider/1.0,Microsoft-HTTPAPI/2.0 Microsoft-HTTPAPI/2.0
      strict-transport-security:
      - max-age=31536000; includeSubDomains
      x-content-type-options:
      - nosniff
      x-ms-throttling-version:
      - v2
    status:
      code: 200
      message: OK
- request:
    body: null
    headers:
      Accept:
      - application/xml
      Accept-Encoding:
      - gzip, deflate
      CommandName:
      - storage queue create
      Connection:
      - keep-alive
      Content-Length:
      - '0'
      ParameterSetName:
      - -n --account-name --account-key
      User-Agent:
      - AZURECLI/2.78.0 azsdk-python-storage-queue/12.3.0 Python/3.12.10 (Windows-10-10.0.19045-SP0)
      x-ms-date:
      - Fri, 24 Oct 2025 10:01:39 GMT
      x-ms-version:
      - '2021-02-12'
    method: PUT
    uri: https://queue000002.queue.core.windows.net/queue000003
  response:
    body:
      string: ''
    headers:
      content-length:
      - '0'
      date:
      - Fri, 24 Oct 2025 10:01:39 GMT
      server:
      - Windows-Azure-Queue/1.0 Microsoft-HTTPAPI/2.0
      x-ms-version:
      - '2021-02-12'
    status:
      code: 201
      message: Created
- request:
    body: null
    headers:
      Accept:
      - application/xml
      Accept-Encoding:
      - gzip, deflate
      CommandName:
      - storage queue metadata show
      Connection:
      - keep-alive
      ParameterSetName:
      - -n --account-name --account-key
      User-Agent:
      - AZURECLI/2.78.0 azsdk-python-storage-queue/12.3.0 Python/3.12.10 (Windows-10-10.0.19045-SP0)
      x-ms-date:
      - Fri, 24 Oct 2025 10:01:40 GMT
      x-ms-version:
      - '2021-02-12'
    method: GET
    uri: https://queue000002.queue.core.windows.net/queue000003?comp=metadata
  response:
    body:
      string: ''
    headers:
      cache-control:
      - no-cache
      content-length:
      - '0'
      date:
      - Fri, 24 Oct 2025 10:01:40 GMT
      server:
      - Windows-Azure-Queue/1.0 Microsoft-HTTPAPI/2.0
      x-ms-approximate-messages-count:
      - '0'
      x-ms-version:
      - '2021-02-12'
    status:
      code: 200
      message: OK
- request:
    body: null
    headers:
      Accept:
      - application/xml
      Accept-Encoding:
      - gzip, deflate
      CommandName:
      - storage queue metadata update
      Connection:
      - keep-alive
      Content-Length:
      - '0'
      ParameterSetName:
      - -n --metadata --account-name --account-key
      User-Agent:
      - AZURECLI/2.78.0 azsdk-python-storage-queue/12.3.0 Python/3.12.10 (Windows-10-10.0.19045-SP0)
      x-ms-date:
      - Fri, 24 Oct 2025 10:01:41 GMT
      x-ms-meta-key1:
      - value1
      x-ms-version:
      - '2021-02-12'
    method: PUT
    uri: https://queue000002.queue.core.windows.net/queue000003?comp=metadata
  response:
    body:
      string: ''
    headers:
      content-length:
      - '0'
      date:
      - Fri, 24 Oct 2025 10:01:42 GMT
      server:
      - Windows-Azure-Queue/1.0 Microsoft-HTTPAPI/2.0
      x-ms-version:
      - '2021-02-12'
    status:
      code: 204
      message: No Content
- request:
    body: null
    headers:
      Accept:
      - application/xml
      Accept-Encoding:
      - gzip, deflate
      CommandName:
      - storage queue metadata show
      Connection:
      - keep-alive
      ParameterSetName:
      - -n --connection-string
      User-Agent:
      - AZURECLI/2.78.0 azsdk-python-storage-queue/12.3.0 Python/3.12.10 (Windows-10-10.0.19045-SP0)
      x-ms-date:
      - Fri, 24 Oct 2025 10:01:43 GMT
      x-ms-version:
      - '2021-02-12'
    method: GET
    uri: https://queue000002.queue.core.windows.net/queue000003?comp=metadata
  response:
    body:
      string: ''
    headers:
      cache-control:
      - no-cache
      content-length:
      - '0'
      date:
      - Fri, 24 Oct 2025 10:01:43 GMT
      server:
      - Windows-Azure-Queue/1.0 Microsoft-HTTPAPI/2.0
      x-ms-approximate-messages-count:
      - '0'
      x-ms-meta-key1:
      - value1
      x-ms-version:
      - '2021-02-12'
    status:
      code: 200
      message: OK
- request:
    body: null
    headers:
      Accept:
      - application/xml
      Accept-Encoding:
      - gzip, deflate
      CommandName:
      - storage queue metadata update
      Connection:
      - keep-alive
      Content-Length:
      - '0'
      ParameterSetName:
      - -n --metadata --connection-string
      User-Agent:
      - AZURECLI/2.78.0 azsdk-python-storage-queue/12.3.0 Python/3.12.10 (Windows-10-10.0.19045-SP0)
      x-ms-date:
      - Fri, 24 Oct 2025 10:01:44 GMT
      x-ms-meta-newkey:
      - newvalue
      x-ms-meta-oldkey:
      - oldvalue
      x-ms-version:
      - '2021-02-12'
    method: PUT
    uri: https://queue000002.queue.core.windows.net/queue000003?comp=metadata
  response:
    body:
      string: ''
    headers:
      content-length:
      - '0'
      date:
      - Fri, 24 Oct 2025 10:01:45 GMT
      server:
      - Windows-Azure-Queue/1.0 Microsoft-HTTPAPI/2.0
      x-ms-version:
      - '2021-02-12'
    status:
      code: 204
      message: No Content
- request:
    body: null
    headers:
      Accept:
      - application/xml
      Accept-Encoding:
      - gzip, deflate
      CommandName:
      - storage queue metadata show
      Connection:
      - keep-alive
      ParameterSetName:
      - -n --account-name --auth-mode
      User-Agent:
      - AZURECLI/2.78.0 azsdk-python-storage-queue/12.3.0 Python/3.12.10 (Windows-10-10.0.19045-SP0)
      x-ms-date:
      - Fri, 24 Oct 2025 10:01:45 GMT
      x-ms-version:
      - '2021-02-12'
    method: GET
    uri: https://queue000002.queue.core.windows.net/queue000003?comp=metadata
  response:
    body:
      string: ''
    headers:
      cache-control:
      - no-cache
      content-length:
      - '0'
      date:
      - Fri, 24 Oct 2025 10:01:46 GMT
      server:
      - Windows-Azure-Queue/1.0 Microsoft-HTTPAPI/2.0
      x-ms-approximate-messages-count:
      - '0'
      x-ms-meta-newkey:
      - newvalue
      x-ms-meta-oldkey:
      - oldvalue
      x-ms-version:
      - '2021-02-12'
    status:
      code: 200
      message: OK
- request:
    body: null
    headers:
      Accept:
      - application/xml
      Accept-Encoding:
      - gzip, deflate
      CommandName:
      - storage queue metadata update
      Connection:
      - keep-alive
      Content-Length:
      - '0'
      ParameterSetName:
      - -n --metadata --account-name --auth-mode
      User-Agent:
      - AZURECLI/2.78.0 azsdk-python-storage-queue/12.3.0 Python/3.12.10 (Windows-10-10.0.19045-SP0)
      x-ms-date:
      - Fri, 24 Oct 2025 10:01:47 GMT
      x-ms-meta-a:
      - b
      x-ms-meta-c:
      - d
      x-ms-version:
      - '2021-02-12'
    method: PUT
    uri: https://queue000002.queue.core.windows.net/queue000003?comp=metadata
  response:
    body:
      string: ''
    headers:
      content-length:
      - '0'
      date:
      - Fri, 24 Oct 2025 10:01:48 GMT
      server:
      - Windows-Azure-Queue/1.0 Microsoft-HTTPAPI/2.0
      x-ms-version:
      - '2021-02-12'
    status:
      code: 204
      message: No Content
- request:
    body: null
    headers:
      Accept:
      - application/xml
      Accept-Encoding:
      - gzip, deflate
      CommandName:
      - storage queue metadata show
      Connection:
      - keep-alive
      ParameterSetName:
      - -n --account-name --account-key
      User-Agent:
      - AZURECLI/2.78.0 azsdk-python-storage-queue/12.3.0 Python/3.12.10 (Windows-10-10.0.19045-SP0)
      x-ms-date:
      - Fri, 24 Oct 2025 10:01:48 GMT
      x-ms-version:
      - '2021-02-12'
    method: GET
    uri: https://queue000002.queue.core.windows.net/queue000003?comp=metadata
  response:
    body:
      string: ''
    headers:
      cache-control:
      - no-cache
      content-length:
      - '0'
      date:
      - Fri, 24 Oct 2025 10:01:49 GMT
      server:
      - Windows-Azure-Queue/1.0 Microsoft-HTTPAPI/2.0
      x-ms-approximate-messages-count:
      - '0'
      x-ms-meta-a:
      - b
      x-ms-meta-c:
      - d
      x-ms-version:
      - '2021-02-12'
    status:
      code: 200
      message: OK
version: 1
