interactions:
- request:
    body: null
    headers:
      Accept:
      - application/json
      Accept-Encoding:
      - gzip, deflate
      CommandName:
      - storage account keys list
      Connection:
      - keep-alive
      Content-Length:
      - '0'
      ParameterSetName:
      - -g -n
      User-Agent:
      - AZURECLI/2.77.0 azsdk-python-core/1.35.0 Python/3.12.10 (Windows-10-10.0.19045-SP0)
    method: POST
    uri: https://management.azure.com/subscriptions/00000000-0000-0000-0000-000000000000/resourceGroups/clitest.rg000001/providers/Microsoft.Storage/storageAccounts/clitest000002/listKeys?api-version=2025-01-01&$expand=kerb
  response:
    body:
      string: '{"keys":[{"creationTime":"2025-09-23T08:45:23.0210134Z","keyName":"key1","value":"veryFakedStorageAccountKey==","permissions":"FULL"},{"creationTime":"2025-09-23T08:45:23.0210134Z","keyName":"key2","value":"veryFakedStorageAccountKey==","permissions":"FULL"}]}'
    headers:
      cache-control:
      - no-cache
      content-length:
      - '260'
      content-type:
      - application/json
      date:
      - Tue, 23 Sep 2025 08:45:47 GMT
      expires:
      - '-1'
      pragma:
      - no-cache
      server:
      - Microsoft-Azure-Storage-Resource-Provider/1.0,Microsoft-HTTPAPI/2.0 Microsoft-HTTPAPI/2.0
      strict-transport-security:
      - max-age=31536000; includeSubDomains
      x-content-type-options:
      - nosniff
      x-ms-operation-identifier:
      - tenantId=7b31ddc4-9101-4ef0-a387-79ce181cacdb,objectId=7b1bdbe4-80ac-47f9-882b-33d6e62950ab/eastus2euap/6c17e754-e16b-477a-a144-8335731d782b
      x-ms-ratelimit-remaining-subscription-resource-requests:
      - '799'
      x-ms-throttling-version:
      - v1
    status:
      code: 200
      message: OK
- request:
    body: '{"keyName": "key1"}'
    headers:
      Accept:
      - application/json
      Accept-Encoding:
      - gzip, deflate
      CommandName:
      - storage account keys renew
      Connection:
      - keep-alive
      Content-Length:
      - '19'
      Content-Type:
      - application/json
      ParameterSetName:
      - -g -n --key
      User-Agent:
      - AZURECLI/2.77.0 azsdk-python-core/1.35.0 Python/3.12.10 (Windows-10-10.0.19045-SP0)
    method: POST
    uri: https://management.azure.com/subscriptions/00000000-0000-0000-0000-000000000000/resourceGroups/clitest.rg000001/providers/Microsoft.Storage/storageAccounts/clitest000002/regenerateKey?api-version=2025-01-01
  response:
    body:
      string: '{"keys":[{"creationTime":"2025-09-23T08:45:50.1774636Z","keyName":"key1","value":"***","permissions":"FULL"},{"creationTime":"2025-09-23T08:45:23.0210134Z","keyName":"key2","value":"veryFakedStorageAccountKey==","permissions":"FULL"}]}'
    headers:
      cache-control:
      - no-cache
      content-length:
      - '320'
      content-type:
      - application/json
      date:
      - Tue, 23 Sep 2025 08:45:49 GMT
      expires:
      - '-1'
      pragma:
      - no-cache
      server:
      - Microsoft-Azure-Storage-Resource-Provider/1.0,Microsoft-HTTPAPI/2.0 Microsoft-HTTPAPI/2.0
      strict-transport-security:
      - max-age=31536000; includeSubDomains
      x-content-type-options:
      - nosniff
      x-ms-operation-identifier:
      - tenantId=7b31ddc4-9101-4ef0-a387-79ce181cacdb,objectId=7b1bdbe4-80ac-47f9-882b-33d6e62950ab/eastus2euap/d8a0164c-87bc-4e72-9441-949ae740c5b8
      x-ms-ratelimit-remaining-subscription-writes:
      - '199'
      x-ms-throttling-version:
      - v2
    status:
      code: 200
      message: OK
- request:
    body: '{"keyName": "key2"}'
    headers:
      Accept:
      - application/json
      Accept-Encoding:
      - gzip, deflate
      CommandName:
      - storage account keys renew
      Connection:
      - keep-alive
      Content-Length:
      - '19'
      Content-Type:
      - application/json
      ParameterSetName:
      - -g -n --key
      User-Agent:
      - AZURECLI/2.77.0 azsdk-python-core/1.35.0 Python/3.12.10 (Windows-10-10.0.19045-SP0)
    method: POST
    uri: https://management.azure.com/subscriptions/00000000-0000-0000-0000-000000000000/resourceGroups/clitest.rg000001/providers/Microsoft.Storage/storageAccounts/clitest000002/regenerateKey?api-version=2025-01-01
  response:
    body:
      string: '{"keys":[{"creationTime":"2025-09-23T08:45:50.1774636Z","keyName":"key1","value":"***","permissions":"FULL"},{"creationTime":"2025-09-23T08:45:51.9587369Z","keyName":"key2","value":"***","permissions":"FULL"}]}'
    headers:
      cache-control:
      - no-cache
      content-length:
      - '380'
      content-type:
      - application/json
      date:
      - Tue, 23 Sep 2025 08:45:51 GMT
      expires:
      - '-1'
      pragma:
      - no-cache
      server:
      - Microsoft-Azure-Storage-Resource-Provider/1.0,Microsoft-HTTPAPI/2.0 Microsoft-HTTPAPI/2.0
      strict-transport-security:
      - max-age=31536000; includeSubDomains
      x-content-type-options:
      - nosniff
      x-ms-operation-identifier:
      - tenantId=7b31ddc4-9101-4ef0-a387-79ce181cacdb,objectId=7b1bdbe4-80ac-47f9-882b-33d6e62950ab/eastus2euap/d8b6c49a-04e2-4d1d-a997-063edfa41c11
      x-ms-ratelimit-remaining-subscription-writes:
      - '199'
      x-ms-throttling-version:
      - v2
    status:
      code: 200
      message: OK
version: 1
