interactions:
- request:
    body: null
    headers:
      Accept:
      - application/json
      Accept-Encoding:
      - gzip, deflate
      CommandName:
      - postgres flexible-server create
      Connection:
      - keep-alive
      ParameterSetName:
      - -g --name -l --storage-size --public-access --tier --sku-name --yes --storage-auto-grow
      User-Agent:
      - AZURECLI/2.78.0 azsdk-python-core/1.35.0 Python/3.9.13 (Windows-10-10.0.26200-SP0)
    method: HEAD
    uri: https://management.azure.com/subscriptions/00000000-0000-0000-0000-000000000000/resourcegroups/clitest.rg000001?api-version=2024-11-01
  response:
    body:
      string: ''
    headers:
      cache-control:
      - no-cache
      content-length:
      - '0'
      date:
      - Thu, 23 Oct 2025 19:14:50 GMT
      expires:
      - '-1'
      pragma:
      - no-cache
      strict-transport-security:
      - max-age=31536000; includeSubDomains
      x-cache:
      - CONFIG_NOCACHE
      x-content-type-options:
      - nosniff
      x-ms-ratelimit-remaining-subscription-global-reads:
      - '16499'
      x-msedge-ref:
      - 'Ref A: 6C505FAE7C364B2EA96ADF7996711956 Ref B: AMS231020512017 Ref C: 2025-10-23T19:14:49Z'
    status:
      code: 204
      message: No Content
- request:
    body: null
    headers:
      Accept:
      - application/json
      Accept-Encoding:
      - gzip, deflate
      CommandName:
      - postgres flexible-server create
      Connection:
      - keep-alive
      ParameterSetName:
      - -g --name -l --storage-size --public-access --tier --sku-name --yes --storage-auto-grow
      User-Agent:
      - AZURECLI/2.78.0 azsdk-python-core/1.35.0 Python/3.9.13 (Windows-10-10.0.26200-SP0)
    method: GET
    uri: https://management.azure.com/subscriptions/00000000-0000-0000-0000-000000000000/resourcegroups/clitest.rg000001?api-version=2024-11-01
  response:
    body:
      string: '{"id":"/subscriptions/00000000-0000-0000-0000-000000000000/resourceGroups/clitest.rg000001","name":"clitest.rg000001","type":"Microsoft.Resources/resourceGroups","location":"centralindia","tags":{"product":"azurecli","cause":"automation","test":"test_postgres_flexible_server_auto_grow_replica_validator","date":"2025-10-23T19:14:43Z","module":"rdbms"},"properties":{"provisioningState":"Succeeded"}}'
    headers:
      cache-control:
      - no-cache
      content-length:
      - '400'
      content-type:
      - application/json; charset=utf-8
      date:
      - Thu, 23 Oct 2025 19:14:51 GMT
      expires:
      - '-1'
      pragma:
      - no-cache
      strict-transport-security:
      - max-age=31536000; includeSubDomains
      x-cache:
      - CONFIG_NOCACHE
      x-content-type-options:
      - nosniff
      x-ms-ratelimit-remaining-subscription-global-reads:
      - '16499'
      x-msedge-ref:
      - 'Ref A: 6DE609463DCB4A81B42029C460701A63 Ref B: AMS231020615037 Ref C: 2025-10-23T19:14:51Z'
    status:
      code: 200
      message: OK
- request:
    body: '{"name": "azuredbclitest-000002", "type": "Microsoft.DBforPostgreSQL/flexibleServers"}'
    headers:
      Accept:
      - application/json
      Accept-Encoding:
      - gzip, deflate
      CommandName:
      - postgres flexible-server create
      Connection:
      - keep-alive
      Content-Length:
      - '86'
      Content-Type:
      - application/json
      ParameterSetName:
      - -g --name -l --storage-size --public-access --tier --sku-name --yes --storage-auto-grow
      User-Agent:
      - AZURECLI/2.78.0 azsdk-python-core/1.35.0 Python/3.9.13 (Windows-10-10.0.26200-SP0)
    method: POST
    uri: https://management.azure.com/subscriptions/00000000-0000-0000-0000-000000000000/providers/Microsoft.DBforPostgreSQL/locations/centralindia/checkNameAvailability?api-version=2024-11-01-preview
  response:
    body:
      string: '{"name":"azuredbclitest-000002","type":"Microsoft.DBforPostgreSQL/flexibleServers","nameAvailable":true,"message":""}'
    headers:
      cache-control:
      - no-cache
      content-length:
      - '117'
      content-type:
      - application/json; charset=utf-8
      date:
      - Thu, 23 Oct 2025 19:14:54 GMT
      expires:
      - '-1'
      pragma:
      - no-cache
      strict-transport-security:
      - max-age=31536000; includeSubDomains
      x-cache:
      - CONFIG_NOCACHE
      x-content-type-options:
      - nosniff
      x-ms-operation-identifier:
      - tenantId=72f988bf-86f1-41af-91ab-2d7cd011db47,objectId=15659232-7461-4854-b909-7dff9a1e844c/westeurope/2321e594-a449-4a7e-8d6f-693b53fa80ca
      x-ms-ratelimit-remaining-subscription-global-writes:
      - '11999'
      x-ms-ratelimit-remaining-subscription-writes:
      - '799'
      x-msedge-ref:
      - 'Ref A: 0AAD50964D764EDFA0DC4A9C1B22BAFF Ref B: AMS231020614049 Ref C: 2025-10-23T19:14:52Z'
    status:
      code: 200
      message: OK
- request:
    body: null
    headers:
      Accept:
      - application/json
      Accept-Encoding:
      - gzip, deflate
      CommandName:
      - postgres flexible-server create
      Connection:
      - keep-alive
      ParameterSetName:
      - -g --name -l --storage-size --public-access --tier --sku-name --yes --storage-auto-grow
      User-Agent:
      - AZURECLI/2.78.0 azsdk-python-core/1.35.0 Python/3.9.13 (Windows-10-10.0.26200-SP0)
    method: GET
    uri: https://management.azure.com/subscriptions/00000000-0000-0000-0000-000000000000/providers/Microsoft.DBforPostgreSQL/locations/centralindia/capabilities?api-version=2024-11-01-preview
  response:
    body:
      string: '{"value":[{"name":"FlexibleServerCapabilities","supportedServerEditions":[{"supportedServerSkus":[{"supportedFeatures":[],"name":"Standard_B1ms","vCores":1,"supportedIops":640,"supportedMemoryPerVcoreMb":2048,"supportedZones":["1","2","3"],"supportedHaMode":["SameZone","ZoneRedundant"]},{"supportedFeatures":[],"name":"Standard_B2s","vCores":2,"supportedIops":1280,"supportedMemoryPerVcoreMb":2048,"supportedZones":["1","2","3"],"supportedHaMode":["SameZone","ZoneRedundant"]},{"supportedFeatures":[],"name":"Standard_B2ms","vCores":2,"supportedIops":1920,"supportedMemoryPerVcoreMb":4096,"supportedZones":["1","2","3"],"supportedHaMode":["SameZone","ZoneRedundant"]},{"supportedFeatures":[],"name":"Standard_B4ms","vCores":4,"supportedIops":2880,"supportedMemoryPerVcoreMb":4096,"supportedZones":["1","2","3"],"supportedHaMode":["SameZone","ZoneRedundant"]},{"supportedFeatures":[],"name":"Standard_B8ms","vCores":8,"supportedIops":4320,"supportedMemoryPerVcoreMb":4096,"supportedZones":["1","2","3"],"supportedHaMode":["SameZone","ZoneRedundant"]},{"supportedFeatures":[],"name":"Standard_B12ms","vCores":12,"supportedIops":4320,"supportedMemoryPerVcoreMb":4096,"supportedZones":["1","2","3"],"supportedHaMode":["SameZone","ZoneRedundant"]},{"supportedFeatures":[],"name":"Standard_B16ms","vCores":16,"supportedIops":4320,"supportedMemoryPerVcoreMb":4096,"supportedZones":["1","2","3"],"supportedHaMode":["SameZone","ZoneRedundant"]},{"supportedFeatures":[],"name":"Standard_B20ms","vCores":20,"supportedIops":4320,"supportedMemoryPerVcoreMb":4096,"supportedZones":["1","2","3"],"supportedHaMode":["SameZone","ZoneRedundant"]}],"name":"Burstable","defaultSkuName":"Standard_B2s","supportedStorageEditions":[{"name":"ManagedDisk","defaultStorageSizeMb":32768,"supportedStorageMb":[{"supportedIops":120,"storageSizeMb":32768,"defaultIopsTier":"P4","supportedIopsTiers":[{"name":"P4","iops":120},{"name":"P6","iops":240},{"name":"P10","iops":500},{"name":"P15","iops":1100},{"name":"P20","iops":2300},{"name":"P30","iops":5000},{"name":"P40","iops":7500},{"name":"P50","iops":7500}]},{"supportedIops":240,"storageSizeMb":65536,"defaultIopsTier":"P6","supportedIopsTiers":[{"name":"P6","iops":240},{"name":"P10","iops":500},{"name":"P15","iops":1100},{"name":"P20","iops":2300},{"name":"P30","iops":5000},{"name":"P40","iops":7500},{"name":"P50","iops":7500}]},{"supportedIops":500,"storageSizeMb":131072,"defaultIopsTier":"P10","supportedIopsTiers":[{"name":"P10","iops":500},{"name":"P15","iops":1100},{"name":"P20","iops":2300},{"name":"P30","iops":5000},{"name":"P40","iops":7500},{"name":"P50","iops":7500}]},{"supportedIops":1100,"storageSizeMb":262144,"defaultIopsTier":"P15","supportedIopsTiers":[{"name":"P15","iops":1100},{"name":"P20","iops":2300},{"name":"P30","iops":5000},{"name":"P40","iops":7500},{"name":"P50","iops":7500}]},{"supportedIops":2300,"storageSizeMb":524288,"defaultIopsTier":"P20","supportedIopsTiers":[{"name":"P20","iops":2300},{"name":"P30","iops":5000},{"name":"P40","iops":7500},{"name":"P50","iops":7500}]},{"supportedIops":5000,"storageSizeMb":1048576,"defaultIopsTier":"P30","supportedIopsTiers":[{"name":"P30","iops":5000},{"name":"P40","iops":7500},{"name":"P50","iops":7500}]},{"supportedIops":7500,"storageSizeMb":2097152,"defaultIopsTier":"P40","supportedIopsTiers":[{"name":"P40","iops":7500},{"name":"P50","iops":7500}]},{"supportedIops":7500,"storageSizeMb":4193280,"defaultIopsTier":"P50","supportedIopsTiers":[{"name":"P50","iops":7500}]},{"supportedIops":7500,"storageSizeMb":4194304,"defaultIopsTier":"P50","supportedIopsTiers":[{"name":"P50","iops":7500}]},{"supportedIops":16000,"storageSizeMb":8388608,"defaultIopsTier":"P60","supportedIopsTiers":[{"name":"P60","iops":16000},{"name":"P70","iops":18000},{"name":"P80","iops":20000}]},{"supportedIops":18000,"storageSizeMb":16777216,"defaultIopsTier":"P70","supportedIopsTiers":[{"name":"P70","iops":18000},{"name":"P80","iops":20000}]},{"supportedIops":20000,"storageSizeMb":33553408,"defaultIopsTier":"P80","supportedIopsTiers":[{"name":"P80","iops":20000}]}]},{"name":"ManagedDiskV2","defaultStorageSizeMb":32768,"supportedStorageMb":[{"supportedIops":3000,"supportedMaximumIops":80000,"storageSizeMb":32768,"maximumStorageSizeMb":67108864,"supportedThroughput":125,"supportedMaximumThroughput":1200,"defaultIopsTier":"None","supportedIopsTiers":[{"name":"None","iops":0}]}]}]},{"supportedServerSkus":[{"supportedFeatures":[],"name":"Standard_D2s_v3","vCores":2,"supportedIops":3200,"supportedMemoryPerVcoreMb":4096,"supportedZones":["1","2","3"],"supportedHaMode":["SameZone","ZoneRedundant"]},{"supportedFeatures":[],"name":"Standard_D4s_v3","vCores":4,"supportedIops":6400,"supportedMemoryPerVcoreMb":4096,"supportedZones":["1","2","3"],"supportedHaMode":["SameZone","ZoneRedundant"]},{"supportedFeatures":[],"name":"Standard_D8s_v3","vCores":8,"supportedIops":12800,"supportedMemoryPerVcoreMb":4096,"supportedZones":["1","2","3"],"supportedHaMode":["SameZone","ZoneRedundant"]},{"supportedFeatures":[],"name":"Standard_D16s_v3","vCores":16,"supportedIops":25600,"supportedMemoryPerVcoreMb":4096,"supportedZones":["1","2","3"],"supportedHaMode":["SameZone","ZoneRedundant"]},{"supportedFeatures":[],"name":"Standard_D32s_v3","vCores":32,"supportedIops":51200,"supportedMemoryPerVcoreMb":4096,"supportedZones":["1","2","3"],"supportedHaMode":["SameZone","ZoneRedundant"]},{"supportedFeatures":[],"name":"Standard_D48s_v3","vCores":48,"supportedIops":76800,"supportedMemoryPerVcoreMb":4096,"supportedZones":["1","2","3"],"supportedHaMode":["SameZone","ZoneRedundant"]},{"supportedFeatures":[],"name":"Standard_D64s_v3","vCores":64,"supportedIops":80000,"supportedMemoryPerVcoreMb":4096,"supportedZones":["1","2","3"],"supportedHaMode":["SameZone","ZoneRedundant"]},{"supportedFeatures":[],"name":"Standard_D2ds_v4","vCores":2,"supportedIops":3200,"supportedMemoryPerVcoreMb":4096,"supportedZones":["1","2","3"],"supportedHaMode":["SameZone","ZoneRedundant"]},{"supportedFeatures":[],"name":"Standard_D4ds_v4","vCores":4,"supportedIops":6400,"supportedMemoryPerVcoreMb":4096,"supportedZones":["1","2","3"],"supportedHaMode":["SameZone","ZoneRedundant"]},{"supportedFeatures":[],"name":"Standard_D8ds_v4","vCores":8,"supportedIops":12800,"supportedMemoryPerVcoreMb":4096,"supportedZones":["1","2","3"],"supportedHaMode":["SameZone","ZoneRedundant"]},{"supportedFeatures":[],"name":"Standard_D16ds_v4","vCores":16,"supportedIops":25600,"supportedMemoryPerVcoreMb":4096,"supportedZones":["1","2","3"],"supportedHaMode":["SameZone","ZoneRedundant"]},{"supportedFeatures":[],"name":"Standard_D32ds_v4","vCores":32,"supportedIops":51200,"supportedMemoryPerVcoreMb":4096,"supportedZones":["1","2","3"],"supportedHaMode":["SameZone","ZoneRedundant"]},{"supportedFeatures":[],"name":"Standard_D48ds_v4","vCores":48,"supportedIops":76800,"supportedMemoryPerVcoreMb":4096,"supportedZones":["1","2","3"],"supportedHaMode":["SameZone","ZoneRedundant"]},{"supportedFeatures":[],"name":"Standard_D64ds_v4","vCores":64,"supportedIops":80000,"supportedMemoryPerVcoreMb":4096,"supportedZones":["1","2","3"],"supportedHaMode":["SameZone","ZoneRedundant"]},{"supportedFeatures":[],"name":"Standard_D2ads_v5","vCores":2,"supportedIops":3200,"supportedMemoryPerVcoreMb":4096,"supportedZones":["1","2","3"],"supportedHaMode":["SameZone","ZoneRedundant"]},{"supportedFeatures":[],"name":"Standard_D4ads_v5","vCores":4,"supportedIops":6400,"supportedMemoryPerVcoreMb":4096,"supportedZones":["1","2","3"],"supportedHaMode":["SameZone","ZoneRedundant"]},{"supportedFeatures":[],"name":"Standard_D8ads_v5","vCores":8,"supportedIops":12800,"supportedMemoryPerVcoreMb":4096,"supportedZones":["1","2","3"],"supportedHaMode":["SameZone","ZoneRedundant"]},{"supportedFeatures":[],"name":"Standard_D16ads_v5","vCores":16,"supportedIops":25600,"supportedMemoryPerVcoreMb":4096,"supportedZones":["1","2","3"],"supportedHaMode":["SameZone","ZoneRedundant"]},{"supportedFeatures":[],"name":"Standard_D32ads_v5","vCores":32,"supportedIops":51200,"supportedMemoryPerVcoreMb":4096,"supportedZones":["1","2","3"],"supportedHaMode":["SameZone","ZoneRedundant"]},{"supportedFeatures":[],"name":"Standard_D48ads_v5","vCores":48,"supportedIops":76800,"supportedMemoryPerVcoreMb":4096,"supportedZones":["1","2","3"],"supportedHaMode":["SameZone","ZoneRedundant"]},{"supportedFeatures":[],"name":"Standard_D64ads_v5","vCores":64,"supportedIops":80000,"supportedMemoryPerVcoreMb":4096,"supportedZones":["1","2","3"],"supportedHaMode":["SameZone","ZoneRedundant"]},{"supportedFeatures":[],"name":"Standard_D96ads_v5","vCores":96,"supportedIops":80000,"supportedMemoryPerVcoreMb":4096,"supportedZones":["1","2","3"],"supportedHaMode":["SameZone","ZoneRedundant"]},{"supportedFeatures":[],"name":"Standard_D2ds_v5","vCores":2,"supportedIops":3750,"supportedMemoryPerVcoreMb":4096,"supportedZones":["1","2","3"],"supportedHaMode":["SameZone","ZoneRedundant"]},{"supportedFeatures":[],"name":"Standard_D4ds_v5","vCores":4,"supportedIops":6400,"supportedMemoryPerVcoreMb":4096,"supportedZones":["1","2","3"],"supportedHaMode":["SameZone","ZoneRedundant"]},{"supportedFeatures":[],"name":"Standard_D8ds_v5","vCores":8,"supportedIops":12800,"supportedMemoryPerVcoreMb":4096,"supportedZones":["1","2","3"],"supportedHaMode":["SameZone","ZoneRedundant"]},{"supportedFeatures":[],"name":"Standard_D16ds_v5","vCores":16,"supportedIops":25600,"supportedMemoryPerVcoreMb":4096,"supportedZones":["1","2","3"],"supportedHaMode":["SameZone","ZoneRedundant"]},{"supportedFeatures":[],"name":"Standard_D32ds_v5","vCores":32,"supportedIops":51200,"supportedMemoryPerVcoreMb":4096,"supportedZones":["1","2","3"],"supportedHaMode":["SameZone","ZoneRedundant"]},{"supportedFeatures":[],"name":"Standard_D48ds_v5","vCores":48,"supportedIops":76800,"supportedMemoryPerVcoreMb":4096,"supportedZones":["1","2","3"],"supportedHaMode":["SameZone","ZoneRedundant"]},{"supportedFeatures":[],"name":"Standard_D64ds_v5","vCores":64,"supportedIops":80000,"supportedMemoryPerVcoreMb":4096,"supportedZones":["1","2","3"],"supportedHaMode":["SameZone","ZoneRedundant"]},{"supportedFeatures":[],"name":"Standard_D96ds_v5","vCores":96,"supportedIops":80000,"supportedMemoryPerVcoreMb":4096,"supportedZones":["1","2","3"],"supportedHaMode":["SameZone","ZoneRedundant"]}],"name":"GeneralPurpose","defaultSkuName":"Standard_D4ds_v5","supportedStorageEditions":[{"name":"ManagedDisk","defaultStorageSizeMb":65536,"supportedStorageMb":[{"supportedIops":120,"storageSizeMb":32768,"defaultIopsTier":"P4","supportedIopsTiers":[{"name":"P4","iops":120},{"name":"P6","iops":240},{"name":"P10","iops":500},{"name":"P15","iops":1100},{"name":"P20","iops":2300},{"name":"P30","iops":5000},{"name":"P40","iops":7500},{"name":"P50","iops":7500}]},{"supportedIops":240,"storageSizeMb":65536,"defaultIopsTier":"P6","supportedIopsTiers":[{"name":"P6","iops":240},{"name":"P10","iops":500},{"name":"P15","iops":1100},{"name":"P20","iops":2300},{"name":"P30","iops":5000},{"name":"P40","iops":7500},{"name":"P50","iops":7500}]},{"supportedIops":500,"storageSizeMb":131072,"defaultIopsTier":"P10","supportedIopsTiers":[{"name":"P10","iops":500},{"name":"P15","iops":1100},{"name":"P20","iops":2300},{"name":"P30","iops":5000},{"name":"P40","iops":7500},{"name":"P50","iops":7500}]},{"supportedIops":1100,"storageSizeMb":262144,"defaultIopsTier":"P15","supportedIopsTiers":[{"name":"P15","iops":1100},{"name":"P20","iops":2300},{"name":"P30","iops":5000},{"name":"P40","iops":7500},{"name":"P50","iops":7500}]},{"supportedIops":2300,"storageSizeMb":524288,"defaultIopsTier":"P20","supportedIopsTiers":[{"name":"P20","iops":2300},{"name":"P30","iops":5000},{"name":"P40","iops":7500},{"name":"P50","iops":7500}]},{"supportedIops":5000,"storageSizeMb":1048576,"defaultIopsTier":"P30","supportedIopsTiers":[{"name":"P30","iops":5000},{"name":"P40","iops":7500},{"name":"P50","iops":7500}]},{"supportedIops":7500,"storageSizeMb":2097152,"defaultIopsTier":"P40","supportedIopsTiers":[{"name":"P40","iops":7500},{"name":"P50","iops":7500}]},{"supportedIops":7500,"storageSizeMb":4193280,"defaultIopsTier":"P50","supportedIopsTiers":[{"name":"P50","iops":7500}]},{"supportedIops":7500,"storageSizeMb":4194304,"defaultIopsTier":"P50","supportedIopsTiers":[{"name":"P50","iops":7500}]},{"supportedIops":16000,"storageSizeMb":8388608,"defaultIopsTier":"P60","supportedIopsTiers":[{"name":"P60","iops":16000},{"name":"P70","iops":18000},{"name":"P80","iops":20000}]},{"supportedIops":18000,"storageSizeMb":16777216,"defaultIopsTier":"P70","supportedIopsTiers":[{"name":"P70","iops":18000},{"name":"P80","iops":20000}]},{"supportedIops":20000,"storageSizeMb":33553408,"defaultIopsTier":"P80","supportedIopsTiers":[{"name":"P80","iops":20000}]}]},{"name":"ManagedDiskV2","defaultStorageSizeMb":65536,"supportedStorageMb":[{"supportedIops":3000,"supportedMaximumIops":80000,"storageSizeMb":32768,"maximumStorageSizeMb":67108864,"supportedThroughput":125,"supportedMaximumThroughput":1200,"defaultIopsTier":"None","supportedIopsTiers":[{"name":"None","iops":0}]}]},{"name":"UltraDisk","defaultStorageSizeMb":65536,"supportedStorageMb":[],"reason":"Specified
        Storage Edition not supported in this region."}]},{"supportedServerSkus":[{"supportedFeatures":[],"name":"Standard_E2s_v3","vCores":2,"supportedIops":3200,"supportedMemoryPerVcoreMb":8192,"supportedZones":["1","2","3"],"supportedHaMode":["SameZone","ZoneRedundant"]},{"supportedFeatures":[],"name":"Standard_E4s_v3","vCores":4,"supportedIops":6400,"supportedMemoryPerVcoreMb":8192,"supportedZones":["1","2","3"],"supportedHaMode":["SameZone","ZoneRedundant"]},{"supportedFeatures":[],"name":"Standard_E8s_v3","vCores":8,"supportedIops":12800,"supportedMemoryPerVcoreMb":8192,"supportedZones":["1","2","3"],"supportedHaMode":["SameZone","ZoneRedundant"]},{"supportedFeatures":[],"name":"Standard_E16s_v3","vCores":16,"supportedIops":25600,"supportedMemoryPerVcoreMb":8192,"supportedZones":["1","2","3"],"supportedHaMode":["SameZone","ZoneRedundant"]},{"supportedFeatures":[],"name":"Standard_E32s_v3","vCores":32,"supportedIops":32000,"supportedMemoryPerVcoreMb":8192,"supportedZones":["1","2","3"],"supportedHaMode":["SameZone","ZoneRedundant"]},{"supportedFeatures":[],"name":"Standard_E48s_v3","vCores":48,"supportedIops":51200,"supportedMemoryPerVcoreMb":8192,"supportedZones":["1","2","3"],"supportedHaMode":["SameZone","ZoneRedundant"]},{"supportedFeatures":[],"name":"Standard_E64s_v3","vCores":64,"supportedIops":76800,"supportedMemoryPerVcoreMb":6912,"supportedZones":["1","2","3"],"supportedHaMode":["SameZone","ZoneRedundant"]},{"supportedFeatures":[],"name":"Standard_E2ds_v4","vCores":2,"supportedIops":3200,"supportedMemoryPerVcoreMb":8192,"supportedZones":["1","2","3"],"supportedHaMode":["SameZone","ZoneRedundant"]},{"supportedFeatures":[],"name":"Standard_E4ds_v4","vCores":4,"supportedIops":6400,"supportedMemoryPerVcoreMb":8192,"supportedZones":["1","2","3"],"supportedHaMode":["SameZone","ZoneRedundant"]},{"supportedFeatures":[],"name":"Standard_E8ds_v4","vCores":8,"supportedIops":12800,"supportedMemoryPerVcoreMb":8192,"supportedZones":["1","2","3"],"supportedHaMode":["SameZone","ZoneRedundant"]},{"supportedFeatures":[],"name":"Standard_E16ds_v4","vCores":16,"supportedIops":25600,"supportedMemoryPerVcoreMb":8192,"supportedZones":["1","2","3"],"supportedHaMode":["SameZone","ZoneRedundant"]},{"supportedFeatures":[],"name":"Standard_E20ds_v4","vCores":20,"supportedIops":32000,"supportedMemoryPerVcoreMb":8192,"supportedZones":["1","2","3"],"supportedHaMode":["SameZone","ZoneRedundant"]},{"supportedFeatures":[],"name":"Standard_E32ds_v4","vCores":32,"supportedIops":51200,"supportedMemoryPerVcoreMb":8192,"supportedZones":["1","2","3"],"supportedHaMode":["SameZone","ZoneRedundant"]},{"supportedFeatures":[],"name":"Standard_E48ds_v4","vCores":48,"supportedIops":76800,"supportedMemoryPerVcoreMb":8192,"supportedZones":["1","2","3"],"supportedHaMode":["SameZone","ZoneRedundant"]},{"supportedFeatures":[],"name":"Standard_E64ds_v4","vCores":64,"supportedIops":80000,"supportedMemoryPerVcoreMb":6912,"supportedZones":["1","2","3"],"supportedHaMode":["SameZone","ZoneRedundant"]},{"supportedFeatures":[],"name":"Standard_E2ads_v5","vCores":2,"supportedIops":3750,"supportedMemoryPerVcoreMb":8192,"supportedZones":["1","2","3"],"supportedHaMode":["SameZone","ZoneRedundant"]},{"supportedFeatures":[],"name":"Standard_E4ads_v5","vCores":4,"supportedIops":6400,"supportedMemoryPerVcoreMb":8192,"supportedZones":["1","2","3"],"supportedHaMode":["SameZone","ZoneRedundant"]},{"supportedFeatures":[],"name":"Standard_E8ads_v5","vCores":8,"supportedIops":12800,"supportedMemoryPerVcoreMb":8192,"supportedZones":["1","2","3"],"supportedHaMode":["SameZone","ZoneRedundant"]},{"supportedFeatures":[],"name":"Standard_E16ads_v5","vCores":16,"supportedIops":25600,"supportedMemoryPerVcoreMb":8192,"supportedZones":["1","2","3"],"supportedHaMode":["SameZone","ZoneRedundant"]},{"supportedFeatures":[],"name":"Standard_E20ads_v5","vCores":20,"supportedIops":32000,"supportedMemoryPerVcoreMb":8192,"supportedZones":["1","2","3"],"supportedHaMode":["SameZone","ZoneRedundant"]},{"supportedFeatures":[],"name":"Standard_E32ads_v5","vCores":32,"supportedIops":51200,"supportedMemoryPerVcoreMb":8192,"supportedZones":["1","2","3"],"supportedHaMode":["SameZone","ZoneRedundant"]},{"supportedFeatures":[],"name":"Standard_E48ads_v5","vCores":48,"supportedIops":76800,"supportedMemoryPerVcoreMb":8192,"supportedZones":["1","2","3"],"supportedHaMode":["SameZone","ZoneRedundant"]},{"supportedFeatures":[],"name":"Standard_E64ads_v5","vCores":64,"supportedIops":80000,"supportedMemoryPerVcoreMb":8192,"supportedZones":["1","2","3"],"supportedHaMode":["SameZone","ZoneRedundant"]},{"supportedFeatures":[],"name":"Standard_E96ads_v5","vCores":96,"supportedIops":80000,"supportedMemoryPerVcoreMb":7168,"supportedZones":["1","2","3"],"supportedHaMode":["SameZone","ZoneRedundant"]},{"supportedFeatures":[],"name":"Standard_E2ds_v5","vCores":2,"supportedIops":3750,"supportedMemoryPerVcoreMb":8192,"supportedZones":["1","2","3"],"supportedHaMode":["SameZone","ZoneRedundant"]},{"supportedFeatures":[],"name":"Standard_E4ds_v5","vCores":4,"supportedIops":6400,"supportedMemoryPerVcoreMb":8192,"supportedZones":["1","2","3"],"supportedHaMode":["SameZone","ZoneRedundant"]},{"supportedFeatures":[],"name":"Standard_E8ds_v5","vCores":8,"supportedIops":12800,"supportedMemoryPerVcoreMb":8192,"supportedZones":["1","2","3"],"supportedHaMode":["SameZone","ZoneRedundant"]},{"supportedFeatures":[],"name":"Standard_E16ds_v5","vCores":16,"supportedIops":25600,"supportedMemoryPerVcoreMb":8192,"supportedZones":["1","2","3"],"supportedHaMode":["SameZone","ZoneRedundant"]},{"supportedFeatures":[],"name":"Standard_E20ds_v5","vCores":20,"supportedIops":32000,"supportedMemoryPerVcoreMb":8192,"supportedZones":["1","2","3"],"supportedHaMode":["SameZone","ZoneRedundant"]},{"supportedFeatures":[],"name":"Standard_E32ds_v5","vCores":32,"supportedIops":51200,"supportedMemoryPerVcoreMb":8192,"supportedZones":["1","2","3"],"supportedHaMode":["SameZone","ZoneRedundant"]},{"supportedFeatures":[],"name":"Standard_E48ds_v5","vCores":48,"supportedIops":76800,"supportedMemoryPerVcoreMb":8192,"supportedZones":["1","2","3"],"supportedHaMode":["SameZone","ZoneRedundant"]},{"supportedFeatures":[],"name":"Standard_E64ds_v5","vCores":64,"supportedIops":80000,"supportedMemoryPerVcoreMb":8192,"supportedZones":["1","2","3"],"supportedHaMode":["SameZone","ZoneRedundant"]},{"supportedFeatures":[],"name":"Standard_E96ds_v5","vCores":96,"supportedIops":80000,"supportedMemoryPerVcoreMb":7168,"supportedZones":["1","2","3"],"supportedHaMode":["SameZone","ZoneRedundant"]}],"name":"MemoryOptimized","defaultSkuName":"Standard_E4ds_v5","supportedStorageEditions":[{"name":"ManagedDisk","defaultStorageSizeMb":131072,"supportedStorageMb":[{"supportedIops":120,"storageSizeMb":32768,"defaultIopsTier":"P4","supportedIopsTiers":[{"name":"P4","iops":120},{"name":"P6","iops":240},{"name":"P10","iops":500},{"name":"P15","iops":1100},{"name":"P20","iops":2300},{"name":"P30","iops":5000},{"name":"P40","iops":7500},{"name":"P50","iops":7500}]},{"supportedIops":240,"storageSizeMb":65536,"defaultIopsTier":"P6","supportedIopsTiers":[{"name":"P6","iops":240},{"name":"P10","iops":500},{"name":"P15","iops":1100},{"name":"P20","iops":2300},{"name":"P30","iops":5000},{"name":"P40","iops":7500},{"name":"P50","iops":7500}]},{"supportedIops":500,"storageSizeMb":131072,"defaultIopsTier":"P10","supportedIopsTiers":[{"name":"P10","iops":500},{"name":"P15","iops":1100},{"name":"P20","iops":2300},{"name":"P30","iops":5000},{"name":"P40","iops":7500},{"name":"P50","iops":7500}]},{"supportedIops":1100,"storageSizeMb":262144,"defaultIopsTier":"P15","supportedIopsTiers":[{"name":"P15","iops":1100},{"name":"P20","iops":2300},{"name":"P30","iops":5000},{"name":"P40","iops":7500},{"name":"P50","iops":7500}]},{"supportedIops":2300,"storageSizeMb":524288,"defaultIopsTier":"P20","supportedIopsTiers":[{"name":"P20","iops":2300},{"name":"P30","iops":5000},{"name":"P40","iops":7500},{"name":"P50","iops":7500}]},{"supportedIops":5000,"storageSizeMb":1048576,"defaultIopsTier":"P30","supportedIopsTiers":[{"name":"P30","iops":5000},{"name":"P40","iops":7500},{"name":"P50","iops":7500}]},{"supportedIops":7500,"storageSizeMb":2097152,"defaultIopsTier":"P40","supportedIopsTiers":[{"name":"P40","iops":7500},{"name":"P50","iops":7500}]},{"supportedIops":7500,"storageSizeMb":4193280,"defaultIopsTier":"P50","supportedIopsTiers":[{"name":"P50","iops":7500}]},{"supportedIops":7500,"storageSizeMb":4194304,"defaultIopsTier":"P50","supportedIopsTiers":[{"name":"P50","iops":7500}]},{"supportedIops":16000,"storageSizeMb":8388608,"defaultIopsTier":"P60","supportedIopsTiers":[{"name":"P60","iops":16000},{"name":"P70","iops":18000},{"name":"P80","iops":20000}]},{"supportedIops":18000,"storageSizeMb":16777216,"defaultIopsTier":"P70","supportedIopsTiers":[{"name":"P70","iops":18000},{"name":"P80","iops":20000}]},{"supportedIops":20000,"storageSizeMb":33553408,"defaultIopsTier":"P80","supportedIopsTiers":[{"name":"P80","iops":20000}]}]},{"name":"ManagedDiskV2","defaultStorageSizeMb":131072,"supportedStorageMb":[{"supportedIops":3000,"supportedMaximumIops":80000,"storageSizeMb":32768,"maximumStorageSizeMb":67108864,"supportedThroughput":125,"supportedMaximumThroughput":1200,"defaultIopsTier":"None","supportedIopsTiers":[{"name":"None","iops":0}]}]},{"name":"UltraDisk","defaultStorageSizeMb":131072,"supportedStorageMb":[],"reason":"Specified
        Storage Edition not supported in this region."}]}],"supportedServerVersions":[{"supportedFeatures":[],"name":"11","supportedVersionsToUpgrade":["12","13","14","15","16","17"]},{"supportedFeatures":[],"name":"12","supportedVersionsToUpgrade":["13","14","15","16","17"]},{"supportedFeatures":[],"name":"13","supportedVersionsToUpgrade":["14","15","16","17"]},{"supportedFeatures":[],"name":"14","supportedVersionsToUpgrade":["15","16","17"]},{"supportedFeatures":[],"name":"15","supportedVersionsToUpgrade":["16","17"]},{"supportedFeatures":[],"name":"16","supportedVersionsToUpgrade":["17"]},{"supportedFeatures":[],"name":"17","supportedVersionsToUpgrade":[]}],"supportedFastProvisioningEditions":[],"supportedFeatures":[{"name":"FastProvisioning","status":"Disabled"},{"name":"ZoneRedundantHa","status":"Enabled"},{"name":"GeoBackup","status":"Enabled"},{"name":"ZoneRedundantHaAndGeoBackup","status":"Enabled"},{"name":"StorageAutoGrowth","status":"Enabled"},{"name":"OnlineResize","status":"Enabled"},{"name":"OfferRestricted","status":"Disabled"},{"name":"IndexTuning","status":"Enabled"},{"name":"Clusters","status":"Enabled"},{"name":"ConfigTuning","status":"Enabled"}],"fastProvisioningSupported":"Disabled","geoBackupSupported":"Enabled","zoneRedundantHaSupported":"Enabled","zoneRedundantHaAndGeoBackupSupported":"Enabled","storageAutoGrowthSupported":"Enabled","onlineResizeSupported":"Enabled","indexTuningSupported":"Enabled"}]}'
    headers:
      cache-control:
      - no-cache
      content-length:
      - '23978'
      content-type:
      - application/json; charset=utf-8
      date:
      - Thu, 23 Oct 2025 19:14:57 GMT
      expires:
      - '-1'
      pragma:
      - no-cache
      strict-transport-security:
      - max-age=31536000; includeSubDomains
      x-cache:
      - CONFIG_NOCACHE
      x-content-type-options:
      - nosniff
      x-ms-operation-identifier:
      - tenantId=72f988bf-86f1-41af-91ab-2d7cd011db47,objectId=15659232-7461-4854-b909-7dff9a1e844c/centralindia/e1d5e5ce-1c18-4047-b582-9e4a9e038cdf
      x-ms-ratelimit-remaining-subscription-global-reads:
      - '16499'
      x-msedge-ref:
      - 'Ref A: 3CF27DE366AA47F8AD23DA68CB11121A Ref B: AMS231020615007 Ref C: 2025-10-23T19:14:55Z'
    status:
      code: 200
      message: OK
- request:
    body: '{"location": "centralindia", "sku": {"name": "Standard_D2s_v3", "tier":
      "GeneralPurpose"}, "properties": {"administratorLogin": "commoncolt1", "administratorLoginPassword":
      "c1qQZ_fTfZBXAKpXByRxVQ", "version": "17", "storage": {"storageSizeGB": 256,
      "autoGrow": "Enabled"}, "authConfig": {"activeDirectoryAuth": "Disabled", "passwordAuth":
      "Enabled", "tenantId": ""}, "backup": {"backupRetentionDays": 7, "geoRedundantBackup":
      "Disabled"}, "network": {"publicNetworkAccess": "Disabled"}, "highAvailability":
      {"mode": "Disabled"}, "createMode": "Create"}}'
    headers:
      Accept:
      - application/json
      Accept-Encoding:
      - gzip, deflate
      CommandName:
      - postgres flexible-server create
      Connection:
      - keep-alive
      Content-Length:
      - '554'
      Content-Type:
      - application/json
      ParameterSetName:
      - -g --name -l --storage-size --public-access --tier --sku-name --yes --storage-auto-grow
      User-Agent:
      - AZURECLI/2.78.0 azsdk-python-core/1.35.0 Python/3.9.13 (Windows-10-10.0.26200-SP0)
    method: PUT
    uri: https://management.azure.com/subscriptions/00000000-0000-0000-0000-000000000000/resourceGroups/clitest.rg000001/providers/Microsoft.DBforPostgreSQL/flexibleServers/azuredbclitest-000002?api-version=2024-11-01-preview
  response:
    body:
      string: '{"operation":"UpsertServerManagementOperationV2","startTime":"2025-10-23T19:15:01.36Z"}'
    headers:
      azure-asyncoperation:
      - https://management.azure.com/subscriptions/00000000-0000-0000-0000-000000000000/providers/Microsoft.DBforPostgreSQL/locations/centralindia/azureAsyncOperation/53b9ccaa-05a8-42e7-8f89-c82471bd9496?api-version=2024-11-01-preview&t=638968437014925792&c=MIIIrzCCBpegAwIBAgITUQFAksjJXtdW64QOrwABAUCSyDANBgkqhkiG9w0BAQsFADBEMRMwEQYKCZImiZPyLGQBGRYDR0JMMRMwEQYKCZImiZPyLGQBGRYDQU1FMRgwFgYDVQQDEw9BTUUgSW5mcmEgQ0EgMDQwHhcNMjUxMDIyMTEzMDMzWhcNMjYwNDIwMTEzMDMzWjBAMT4wPAYDVQQDEzVhc3luY29wZXJhdGlvbnNpZ25pbmdjZXJ0aWZpY2F0ZS5tYW5hZ2VtZW50LmF6dXJlLmNvbTCCASIwDQYJKoZIhvcNAQEBBQADggEPADCCAQoCggEBANIL_ea4PX6tqxHLVF9EMduSXtibVvw_fvJo_2qVyVM_8guCpW7Vot8hAA3JXqJIuYF9h5wn2uWRXZXHyg4aaY2Lbqro1-tBMPU5rXoQZ9s2duM-rKR95C5eA8BbDTDoKjSTOnLAQ0-XWJI1upgmi1VDBnjo6o_RupQR7IimcAZdXrMl2LaN3lNyuldWaC5acWcw9L9ufxDGPdkfvUv_ScXQ-7BzgPXRS1UL7WyL9EV4bddWXpBBvZR80DH6tdfzz9pgHF4OIeUvSVm4QmcCVH5iCmbnVWDBGlhA1O6UBgUfxqnljc5MhLkkKH5OHPspPmRrsDTzYP15yZWFI82YMNECAwEAAaOCBJwwggSYMCcGCSsGAQQBgjcVCgQaMBgwCgYIKwYBBQUHAwEwCgYIKwYBBQUHAwIwPQYJKwYBBAGCNxUHBDAwLgYmKwYBBAGCNxUIhpDjDYTVtHiE8Ys-hZvdFs6dEoFghfmRS4WsmTQCAWQCAQcwggHkBggrBgEFBQcBAQSCAdYwggHSMGgGCCsGAQUFBzAChlxodHRwOi8vY3JsLm1pY3Jvc29mdC5jb20vcGtpaW5mcmEvQ2VydHMvbWVsMDFwa2lpbnRjYTAxLkFNRS5HQkxfQU1FJTIwSW5mcmElMjBDQSUyMDA0KDEpLmNydDBYBggrBgEFBQcwAoZMaHR0cDovL2NybDEuYW1lLmdibC9haWEvbWVsMDFwa2lpbnRjYTAxLkFNRS5HQkxfQU1FJTIwSW5mcmElMjBDQSUyMDA0KDEpLmNydDBYBggrBgEFBQcwAoZMaHR0cDovL2NybDIuYW1lLmdibC9haWEvbWVsMDFwa2lpbnRjYTAxLkFNRS5HQkxfQU1FJTIwSW5mcmElMjBDQSUyMDA0KDEpLmNydDBYBggrBgEFBQcwAoZMaHR0cDovL2NybDMuYW1lLmdibC9haWEvbWVsMDFwa2lpbnRjYTAxLkFNRS5HQkxfQU1FJTIwSW5mcmElMjBDQSUyMDA0KDEpLmNydDBYBggrBgEFBQcwAoZMaHR0cDovL2NybDQuYW1lLmdibC9haWEvbWVsMDFwa2lpbnRjYTAxLkFNRS5HQkxfQU1FJTIwSW5mcmElMjBDQSUyMDA0KDEpLmNydDAdBgNVHQ4EFgQUxuJ8b7tUVxxF9Uh_S-aQfmEWkyswDgYDVR0PAQH_BAQDAgWgMIIBNQYDVR0fBIIBLDCCASgwggEkoIIBIKCCARyGQmh0dHA6Ly9jcmwubWljcm9zb2Z0LmNvbS9wa2lpbmZyYS9DUkwvQU1FJTIwSW5mcmElMjBDQSUyMDA0KDEpLmNybIY0aHR0cDovL2NybDEuYW1lLmdibC9jcmwvQU1FJTIwSW5mcmElMjBDQSUyMDA0KDEpLmNybIY0aHR0cDovL2NybDIuYW1lLmdibC9jcmwvQU1FJTIwSW5mcmElMjBDQSUyMDA0KDEpLmNybIY0aHR0cDovL2NybDMuYW1lLmdibC9jcmwvQU1FJTIwSW5mcmElMjBDQSUyMDA0KDEpLmNybIY0aHR0cDovL2NybDQuYW1lLmdibC9jcmwvQU1FJTIwSW5mcmElMjBDQSUyMDA0KDEpLmNybDCBnQYDVR0gBIGVMIGSMAwGCisGAQQBgjd7AQEwZgYKKwYBBAGCN3sCAjBYMFYGCCsGAQUFBwICMEoeSAAzADMAZQAwADEAOQAyADEALQA0AGQANgA0AC0ANABmADgAYwAtAGEAMAA1ADUALQA1AGIAZABhAGYAZgBkADUAZQAzADMAZDAMBgorBgEEAYI3ewMCMAwGCisGAQQBgjd7BAIwHwYDVR0jBBgwFoAUOXFdqRUQLcTffi9ZbkBNwN_vNpowHQYDVR0lBBYwFAYIKwYBBQUHAwEGCCsGAQUFBwMCMA0GCSqGSIb3DQEBCwUAA4ICAQAm6ZIl-5JrU83aixl875_xu7AqUHCqv_i3nKCtjfGKmpGgizLsa4kt_p3sPApiqvF1Dv2p794N5czXWs9tOGrxIc4GO-YqMXcmdfuHAqfZw5zC8MaiJookTLex3yd4ExrGtH_UmV0RpxDfCTGIQTr7WP2q8veI5fYj2_EMzKkQmV8e8Xk8cHxiF3jLky9mihEvMKDMpOD2pHPNTUCHJcJaa7R6JpDqlmCjL7JHM_NPpLqJfERsYRMtyRsCXN7t2KDTMPTrD2X20__M_mBZUtDWSM4dq0TlSx6WYVZT6Hs4i2x7WVBm5GbpznQ7uULBH9s2tTlhBC4bKAEw72WrrUU-7N7sWw7lKj8GApdoKrpLVE1w41qQFcEBK_NNYcSmxpQqpxh1kmr4V5MRCdDYpavRe8RRg2kwY8nsu_p-aqHv1RIyPyLK6_Iv7VuL0fIzayygFC7rH1C4_-iB7BJRQZuMq_QF_GJe9i6k6M406KA4BsbrDZSRPSg_128fdWkocAxaC-VECmyOEBjomZ_zYc6ka_Q45Fj57OCFxXHLzlsGjlgQ3AyWGAhYhgGJ7v6HyOr5aElWz6Q533UvtLmH3JtIwMsiR-0L_a8Whyd39suFwhJ4xIYQXoewMTAhl8-mg_v6OqSjnHwZRfGDzMQrQGaiYJDE0p1oWz4E9CUEp2qmzw&s=0XSQQ-qc3eko3ytAb0lE0RvLfst-58dRlHSzilV0LmN1J1czhIn4DQJvyTz6jzyAc2R-U4xb1O7UJFaE2W4xhr5Zmf_hIhs1ixjzVPKwM9CUpTkyrWRq2dmsHx_McOmGJLts5SfKXqa_8IABzzc29m-XT-2pM20yFcLcGMNHVmNCLP_RpjPJjNglqWUZ1_bbVYrXl4-N-j0a3HXZsK_Y-bMW2Xp_hV-Xj4jgG3hZv4Wh4Aor72h57KJWS9-fApH5VpCsn_WszUw64nNCUtEL66PQGlhLJZUjD4FnIaI_I_g6kCro0bkKqnB5O0ACsSNoxrOtTcFiLaBNjVhFuOvhQw&h=C5zrPPaLoOmCbJnZdm83P5D3V_uefCQ2UJqevUHRdl4
      cache-control:
      - no-cache
      content-length:
      - '87'
      content-type:
      - application/json; charset=utf-8
      date:
      - Thu, 23 Oct 2025 19:15:00 GMT
      expires:
      - '-1'
      location:
      - https://management.azure.com/subscriptions/00000000-0000-0000-0000-000000000000/providers/Microsoft.DBforPostgreSQL/locations/centralindia/operationResults/53b9ccaa-05a8-42e7-8f89-c82471bd9496?api-version=2024-11-01-preview&t=638968437015081994&c=MIIIrzCCBpegAwIBAgITUQFAksjJXtdW64QOrwABAUCSyDANBgkqhkiG9w0BAQsFADBEMRMwEQYKCZImiZPyLGQBGRYDR0JMMRMwEQYKCZImiZPyLGQBGRYDQU1FMRgwFgYDVQQDEw9BTUUgSW5mcmEgQ0EgMDQwHhcNMjUxMDIyMTEzMDMzWhcNMjYwNDIwMTEzMDMzWjBAMT4wPAYDVQQDEzVhc3luY29wZXJhdGlvbnNpZ25pbmdjZXJ0aWZpY2F0ZS5tYW5hZ2VtZW50LmF6dXJlLmNvbTCCASIwDQYJKoZIhvcNAQEBBQADggEPADCCAQoCggEBANIL_ea4PX6tqxHLVF9EMduSXtibVvw_fvJo_2qVyVM_8guCpW7Vot8hAA3JXqJIuYF9h5wn2uWRXZXHyg4aaY2Lbqro1-tBMPU5rXoQZ9s2duM-rKR95C5eA8BbDTDoKjSTOnLAQ0-XWJI1upgmi1VDBnjo6o_RupQR7IimcAZdXrMl2LaN3lNyuldWaC5acWcw9L9ufxDGPdkfvUv_ScXQ-7BzgPXRS1UL7WyL9EV4bddWXpBBvZR80DH6tdfzz9pgHF4OIeUvSVm4QmcCVH5iCmbnVWDBGlhA1O6UBgUfxqnljc5MhLkkKH5OHPspPmRrsDTzYP15yZWFI82YMNECAwEAAaOCBJwwggSYMCcGCSsGAQQBgjcVCgQaMBgwCgYIKwYBBQUHAwEwCgYIKwYBBQUHAwIwPQYJKwYBBAGCNxUHBDAwLgYmKwYBBAGCNxUIhpDjDYTVtHiE8Ys-hZvdFs6dEoFghfmRS4WsmTQCAWQCAQcwggHkBggrBgEFBQcBAQSCAdYwggHSMGgGCCsGAQUFBzAChlxodHRwOi8vY3JsLm1pY3Jvc29mdC5jb20vcGtpaW5mcmEvQ2VydHMvbWVsMDFwa2lpbnRjYTAxLkFNRS5HQkxfQU1FJTIwSW5mcmElMjBDQSUyMDA0KDEpLmNydDBYBggrBgEFBQcwAoZMaHR0cDovL2NybDEuYW1lLmdibC9haWEvbWVsMDFwa2lpbnRjYTAxLkFNRS5HQkxfQU1FJTIwSW5mcmElMjBDQSUyMDA0KDEpLmNydDBYBggrBgEFBQcwAoZMaHR0cDovL2NybDIuYW1lLmdibC9haWEvbWVsMDFwa2lpbnRjYTAxLkFNRS5HQkxfQU1FJTIwSW5mcmElMjBDQSUyMDA0KDEpLmNydDBYBggrBgEFBQcwAoZMaHR0cDovL2NybDMuYW1lLmdibC9haWEvbWVsMDFwa2lpbnRjYTAxLkFNRS5HQkxfQU1FJTIwSW5mcmElMjBDQSUyMDA0KDEpLmNydDBYBggrBgEFBQcwAoZMaHR0cDovL2NybDQuYW1lLmdibC9haWEvbWVsMDFwa2lpbnRjYTAxLkFNRS5HQkxfQU1FJTIwSW5mcmElMjBDQSUyMDA0KDEpLmNydDAdBgNVHQ4EFgQUxuJ8b7tUVxxF9Uh_S-aQfmEWkyswDgYDVR0PAQH_BAQDAgWgMIIBNQYDVR0fBIIBLDCCASgwggEkoIIBIKCCARyGQmh0dHA6Ly9jcmwubWljcm9zb2Z0LmNvbS9wa2lpbmZyYS9DUkwvQU1FJTIwSW5mcmElMjBDQSUyMDA0KDEpLmNybIY0aHR0cDovL2NybDEuYW1lLmdibC9jcmwvQU1FJTIwSW5mcmElMjBDQSUyMDA0KDEpLmNybIY0aHR0cDovL2NybDIuYW1lLmdibC9jcmwvQU1FJTIwSW5mcmElMjBDQSUyMDA0KDEpLmNybIY0aHR0cDovL2NybDMuYW1lLmdibC9jcmwvQU1FJTIwSW5mcmElMjBDQSUyMDA0KDEpLmNybIY0aHR0cDovL2NybDQuYW1lLmdibC9jcmwvQU1FJTIwSW5mcmElMjBDQSUyMDA0KDEpLmNybDCBnQYDVR0gBIGVMIGSMAwGCisGAQQBgjd7AQEwZgYKKwYBBAGCN3sCAjBYMFYGCCsGAQUFBwICMEoeSAAzADMAZQAwADEAOQAyADEALQA0AGQANgA0AC0ANABmADgAYwAtAGEAMAA1ADUALQA1AGIAZABhAGYAZgBkADUAZQAzADMAZDAMBgorBgEEAYI3ewMCMAwGCisGAQQBgjd7BAIwHwYDVR0jBBgwFoAUOXFdqRUQLcTffi9ZbkBNwN_vNpowHQYDVR0lBBYwFAYIKwYBBQUHAwEGCCsGAQUFBwMCMA0GCSqGSIb3DQEBCwUAA4ICAQAm6ZIl-5JrU83aixl875_xu7AqUHCqv_i3nKCtjfGKmpGgizLsa4kt_p3sPApiqvF1Dv2p794N5czXWs9tOGrxIc4GO-YqMXcmdfuHAqfZw5zC8MaiJookTLex3yd4ExrGtH_UmV0RpxDfCTGIQTr7WP2q8veI5fYj2_EMzKkQmV8e8Xk8cHxiF3jLky9mihEvMKDMpOD2pHPNTUCHJcJaa7R6JpDqlmCjL7JHM_NPpLqJfERsYRMtyRsCXN7t2KDTMPTrD2X20__M_mBZUtDWSM4dq0TlSx6WYVZT6Hs4i2x7WVBm5GbpznQ7uULBH9s2tTlhBC4bKAEw72WrrUU-7N7sWw7lKj8GApdoKrpLVE1w41qQFcEBK_NNYcSmxpQqpxh1kmr4V5MRCdDYpavRe8RRg2kwY8nsu_p-aqHv1RIyPyLK6_Iv7VuL0fIzayygFC7rH1C4_-iB7BJRQZuMq_QF_GJe9i6k6M406KA4BsbrDZSRPSg_128fdWkocAxaC-VECmyOEBjomZ_zYc6ka_Q45Fj57OCFxXHLzlsGjlgQ3AyWGAhYhgGJ7v6HyOr5aElWz6Q533UvtLmH3JtIwMsiR-0L_a8Whyd39suFwhJ4xIYQXoewMTAhl8-mg_v6OqSjnHwZRfGDzMQrQGaiYJDE0p1oWz4E9CUEp2qmzw&s=UmWoQ69YCqhRGOETaMhEh7kyisIgKavOJ4SRouEu0jZVV2T8YL2gRQeU7fAuPYt9Ob1sXDJJOLNhC4HSOzaNFXc9dbejZqNiCASzMOtZHJwq2Uuruo05kp4Wmc-YGn6__3mFKoL7EO1lzpAa-B5ON53Qg6zDcfReeK4BsN6KimiOozzhhXIldz-7PAjQ7IpUrOJWrIO8TgsklOiBteY4O1s1a-dY-DQmwOXHNsEotBwQdWkQjKWtKKutYN_T6NZdg7fh8iQWEyorsZ2nuPT5y6PXJ2FU--Kpse58Itv1FAfqsOH7KHa-a4wRXpBNX6ORtKW7YuNO6igjSNMv0h7SYA&h=zryJHr4vvLDK0y3PH_7yLqdrFFWxev-mErfer6GC-Vk
      pragma:
      - no-cache
      strict-transport-security:
      - max-age=31536000; includeSubDomains
      x-cache:
      - CONFIG_NOCACHE
      x-content-type-options:
      - nosniff
      x-ms-operation-identifier:
      - tenantId=72f988bf-86f1-41af-91ab-2d7cd011db47,objectId=15659232-7461-4854-b909-7dff9a1e844c/westeurope/25ea6fbf-01e0-49b7-9abc-9c814d136c23
      x-ms-ratelimit-remaining-subscription-global-writes:
      - '11999'
      x-ms-ratelimit-remaining-subscription-writes:
      - '799'
      x-msedge-ref:
      - 'Ref A: 6627F44EEEB4473E92716F3320CEE887 Ref B: AMS231020614017 Ref C: 2025-10-23T19:14:57Z'
    status:
      code: 202
      message: Accepted
- request:
    body: null
    headers:
      Accept:
      - '*/*'
      Accept-Encoding:
      - gzip, deflate
      CommandName:
      - postgres flexible-server create
      Connection:
      - keep-alive
      ParameterSetName:
      - -g --name -l --storage-size --public-access --tier --sku-name --yes --storage-auto-grow
      User-Agent:
      - AZURECLI/2.78.0 azsdk-python-core/1.35.0 Python/3.9.13 (Windows-10-10.0.26200-SP0)
    method: GET
    uri: https://management.azure.com/subscriptions/00000000-0000-0000-0000-000000000000/providers/Microsoft.DBforPostgreSQL/locations/centralindia/azureAsyncOperation/53b9ccaa-05a8-42e7-8f89-c82471bd9496?api-version=2024-11-01-preview&t=638968437014925792&c=MIIIrzCCBpegAwIBAgITUQFAksjJXtdW64QOrwABAUCSyDANBgkqhkiG9w0BAQsFADBEMRMwEQYKCZImiZPyLGQBGRYDR0JMMRMwEQYKCZImiZPyLGQBGRYDQU1FMRgwFgYDVQQDEw9BTUUgSW5mcmEgQ0EgMDQwHhcNMjUxMDIyMTEzMDMzWhcNMjYwNDIwMTEzMDMzWjBAMT4wPAYDVQQDEzVhc3luY29wZXJhdGlvbnNpZ25pbmdjZXJ0aWZpY2F0ZS5tYW5hZ2VtZW50LmF6dXJlLmNvbTCCASIwDQYJKoZIhvcNAQEBBQADggEPADCCAQoCggEBANIL_ea4PX6tqxHLVF9EMduSXtibVvw_fvJo_2qVyVM_8guCpW7Vot8hAA3JXqJIuYF9h5wn2uWRXZXHyg4aaY2Lbqro1-tBMPU5rXoQZ9s2duM-rKR95C5eA8BbDTDoKjSTOnLAQ0-XWJI1upgmi1VDBnjo6o_RupQR7IimcAZdXrMl2LaN3lNyuldWaC5acWcw9L9ufxDGPdkfvUv_ScXQ-7BzgPXRS1UL7WyL9EV4bddWXpBBvZR80DH6tdfzz9pgHF4OIeUvSVm4QmcCVH5iCmbnVWDBGlhA1O6UBgUfxqnljc5MhLkkKH5OHPspPmRrsDTzYP15yZWFI82YMNECAwEAAaOCBJwwggSYMCcGCSsGAQQBgjcVCgQaMBgwCgYIKwYBBQUHAwEwCgYIKwYBBQUHAwIwPQYJKwYBBAGCNxUHBDAwLgYmKwYBBAGCNxUIhpDjDYTVtHiE8Ys-hZvdFs6dEoFghfmRS4WsmTQCAWQCAQcwggHkBggrBgEFBQcBAQSCAdYwggHSMGgGCCsGAQUFBzAChlxodHRwOi8vY3JsLm1pY3Jvc29mdC5jb20vcGtpaW5mcmEvQ2VydHMvbWVsMDFwa2lpbnRjYTAxLkFNRS5HQkxfQU1FJTIwSW5mcmElMjBDQSUyMDA0KDEpLmNydDBYBggrBgEFBQcwAoZMaHR0cDovL2NybDEuYW1lLmdibC9haWEvbWVsMDFwa2lpbnRjYTAxLkFNRS5HQkxfQU1FJTIwSW5mcmElMjBDQSUyMDA0KDEpLmNydDBYBggrBgEFBQcwAoZMaHR0cDovL2NybDIuYW1lLmdibC9haWEvbWVsMDFwa2lpbnRjYTAxLkFNRS5HQkxfQU1FJTIwSW5mcmElMjBDQSUyMDA0KDEpLmNydDBYBggrBgEFBQcwAoZMaHR0cDovL2NybDMuYW1lLmdibC9haWEvbWVsMDFwa2lpbnRjYTAxLkFNRS5HQkxfQU1FJTIwSW5mcmElMjBDQSUyMDA0KDEpLmNydDBYBggrBgEFBQcwAoZMaHR0cDovL2NybDQuYW1lLmdibC9haWEvbWVsMDFwa2lpbnRjYTAxLkFNRS5HQkxfQU1FJTIwSW5mcmElMjBDQSUyMDA0KDEpLmNydDAdBgNVHQ4EFgQUxuJ8b7tUVxxF9Uh_S-aQfmEWkyswDgYDVR0PAQH_BAQDAgWgMIIBNQYDVR0fBIIBLDCCASgwggEkoIIBIKCCARyGQmh0dHA6Ly9jcmwubWljcm9zb2Z0LmNvbS9wa2lpbmZyYS9DUkwvQU1FJTIwSW5mcmElMjBDQSUyMDA0KDEpLmNybIY0aHR0cDovL2NybDEuYW1lLmdibC9jcmwvQU1FJTIwSW5mcmElMjBDQSUyMDA0KDEpLmNybIY0aHR0cDovL2NybDIuYW1lLmdibC9jcmwvQU1FJTIwSW5mcmElMjBDQSUyMDA0KDEpLmNybIY0aHR0cDovL2NybDMuYW1lLmdibC9jcmwvQU1FJTIwSW5mcmElMjBDQSUyMDA0KDEpLmNybIY0aHR0cDovL2NybDQuYW1lLmdibC9jcmwvQU1FJTIwSW5mcmElMjBDQSUyMDA0KDEpLmNybDCBnQYDVR0gBIGVMIGSMAwGCisGAQQBgjd7AQEwZgYKKwYBBAGCN3sCAjBYMFYGCCsGAQUFBwICMEoeSAAzADMAZQAwADEAOQAyADEALQA0AGQANgA0AC0ANABmADgAYwAtAGEAMAA1ADUALQA1AGIAZABhAGYAZgBkADUAZQAzADMAZDAMBgorBgEEAYI3ewMCMAwGCisGAQQBgjd7BAIwHwYDVR0jBBgwFoAUOXFdqRUQLcTffi9ZbkBNwN_vNpowHQYDVR0lBBYwFAYIKwYBBQUHAwEGCCsGAQUFBwMCMA0GCSqGSIb3DQEBCwUAA4ICAQAm6ZIl-5JrU83aixl875_xu7AqUHCqv_i3nKCtjfGKmpGgizLsa4kt_p3sPApiqvF1Dv2p794N5czXWs9tOGrxIc4GO-YqMXcmdfuHAqfZw5zC8MaiJookTLex3yd4ExrGtH_UmV0RpxDfCTGIQTr7WP2q8veI5fYj2_EMzKkQmV8e8Xk8cHxiF3jLky9mihEvMKDMpOD2pHPNTUCHJcJaa7R6JpDqlmCjL7JHM_NPpLqJfERsYRMtyRsCXN7t2KDTMPTrD2X20__M_mBZUtDWSM4dq0TlSx6WYVZT6Hs4i2x7WVBm5GbpznQ7uULBH9s2tTlhBC4bKAEw72WrrUU-7N7sWw7lKj8GApdoKrpLVE1w41qQFcEBK_NNYcSmxpQqpxh1kmr4V5MRCdDYpavRe8RRg2kwY8nsu_p-aqHv1RIyPyLK6_Iv7VuL0fIzayygFC7rH1C4_-iB7BJRQZuMq_QF_GJe9i6k6M406KA4BsbrDZSRPSg_128fdWkocAxaC-VECmyOEBjomZ_zYc6ka_Q45Fj57OCFxXHLzlsGjlgQ3AyWGAhYhgGJ7v6HyOr5aElWz6Q533UvtLmH3JtIwMsiR-0L_a8Whyd39suFwhJ4xIYQXoewMTAhl8-mg_v6OqSjnHwZRfGDzMQrQGaiYJDE0p1oWz4E9CUEp2qmzw&s=0XSQQ-qc3eko3ytAb0lE0RvLfst-58dRlHSzilV0LmN1J1czhIn4DQJvyTz6jzyAc2R-U4xb1O7UJFaE2W4xhr5Zmf_hIhs1ixjzVPKwM9CUpTkyrWRq2dmsHx_McOmGJLts5SfKXqa_8IABzzc29m-XT-2pM20yFcLcGMNHVmNCLP_RpjPJjNglqWUZ1_bbVYrXl4-N-j0a3HXZsK_Y-bMW2Xp_hV-Xj4jgG3hZv4Wh4Aor72h57KJWS9-fApH5VpCsn_WszUw64nNCUtEL66PQGlhLJZUjD4FnIaI_I_g6kCro0bkKqnB5O0ACsSNoxrOtTcFiLaBNjVhFuOvhQw&h=C5zrPPaLoOmCbJnZdm83P5D3V_uefCQ2UJqevUHRdl4
  response:
    body:
      string: '{"name":"53b9ccaa-05a8-42e7-8f89-c82471bd9496","status":"InProgress","startTime":"2025-10-23T19:15:01.36Z"}'
    headers:
      cache-control:
      - no-cache
      content-length:
      - '107'
      content-type:
      - application/json; charset=utf-8
      date:
      - Thu, 23 Oct 2025 19:15:02 GMT
      expires:
      - '-1'
      pragma:
      - no-cache
      strict-transport-security:
      - max-age=31536000; includeSubDomains
      x-cache:
      - CONFIG_NOCACHE
      x-content-type-options:
      - nosniff
      x-ms-operation-identifier:
      - tenantId=72f988bf-86f1-41af-91ab-2d7cd011db47,objectId=15659232-7461-4854-b909-7dff9a1e844c/westeurope/ead276d5-823c-4cb0-89f6-0593719b842e
      x-ms-ratelimit-remaining-subscription-global-reads:
      - '16499'
      x-msedge-ref:
      - 'Ref A: 10C8B8DB57A44E1F8895BF89CB747235 Ref B: AMS231032607035 Ref C: 2025-10-23T19:15:02Z'
    status:
      code: 200
      message: OK
- request:
    body: null
    headers:
      Accept:
      - '*/*'
      Accept-Encoding:
      - gzip, deflate
      CommandName:
      - postgres flexible-server create
      Connection:
      - keep-alive
      ParameterSetName:
      - -g --name -l --storage-size --public-access --tier --sku-name --yes --storage-auto-grow
      User-Agent:
      - AZURECLI/2.78.0 azsdk-python-core/1.35.0 Python/3.9.13 (Windows-10-10.0.26200-SP0)
    method: GET
    uri: https://management.azure.com/subscriptions/00000000-0000-0000-0000-000000000000/providers/Microsoft.DBforPostgreSQL/locations/centralindia/azureAsyncOperation/53b9ccaa-05a8-42e7-8f89-c82471bd9496?api-version=2024-11-01-preview&t=638968437014925792&c=MIIIrzCCBpegAwIBAgITUQFAksjJXtdW64QOrwABAUCSyDANBgkqhkiG9w0BAQsFADBEMRMwEQYKCZImiZPyLGQBGRYDR0JMMRMwEQYKCZImiZPyLGQBGRYDQU1FMRgwFgYDVQQDEw9BTUUgSW5mcmEgQ0EgMDQwHhcNMjUxMDIyMTEzMDMzWhcNMjYwNDIwMTEzMDMzWjBAMT4wPAYDVQQDEzVhc3luY29wZXJhdGlvbnNpZ25pbmdjZXJ0aWZpY2F0ZS5tYW5hZ2VtZW50LmF6dXJlLmNvbTCCASIwDQYJKoZIhvcNAQEBBQADggEPADCCAQoCggEBANIL_ea4PX6tqxHLVF9EMduSXtibVvw_fvJo_2qVyVM_8guCpW7Vot8hAA3JXqJIuYF9h5wn2uWRXZXHyg4aaY2Lbqro1-tBMPU5rXoQZ9s2duM-rKR95C5eA8BbDTDoKjSTOnLAQ0-XWJI1upgmi1VDBnjo6o_RupQR7IimcAZdXrMl2LaN3lNyuldWaC5acWcw9L9ufxDGPdkfvUv_ScXQ-7BzgPXRS1UL7WyL9EV4bddWXpBBvZR80DH6tdfzz9pgHF4OIeUvSVm4QmcCVH5iCmbnVWDBGlhA1O6UBgUfxqnljc5MhLkkKH5OHPspPmRrsDTzYP15yZWFI82YMNECAwEAAaOCBJwwggSYMCcGCSsGAQQBgjcVCgQaMBgwCgYIKwYBBQUHAwEwCgYIKwYBBQUHAwIwPQYJKwYBBAGCNxUHBDAwLgYmKwYBBAGCNxUIhpDjDYTVtHiE8Ys-hZvdFs6dEoFghfmRS4WsmTQCAWQCAQcwggHkBggrBgEFBQcBAQSCAdYwggHSMGgGCCsGAQUFBzAChlxodHRwOi8vY3JsLm1pY3Jvc29mdC5jb20vcGtpaW5mcmEvQ2VydHMvbWVsMDFwa2lpbnRjYTAxLkFNRS5HQkxfQU1FJTIwSW5mcmElMjBDQSUyMDA0KDEpLmNydDBYBggrBgEFBQcwAoZMaHR0cDovL2NybDEuYW1lLmdibC9haWEvbWVsMDFwa2lpbnRjYTAxLkFNRS5HQkxfQU1FJTIwSW5mcmElMjBDQSUyMDA0KDEpLmNydDBYBggrBgEFBQcwAoZMaHR0cDovL2NybDIuYW1lLmdibC9haWEvbWVsMDFwa2lpbnRjYTAxLkFNRS5HQkxfQU1FJTIwSW5mcmElMjBDQSUyMDA0KDEpLmNydDBYBggrBgEFBQcwAoZMaHR0cDovL2NybDMuYW1lLmdibC9haWEvbWVsMDFwa2lpbnRjYTAxLkFNRS5HQkxfQU1FJTIwSW5mcmElMjBDQSUyMDA0KDEpLmNydDBYBggrBgEFBQcwAoZMaHR0cDovL2NybDQuYW1lLmdibC9haWEvbWVsMDFwa2lpbnRjYTAxLkFNRS5HQkxfQU1FJTIwSW5mcmElMjBDQSUyMDA0KDEpLmNydDAdBgNVHQ4EFgQUxuJ8b7tUVxxF9Uh_S-aQfmEWkyswDgYDVR0PAQH_BAQDAgWgMIIBNQYDVR0fBIIBLDCCASgwggEkoIIBIKCCARyGQmh0dHA6Ly9jcmwubWljcm9zb2Z0LmNvbS9wa2lpbmZyYS9DUkwvQU1FJTIwSW5mcmElMjBDQSUyMDA0KDEpLmNybIY0aHR0cDovL2NybDEuYW1lLmdibC9jcmwvQU1FJTIwSW5mcmElMjBDQSUyMDA0KDEpLmNybIY0aHR0cDovL2NybDIuYW1lLmdibC9jcmwvQU1FJTIwSW5mcmElMjBDQSUyMDA0KDEpLmNybIY0aHR0cDovL2NybDMuYW1lLmdibC9jcmwvQU1FJTIwSW5mcmElMjBDQSUyMDA0KDEpLmNybIY0aHR0cDovL2NybDQuYW1lLmdibC9jcmwvQU1FJTIwSW5mcmElMjBDQSUyMDA0KDEpLmNybDCBnQYDVR0gBIGVMIGSMAwGCisGAQQBgjd7AQEwZgYKKwYBBAGCN3sCAjBYMFYGCCsGAQUFBwICMEoeSAAzADMAZQAwADEAOQAyADEALQA0AGQANgA0AC0ANABmADgAYwAtAGEAMAA1ADUALQA1AGIAZABhAGYAZgBkADUAZQAzADMAZDAMBgorBgEEAYI3ewMCMAwGCisGAQQBgjd7BAIwHwYDVR0jBBgwFoAUOXFdqRUQLcTffi9ZbkBNwN_vNpowHQYDVR0lBBYwFAYIKwYBBQUHAwEGCCsGAQUFBwMCMA0GCSqGSIb3DQEBCwUAA4ICAQAm6ZIl-5JrU83aixl875_xu7AqUHCqv_i3nKCtjfGKmpGgizLsa4kt_p3sPApiqvF1Dv2p794N5czXWs9tOGrxIc4GO-YqMXcmdfuHAqfZw5zC8MaiJookTLex3yd4ExrGtH_UmV0RpxDfCTGIQTr7WP2q8veI5fYj2_EMzKkQmV8e8Xk8cHxiF3jLky9mihEvMKDMpOD2pHPNTUCHJcJaa7R6JpDqlmCjL7JHM_NPpLqJfERsYRMtyRsCXN7t2KDTMPTrD2X20__M_mBZUtDWSM4dq0TlSx6WYVZT6Hs4i2x7WVBm5GbpznQ7uULBH9s2tTlhBC4bKAEw72WrrUU-7N7sWw7lKj8GApdoKrpLVE1w41qQFcEBK_NNYcSmxpQqpxh1kmr4V5MRCdDYpavRe8RRg2kwY8nsu_p-aqHv1RIyPyLK6_Iv7VuL0fIzayygFC7rH1C4_-iB7BJRQZuMq_QF_GJe9i6k6M406KA4BsbrDZSRPSg_128fdWkocAxaC-VECmyOEBjomZ_zYc6ka_Q45Fj57OCFxXHLzlsGjlgQ3AyWGAhYhgGJ7v6HyOr5aElWz6Q533UvtLmH3JtIwMsiR-0L_a8Whyd39suFwhJ4xIYQXoewMTAhl8-mg_v6OqSjnHwZRfGDzMQrQGaiYJDE0p1oWz4E9CUEp2qmzw&s=0XSQQ-qc3eko3ytAb0lE0RvLfst-58dRlHSzilV0LmN1J1czhIn4DQJvyTz6jzyAc2R-U4xb1O7UJFaE2W4xhr5Zmf_hIhs1ixjzVPKwM9CUpTkyrWRq2dmsHx_McOmGJLts5SfKXqa_8IABzzc29m-XT-2pM20yFcLcGMNHVmNCLP_RpjPJjNglqWUZ1_bbVYrXl4-N-j0a3HXZsK_Y-bMW2Xp_hV-Xj4jgG3hZv4Wh4Aor72h57KJWS9-fApH5VpCsn_WszUw64nNCUtEL66PQGlhLJZUjD4FnIaI_I_g6kCro0bkKqnB5O0ACsSNoxrOtTcFiLaBNjVhFuOvhQw&h=C5zrPPaLoOmCbJnZdm83P5D3V_uefCQ2UJqevUHRdl4
  response:
    body:
      string: '{"name":"53b9ccaa-05a8-42e7-8f89-c82471bd9496","status":"InProgress","startTime":"2025-10-23T19:15:01.36Z"}'
    headers:
      cache-control:
      - no-cache
      content-length:
      - '107'
      content-type:
      - application/json; charset=utf-8
      date:
      - Thu, 23 Oct 2025 19:16:03 GMT
      expires:
      - '-1'
      pragma:
      - no-cache
      strict-transport-security:
      - max-age=31536000; includeSubDomains
      x-cache:
      - CONFIG_NOCACHE
      x-content-type-options:
      - nosniff
      x-ms-operation-identifier:
      - tenantId=72f988bf-86f1-41af-91ab-2d7cd011db47,objectId=15659232-7461-4854-b909-7dff9a1e844c/centralindia/5ab4a11d-bfa0-424f-9615-07a29c5fdbd9
      x-ms-ratelimit-remaining-subscription-global-reads:
      - '16499'
      x-msedge-ref:
      - 'Ref A: 35DE19FB12F84F90813013AC3D9667E6 Ref B: AMS231020615031 Ref C: 2025-10-23T19:16:03Z'
    status:
      code: 200
      message: OK
- request:
    body: null
    headers:
      Accept:
      - '*/*'
      Accept-Encoding:
      - gzip, deflate
      CommandName:
      - postgres flexible-server create
      Connection:
      - keep-alive
      ParameterSetName:
      - -g --name -l --storage-size --public-access --tier --sku-name --yes --storage-auto-grow
      User-Agent:
      - AZURECLI/2.78.0 azsdk-python-core/1.35.0 Python/3.9.13 (Windows-10-10.0.26200-SP0)
    method: GET
    uri: https://management.azure.com/subscriptions/00000000-0000-0000-0000-000000000000/providers/Microsoft.DBforPostgreSQL/locations/centralindia/azureAsyncOperation/53b9ccaa-05a8-42e7-8f89-c82471bd9496?api-version=2024-11-01-preview&t=638968437014925792&c=MIIIrzCCBpegAwIBAgITUQFAksjJXtdW64QOrwABAUCSyDANBgkqhkiG9w0BAQsFADBEMRMwEQYKCZImiZPyLGQBGRYDR0JMMRMwEQYKCZImiZPyLGQBGRYDQU1FMRgwFgYDVQQDEw9BTUUgSW5mcmEgQ0EgMDQwHhcNMjUxMDIyMTEzMDMzWhcNMjYwNDIwMTEzMDMzWjBAMT4wPAYDVQQDEzVhc3luY29wZXJhdGlvbnNpZ25pbmdjZXJ0aWZpY2F0ZS5tYW5hZ2VtZW50LmF6dXJlLmNvbTCCASIwDQYJKoZIhvcNAQEBBQADggEPADCCAQoCggEBANIL_ea4PX6tqxHLVF9EMduSXtibVvw_fvJo_2qVyVM_8guCpW7Vot8hAA3JXqJIuYF9h5wn2uWRXZXHyg4aaY2Lbqro1-tBMPU5rXoQZ9s2duM-rKR95C5eA8BbDTDoKjSTOnLAQ0-XWJI1upgmi1VDBnjo6o_RupQR7IimcAZdXrMl2LaN3lNyuldWaC5acWcw9L9ufxDGPdkfvUv_ScXQ-7BzgPXRS1UL7WyL9EV4bddWXpBBvZR80DH6tdfzz9pgHF4OIeUvSVm4QmcCVH5iCmbnVWDBGlhA1O6UBgUfxqnljc5MhLkkKH5OHPspPmRrsDTzYP15yZWFI82YMNECAwEAAaOCBJwwggSYMCcGCSsGAQQBgjcVCgQaMBgwCgYIKwYBBQUHAwEwCgYIKwYBBQUHAwIwPQYJKwYBBAGCNxUHBDAwLgYmKwYBBAGCNxUIhpDjDYTVtHiE8Ys-hZvdFs6dEoFghfmRS4WsmTQCAWQCAQcwggHkBggrBgEFBQcBAQSCAdYwggHSMGgGCCsGAQUFBzAChlxodHRwOi8vY3JsLm1pY3Jvc29mdC5jb20vcGtpaW5mcmEvQ2VydHMvbWVsMDFwa2lpbnRjYTAxLkFNRS5HQkxfQU1FJTIwSW5mcmElMjBDQSUyMDA0KDEpLmNydDBYBggrBgEFBQcwAoZMaHR0cDovL2NybDEuYW1lLmdibC9haWEvbWVsMDFwa2lpbnRjYTAxLkFNRS5HQkxfQU1FJTIwSW5mcmElMjBDQSUyMDA0KDEpLmNydDBYBggrBgEFBQcwAoZMaHR0cDovL2NybDIuYW1lLmdibC9haWEvbWVsMDFwa2lpbnRjYTAxLkFNRS5HQkxfQU1FJTIwSW5mcmElMjBDQSUyMDA0KDEpLmNydDBYBggrBgEFBQcwAoZMaHR0cDovL2NybDMuYW1lLmdibC9haWEvbWVsMDFwa2lpbnRjYTAxLkFNRS5HQkxfQU1FJTIwSW5mcmElMjBDQSUyMDA0KDEpLmNydDBYBggrBgEFBQcwAoZMaHR0cDovL2NybDQuYW1lLmdibC9haWEvbWVsMDFwa2lpbnRjYTAxLkFNRS5HQkxfQU1FJTIwSW5mcmElMjBDQSUyMDA0KDEpLmNydDAdBgNVHQ4EFgQUxuJ8b7tUVxxF9Uh_S-aQfmEWkyswDgYDVR0PAQH_BAQDAgWgMIIBNQYDVR0fBIIBLDCCASgwggEkoIIBIKCCARyGQmh0dHA6Ly9jcmwubWljcm9zb2Z0LmNvbS9wa2lpbmZyYS9DUkwvQU1FJTIwSW5mcmElMjBDQSUyMDA0KDEpLmNybIY0aHR0cDovL2NybDEuYW1lLmdibC9jcmwvQU1FJTIwSW5mcmElMjBDQSUyMDA0KDEpLmNybIY0aHR0cDovL2NybDIuYW1lLmdibC9jcmwvQU1FJTIwSW5mcmElMjBDQSUyMDA0KDEpLmNybIY0aHR0cDovL2NybDMuYW1lLmdibC9jcmwvQU1FJTIwSW5mcmElMjBDQSUyMDA0KDEpLmNybIY0aHR0cDovL2NybDQuYW1lLmdibC9jcmwvQU1FJTIwSW5mcmElMjBDQSUyMDA0KDEpLmNybDCBnQYDVR0gBIGVMIGSMAwGCisGAQQBgjd7AQEwZgYKKwYBBAGCN3sCAjBYMFYGCCsGAQUFBwICMEoeSAAzADMAZQAwADEAOQAyADEALQA0AGQANgA0AC0ANABmADgAYwAtAGEAMAA1ADUALQA1AGIAZABhAGYAZgBkADUAZQAzADMAZDAMBgorBgEEAYI3ewMCMAwGCisGAQQBgjd7BAIwHwYDVR0jBBgwFoAUOXFdqRUQLcTffi9ZbkBNwN_vNpowHQYDVR0lBBYwFAYIKwYBBQUHAwEGCCsGAQUFBwMCMA0GCSqGSIb3DQEBCwUAA4ICAQAm6ZIl-5JrU83aixl875_xu7AqUHCqv_i3nKCtjfGKmpGgizLsa4kt_p3sPApiqvF1Dv2p794N5czXWs9tOGrxIc4GO-YqMXcmdfuHAqfZw5zC8MaiJookTLex3yd4ExrGtH_UmV0RpxDfCTGIQTr7WP2q8veI5fYj2_EMzKkQmV8e8Xk8cHxiF3jLky9mihEvMKDMpOD2pHPNTUCHJcJaa7R6JpDqlmCjL7JHM_NPpLqJfERsYRMtyRsCXN7t2KDTMPTrD2X20__M_mBZUtDWSM4dq0TlSx6WYVZT6Hs4i2x7WVBm5GbpznQ7uULBH9s2tTlhBC4bKAEw72WrrUU-7N7sWw7lKj8GApdoKrpLVE1w41qQFcEBK_NNYcSmxpQqpxh1kmr4V5MRCdDYpavRe8RRg2kwY8nsu_p-aqHv1RIyPyLK6_Iv7VuL0fIzayygFC7rH1C4_-iB7BJRQZuMq_QF_GJe9i6k6M406KA4BsbrDZSRPSg_128fdWkocAxaC-VECmyOEBjomZ_zYc6ka_Q45Fj57OCFxXHLzlsGjlgQ3AyWGAhYhgGJ7v6HyOr5aElWz6Q533UvtLmH3JtIwMsiR-0L_a8Whyd39suFwhJ4xIYQXoewMTAhl8-mg_v6OqSjnHwZRfGDzMQrQGaiYJDE0p1oWz4E9CUEp2qmzw&s=0XSQQ-qc3eko3ytAb0lE0RvLfst-58dRlHSzilV0LmN1J1czhIn4DQJvyTz6jzyAc2R-U4xb1O7UJFaE2W4xhr5Zmf_hIhs1ixjzVPKwM9CUpTkyrWRq2dmsHx_McOmGJLts5SfKXqa_8IABzzc29m-XT-2pM20yFcLcGMNHVmNCLP_RpjPJjNglqWUZ1_bbVYrXl4-N-j0a3HXZsK_Y-bMW2Xp_hV-Xj4jgG3hZv4Wh4Aor72h57KJWS9-fApH5VpCsn_WszUw64nNCUtEL66PQGlhLJZUjD4FnIaI_I_g6kCro0bkKqnB5O0ACsSNoxrOtTcFiLaBNjVhFuOvhQw&h=C5zrPPaLoOmCbJnZdm83P5D3V_uefCQ2UJqevUHRdl4
  response:
    body:
      string: '{"name":"53b9ccaa-05a8-42e7-8f89-c82471bd9496","status":"InProgress","startTime":"2025-10-23T19:15:01.36Z"}'
    headers:
      cache-control:
      - no-cache
      content-length:
      - '107'
      content-type:
      - application/json; charset=utf-8
      date:
      - Thu, 23 Oct 2025 19:17:05 GMT
      expires:
      - '-1'
      pragma:
      - no-cache
      strict-transport-security:
      - max-age=31536000; includeSubDomains
      x-cache:
      - CONFIG_NOCACHE
      x-content-type-options:
      - nosniff
      x-ms-operation-identifier:
      - tenantId=72f988bf-86f1-41af-91ab-2d7cd011db47,objectId=15659232-7461-4854-b909-7dff9a1e844c/westeurope/12a444ea-f398-4bf4-adbb-db63027cdcea
      x-ms-ratelimit-remaining-subscription-global-reads:
      - '16499'
      x-msedge-ref:
      - 'Ref A: E47FE6B8F98F4EA182FA4F853F411F3D Ref B: AMS231020614017 Ref C: 2025-10-23T19:17:04Z'
    status:
      code: 200
      message: OK
- request:
    body: null
    headers:
      Accept:
      - '*/*'
      Accept-Encoding:
      - gzip, deflate
      CommandName:
      - postgres flexible-server create
      Connection:
      - keep-alive
      ParameterSetName:
      - -g --name -l --storage-size --public-access --tier --sku-name --yes --storage-auto-grow
      User-Agent:
      - AZURECLI/2.78.0 azsdk-python-core/1.35.0 Python/3.9.13 (Windows-10-10.0.26200-SP0)
    method: GET
    uri: https://management.azure.com/subscriptions/00000000-0000-0000-0000-000000000000/providers/Microsoft.DBforPostgreSQL/locations/centralindia/azureAsyncOperation/53b9ccaa-05a8-42e7-8f89-c82471bd9496?api-version=2024-11-01-preview&t=638968437014925792&c=MIIIrzCCBpegAwIBAgITUQFAksjJXtdW64QOrwABAUCSyDANBgkqhkiG9w0BAQsFADBEMRMwEQYKCZImiZPyLGQBGRYDR0JMMRMwEQYKCZImiZPyLGQBGRYDQU1FMRgwFgYDVQQDEw9BTUUgSW5mcmEgQ0EgMDQwHhcNMjUxMDIyMTEzMDMzWhcNMjYwNDIwMTEzMDMzWjBAMT4wPAYDVQQDEzVhc3luY29wZXJhdGlvbnNpZ25pbmdjZXJ0aWZpY2F0ZS5tYW5hZ2VtZW50LmF6dXJlLmNvbTCCASIwDQYJKoZIhvcNAQEBBQADggEPADCCAQoCggEBANIL_ea4PX6tqxHLVF9EMduSXtibVvw_fvJo_2qVyVM_8guCpW7Vot8hAA3JXqJIuYF9h5wn2uWRXZXHyg4aaY2Lbqro1-tBMPU5rXoQZ9s2duM-rKR95C5eA8BbDTDoKjSTOnLAQ0-XWJI1upgmi1VDBnjo6o_RupQR7IimcAZdXrMl2LaN3lNyuldWaC5acWcw9L9ufxDGPdkfvUv_ScXQ-7BzgPXRS1UL7WyL9EV4bddWXpBBvZR80DH6tdfzz9pgHF4OIeUvSVm4QmcCVH5iCmbnVWDBGlhA1O6UBgUfxqnljc5MhLkkKH5OHPspPmRrsDTzYP15yZWFI82YMNECAwEAAaOCBJwwggSYMCcGCSsGAQQBgjcVCgQaMBgwCgYIKwYBBQUHAwEwCgYIKwYBBQUHAwIwPQYJKwYBBAGCNxUHBDAwLgYmKwYBBAGCNxUIhpDjDYTVtHiE8Ys-hZvdFs6dEoFghfmRS4WsmTQCAWQCAQcwggHkBggrBgEFBQcBAQSCAdYwggHSMGgGCCsGAQUFBzAChlxodHRwOi8vY3JsLm1pY3Jvc29mdC5jb20vcGtpaW5mcmEvQ2VydHMvbWVsMDFwa2lpbnRjYTAxLkFNRS5HQkxfQU1FJTIwSW5mcmElMjBDQSUyMDA0KDEpLmNydDBYBggrBgEFBQcwAoZMaHR0cDovL2NybDEuYW1lLmdibC9haWEvbWVsMDFwa2lpbnRjYTAxLkFNRS5HQkxfQU1FJTIwSW5mcmElMjBDQSUyMDA0KDEpLmNydDBYBggrBgEFBQcwAoZMaHR0cDovL2NybDIuYW1lLmdibC9haWEvbWVsMDFwa2lpbnRjYTAxLkFNRS5HQkxfQU1FJTIwSW5mcmElMjBDQSUyMDA0KDEpLmNydDBYBggrBgEFBQcwAoZMaHR0cDovL2NybDMuYW1lLmdibC9haWEvbWVsMDFwa2lpbnRjYTAxLkFNRS5HQkxfQU1FJTIwSW5mcmElMjBDQSUyMDA0KDEpLmNydDBYBggrBgEFBQcwAoZMaHR0cDovL2NybDQuYW1lLmdibC9haWEvbWVsMDFwa2lpbnRjYTAxLkFNRS5HQkxfQU1FJTIwSW5mcmElMjBDQSUyMDA0KDEpLmNydDAdBgNVHQ4EFgQUxuJ8b7tUVxxF9Uh_S-aQfmEWkyswDgYDVR0PAQH_BAQDAgWgMIIBNQYDVR0fBIIBLDCCASgwggEkoIIBIKCCARyGQmh0dHA6Ly9jcmwubWljcm9zb2Z0LmNvbS9wa2lpbmZyYS9DUkwvQU1FJTIwSW5mcmElMjBDQSUyMDA0KDEpLmNybIY0aHR0cDovL2NybDEuYW1lLmdibC9jcmwvQU1FJTIwSW5mcmElMjBDQSUyMDA0KDEpLmNybIY0aHR0cDovL2NybDIuYW1lLmdibC9jcmwvQU1FJTIwSW5mcmElMjBDQSUyMDA0KDEpLmNybIY0aHR0cDovL2NybDMuYW1lLmdibC9jcmwvQU1FJTIwSW5mcmElMjBDQSUyMDA0KDEpLmNybIY0aHR0cDovL2NybDQuYW1lLmdibC9jcmwvQU1FJTIwSW5mcmElMjBDQSUyMDA0KDEpLmNybDCBnQYDVR0gBIGVMIGSMAwGCisGAQQBgjd7AQEwZgYKKwYBBAGCN3sCAjBYMFYGCCsGAQUFBwICMEoeSAAzADMAZQAwADEAOQAyADEALQA0AGQANgA0AC0ANABmADgAYwAtAGEAMAA1ADUALQA1AGIAZABhAGYAZgBkADUAZQAzADMAZDAMBgorBgEEAYI3ewMCMAwGCisGAQQBgjd7BAIwHwYDVR0jBBgwFoAUOXFdqRUQLcTffi9ZbkBNwN_vNpowHQYDVR0lBBYwFAYIKwYBBQUHAwEGCCsGAQUFBwMCMA0GCSqGSIb3DQEBCwUAA4ICAQAm6ZIl-5JrU83aixl875_xu7AqUHCqv_i3nKCtjfGKmpGgizLsa4kt_p3sPApiqvF1Dv2p794N5czXWs9tOGrxIc4GO-YqMXcmdfuHAqfZw5zC8MaiJookTLex3yd4ExrGtH_UmV0RpxDfCTGIQTr7WP2q8veI5fYj2_EMzKkQmV8e8Xk8cHxiF3jLky9mihEvMKDMpOD2pHPNTUCHJcJaa7R6JpDqlmCjL7JHM_NPpLqJfERsYRMtyRsCXN7t2KDTMPTrD2X20__M_mBZUtDWSM4dq0TlSx6WYVZT6Hs4i2x7WVBm5GbpznQ7uULBH9s2tTlhBC4bKAEw72WrrUU-7N7sWw7lKj8GApdoKrpLVE1w41qQFcEBK_NNYcSmxpQqpxh1kmr4V5MRCdDYpavRe8RRg2kwY8nsu_p-aqHv1RIyPyLK6_Iv7VuL0fIzayygFC7rH1C4_-iB7BJRQZuMq_QF_GJe9i6k6M406KA4BsbrDZSRPSg_128fdWkocAxaC-VECmyOEBjomZ_zYc6ka_Q45Fj57OCFxXHLzlsGjlgQ3AyWGAhYhgGJ7v6HyOr5aElWz6Q533UvtLmH3JtIwMsiR-0L_a8Whyd39suFwhJ4xIYQXoewMTAhl8-mg_v6OqSjnHwZRfGDzMQrQGaiYJDE0p1oWz4E9CUEp2qmzw&s=0XSQQ-qc3eko3ytAb0lE0RvLfst-58dRlHSzilV0LmN1J1czhIn4DQJvyTz6jzyAc2R-U4xb1O7UJFaE2W4xhr5Zmf_hIhs1ixjzVPKwM9CUpTkyrWRq2dmsHx_McOmGJLts5SfKXqa_8IABzzc29m-XT-2pM20yFcLcGMNHVmNCLP_RpjPJjNglqWUZ1_bbVYrXl4-N-j0a3HXZsK_Y-bMW2Xp_hV-Xj4jgG3hZv4Wh4Aor72h57KJWS9-fApH5VpCsn_WszUw64nNCUtEL66PQGlhLJZUjD4FnIaI_I_g6kCro0bkKqnB5O0ACsSNoxrOtTcFiLaBNjVhFuOvhQw&h=C5zrPPaLoOmCbJnZdm83P5D3V_uefCQ2UJqevUHRdl4
  response:
    body:
      string: '{"name":"53b9ccaa-05a8-42e7-8f89-c82471bd9496","status":"Succeeded","startTime":"2025-10-23T19:15:01.36Z"}'
    headers:
      cache-control:
      - no-cache
      content-length:
      - '106'
      content-type:
      - application/json; charset=utf-8
      date:
      - Thu, 23 Oct 2025 19:18:06 GMT
      expires:
      - '-1'
      pragma:
      - no-cache
      strict-transport-security:
      - max-age=31536000; includeSubDomains
      x-cache:
      - CONFIG_NOCACHE
      x-content-type-options:
      - nosniff
      x-ms-operation-identifier:
      - tenantId=72f988bf-86f1-41af-91ab-2d7cd011db47,objectId=15659232-7461-4854-b909-7dff9a1e844c/centralindia/935e6e97-915c-4809-979f-4e1d64ab68ab
      x-ms-ratelimit-remaining-subscription-global-reads:
      - '16499'
      x-msedge-ref:
      - 'Ref A: 30DEFF4FAFAA4D0DB45E3F7D440DFE7E Ref B: AMS231020512019 Ref C: 2025-10-23T19:18:06Z'
    status:
      code: 200
      message: OK
- request:
    body: null
    headers:
      Accept:
      - '*/*'
      Accept-Encoding:
      - gzip, deflate
      CommandName:
      - postgres flexible-server create
      Connection:
      - keep-alive
      ParameterSetName:
      - -g --name -l --storage-size --public-access --tier --sku-name --yes --storage-auto-grow
      User-Agent:
      - AZURECLI/2.78.0 azsdk-python-core/1.35.0 Python/3.9.13 (Windows-10-10.0.26200-SP0)
    method: GET
    uri: https://management.azure.com/subscriptions/00000000-0000-0000-0000-000000000000/resourceGroups/clitest.rg000001/providers/Microsoft.DBforPostgreSQL/flexibleServers/azuredbclitest-000002?api-version=2024-11-01-preview
  response:
    body:
      string: '{"sku":{"name":"Standard_D2s_v3","tier":"GeneralPurpose"},"systemData":{"createdAt":"2025-10-23T19:15:09.2051829Z"},"properties":{"replica":{"role":"Primary","capacity":5},"storage":{"type":"","iops":1100,"tier":"P15","storageSizeGB":256,"autoGrow":"Enabled"},"network":{"publicNetworkAccess":"Disabled"},"privateEndpointConnections":[],"dataEncryption":{"type":"SystemManaged"},"authConfig":{"activeDirectoryAuth":"Disabled","passwordAuth":"Enabled"},"fullyQualifiedDomainName":"azuredbclitest-000002.postgres.database.azure.com","version":"17","minorVersion":"6","administratorLogin":"commoncolt1","state":"Ready","availabilityZone":"2","backup":{"backupRetentionDays":7,"geoRedundantBackup":"Disabled"},"highAvailability":{"mode":"Disabled","state":"NotEnabled"},"maintenanceWindow":{"customWindow":"Disabled","dayOfWeek":0,"startHour":0,"startMinute":0},"replicationRole":"Primary","replicaCapacity":5},"location":"Central
        India","id":"/subscriptions/00000000-0000-0000-0000-000000000000/resourceGroups/clitest.rg000001/providers/Microsoft.DBforPostgreSQL/flexibleServers/azuredbclitest-000002","name":"azuredbclitest-000002","type":"Microsoft.DBforPostgreSQL/flexibleServers"}'
    headers:
      cache-control:
      - no-cache
      content-length:
      - '1181'
      content-type:
      - application/json; charset=utf-8
      date:
      - Thu, 23 Oct 2025 19:18:07 GMT
      expires:
      - '-1'
      pragma:
      - no-cache
      strict-transport-security:
      - max-age=31536000; includeSubDomains
      x-cache:
      - CONFIG_NOCACHE
      x-content-type-options:
      - nosniff
      x-ms-ratelimit-remaining-subscription-global-reads:
      - '16499'
      x-msedge-ref:
      - 'Ref A: 4B33199391144CDBAB5437597F3CD858 Ref B: AMS231020512035 Ref C: 2025-10-23T19:18:06Z'
    status:
      code: 200
      message: OK
- request:
    body: null
    headers:
      Accept:
      - application/json
      Accept-Encoding:
      - gzip, deflate
      CommandName:
      - postgres flexible-server show
      Connection:
      - keep-alive
      ParameterSetName:
      - -g --name
      User-Agent:
      - AZURECLI/2.78.0 azsdk-python-core/1.35.0 Python/3.9.13 (Windows-10-10.0.26200-SP0)
    method: GET
    uri: https://management.azure.com/subscriptions/00000000-0000-0000-0000-000000000000/resourceGroups/clitest.rg000001/providers/Microsoft.DBforPostgreSQL/flexibleServers/azuredbclitest-000002?api-version=2024-11-01-preview
  response:
    body:
      string: '{"sku":{"name":"Standard_D2s_v3","tier":"GeneralPurpose"},"systemData":{"createdAt":"2025-10-23T19:15:09.2051829Z"},"properties":{"replica":{"role":"Primary","capacity":5},"storage":{"type":"","iops":1100,"tier":"P15","storageSizeGB":256,"autoGrow":"Enabled"},"network":{"publicNetworkAccess":"Disabled"},"privateEndpointConnections":[],"dataEncryption":{"type":"SystemManaged"},"authConfig":{"activeDirectoryAuth":"Disabled","passwordAuth":"Enabled"},"fullyQualifiedDomainName":"azuredbclitest-000002.postgres.database.azure.com","version":"17","minorVersion":"6","administratorLogin":"commoncolt1","state":"Ready","availabilityZone":"2","backup":{"backupRetentionDays":7,"geoRedundantBackup":"Disabled"},"highAvailability":{"mode":"Disabled","state":"NotEnabled"},"maintenanceWindow":{"customWindow":"Disabled","dayOfWeek":0,"startHour":0,"startMinute":0},"replicationRole":"Primary","replicaCapacity":5},"location":"Central
        India","id":"/subscriptions/00000000-0000-0000-0000-000000000000/resourceGroups/clitest.rg000001/providers/Microsoft.DBforPostgreSQL/flexibleServers/azuredbclitest-000002","name":"azuredbclitest-000002","type":"Microsoft.DBforPostgreSQL/flexibleServers"}'
    headers:
      cache-control:
      - no-cache
      content-length:
      - '1181'
      content-type:
      - application/json; charset=utf-8
      date:
      - Thu, 23 Oct 2025 19:18:10 GMT
      expires:
      - '-1'
      pragma:
      - no-cache
      strict-transport-security:
      - max-age=31536000; includeSubDomains
      x-cache:
      - CONFIG_NOCACHE
      x-content-type-options:
      - nosniff
      x-ms-ratelimit-remaining-subscription-global-reads:
      - '16499'
      x-msedge-ref:
      - 'Ref A: 1CD16345E2DC4021BE3F28255F75E161 Ref B: AMS231022012031 Ref C: 2025-10-23T19:18:09Z'
    status:
      code: 200
      message: OK
- request:
    body: null
    headers:
      Accept:
      - application/json
      Accept-Encoding:
      - gzip, deflate
      CommandName:
      - postgres flexible-server replica create
      Connection:
      - keep-alive
      ParameterSetName:
      - -g --replica-name --source-server --zone
      User-Agent:
      - AZURECLI/2.78.0 azsdk-python-core/1.35.0 Python/3.9.13 (Windows-10-10.0.26200-SP0)
    method: GET
    uri: https://management.azure.com/subscriptions/00000000-0000-0000-0000-000000000000/resourceGroups/clitest.rg000001/providers/Microsoft.DBforPostgreSQL/flexibleServers/azuredbclitest-000002?api-version=2024-11-01-preview
  response:
    body:
      string: '{"sku":{"name":"Standard_D2s_v3","tier":"GeneralPurpose"},"systemData":{"createdAt":"2025-10-23T19:15:09.2051829Z"},"properties":{"replica":{"role":"Primary","capacity":5},"storage":{"type":"","iops":1100,"tier":"P15","storageSizeGB":256,"autoGrow":"Enabled"},"network":{"publicNetworkAccess":"Disabled"},"privateEndpointConnections":[],"dataEncryption":{"type":"SystemManaged"},"authConfig":{"activeDirectoryAuth":"Disabled","passwordAuth":"Enabled"},"fullyQualifiedDomainName":"azuredbclitest-000002.postgres.database.azure.com","version":"17","minorVersion":"6","administratorLogin":"commoncolt1","state":"Ready","availabilityZone":"2","backup":{"backupRetentionDays":7,"geoRedundantBackup":"Disabled"},"highAvailability":{"mode":"Disabled","state":"NotEnabled"},"maintenanceWindow":{"customWindow":"Disabled","dayOfWeek":0,"startHour":0,"startMinute":0},"replicationRole":"Primary","replicaCapacity":5},"location":"Central
        India","id":"/subscriptions/00000000-0000-0000-0000-000000000000/resourceGroups/clitest.rg000001/providers/Microsoft.DBforPostgreSQL/flexibleServers/azuredbclitest-000002","name":"azuredbclitest-000002","type":"Microsoft.DBforPostgreSQL/flexibleServers"}'
    headers:
      cache-control:
      - no-cache
      content-length:
      - '1181'
      content-type:
      - application/json; charset=utf-8
      date:
      - Thu, 23 Oct 2025 19:18:10 GMT
      expires:
      - '-1'
      pragma:
      - no-cache
      strict-transport-security:
      - max-age=31536000; includeSubDomains
      x-cache:
      - CONFIG_NOCACHE
      x-content-type-options:
      - nosniff
      x-ms-ratelimit-remaining-subscription-global-reads:
      - '16499'
      x-msedge-ref:
      - 'Ref A: 9751E6F5AB494BD0A7BA304A0C5260A5 Ref B: AMS231022012011 Ref C: 2025-10-23T19:18:10Z'
    status:
      code: 200
      message: OK
- request:
    body: null
    headers:
      Accept:
      - application/json
      Accept-Encoding:
      - gzip, deflate
      CommandName:
      - postgres flexible-server replica create
      Connection:
      - keep-alive
      ParameterSetName:
      - -g --replica-name --source-server --zone
      User-Agent:
      - AZURECLI/2.78.0 azsdk-python-core/1.35.0 Python/3.9.13 (Windows-10-10.0.26200-SP0)
    method: GET
    uri: https://management.azure.com/subscriptions/00000000-0000-0000-0000-000000000000/providers/Microsoft.DBforPostgreSQL/locations/centralindia/capabilities?api-version=2024-11-01-preview
  response:
    body:
      string: '{"value":[{"name":"FlexibleServerCapabilities","supportedServerEditions":[{"supportedServerSkus":[{"supportedFeatures":[],"name":"Standard_B1ms","vCores":1,"supportedIops":640,"supportedMemoryPerVcoreMb":2048,"supportedZones":["1","2","3"],"supportedHaMode":["SameZone","ZoneRedundant"]},{"supportedFeatures":[],"name":"Standard_B2s","vCores":2,"supportedIops":1280,"supportedMemoryPerVcoreMb":2048,"supportedZones":["1","2","3"],"supportedHaMode":["SameZone","ZoneRedundant"]},{"supportedFeatures":[],"name":"Standard_B2ms","vCores":2,"supportedIops":1920,"supportedMemoryPerVcoreMb":4096,"supportedZones":["1","2","3"],"supportedHaMode":["SameZone","ZoneRedundant"]},{"supportedFeatures":[],"name":"Standard_B4ms","vCores":4,"supportedIops":2880,"supportedMemoryPerVcoreMb":4096,"supportedZones":["1","2","3"],"supportedHaMode":["SameZone","ZoneRedundant"]},{"supportedFeatures":[],"name":"Standard_B8ms","vCores":8,"supportedIops":4320,"supportedMemoryPerVcoreMb":4096,"supportedZones":["1","2","3"],"supportedHaMode":["SameZone","ZoneRedundant"]},{"supportedFeatures":[],"name":"Standard_B12ms","vCores":12,"supportedIops":4320,"supportedMemoryPerVcoreMb":4096,"supportedZones":["1","2","3"],"supportedHaMode":["SameZone","ZoneRedundant"]},{"supportedFeatures":[],"name":"Standard_B16ms","vCores":16,"supportedIops":4320,"supportedMemoryPerVcoreMb":4096,"supportedZones":["1","2","3"],"supportedHaMode":["SameZone","ZoneRedundant"]},{"supportedFeatures":[],"name":"Standard_B20ms","vCores":20,"supportedIops":4320,"supportedMemoryPerVcoreMb":4096,"supportedZones":["1","2","3"],"supportedHaMode":["SameZone","ZoneRedundant"]}],"name":"Burstable","defaultSkuName":"Standard_B2s","supportedStorageEditions":[{"name":"ManagedDisk","defaultStorageSizeMb":32768,"supportedStorageMb":[{"supportedIops":120,"storageSizeMb":32768,"defaultIopsTier":"P4","supportedIopsTiers":[{"name":"P4","iops":120},{"name":"P6","iops":240},{"name":"P10","iops":500},{"name":"P15","iops":1100},{"name":"P20","iops":2300},{"name":"P30","iops":5000},{"name":"P40","iops":7500},{"name":"P50","iops":7500}]},{"supportedIops":240,"storageSizeMb":65536,"defaultIopsTier":"P6","supportedIopsTiers":[{"name":"P6","iops":240},{"name":"P10","iops":500},{"name":"P15","iops":1100},{"name":"P20","iops":2300},{"name":"P30","iops":5000},{"name":"P40","iops":7500},{"name":"P50","iops":7500}]},{"supportedIops":500,"storageSizeMb":131072,"defaultIopsTier":"P10","supportedIopsTiers":[{"name":"P10","iops":500},{"name":"P15","iops":1100},{"name":"P20","iops":2300},{"name":"P30","iops":5000},{"name":"P40","iops":7500},{"name":"P50","iops":7500}]},{"supportedIops":1100,"storageSizeMb":262144,"defaultIopsTier":"P15","supportedIopsTiers":[{"name":"P15","iops":1100},{"name":"P20","iops":2300},{"name":"P30","iops":5000},{"name":"P40","iops":7500},{"name":"P50","iops":7500}]},{"supportedIops":2300,"storageSizeMb":524288,"defaultIopsTier":"P20","supportedIopsTiers":[{"name":"P20","iops":2300},{"name":"P30","iops":5000},{"name":"P40","iops":7500},{"name":"P50","iops":7500}]},{"supportedIops":5000,"storageSizeMb":1048576,"defaultIopsTier":"P30","supportedIopsTiers":[{"name":"P30","iops":5000},{"name":"P40","iops":7500},{"name":"P50","iops":7500}]},{"supportedIops":7500,"storageSizeMb":2097152,"defaultIopsTier":"P40","supportedIopsTiers":[{"name":"P40","iops":7500},{"name":"P50","iops":7500}]},{"supportedIops":7500,"storageSizeMb":4193280,"defaultIopsTier":"P50","supportedIopsTiers":[{"name":"P50","iops":7500}]},{"supportedIops":7500,"storageSizeMb":4194304,"defaultIopsTier":"P50","supportedIopsTiers":[{"name":"P50","iops":7500}]},{"supportedIops":16000,"storageSizeMb":8388608,"defaultIopsTier":"P60","supportedIopsTiers":[{"name":"P60","iops":16000},{"name":"P70","iops":18000},{"name":"P80","iops":20000}]},{"supportedIops":18000,"storageSizeMb":16777216,"defaultIopsTier":"P70","supportedIopsTiers":[{"name":"P70","iops":18000},{"name":"P80","iops":20000}]},{"supportedIops":20000,"storageSizeMb":33553408,"defaultIopsTier":"P80","supportedIopsTiers":[{"name":"P80","iops":20000}]}]},{"name":"ManagedDiskV2","defaultStorageSizeMb":32768,"supportedStorageMb":[{"supportedIops":3000,"supportedMaximumIops":80000,"storageSizeMb":32768,"maximumStorageSizeMb":67108864,"supportedThroughput":125,"supportedMaximumThroughput":1200,"defaultIopsTier":"None","supportedIopsTiers":[{"name":"None","iops":0}]}]}]},{"supportedServerSkus":[{"supportedFeatures":[],"name":"Standard_D2s_v3","vCores":2,"supportedIops":3200,"supportedMemoryPerVcoreMb":4096,"supportedZones":["1","2","3"],"supportedHaMode":["SameZone","ZoneRedundant"]},{"supportedFeatures":[],"name":"Standard_D4s_v3","vCores":4,"supportedIops":6400,"supportedMemoryPerVcoreMb":4096,"supportedZones":["1","2","3"],"supportedHaMode":["SameZone","ZoneRedundant"]},{"supportedFeatures":[],"name":"Standard_D8s_v3","vCores":8,"supportedIops":12800,"supportedMemoryPerVcoreMb":4096,"supportedZones":["1","2","3"],"supportedHaMode":["SameZone","ZoneRedundant"]},{"supportedFeatures":[],"name":"Standard_D16s_v3","vCores":16,"supportedIops":25600,"supportedMemoryPerVcoreMb":4096,"supportedZones":["1","2","3"],"supportedHaMode":["SameZone","ZoneRedundant"]},{"supportedFeatures":[],"name":"Standard_D32s_v3","vCores":32,"supportedIops":51200,"supportedMemoryPerVcoreMb":4096,"supportedZones":["1","2","3"],"supportedHaMode":["SameZone","ZoneRedundant"]},{"supportedFeatures":[],"name":"Standard_D48s_v3","vCores":48,"supportedIops":76800,"supportedMemoryPerVcoreMb":4096,"supportedZones":["1","2","3"],"supportedHaMode":["SameZone","ZoneRedundant"]},{"supportedFeatures":[],"name":"Standard_D64s_v3","vCores":64,"supportedIops":80000,"supportedMemoryPerVcoreMb":4096,"supportedZones":["1","2","3"],"supportedHaMode":["SameZone","ZoneRedundant"]},{"supportedFeatures":[],"name":"Standard_D2ds_v4","vCores":2,"supportedIops":3200,"supportedMemoryPerVcoreMb":4096,"supportedZones":["1","2","3"],"supportedHaMode":["SameZone","ZoneRedundant"]},{"supportedFeatures":[],"name":"Standard_D4ds_v4","vCores":4,"supportedIops":6400,"supportedMemoryPerVcoreMb":4096,"supportedZones":["1","2","3"],"supportedHaMode":["SameZone","ZoneRedundant"]},{"supportedFeatures":[],"name":"Standard_D8ds_v4","vCores":8,"supportedIops":12800,"supportedMemoryPerVcoreMb":4096,"supportedZones":["1","2","3"],"supportedHaMode":["SameZone","ZoneRedundant"]},{"supportedFeatures":[],"name":"Standard_D16ds_v4","vCores":16,"supportedIops":25600,"supportedMemoryPerVcoreMb":4096,"supportedZones":["1","2","3"],"supportedHaMode":["SameZone","ZoneRedundant"]},{"supportedFeatures":[],"name":"Standard_D32ds_v4","vCores":32,"supportedIops":51200,"supportedMemoryPerVcoreMb":4096,"supportedZones":["1","2","3"],"supportedHaMode":["SameZone","ZoneRedundant"]},{"supportedFeatures":[],"name":"Standard_D48ds_v4","vCores":48,"supportedIops":76800,"supportedMemoryPerVcoreMb":4096,"supportedZones":["1","2","3"],"supportedHaMode":["SameZone","ZoneRedundant"]},{"supportedFeatures":[],"name":"Standard_D64ds_v4","vCores":64,"supportedIops":80000,"supportedMemoryPerVcoreMb":4096,"supportedZones":["1","2","3"],"supportedHaMode":["SameZone","ZoneRedundant"]},{"supportedFeatures":[],"name":"Standard_D2ads_v5","vCores":2,"supportedIops":3200,"supportedMemoryPerVcoreMb":4096,"supportedZones":["1","2","3"],"supportedHaMode":["SameZone","ZoneRedundant"]},{"supportedFeatures":[],"name":"Standard_D4ads_v5","vCores":4,"supportedIops":6400,"supportedMemoryPerVcoreMb":4096,"supportedZones":["1","2","3"],"supportedHaMode":["SameZone","ZoneRedundant"]},{"supportedFeatures":[],"name":"Standard_D8ads_v5","vCores":8,"supportedIops":12800,"supportedMemoryPerVcoreMb":4096,"supportedZones":["1","2","3"],"supportedHaMode":["SameZone","ZoneRedundant"]},{"supportedFeatures":[],"name":"Standard_D16ads_v5","vCores":16,"supportedIops":25600,"supportedMemoryPerVcoreMb":4096,"supportedZones":["1","2","3"],"supportedHaMode":["SameZone","ZoneRedundant"]},{"supportedFeatures":[],"name":"Standard_D32ads_v5","vCores":32,"supportedIops":51200,"supportedMemoryPerVcoreMb":4096,"supportedZones":["1","2","3"],"supportedHaMode":["SameZone","ZoneRedundant"]},{"supportedFeatures":[],"name":"Standard_D48ads_v5","vCores":48,"supportedIops":76800,"supportedMemoryPerVcoreMb":4096,"supportedZones":["1","2","3"],"supportedHaMode":["SameZone","ZoneRedundant"]},{"supportedFeatures":[],"name":"Standard_D64ads_v5","vCores":64,"supportedIops":80000,"supportedMemoryPerVcoreMb":4096,"supportedZones":["1","2","3"],"supportedHaMode":["SameZone","ZoneRedundant"]},{"supportedFeatures":[],"name":"Standard_D96ads_v5","vCores":96,"supportedIops":80000,"supportedMemoryPerVcoreMb":4096,"supportedZones":["1","2","3"],"supportedHaMode":["SameZone","ZoneRedundant"]},{"supportedFeatures":[],"name":"Standard_D2ds_v5","vCores":2,"supportedIops":3750,"supportedMemoryPerVcoreMb":4096,"supportedZones":["1","2","3"],"supportedHaMode":["SameZone","ZoneRedundant"]},{"supportedFeatures":[],"name":"Standard_D4ds_v5","vCores":4,"supportedIops":6400,"supportedMemoryPerVcoreMb":4096,"supportedZones":["1","2","3"],"supportedHaMode":["SameZone","ZoneRedundant"]},{"supportedFeatures":[],"name":"Standard_D8ds_v5","vCores":8,"supportedIops":12800,"supportedMemoryPerVcoreMb":4096,"supportedZones":["1","2","3"],"supportedHaMode":["SameZone","ZoneRedundant"]},{"supportedFeatures":[],"name":"Standard_D16ds_v5","vCores":16,"supportedIops":25600,"supportedMemoryPerVcoreMb":4096,"supportedZones":["1","2","3"],"supportedHaMode":["SameZone","ZoneRedundant"]},{"supportedFeatures":[],"name":"Standard_D32ds_v5","vCores":32,"supportedIops":51200,"supportedMemoryPerVcoreMb":4096,"supportedZones":["1","2","3"],"supportedHaMode":["SameZone","ZoneRedundant"]},{"supportedFeatures":[],"name":"Standard_D48ds_v5","vCores":48,"supportedIops":76800,"supportedMemoryPerVcoreMb":4096,"supportedZones":["1","2","3"],"supportedHaMode":["SameZone","ZoneRedundant"]},{"supportedFeatures":[],"name":"Standard_D64ds_v5","vCores":64,"supportedIops":80000,"supportedMemoryPerVcoreMb":4096,"supportedZones":["1","2","3"],"supportedHaMode":["SameZone","ZoneRedundant"]},{"supportedFeatures":[],"name":"Standard_D96ds_v5","vCores":96,"supportedIops":80000,"supportedMemoryPerVcoreMb":4096,"supportedZones":["1","2","3"],"supportedHaMode":["SameZone","ZoneRedundant"]}],"name":"GeneralPurpose","defaultSkuName":"Standard_D4ds_v5","supportedStorageEditions":[{"name":"ManagedDisk","defaultStorageSizeMb":65536,"supportedStorageMb":[{"supportedIops":120,"storageSizeMb":32768,"defaultIopsTier":"P4","supportedIopsTiers":[{"name":"P4","iops":120},{"name":"P6","iops":240},{"name":"P10","iops":500},{"name":"P15","iops":1100},{"name":"P20","iops":2300},{"name":"P30","iops":5000},{"name":"P40","iops":7500},{"name":"P50","iops":7500}]},{"supportedIops":240,"storageSizeMb":65536,"defaultIopsTier":"P6","supportedIopsTiers":[{"name":"P6","iops":240},{"name":"P10","iops":500},{"name":"P15","iops":1100},{"name":"P20","iops":2300},{"name":"P30","iops":5000},{"name":"P40","iops":7500},{"name":"P50","iops":7500}]},{"supportedIops":500,"storageSizeMb":131072,"defaultIopsTier":"P10","supportedIopsTiers":[{"name":"P10","iops":500},{"name":"P15","iops":1100},{"name":"P20","iops":2300},{"name":"P30","iops":5000},{"name":"P40","iops":7500},{"name":"P50","iops":7500}]},{"supportedIops":1100,"storageSizeMb":262144,"defaultIopsTier":"P15","supportedIopsTiers":[{"name":"P15","iops":1100},{"name":"P20","iops":2300},{"name":"P30","iops":5000},{"name":"P40","iops":7500},{"name":"P50","iops":7500}]},{"supportedIops":2300,"storageSizeMb":524288,"defaultIopsTier":"P20","supportedIopsTiers":[{"name":"P20","iops":2300},{"name":"P30","iops":5000},{"name":"P40","iops":7500},{"name":"P50","iops":7500}]},{"supportedIops":5000,"storageSizeMb":1048576,"defaultIopsTier":"P30","supportedIopsTiers":[{"name":"P30","iops":5000},{"name":"P40","iops":7500},{"name":"P50","iops":7500}]},{"supportedIops":7500,"storageSizeMb":2097152,"defaultIopsTier":"P40","supportedIopsTiers":[{"name":"P40","iops":7500},{"name":"P50","iops":7500}]},{"supportedIops":7500,"storageSizeMb":4193280,"defaultIopsTier":"P50","supportedIopsTiers":[{"name":"P50","iops":7500}]},{"supportedIops":7500,"storageSizeMb":4194304,"defaultIopsTier":"P50","supportedIopsTiers":[{"name":"P50","iops":7500}]},{"supportedIops":16000,"storageSizeMb":8388608,"defaultIopsTier":"P60","supportedIopsTiers":[{"name":"P60","iops":16000},{"name":"P70","iops":18000},{"name":"P80","iops":20000}]},{"supportedIops":18000,"storageSizeMb":16777216,"defaultIopsTier":"P70","supportedIopsTiers":[{"name":"P70","iops":18000},{"name":"P80","iops":20000}]},{"supportedIops":20000,"storageSizeMb":33553408,"defaultIopsTier":"P80","supportedIopsTiers":[{"name":"P80","iops":20000}]}]},{"name":"ManagedDiskV2","defaultStorageSizeMb":65536,"supportedStorageMb":[{"supportedIops":3000,"supportedMaximumIops":80000,"storageSizeMb":32768,"maximumStorageSizeMb":67108864,"supportedThroughput":125,"supportedMaximumThroughput":1200,"defaultIopsTier":"None","supportedIopsTiers":[{"name":"None","iops":0}]}]},{"name":"UltraDisk","defaultStorageSizeMb":65536,"supportedStorageMb":[],"reason":"Specified
        Storage Edition not supported in this region."}]},{"supportedServerSkus":[{"supportedFeatures":[],"name":"Standard_E2s_v3","vCores":2,"supportedIops":3200,"supportedMemoryPerVcoreMb":8192,"supportedZones":["1","2","3"],"supportedHaMode":["SameZone","ZoneRedundant"]},{"supportedFeatures":[],"name":"Standard_E4s_v3","vCores":4,"supportedIops":6400,"supportedMemoryPerVcoreMb":8192,"supportedZones":["1","2","3"],"supportedHaMode":["SameZone","ZoneRedundant"]},{"supportedFeatures":[],"name":"Standard_E8s_v3","vCores":8,"supportedIops":12800,"supportedMemoryPerVcoreMb":8192,"supportedZones":["1","2","3"],"supportedHaMode":["SameZone","ZoneRedundant"]},{"supportedFeatures":[],"name":"Standard_E16s_v3","vCores":16,"supportedIops":25600,"supportedMemoryPerVcoreMb":8192,"supportedZones":["1","2","3"],"supportedHaMode":["SameZone","ZoneRedundant"]},{"supportedFeatures":[],"name":"Standard_E32s_v3","vCores":32,"supportedIops":32000,"supportedMemoryPerVcoreMb":8192,"supportedZones":["1","2","3"],"supportedHaMode":["SameZone","ZoneRedundant"]},{"supportedFeatures":[],"name":"Standard_E48s_v3","vCores":48,"supportedIops":51200,"supportedMemoryPerVcoreMb":8192,"supportedZones":["1","2","3"],"supportedHaMode":["SameZone","ZoneRedundant"]},{"supportedFeatures":[],"name":"Standard_E64s_v3","vCores":64,"supportedIops":76800,"supportedMemoryPerVcoreMb":6912,"supportedZones":["1","2","3"],"supportedHaMode":["SameZone","ZoneRedundant"]},{"supportedFeatures":[],"name":"Standard_E2ds_v4","vCores":2,"supportedIops":3200,"supportedMemoryPerVcoreMb":8192,"supportedZones":["1","2","3"],"supportedHaMode":["SameZone","ZoneRedundant"]},{"supportedFeatures":[],"name":"Standard_E4ds_v4","vCores":4,"supportedIops":6400,"supportedMemoryPerVcoreMb":8192,"supportedZones":["1","2","3"],"supportedHaMode":["SameZone","ZoneRedundant"]},{"supportedFeatures":[],"name":"Standard_E8ds_v4","vCores":8,"supportedIops":12800,"supportedMemoryPerVcoreMb":8192,"supportedZones":["1","2","3"],"supportedHaMode":["SameZone","ZoneRedundant"]},{"supportedFeatures":[],"name":"Standard_E16ds_v4","vCores":16,"supportedIops":25600,"supportedMemoryPerVcoreMb":8192,"supportedZones":["1","2","3"],"supportedHaMode":["SameZone","ZoneRedundant"]},{"supportedFeatures":[],"name":"Standard_E20ds_v4","vCores":20,"supportedIops":32000,"supportedMemoryPerVcoreMb":8192,"supportedZones":["1","2","3"],"supportedHaMode":["SameZone","ZoneRedundant"]},{"supportedFeatures":[],"name":"Standard_E32ds_v4","vCores":32,"supportedIops":51200,"supportedMemoryPerVcoreMb":8192,"supportedZones":["1","2","3"],"supportedHaMode":["SameZone","ZoneRedundant"]},{"supportedFeatures":[],"name":"Standard_E48ds_v4","vCores":48,"supportedIops":76800,"supportedMemoryPerVcoreMb":8192,"supportedZones":["1","2","3"],"supportedHaMode":["SameZone","ZoneRedundant"]},{"supportedFeatures":[],"name":"Standard_E64ds_v4","vCores":64,"supportedIops":80000,"supportedMemoryPerVcoreMb":6912,"supportedZones":["1","2","3"],"supportedHaMode":["SameZone","ZoneRedundant"]},{"supportedFeatures":[],"name":"Standard_E2ads_v5","vCores":2,"supportedIops":3750,"supportedMemoryPerVcoreMb":8192,"supportedZones":["1","2","3"],"supportedHaMode":["SameZone","ZoneRedundant"]},{"supportedFeatures":[],"name":"Standard_E4ads_v5","vCores":4,"supportedIops":6400,"supportedMemoryPerVcoreMb":8192,"supportedZones":["1","2","3"],"supportedHaMode":["SameZone","ZoneRedundant"]},{"supportedFeatures":[],"name":"Standard_E8ads_v5","vCores":8,"supportedIops":12800,"supportedMemoryPerVcoreMb":8192,"supportedZones":["1","2","3"],"supportedHaMode":["SameZone","ZoneRedundant"]},{"supportedFeatures":[],"name":"Standard_E16ads_v5","vCores":16,"supportedIops":25600,"supportedMemoryPerVcoreMb":8192,"supportedZones":["1","2","3"],"supportedHaMode":["SameZone","ZoneRedundant"]},{"supportedFeatures":[],"name":"Standard_E20ads_v5","vCores":20,"supportedIops":32000,"supportedMemoryPerVcoreMb":8192,"supportedZones":["1","2","3"],"supportedHaMode":["SameZone","ZoneRedundant"]},{"supportedFeatures":[],"name":"Standard_E32ads_v5","vCores":32,"supportedIops":51200,"supportedMemoryPerVcoreMb":8192,"supportedZones":["1","2","3"],"supportedHaMode":["SameZone","ZoneRedundant"]},{"supportedFeatures":[],"name":"Standard_E48ads_v5","vCores":48,"supportedIops":76800,"supportedMemoryPerVcoreMb":8192,"supportedZones":["1","2","3"],"supportedHaMode":["SameZone","ZoneRedundant"]},{"supportedFeatures":[],"name":"Standard_E64ads_v5","vCores":64,"supportedIops":80000,"supportedMemoryPerVcoreMb":8192,"supportedZones":["1","2","3"],"supportedHaMode":["SameZone","ZoneRedundant"]},{"supportedFeatures":[],"name":"Standard_E96ads_v5","vCores":96,"supportedIops":80000,"supportedMemoryPerVcoreMb":7168,"supportedZones":["1","2","3"],"supportedHaMode":["SameZone","ZoneRedundant"]},{"supportedFeatures":[],"name":"Standard_E2ds_v5","vCores":2,"supportedIops":3750,"supportedMemoryPerVcoreMb":8192,"supportedZones":["1","2","3"],"supportedHaMode":["SameZone","ZoneRedundant"]},{"supportedFeatures":[],"name":"Standard_E4ds_v5","vCores":4,"supportedIops":6400,"supportedMemoryPerVcoreMb":8192,"supportedZones":["1","2","3"],"supportedHaMode":["SameZone","ZoneRedundant"]},{"supportedFeatures":[],"name":"Standard_E8ds_v5","vCores":8,"supportedIops":12800,"supportedMemoryPerVcoreMb":8192,"supportedZones":["1","2","3"],"supportedHaMode":["SameZone","ZoneRedundant"]},{"supportedFeatures":[],"name":"Standard_E16ds_v5","vCores":16,"supportedIops":25600,"supportedMemoryPerVcoreMb":8192,"supportedZones":["1","2","3"],"supportedHaMode":["SameZone","ZoneRedundant"]},{"supportedFeatures":[],"name":"Standard_E20ds_v5","vCores":20,"supportedIops":32000,"supportedMemoryPerVcoreMb":8192,"supportedZones":["1","2","3"],"supportedHaMode":["SameZone","ZoneRedundant"]},{"supportedFeatures":[],"name":"Standard_E32ds_v5","vCores":32,"supportedIops":51200,"supportedMemoryPerVcoreMb":8192,"supportedZones":["1","2","3"],"supportedHaMode":["SameZone","ZoneRedundant"]},{"supportedFeatures":[],"name":"Standard_E48ds_v5","vCores":48,"supportedIops":76800,"supportedMemoryPerVcoreMb":8192,"supportedZones":["1","2","3"],"supportedHaMode":["SameZone","ZoneRedundant"]},{"supportedFeatures":[],"name":"Standard_E64ds_v5","vCores":64,"supportedIops":80000,"supportedMemoryPerVcoreMb":8192,"supportedZones":["1","2","3"],"supportedHaMode":["SameZone","ZoneRedundant"]},{"supportedFeatures":[],"name":"Standard_E96ds_v5","vCores":96,"supportedIops":80000,"supportedMemoryPerVcoreMb":7168,"supportedZones":["1","2","3"],"supportedHaMode":["SameZone","ZoneRedundant"]}],"name":"MemoryOptimized","defaultSkuName":"Standard_E4ds_v5","supportedStorageEditions":[{"name":"ManagedDisk","defaultStorageSizeMb":131072,"supportedStorageMb":[{"supportedIops":120,"storageSizeMb":32768,"defaultIopsTier":"P4","supportedIopsTiers":[{"name":"P4","iops":120},{"name":"P6","iops":240},{"name":"P10","iops":500},{"name":"P15","iops":1100},{"name":"P20","iops":2300},{"name":"P30","iops":5000},{"name":"P40","iops":7500},{"name":"P50","iops":7500}]},{"supportedIops":240,"storageSizeMb":65536,"defaultIopsTier":"P6","supportedIopsTiers":[{"name":"P6","iops":240},{"name":"P10","iops":500},{"name":"P15","iops":1100},{"name":"P20","iops":2300},{"name":"P30","iops":5000},{"name":"P40","iops":7500},{"name":"P50","iops":7500}]},{"supportedIops":500,"storageSizeMb":131072,"defaultIopsTier":"P10","supportedIopsTiers":[{"name":"P10","iops":500},{"name":"P15","iops":1100},{"name":"P20","iops":2300},{"name":"P30","iops":5000},{"name":"P40","iops":7500},{"name":"P50","iops":7500}]},{"supportedIops":1100,"storageSizeMb":262144,"defaultIopsTier":"P15","supportedIopsTiers":[{"name":"P15","iops":1100},{"name":"P20","iops":2300},{"name":"P30","iops":5000},{"name":"P40","iops":7500},{"name":"P50","iops":7500}]},{"supportedIops":2300,"storageSizeMb":524288,"defaultIopsTier":"P20","supportedIopsTiers":[{"name":"P20","iops":2300},{"name":"P30","iops":5000},{"name":"P40","iops":7500},{"name":"P50","iops":7500}]},{"supportedIops":5000,"storageSizeMb":1048576,"defaultIopsTier":"P30","supportedIopsTiers":[{"name":"P30","iops":5000},{"name":"P40","iops":7500},{"name":"P50","iops":7500}]},{"supportedIops":7500,"storageSizeMb":2097152,"defaultIopsTier":"P40","supportedIopsTiers":[{"name":"P40","iops":7500},{"name":"P50","iops":7500}]},{"supportedIops":7500,"storageSizeMb":4193280,"defaultIopsTier":"P50","supportedIopsTiers":[{"name":"P50","iops":7500}]},{"supportedIops":7500,"storageSizeMb":4194304,"defaultIopsTier":"P50","supportedIopsTiers":[{"name":"P50","iops":7500}]},{"supportedIops":16000,"storageSizeMb":8388608,"defaultIopsTier":"P60","supportedIopsTiers":[{"name":"P60","iops":16000},{"name":"P70","iops":18000},{"name":"P80","iops":20000}]},{"supportedIops":18000,"storageSizeMb":16777216,"defaultIopsTier":"P70","supportedIopsTiers":[{"name":"P70","iops":18000},{"name":"P80","iops":20000}]},{"supportedIops":20000,"storageSizeMb":33553408,"defaultIopsTier":"P80","supportedIopsTiers":[{"name":"P80","iops":20000}]}]},{"name":"ManagedDiskV2","defaultStorageSizeMb":131072,"supportedStorageMb":[{"supportedIops":3000,"supportedMaximumIops":80000,"storageSizeMb":32768,"maximumStorageSizeMb":67108864,"supportedThroughput":125,"supportedMaximumThroughput":1200,"defaultIopsTier":"None","supportedIopsTiers":[{"name":"None","iops":0}]}]},{"name":"UltraDisk","defaultStorageSizeMb":131072,"supportedStorageMb":[],"reason":"Specified
        Storage Edition not supported in this region."}]}],"supportedServerVersions":[{"supportedFeatures":[],"name":"11","supportedVersionsToUpgrade":["12","13","14","15","16","17"]},{"supportedFeatures":[],"name":"12","supportedVersionsToUpgrade":["13","14","15","16","17"]},{"supportedFeatures":[],"name":"13","supportedVersionsToUpgrade":["14","15","16","17"]},{"supportedFeatures":[],"name":"14","supportedVersionsToUpgrade":["15","16","17"]},{"supportedFeatures":[],"name":"15","supportedVersionsToUpgrade":["16","17"]},{"supportedFeatures":[],"name":"16","supportedVersionsToUpgrade":["17"]},{"supportedFeatures":[],"name":"17","supportedVersionsToUpgrade":[]}],"supportedFastProvisioningEditions":[],"supportedFeatures":[{"name":"FastProvisioning","status":"Disabled"},{"name":"ZoneRedundantHa","status":"Enabled"},{"name":"GeoBackup","status":"Enabled"},{"name":"ZoneRedundantHaAndGeoBackup","status":"Enabled"},{"name":"StorageAutoGrowth","status":"Enabled"},{"name":"OnlineResize","status":"Enabled"},{"name":"OfferRestricted","status":"Disabled"},{"name":"IndexTuning","status":"Enabled"},{"name":"Clusters","status":"Enabled"},{"name":"ConfigTuning","status":"Enabled"}],"fastProvisioningSupported":"Disabled","geoBackupSupported":"Enabled","zoneRedundantHaSupported":"Enabled","zoneRedundantHaAndGeoBackupSupported":"Enabled","storageAutoGrowthSupported":"Enabled","onlineResizeSupported":"Enabled","indexTuningSupported":"Enabled"}]}'
    headers:
      cache-control:
      - no-cache
      content-length:
      - '23978'
      content-type:
      - application/json; charset=utf-8
      date:
      - Thu, 23 Oct 2025 19:18:13 GMT
      expires:
      - '-1'
      pragma:
      - no-cache
      strict-transport-security:
      - max-age=31536000; includeSubDomains
      x-cache:
      - CONFIG_NOCACHE
      x-content-type-options:
      - nosniff
      x-ms-operation-identifier:
      - tenantId=72f988bf-86f1-41af-91ab-2d7cd011db47,objectId=15659232-7461-4854-b909-7dff9a1e844c/centralindia/caaac00b-ea21-4d61-8aee-46ebdea6ccdc
      x-ms-ratelimit-remaining-subscription-global-reads:
      - '16499'
      x-msedge-ref:
      - 'Ref A: A944BE6DD24C496A879F95A962DF94AD Ref B: AMS231022012007 Ref C: 2025-10-23T19:18:11Z'
    status:
      code: 200
      message: OK
- request:
    body: '{"name": "azuredbclirep1000003", "type": "Microsoft.DBforPostgreSQL/flexibleServers"}'
    headers:
      Accept:
      - application/json
      Accept-Encoding:
      - gzip, deflate
      CommandName:
      - postgres flexible-server replica create
      Connection:
      - keep-alive
      Content-Length:
      - '85'
      Content-Type:
      - application/json
      ParameterSetName:
      - -g --replica-name --source-server --zone
      User-Agent:
      - AZURECLI/2.78.0 azsdk-python-core/1.35.0 Python/3.9.13 (Windows-10-10.0.26200-SP0)
    method: POST
    uri: https://management.azure.com/subscriptions/00000000-0000-0000-0000-000000000000/providers/Microsoft.DBforPostgreSQL/locations/centralindia/checkNameAvailability?api-version=2024-11-01-preview
  response:
    body:
      string: '{"name":"azuredbclirep1000003","type":"Microsoft.DBforPostgreSQL/flexibleServers","nameAvailable":true,"message":""}'
    headers:
      cache-control:
      - no-cache
      content-length:
      - '116'
      content-type:
      - application/json; charset=utf-8
      date:
      - Thu, 23 Oct 2025 19:18:14 GMT
      expires:
      - '-1'
      pragma:
      - no-cache
      strict-transport-security:
      - max-age=31536000; includeSubDomains
      x-cache:
      - CONFIG_NOCACHE
      x-content-type-options:
      - nosniff
      x-ms-operation-identifier:
      - tenantId=72f988bf-86f1-41af-91ab-2d7cd011db47,objectId=15659232-7461-4854-b909-7dff9a1e844c/centralindia/9c71e19d-c9a4-4fb9-b71e-52dbd6ecb606
      x-ms-ratelimit-remaining-subscription-global-writes:
      - '11999'
      x-ms-ratelimit-remaining-subscription-writes:
      - '799'
      x-msedge-ref:
      - 'Ref A: E6D0D25FD0DE4C97A7502ECE5056E217 Ref B: AMS231020512023 Ref C: 2025-10-23T19:18:13Z'
    status:
      code: 200
      message: OK
- request:
    body: '{"location": "centralindia", "sku": {"name": "Standard_D2s_v3", "tier":
      "GeneralPurpose"}, "properties": {"storage": {"storageSizeGB": 256, "autoGrow":
      "Enabled"}, "network": {"publicNetworkAccess": "Disabled"}, "sourceServerResourceId":
      "/subscriptions/00000000-0000-0000-0000-000000000000/resourceGroups/clitest.rg000001/providers/Microsoft.DBforPostgreSQL/flexibleServers/azuredbclitest-000002",
      "availabilityZone": "2", "createMode": "Replica"}}'
    headers:
      Accept:
      - application/json
      Accept-Encoding:
      - gzip, deflate
      CommandName:
      - postgres flexible-server replica create
      Connection:
      - keep-alive
      Content-Length:
      - '449'
      Content-Type:
      - application/json
      ParameterSetName:
      - -g --replica-name --source-server --zone
      User-Agent:
      - AZURECLI/2.78.0 azsdk-python-core/1.35.0 Python/3.9.13 (Windows-10-10.0.26200-SP0)
    method: PUT
    uri: https://management.azure.com/subscriptions/00000000-0000-0000-0000-000000000000/resourceGroups/clitest.rg000001/providers/Microsoft.DBforPostgreSQL/flexibleServers/azuredbclirep1000003?api-version=2024-11-01-preview
  response:
    body:
      string: '{"operation":"CreateReadReplicaManagementOperation","startTime":"2025-10-23T19:18:20.58Z"}'
    headers:
      azure-asyncoperation:
      - https://management.azure.com/subscriptions/00000000-0000-0000-0000-000000000000/providers/Microsoft.DBforPostgreSQL/locations/centralindia/azureAsyncOperation/f5259a25-e040-4268-9506-dbb81b7043f8?api-version=2024-11-01-preview&t=638968439007740364&c=MIIIrzCCBpegAwIBAgITUQFAksjJXtdW64QOrwABAUCSyDANBgkqhkiG9w0BAQsFADBEMRMwEQYKCZImiZPyLGQBGRYDR0JMMRMwEQYKCZImiZPyLGQBGRYDQU1FMRgwFgYDVQQDEw9BTUUgSW5mcmEgQ0EgMDQwHhcNMjUxMDIyMTEzMDMzWhcNMjYwNDIwMTEzMDMzWjBAMT4wPAYDVQQDEzVhc3luY29wZXJhdGlvbnNpZ25pbmdjZXJ0aWZpY2F0ZS5tYW5hZ2VtZW50LmF6dXJlLmNvbTCCASIwDQYJKoZIhvcNAQEBBQADggEPADCCAQoCggEBANIL_ea4PX6tqxHLVF9EMduSXtibVvw_fvJo_2qVyVM_8guCpW7Vot8hAA3JXqJIuYF9h5wn2uWRXZXHyg4aaY2Lbqro1-tBMPU5rXoQZ9s2duM-rKR95C5eA8BbDTDoKjSTOnLAQ0-XWJI1upgmi1VDBnjo6o_RupQR7IimcAZdXrMl2LaN3lNyuldWaC5acWcw9L9ufxDGPdkfvUv_ScXQ-7BzgPXRS1UL7WyL9EV4bddWXpBBvZR80DH6tdfzz9pgHF4OIeUvSVm4QmcCVH5iCmbnVWDBGlhA1O6UBgUfxqnljc5MhLkkKH5OHPspPmRrsDTzYP15yZWFI82YMNECAwEAAaOCBJwwggSYMCcGCSsGAQQBgjcVCgQaMBgwCgYIKwYBBQUHAwEwCgYIKwYBBQUHAwIwPQYJKwYBBAGCNxUHBDAwLgYmKwYBBAGCNxUIhpDjDYTVtHiE8Ys-hZvdFs6dEoFghfmRS4WsmTQCAWQCAQcwggHkBggrBgEFBQcBAQSCAdYwggHSMGgGCCsGAQUFBzAChlxodHRwOi8vY3JsLm1pY3Jvc29mdC5jb20vcGtpaW5mcmEvQ2VydHMvbWVsMDFwa2lpbnRjYTAxLkFNRS5HQkxfQU1FJTIwSW5mcmElMjBDQSUyMDA0KDEpLmNydDBYBggrBgEFBQcwAoZMaHR0cDovL2NybDEuYW1lLmdibC9haWEvbWVsMDFwa2lpbnRjYTAxLkFNRS5HQkxfQU1FJTIwSW5mcmElMjBDQSUyMDA0KDEpLmNydDBYBggrBgEFBQcwAoZMaHR0cDovL2NybDIuYW1lLmdibC9haWEvbWVsMDFwa2lpbnRjYTAxLkFNRS5HQkxfQU1FJTIwSW5mcmElMjBDQSUyMDA0KDEpLmNydDBYBggrBgEFBQcwAoZMaHR0cDovL2NybDMuYW1lLmdibC9haWEvbWVsMDFwa2lpbnRjYTAxLkFNRS5HQkxfQU1FJTIwSW5mcmElMjBDQSUyMDA0KDEpLmNydDBYBggrBgEFBQcwAoZMaHR0cDovL2NybDQuYW1lLmdibC9haWEvbWVsMDFwa2lpbnRjYTAxLkFNRS5HQkxfQU1FJTIwSW5mcmElMjBDQSUyMDA0KDEpLmNydDAdBgNVHQ4EFgQUxuJ8b7tUVxxF9Uh_S-aQfmEWkyswDgYDVR0PAQH_BAQDAgWgMIIBNQYDVR0fBIIBLDCCASgwggEkoIIBIKCCARyGQmh0dHA6Ly9jcmwubWljcm9zb2Z0LmNvbS9wa2lpbmZyYS9DUkwvQU1FJTIwSW5mcmElMjBDQSUyMDA0KDEpLmNybIY0aHR0cDovL2NybDEuYW1lLmdibC9jcmwvQU1FJTIwSW5mcmElMjBDQSUyMDA0KDEpLmNybIY0aHR0cDovL2NybDIuYW1lLmdibC9jcmwvQU1FJTIwSW5mcmElMjBDQSUyMDA0KDEpLmNybIY0aHR0cDovL2NybDMuYW1lLmdibC9jcmwvQU1FJTIwSW5mcmElMjBDQSUyMDA0KDEpLmNybIY0aHR0cDovL2NybDQuYW1lLmdibC9jcmwvQU1FJTIwSW5mcmElMjBDQSUyMDA0KDEpLmNybDCBnQYDVR0gBIGVMIGSMAwGCisGAQQBgjd7AQEwZgYKKwYBBAGCN3sCAjBYMFYGCCsGAQUFBwICMEoeSAAzADMAZQAwADEAOQAyADEALQA0AGQANgA0AC0ANABmADgAYwAtAGEAMAA1ADUALQA1AGIAZABhAGYAZgBkADUAZQAzADMAZDAMBgorBgEEAYI3ewMCMAwGCisGAQQBgjd7BAIwHwYDVR0jBBgwFoAUOXFdqRUQLcTffi9ZbkBNwN_vNpowHQYDVR0lBBYwFAYIKwYBBQUHAwEGCCsGAQUFBwMCMA0GCSqGSIb3DQEBCwUAA4ICAQAm6ZIl-5JrU83aixl875_xu7AqUHCqv_i3nKCtjfGKmpGgizLsa4kt_p3sPApiqvF1Dv2p794N5czXWs9tOGrxIc4GO-YqMXcmdfuHAqfZw5zC8MaiJookTLex3yd4ExrGtH_UmV0RpxDfCTGIQTr7WP2q8veI5fYj2_EMzKkQmV8e8Xk8cHxiF3jLky9mihEvMKDMpOD2pHPNTUCHJcJaa7R6JpDqlmCjL7JHM_NPpLqJfERsYRMtyRsCXN7t2KDTMPTrD2X20__M_mBZUtDWSM4dq0TlSx6WYVZT6Hs4i2x7WVBm5GbpznQ7uULBH9s2tTlhBC4bKAEw72WrrUU-7N7sWw7lKj8GApdoKrpLVE1w41qQFcEBK_NNYcSmxpQqpxh1kmr4V5MRCdDYpavRe8RRg2kwY8nsu_p-aqHv1RIyPyLK6_Iv7VuL0fIzayygFC7rH1C4_-iB7BJRQZuMq_QF_GJe9i6k6M406KA4BsbrDZSRPSg_128fdWkocAxaC-VECmyOEBjomZ_zYc6ka_Q45Fj57OCFxXHLzlsGjlgQ3AyWGAhYhgGJ7v6HyOr5aElWz6Q533UvtLmH3JtIwMsiR-0L_a8Whyd39suFwhJ4xIYQXoewMTAhl8-mg_v6OqSjnHwZRfGDzMQrQGaiYJDE0p1oWz4E9CUEp2qmzw&s=HcSrpZ5TJzPxRa6DAUfVfdIB3AhJqVdPrAOyR87rvW28JiDcZM9xqSSZducnQc2sF6PynmhwtJHuddKwHxO0RkrLZoQPwCjpkqljPthAIlz22ecC65DXk2xlNfwassnd3vQsv3Rj2H-yg75oWd1paiv4VsT1w9qZ3RWq_RaaAfhEu2a1eUDpiPix1tn_G2L59xq8LwAFGblJxM2w3hX5WLo5PPmaDcUuZXpf1i2m2WBeH6iNqO53JwTtOnetzgb630PjQKmhrn3SJLreR6j2AyzDvdK-lW0YeyLp9MPo6Erh8xMrwJ1YoSsOCqwRqKbyexbNcLdbQ4tbpTCIJJylhg&h=QLJnlSu4zdL7jUCn32jFxAIT-wRi4IhtilZij8Y4F9c
      cache-control:
      - no-cache
      content-length:
      - '90'
      content-type:
      - application/json; charset=utf-8
      date:
      - Thu, 23 Oct 2025 19:18:20 GMT
      expires:
      - '-1'
      location:
      - https://management.azure.com/subscriptions/00000000-0000-0000-0000-000000000000/providers/Microsoft.DBforPostgreSQL/locations/centralindia/operationResults/f5259a25-e040-4268-9506-dbb81b7043f8?api-version=2024-11-01-preview&t=638968439007896648&c=MIIIrzCCBpegAwIBAgITUQFAksjJXtdW64QOrwABAUCSyDANBgkqhkiG9w0BAQsFADBEMRMwEQYKCZImiZPyLGQBGRYDR0JMMRMwEQYKCZImiZPyLGQBGRYDQU1FMRgwFgYDVQQDEw9BTUUgSW5mcmEgQ0EgMDQwHhcNMjUxMDIyMTEzMDMzWhcNMjYwNDIwMTEzMDMzWjBAMT4wPAYDVQQDEzVhc3luY29wZXJhdGlvbnNpZ25pbmdjZXJ0aWZpY2F0ZS5tYW5hZ2VtZW50LmF6dXJlLmNvbTCCASIwDQYJKoZIhvcNAQEBBQADggEPADCCAQoCggEBANIL_ea4PX6tqxHLVF9EMduSXtibVvw_fvJo_2qVyVM_8guCpW7Vot8hAA3JXqJIuYF9h5wn2uWRXZXHyg4aaY2Lbqro1-tBMPU5rXoQZ9s2duM-rKR95C5eA8BbDTDoKjSTOnLAQ0-XWJI1upgmi1VDBnjo6o_RupQR7IimcAZdXrMl2LaN3lNyuldWaC5acWcw9L9ufxDGPdkfvUv_ScXQ-7BzgPXRS1UL7WyL9EV4bddWXpBBvZR80DH6tdfzz9pgHF4OIeUvSVm4QmcCVH5iCmbnVWDBGlhA1O6UBgUfxqnljc5MhLkkKH5OHPspPmRrsDTzYP15yZWFI82YMNECAwEAAaOCBJwwggSYMCcGCSsGAQQBgjcVCgQaMBgwCgYIKwYBBQUHAwEwCgYIKwYBBQUHAwIwPQYJKwYBBAGCNxUHBDAwLgYmKwYBBAGCNxUIhpDjDYTVtHiE8Ys-hZvdFs6dEoFghfmRS4WsmTQCAWQCAQcwggHkBggrBgEFBQcBAQSCAdYwggHSMGgGCCsGAQUFBzAChlxodHRwOi8vY3JsLm1pY3Jvc29mdC5jb20vcGtpaW5mcmEvQ2VydHMvbWVsMDFwa2lpbnRjYTAxLkFNRS5HQkxfQU1FJTIwSW5mcmElMjBDQSUyMDA0KDEpLmNydDBYBggrBgEFBQcwAoZMaHR0cDovL2NybDEuYW1lLmdibC9haWEvbWVsMDFwa2lpbnRjYTAxLkFNRS5HQkxfQU1FJTIwSW5mcmElMjBDQSUyMDA0KDEpLmNydDBYBggrBgEFBQcwAoZMaHR0cDovL2NybDIuYW1lLmdibC9haWEvbWVsMDFwa2lpbnRjYTAxLkFNRS5HQkxfQU1FJTIwSW5mcmElMjBDQSUyMDA0KDEpLmNydDBYBggrBgEFBQcwAoZMaHR0cDovL2NybDMuYW1lLmdibC9haWEvbWVsMDFwa2lpbnRjYTAxLkFNRS5HQkxfQU1FJTIwSW5mcmElMjBDQSUyMDA0KDEpLmNydDBYBggrBgEFBQcwAoZMaHR0cDovL2NybDQuYW1lLmdibC9haWEvbWVsMDFwa2lpbnRjYTAxLkFNRS5HQkxfQU1FJTIwSW5mcmElMjBDQSUyMDA0KDEpLmNydDAdBgNVHQ4EFgQUxuJ8b7tUVxxF9Uh_S-aQfmEWkyswDgYDVR0PAQH_BAQDAgWgMIIBNQYDVR0fBIIBLDCCASgwggEkoIIBIKCCARyGQmh0dHA6Ly9jcmwubWljcm9zb2Z0LmNvbS9wa2lpbmZyYS9DUkwvQU1FJTIwSW5mcmElMjBDQSUyMDA0KDEpLmNybIY0aHR0cDovL2NybDEuYW1lLmdibC9jcmwvQU1FJTIwSW5mcmElMjBDQSUyMDA0KDEpLmNybIY0aHR0cDovL2NybDIuYW1lLmdibC9jcmwvQU1FJTIwSW5mcmElMjBDQSUyMDA0KDEpLmNybIY0aHR0cDovL2NybDMuYW1lLmdibC9jcmwvQU1FJTIwSW5mcmElMjBDQSUyMDA0KDEpLmNybIY0aHR0cDovL2NybDQuYW1lLmdibC9jcmwvQU1FJTIwSW5mcmElMjBDQSUyMDA0KDEpLmNybDCBnQYDVR0gBIGVMIGSMAwGCisGAQQBgjd7AQEwZgYKKwYBBAGCN3sCAjBYMFYGCCsGAQUFBwICMEoeSAAzADMAZQAwADEAOQAyADEALQA0AGQANgA0AC0ANABmADgAYwAtAGEAMAA1ADUALQA1AGIAZABhAGYAZgBkADUAZQAzADMAZDAMBgorBgEEAYI3ewMCMAwGCisGAQQBgjd7BAIwHwYDVR0jBBgwFoAUOXFdqRUQLcTffi9ZbkBNwN_vNpowHQYDVR0lBBYwFAYIKwYBBQUHAwEGCCsGAQUFBwMCMA0GCSqGSIb3DQEBCwUAA4ICAQAm6ZIl-5JrU83aixl875_xu7AqUHCqv_i3nKCtjfGKmpGgizLsa4kt_p3sPApiqvF1Dv2p794N5czXWs9tOGrxIc4GO-YqMXcmdfuHAqfZw5zC8MaiJookTLex3yd4ExrGtH_UmV0RpxDfCTGIQTr7WP2q8veI5fYj2_EMzKkQmV8e8Xk8cHxiF3jLky9mihEvMKDMpOD2pHPNTUCHJcJaa7R6JpDqlmCjL7JHM_NPpLqJfERsYRMtyRsCXN7t2KDTMPTrD2X20__M_mBZUtDWSM4dq0TlSx6WYVZT6Hs4i2x7WVBm5GbpznQ7uULBH9s2tTlhBC4bKAEw72WrrUU-7N7sWw7lKj8GApdoKrpLVE1w41qQFcEBK_NNYcSmxpQqpxh1kmr4V5MRCdDYpavRe8RRg2kwY8nsu_p-aqHv1RIyPyLK6_Iv7VuL0fIzayygFC7rH1C4_-iB7BJRQZuMq_QF_GJe9i6k6M406KA4BsbrDZSRPSg_128fdWkocAxaC-VECmyOEBjomZ_zYc6ka_Q45Fj57OCFxXHLzlsGjlgQ3AyWGAhYhgGJ7v6HyOr5aElWz6Q533UvtLmH3JtIwMsiR-0L_a8Whyd39suFwhJ4xIYQXoewMTAhl8-mg_v6OqSjnHwZRfGDzMQrQGaiYJDE0p1oWz4E9CUEp2qmzw&s=At5tINdLX8rlrJPPZjAzkSJk14EW10P1zhPy1TyeOLQEX5DbTfO8l2frIoHDZVWMz9WW6fE46GbY4QdRrQLyDcORj2UqmIjmSsA1nKzUC_J1IA-bGlrETWwTBG_LxmUxmbPUfTtS1ZDi3EjdrIu3DHsThnckrPl0kNIDsMVIJYM9DUIQ1serac5U2Qnj1dKbiPVWm6d-QkEPxu9PnkuB14f6XAKC0PGZeg3Il0r9J6O_y6aiBJaAsyTX8ilYy4TuV3RTTi51IYzkVfz4jWOH9tr8-YzPO7ZvcvWDHtlusbhZcjUHPLp9kUFuiMar0WL9LghTS4BXIM4QmSbZYvC6Mg&h=Yh9DYBOcq0aqKW0H_ezeIlNr8KSmdpQQwPe1aj5wRRw
      pragma:
      - no-cache
      strict-transport-security:
      - max-age=31536000; includeSubDomains
      x-cache:
      - CONFIG_NOCACHE
      x-content-type-options:
      - nosniff
      x-ms-operation-identifier:
      - tenantId=72f988bf-86f1-41af-91ab-2d7cd011db47,objectId=15659232-7461-4854-b909-7dff9a1e844c/westeurope/411be528-e74e-4152-8ece-ca2fd48d06d5
      x-ms-ratelimit-remaining-subscription-global-writes:
      - '11999'
      x-ms-ratelimit-remaining-subscription-writes:
      - '799'
      x-msedge-ref:
      - 'Ref A: 3FEE9F684EDB412EB8ABC94F6EE9FC98 Ref B: AMS231020615007 Ref C: 2025-10-23T19:18:15Z'
    status:
      code: 202
      message: Accepted
- request:
    body: null
    headers:
      Accept:
      - '*/*'
      Accept-Encoding:
      - gzip, deflate
      CommandName:
      - postgres flexible-server replica create
      Connection:
      - keep-alive
      ParameterSetName:
      - -g --replica-name --source-server --zone
      User-Agent:
      - AZURECLI/2.78.0 azsdk-python-core/1.35.0 Python/3.9.13 (Windows-10-10.0.26200-SP0)
    method: GET
    uri: https://management.azure.com/subscriptions/00000000-0000-0000-0000-000000000000/providers/Microsoft.DBforPostgreSQL/locations/centralindia/azureAsyncOperation/f5259a25-e040-4268-9506-dbb81b7043f8?api-version=2024-11-01-preview&t=638968439007740364&c=MIIIrzCCBpegAwIBAgITUQFAksjJXtdW64QOrwABAUCSyDANBgkqhkiG9w0BAQsFADBEMRMwEQYKCZImiZPyLGQBGRYDR0JMMRMwEQYKCZImiZPyLGQBGRYDQU1FMRgwFgYDVQQDEw9BTUUgSW5mcmEgQ0EgMDQwHhcNMjUxMDIyMTEzMDMzWhcNMjYwNDIwMTEzMDMzWjBAMT4wPAYDVQQDEzVhc3luY29wZXJhdGlvbnNpZ25pbmdjZXJ0aWZpY2F0ZS5tYW5hZ2VtZW50LmF6dXJlLmNvbTCCASIwDQYJKoZIhvcNAQEBBQADggEPADCCAQoCggEBANIL_ea4PX6tqxHLVF9EMduSXtibVvw_fvJo_2qVyVM_8guCpW7Vot8hAA3JXqJIuYF9h5wn2uWRXZXHyg4aaY2Lbqro1-tBMPU5rXoQZ9s2duM-rKR95C5eA8BbDTDoKjSTOnLAQ0-XWJI1upgmi1VDBnjo6o_RupQR7IimcAZdXrMl2LaN3lNyuldWaC5acWcw9L9ufxDGPdkfvUv_ScXQ-7BzgPXRS1UL7WyL9EV4bddWXpBBvZR80DH6tdfzz9pgHF4OIeUvSVm4QmcCVH5iCmbnVWDBGlhA1O6UBgUfxqnljc5MhLkkKH5OHPspPmRrsDTzYP15yZWFI82YMNECAwEAAaOCBJwwggSYMCcGCSsGAQQBgjcVCgQaMBgwCgYIKwYBBQUHAwEwCgYIKwYBBQUHAwIwPQYJKwYBBAGCNxUHBDAwLgYmKwYBBAGCNxUIhpDjDYTVtHiE8Ys-hZvdFs6dEoFghfmRS4WsmTQCAWQCAQcwggHkBggrBgEFBQcBAQSCAdYwggHSMGgGCCsGAQUFBzAChlxodHRwOi8vY3JsLm1pY3Jvc29mdC5jb20vcGtpaW5mcmEvQ2VydHMvbWVsMDFwa2lpbnRjYTAxLkFNRS5HQkxfQU1FJTIwSW5mcmElMjBDQSUyMDA0KDEpLmNydDBYBggrBgEFBQcwAoZMaHR0cDovL2NybDEuYW1lLmdibC9haWEvbWVsMDFwa2lpbnRjYTAxLkFNRS5HQkxfQU1FJTIwSW5mcmElMjBDQSUyMDA0KDEpLmNydDBYBggrBgEFBQcwAoZMaHR0cDovL2NybDIuYW1lLmdibC9haWEvbWVsMDFwa2lpbnRjYTAxLkFNRS5HQkxfQU1FJTIwSW5mcmElMjBDQSUyMDA0KDEpLmNydDBYBggrBgEFBQcwAoZMaHR0cDovL2NybDMuYW1lLmdibC9haWEvbWVsMDFwa2lpbnRjYTAxLkFNRS5HQkxfQU1FJTIwSW5mcmElMjBDQSUyMDA0KDEpLmNydDBYBggrBgEFBQcwAoZMaHR0cDovL2NybDQuYW1lLmdibC9haWEvbWVsMDFwa2lpbnRjYTAxLkFNRS5HQkxfQU1FJTIwSW5mcmElMjBDQSUyMDA0KDEpLmNydDAdBgNVHQ4EFgQUxuJ8b7tUVxxF9Uh_S-aQfmEWkyswDgYDVR0PAQH_BAQDAgWgMIIBNQYDVR0fBIIBLDCCASgwggEkoIIBIKCCARyGQmh0dHA6Ly9jcmwubWljcm9zb2Z0LmNvbS9wa2lpbmZyYS9DUkwvQU1FJTIwSW5mcmElMjBDQSUyMDA0KDEpLmNybIY0aHR0cDovL2NybDEuYW1lLmdibC9jcmwvQU1FJTIwSW5mcmElMjBDQSUyMDA0KDEpLmNybIY0aHR0cDovL2NybDIuYW1lLmdibC9jcmwvQU1FJTIwSW5mcmElMjBDQSUyMDA0KDEpLmNybIY0aHR0cDovL2NybDMuYW1lLmdibC9jcmwvQU1FJTIwSW5mcmElMjBDQSUyMDA0KDEpLmNybIY0aHR0cDovL2NybDQuYW1lLmdibC9jcmwvQU1FJTIwSW5mcmElMjBDQSUyMDA0KDEpLmNybDCBnQYDVR0gBIGVMIGSMAwGCisGAQQBgjd7AQEwZgYKKwYBBAGCN3sCAjBYMFYGCCsGAQUFBwICMEoeSAAzADMAZQAwADEAOQAyADEALQA0AGQANgA0AC0ANABmADgAYwAtAGEAMAA1ADUALQA1AGIAZABhAGYAZgBkADUAZQAzADMAZDAMBgorBgEEAYI3ewMCMAwGCisGAQQBgjd7BAIwHwYDVR0jBBgwFoAUOXFdqRUQLcTffi9ZbkBNwN_vNpowHQYDVR0lBBYwFAYIKwYBBQUHAwEGCCsGAQUFBwMCMA0GCSqGSIb3DQEBCwUAA4ICAQAm6ZIl-5JrU83aixl875_xu7AqUHCqv_i3nKCtjfGKmpGgizLsa4kt_p3sPApiqvF1Dv2p794N5czXWs9tOGrxIc4GO-YqMXcmdfuHAqfZw5zC8MaiJookTLex3yd4ExrGtH_UmV0RpxDfCTGIQTr7WP2q8veI5fYj2_EMzKkQmV8e8Xk8cHxiF3jLky9mihEvMKDMpOD2pHPNTUCHJcJaa7R6JpDqlmCjL7JHM_NPpLqJfERsYRMtyRsCXN7t2KDTMPTrD2X20__M_mBZUtDWSM4dq0TlSx6WYVZT6Hs4i2x7WVBm5GbpznQ7uULBH9s2tTlhBC4bKAEw72WrrUU-7N7sWw7lKj8GApdoKrpLVE1w41qQFcEBK_NNYcSmxpQqpxh1kmr4V5MRCdDYpavRe8RRg2kwY8nsu_p-aqHv1RIyPyLK6_Iv7VuL0fIzayygFC7rH1C4_-iB7BJRQZuMq_QF_GJe9i6k6M406KA4BsbrDZSRPSg_128fdWkocAxaC-VECmyOEBjomZ_zYc6ka_Q45Fj57OCFxXHLzlsGjlgQ3AyWGAhYhgGJ7v6HyOr5aElWz6Q533UvtLmH3JtIwMsiR-0L_a8Whyd39suFwhJ4xIYQXoewMTAhl8-mg_v6OqSjnHwZRfGDzMQrQGaiYJDE0p1oWz4E9CUEp2qmzw&s=HcSrpZ5TJzPxRa6DAUfVfdIB3AhJqVdPrAOyR87rvW28JiDcZM9xqSSZducnQc2sF6PynmhwtJHuddKwHxO0RkrLZoQPwCjpkqljPthAIlz22ecC65DXk2xlNfwassnd3vQsv3Rj2H-yg75oWd1paiv4VsT1w9qZ3RWq_RaaAfhEu2a1eUDpiPix1tn_G2L59xq8LwAFGblJxM2w3hX5WLo5PPmaDcUuZXpf1i2m2WBeH6iNqO53JwTtOnetzgb630PjQKmhrn3SJLreR6j2AyzDvdK-lW0YeyLp9MPo6Erh8xMrwJ1YoSsOCqwRqKbyexbNcLdbQ4tbpTCIJJylhg&h=QLJnlSu4zdL7jUCn32jFxAIT-wRi4IhtilZij8Y4F9c
  response:
    body:
      string: '{"name":"f5259a25-e040-4268-9506-dbb81b7043f8","status":"InProgress","startTime":"2025-10-23T19:18:20.58Z"}'
    headers:
      cache-control:
      - no-cache
      content-length:
      - '107'
      content-type:
      - application/json; charset=utf-8
      date:
      - Thu, 23 Oct 2025 19:18:20 GMT
      expires:
      - '-1'
      pragma:
      - no-cache
      strict-transport-security:
      - max-age=31536000; includeSubDomains
      x-cache:
      - CONFIG_NOCACHE
      x-content-type-options:
      - nosniff
      x-ms-operation-identifier:
      - tenantId=72f988bf-86f1-41af-91ab-2d7cd011db47,objectId=15659232-7461-4854-b909-7dff9a1e844c/centralindia/9100e51c-8646-498f-b913-0bbc0349e8d6
      x-ms-ratelimit-remaining-subscription-global-reads:
      - '16499'
      x-msedge-ref:
      - 'Ref A: 893E8A2004D948788433D7157351B47F Ref B: AMS231022012025 Ref C: 2025-10-23T19:18:21Z'
    status:
      code: 200
      message: OK
- request:
    body: null
    headers:
      Accept:
      - '*/*'
      Accept-Encoding:
      - gzip, deflate
      CommandName:
      - postgres flexible-server replica create
      Connection:
      - keep-alive
      ParameterSetName:
      - -g --replica-name --source-server --zone
      User-Agent:
      - AZURECLI/2.78.0 azsdk-python-core/1.35.0 Python/3.9.13 (Windows-10-10.0.26200-SP0)
    method: GET
    uri: https://management.azure.com/subscriptions/00000000-0000-0000-0000-000000000000/providers/Microsoft.DBforPostgreSQL/locations/centralindia/azureAsyncOperation/f5259a25-e040-4268-9506-dbb81b7043f8?api-version=2024-11-01-preview&t=638968439007740364&c=MIIIrzCCBpegAwIBAgITUQFAksjJXtdW64QOrwABAUCSyDANBgkqhkiG9w0BAQsFADBEMRMwEQYKCZImiZPyLGQBGRYDR0JMMRMwEQYKCZImiZPyLGQBGRYDQU1FMRgwFgYDVQQDEw9BTUUgSW5mcmEgQ0EgMDQwHhcNMjUxMDIyMTEzMDMzWhcNMjYwNDIwMTEzMDMzWjBAMT4wPAYDVQQDEzVhc3luY29wZXJhdGlvbnNpZ25pbmdjZXJ0aWZpY2F0ZS5tYW5hZ2VtZW50LmF6dXJlLmNvbTCCASIwDQYJKoZIhvcNAQEBBQADggEPADCCAQoCggEBANIL_ea4PX6tqxHLVF9EMduSXtibVvw_fvJo_2qVyVM_8guCpW7Vot8hAA3JXqJIuYF9h5wn2uWRXZXHyg4aaY2Lbqro1-tBMPU5rXoQZ9s2duM-rKR95C5eA8BbDTDoKjSTOnLAQ0-XWJI1upgmi1VDBnjo6o_RupQR7IimcAZdXrMl2LaN3lNyuldWaC5acWcw9L9ufxDGPdkfvUv_ScXQ-7BzgPXRS1UL7WyL9EV4bddWXpBBvZR80DH6tdfzz9pgHF4OIeUvSVm4QmcCVH5iCmbnVWDBGlhA1O6UBgUfxqnljc5MhLkkKH5OHPspPmRrsDTzYP15yZWFI82YMNECAwEAAaOCBJwwggSYMCcGCSsGAQQBgjcVCgQaMBgwCgYIKwYBBQUHAwEwCgYIKwYBBQUHAwIwPQYJKwYBBAGCNxUHBDAwLgYmKwYBBAGCNxUIhpDjDYTVtHiE8Ys-hZvdFs6dEoFghfmRS4WsmTQCAWQCAQcwggHkBggrBgEFBQcBAQSCAdYwggHSMGgGCCsGAQUFBzAChlxodHRwOi8vY3JsLm1pY3Jvc29mdC5jb20vcGtpaW5mcmEvQ2VydHMvbWVsMDFwa2lpbnRjYTAxLkFNRS5HQkxfQU1FJTIwSW5mcmElMjBDQSUyMDA0KDEpLmNydDBYBggrBgEFBQcwAoZMaHR0cDovL2NybDEuYW1lLmdibC9haWEvbWVsMDFwa2lpbnRjYTAxLkFNRS5HQkxfQU1FJTIwSW5mcmElMjBDQSUyMDA0KDEpLmNydDBYBggrBgEFBQcwAoZMaHR0cDovL2NybDIuYW1lLmdibC9haWEvbWVsMDFwa2lpbnRjYTAxLkFNRS5HQkxfQU1FJTIwSW5mcmElMjBDQSUyMDA0KDEpLmNydDBYBggrBgEFBQcwAoZMaHR0cDovL2NybDMuYW1lLmdibC9haWEvbWVsMDFwa2lpbnRjYTAxLkFNRS5HQkxfQU1FJTIwSW5mcmElMjBDQSUyMDA0KDEpLmNydDBYBggrBgEFBQcwAoZMaHR0cDovL2NybDQuYW1lLmdibC9haWEvbWVsMDFwa2lpbnRjYTAxLkFNRS5HQkxfQU1FJTIwSW5mcmElMjBDQSUyMDA0KDEpLmNydDAdBgNVHQ4EFgQUxuJ8b7tUVxxF9Uh_S-aQfmEWkyswDgYDVR0PAQH_BAQDAgWgMIIBNQYDVR0fBIIBLDCCASgwggEkoIIBIKCCARyGQmh0dHA6Ly9jcmwubWljcm9zb2Z0LmNvbS9wa2lpbmZyYS9DUkwvQU1FJTIwSW5mcmElMjBDQSUyMDA0KDEpLmNybIY0aHR0cDovL2NybDEuYW1lLmdibC9jcmwvQU1FJTIwSW5mcmElMjBDQSUyMDA0KDEpLmNybIY0aHR0cDovL2NybDIuYW1lLmdibC9jcmwvQU1FJTIwSW5mcmElMjBDQSUyMDA0KDEpLmNybIY0aHR0cDovL2NybDMuYW1lLmdibC9jcmwvQU1FJTIwSW5mcmElMjBDQSUyMDA0KDEpLmNybIY0aHR0cDovL2NybDQuYW1lLmdibC9jcmwvQU1FJTIwSW5mcmElMjBDQSUyMDA0KDEpLmNybDCBnQYDVR0gBIGVMIGSMAwGCisGAQQBgjd7AQEwZgYKKwYBBAGCN3sCAjBYMFYGCCsGAQUFBwICMEoeSAAzADMAZQAwADEAOQAyADEALQA0AGQANgA0AC0ANABmADgAYwAtAGEAMAA1ADUALQA1AGIAZABhAGYAZgBkADUAZQAzADMAZDAMBgorBgEEAYI3ewMCMAwGCisGAQQBgjd7BAIwHwYDVR0jBBgwFoAUOXFdqRUQLcTffi9ZbkBNwN_vNpowHQYDVR0lBBYwFAYIKwYBBQUHAwEGCCsGAQUFBwMCMA0GCSqGSIb3DQEBCwUAA4ICAQAm6ZIl-5JrU83aixl875_xu7AqUHCqv_i3nKCtjfGKmpGgizLsa4kt_p3sPApiqvF1Dv2p794N5czXWs9tOGrxIc4GO-YqMXcmdfuHAqfZw5zC8MaiJookTLex3yd4ExrGtH_UmV0RpxDfCTGIQTr7WP2q8veI5fYj2_EMzKkQmV8e8Xk8cHxiF3jLky9mihEvMKDMpOD2pHPNTUCHJcJaa7R6JpDqlmCjL7JHM_NPpLqJfERsYRMtyRsCXN7t2KDTMPTrD2X20__M_mBZUtDWSM4dq0TlSx6WYVZT6Hs4i2x7WVBm5GbpznQ7uULBH9s2tTlhBC4bKAEw72WrrUU-7N7sWw7lKj8GApdoKrpLVE1w41qQFcEBK_NNYcSmxpQqpxh1kmr4V5MRCdDYpavRe8RRg2kwY8nsu_p-aqHv1RIyPyLK6_Iv7VuL0fIzayygFC7rH1C4_-iB7BJRQZuMq_QF_GJe9i6k6M406KA4BsbrDZSRPSg_128fdWkocAxaC-VECmyOEBjomZ_zYc6ka_Q45Fj57OCFxXHLzlsGjlgQ3AyWGAhYhgGJ7v6HyOr5aElWz6Q533UvtLmH3JtIwMsiR-0L_a8Whyd39suFwhJ4xIYQXoewMTAhl8-mg_v6OqSjnHwZRfGDzMQrQGaiYJDE0p1oWz4E9CUEp2qmzw&s=HcSrpZ5TJzPxRa6DAUfVfdIB3AhJqVdPrAOyR87rvW28JiDcZM9xqSSZducnQc2sF6PynmhwtJHuddKwHxO0RkrLZoQPwCjpkqljPthAIlz22ecC65DXk2xlNfwassnd3vQsv3Rj2H-yg75oWd1paiv4VsT1w9qZ3RWq_RaaAfhEu2a1eUDpiPix1tn_G2L59xq8LwAFGblJxM2w3hX5WLo5PPmaDcUuZXpf1i2m2WBeH6iNqO53JwTtOnetzgb630PjQKmhrn3SJLreR6j2AyzDvdK-lW0YeyLp9MPo6Erh8xMrwJ1YoSsOCqwRqKbyexbNcLdbQ4tbpTCIJJylhg&h=QLJnlSu4zdL7jUCn32jFxAIT-wRi4IhtilZij8Y4F9c
  response:
    body:
      string: '{"name":"f5259a25-e040-4268-9506-dbb81b7043f8","status":"InProgress","startTime":"2025-10-23T19:18:20.58Z"}'
    headers:
      cache-control:
      - no-cache
      content-length:
      - '107'
      content-type:
      - application/json; charset=utf-8
      date:
      - Thu, 23 Oct 2025 19:19:21 GMT
      expires:
      - '-1'
      pragma:
      - no-cache
      strict-transport-security:
      - max-age=31536000; includeSubDomains
      x-cache:
      - CONFIG_NOCACHE
      x-content-type-options:
      - nosniff
      x-ms-operation-identifier:
      - tenantId=72f988bf-86f1-41af-91ab-2d7cd011db47,objectId=15659232-7461-4854-b909-7dff9a1e844c/centralindia/67fe1309-736e-455d-bac5-9526b96efeff
      x-ms-ratelimit-remaining-subscription-global-reads:
      - '16499'
      x-msedge-ref:
      - 'Ref A: D16825C29E4C477EA83B3B7E03A313D3 Ref B: AMS231022012019 Ref C: 2025-10-23T19:19:22Z'
    status:
      code: 200
      message: OK
- request:
    body: null
    headers:
      Accept:
      - '*/*'
      Accept-Encoding:
      - gzip, deflate
      CommandName:
      - postgres flexible-server replica create
      Connection:
      - keep-alive
      ParameterSetName:
      - -g --replica-name --source-server --zone
      User-Agent:
      - AZURECLI/2.78.0 azsdk-python-core/1.35.0 Python/3.9.13 (Windows-10-10.0.26200-SP0)
    method: GET
    uri: https://management.azure.com/subscriptions/00000000-0000-0000-0000-000000000000/providers/Microsoft.DBforPostgreSQL/locations/centralindia/azureAsyncOperation/f5259a25-e040-4268-9506-dbb81b7043f8?api-version=2024-11-01-preview&t=638968439007740364&c=MIIIrzCCBpegAwIBAgITUQFAksjJXtdW64QOrwABAUCSyDANBgkqhkiG9w0BAQsFADBEMRMwEQYKCZImiZPyLGQBGRYDR0JMMRMwEQYKCZImiZPyLGQBGRYDQU1FMRgwFgYDVQQDEw9BTUUgSW5mcmEgQ0EgMDQwHhcNMjUxMDIyMTEzMDMzWhcNMjYwNDIwMTEzMDMzWjBAMT4wPAYDVQQDEzVhc3luY29wZXJhdGlvbnNpZ25pbmdjZXJ0aWZpY2F0ZS5tYW5hZ2VtZW50LmF6dXJlLmNvbTCCASIwDQYJKoZIhvcNAQEBBQADggEPADCCAQoCggEBANIL_ea4PX6tqxHLVF9EMduSXtibVvw_fvJo_2qVyVM_8guCpW7Vot8hAA3JXqJIuYF9h5wn2uWRXZXHyg4aaY2Lbqro1-tBMPU5rXoQZ9s2duM-rKR95C5eA8BbDTDoKjSTOnLAQ0-XWJI1upgmi1VDBnjo6o_RupQR7IimcAZdXrMl2LaN3lNyuldWaC5acWcw9L9ufxDGPdkfvUv_ScXQ-7BzgPXRS1UL7WyL9EV4bddWXpBBvZR80DH6tdfzz9pgHF4OIeUvSVm4QmcCVH5iCmbnVWDBGlhA1O6UBgUfxqnljc5MhLkkKH5OHPspPmRrsDTzYP15yZWFI82YMNECAwEAAaOCBJwwggSYMCcGCSsGAQQBgjcVCgQaMBgwCgYIKwYBBQUHAwEwCgYIKwYBBQUHAwIwPQYJKwYBBAGCNxUHBDAwLgYmKwYBBAGCNxUIhpDjDYTVtHiE8Ys-hZvdFs6dEoFghfmRS4WsmTQCAWQCAQcwggHkBggrBgEFBQcBAQSCAdYwggHSMGgGCCsGAQUFBzAChlxodHRwOi8vY3JsLm1pY3Jvc29mdC5jb20vcGtpaW5mcmEvQ2VydHMvbWVsMDFwa2lpbnRjYTAxLkFNRS5HQkxfQU1FJTIwSW5mcmElMjBDQSUyMDA0KDEpLmNydDBYBggrBgEFBQcwAoZMaHR0cDovL2NybDEuYW1lLmdibC9haWEvbWVsMDFwa2lpbnRjYTAxLkFNRS5HQkxfQU1FJTIwSW5mcmElMjBDQSUyMDA0KDEpLmNydDBYBggrBgEFBQcwAoZMaHR0cDovL2NybDIuYW1lLmdibC9haWEvbWVsMDFwa2lpbnRjYTAxLkFNRS5HQkxfQU1FJTIwSW5mcmElMjBDQSUyMDA0KDEpLmNydDBYBggrBgEFBQcwAoZMaHR0cDovL2NybDMuYW1lLmdibC9haWEvbWVsMDFwa2lpbnRjYTAxLkFNRS5HQkxfQU1FJTIwSW5mcmElMjBDQSUyMDA0KDEpLmNydDBYBggrBgEFBQcwAoZMaHR0cDovL2NybDQuYW1lLmdibC9haWEvbWVsMDFwa2lpbnRjYTAxLkFNRS5HQkxfQU1FJTIwSW5mcmElMjBDQSUyMDA0KDEpLmNydDAdBgNVHQ4EFgQUxuJ8b7tUVxxF9Uh_S-aQfmEWkyswDgYDVR0PAQH_BAQDAgWgMIIBNQYDVR0fBIIBLDCCASgwggEkoIIBIKCCARyGQmh0dHA6Ly9jcmwubWljcm9zb2Z0LmNvbS9wa2lpbmZyYS9DUkwvQU1FJTIwSW5mcmElMjBDQSUyMDA0KDEpLmNybIY0aHR0cDovL2NybDEuYW1lLmdibC9jcmwvQU1FJTIwSW5mcmElMjBDQSUyMDA0KDEpLmNybIY0aHR0cDovL2NybDIuYW1lLmdibC9jcmwvQU1FJTIwSW5mcmElMjBDQSUyMDA0KDEpLmNybIY0aHR0cDovL2NybDMuYW1lLmdibC9jcmwvQU1FJTIwSW5mcmElMjBDQSUyMDA0KDEpLmNybIY0aHR0cDovL2NybDQuYW1lLmdibC9jcmwvQU1FJTIwSW5mcmElMjBDQSUyMDA0KDEpLmNybDCBnQYDVR0gBIGVMIGSMAwGCisGAQQBgjd7AQEwZgYKKwYBBAGCN3sCAjBYMFYGCCsGAQUFBwICMEoeSAAzADMAZQAwADEAOQAyADEALQA0AGQANgA0AC0ANABmADgAYwAtAGEAMAA1ADUALQA1AGIAZABhAGYAZgBkADUAZQAzADMAZDAMBgorBgEEAYI3ewMCMAwGCisGAQQBgjd7BAIwHwYDVR0jBBgwFoAUOXFdqRUQLcTffi9ZbkBNwN_vNpowHQYDVR0lBBYwFAYIKwYBBQUHAwEGCCsGAQUFBwMCMA0GCSqGSIb3DQEBCwUAA4ICAQAm6ZIl-5JrU83aixl875_xu7AqUHCqv_i3nKCtjfGKmpGgizLsa4kt_p3sPApiqvF1Dv2p794N5czXWs9tOGrxIc4GO-YqMXcmdfuHAqfZw5zC8MaiJookTLex3yd4ExrGtH_UmV0RpxDfCTGIQTr7WP2q8veI5fYj2_EMzKkQmV8e8Xk8cHxiF3jLky9mihEvMKDMpOD2pHPNTUCHJcJaa7R6JpDqlmCjL7JHM_NPpLqJfERsYRMtyRsCXN7t2KDTMPTrD2X20__M_mBZUtDWSM4dq0TlSx6WYVZT6Hs4i2x7WVBm5GbpznQ7uULBH9s2tTlhBC4bKAEw72WrrUU-7N7sWw7lKj8GApdoKrpLVE1w41qQFcEBK_NNYcSmxpQqpxh1kmr4V5MRCdDYpavRe8RRg2kwY8nsu_p-aqHv1RIyPyLK6_Iv7VuL0fIzayygFC7rH1C4_-iB7BJRQZuMq_QF_GJe9i6k6M406KA4BsbrDZSRPSg_128fdWkocAxaC-VECmyOEBjomZ_zYc6ka_Q45Fj57OCFxXHLzlsGjlgQ3AyWGAhYhgGJ7v6HyOr5aElWz6Q533UvtLmH3JtIwMsiR-0L_a8Whyd39suFwhJ4xIYQXoewMTAhl8-mg_v6OqSjnHwZRfGDzMQrQGaiYJDE0p1oWz4E9CUEp2qmzw&s=HcSrpZ5TJzPxRa6DAUfVfdIB3AhJqVdPrAOyR87rvW28JiDcZM9xqSSZducnQc2sF6PynmhwtJHuddKwHxO0RkrLZoQPwCjpkqljPthAIlz22ecC65DXk2xlNfwassnd3vQsv3Rj2H-yg75oWd1paiv4VsT1w9qZ3RWq_RaaAfhEu2a1eUDpiPix1tn_G2L59xq8LwAFGblJxM2w3hX5WLo5PPmaDcUuZXpf1i2m2WBeH6iNqO53JwTtOnetzgb630PjQKmhrn3SJLreR6j2AyzDvdK-lW0YeyLp9MPo6Erh8xMrwJ1YoSsOCqwRqKbyexbNcLdbQ4tbpTCIJJylhg&h=QLJnlSu4zdL7jUCn32jFxAIT-wRi4IhtilZij8Y4F9c
  response:
    body:
      string: '{"name":"f5259a25-e040-4268-9506-dbb81b7043f8","status":"InProgress","startTime":"2025-10-23T19:18:20.58Z"}'
    headers:
      cache-control:
      - no-cache
      content-length:
      - '107'
      content-type:
      - application/json; charset=utf-8
      date:
      - Thu, 23 Oct 2025 19:20:23 GMT
      expires:
      - '-1'
      pragma:
      - no-cache
      strict-transport-security:
      - max-age=31536000; includeSubDomains
      x-cache:
      - CONFIG_NOCACHE
      x-content-type-options:
      - nosniff
      x-ms-operation-identifier:
      - tenantId=72f988bf-86f1-41af-91ab-2d7cd011db47,objectId=15659232-7461-4854-b909-7dff9a1e844c/westeurope/43784b19-5120-454f-ba44-9fcf37ef6578
      x-ms-ratelimit-remaining-subscription-global-reads:
      - '16499'
      x-msedge-ref:
      - 'Ref A: 775F0B56CD2241A5BD3A26AB15C9028C Ref B: AMS231022012021 Ref C: 2025-10-23T19:20:23Z'
    status:
      code: 200
      message: OK
- request:
    body: null
    headers:
      Accept:
      - '*/*'
      Accept-Encoding:
      - gzip, deflate
      CommandName:
      - postgres flexible-server replica create
      Connection:
      - keep-alive
      ParameterSetName:
      - -g --replica-name --source-server --zone
      User-Agent:
      - AZURECLI/2.78.0 azsdk-python-core/1.35.0 Python/3.9.13 (Windows-10-10.0.26200-SP0)
    method: GET
    uri: https://management.azure.com/subscriptions/00000000-0000-0000-0000-000000000000/providers/Microsoft.DBforPostgreSQL/locations/centralindia/azureAsyncOperation/f5259a25-e040-4268-9506-dbb81b7043f8?api-version=2024-11-01-preview&t=638968439007740364&c=MIIIrzCCBpegAwIBAgITUQFAksjJXtdW64QOrwABAUCSyDANBgkqhkiG9w0BAQsFADBEMRMwEQYKCZImiZPyLGQBGRYDR0JMMRMwEQYKCZImiZPyLGQBGRYDQU1FMRgwFgYDVQQDEw9BTUUgSW5mcmEgQ0EgMDQwHhcNMjUxMDIyMTEzMDMzWhcNMjYwNDIwMTEzMDMzWjBAMT4wPAYDVQQDEzVhc3luY29wZXJhdGlvbnNpZ25pbmdjZXJ0aWZpY2F0ZS5tYW5hZ2VtZW50LmF6dXJlLmNvbTCCASIwDQYJKoZIhvcNAQEBBQADggEPADCCAQoCggEBANIL_ea4PX6tqxHLVF9EMduSXtibVvw_fvJo_2qVyVM_8guCpW7Vot8hAA3JXqJIuYF9h5wn2uWRXZXHyg4aaY2Lbqro1-tBMPU5rXoQZ9s2duM-rKR95C5eA8BbDTDoKjSTOnLAQ0-XWJI1upgmi1VDBnjo6o_RupQR7IimcAZdXrMl2LaN3lNyuldWaC5acWcw9L9ufxDGPdkfvUv_ScXQ-7BzgPXRS1UL7WyL9EV4bddWXpBBvZR80DH6tdfzz9pgHF4OIeUvSVm4QmcCVH5iCmbnVWDBGlhA1O6UBgUfxqnljc5MhLkkKH5OHPspPmRrsDTzYP15yZWFI82YMNECAwEAAaOCBJwwggSYMCcGCSsGAQQBgjcVCgQaMBgwCgYIKwYBBQUHAwEwCgYIKwYBBQUHAwIwPQYJKwYBBAGCNxUHBDAwLgYmKwYBBAGCNxUIhpDjDYTVtHiE8Ys-hZvdFs6dEoFghfmRS4WsmTQCAWQCAQcwggHkBggrBgEFBQcBAQSCAdYwggHSMGgGCCsGAQUFBzAChlxodHRwOi8vY3JsLm1pY3Jvc29mdC5jb20vcGtpaW5mcmEvQ2VydHMvbWVsMDFwa2lpbnRjYTAxLkFNRS5HQkxfQU1FJTIwSW5mcmElMjBDQSUyMDA0KDEpLmNydDBYBggrBgEFBQcwAoZMaHR0cDovL2NybDEuYW1lLmdibC9haWEvbWVsMDFwa2lpbnRjYTAxLkFNRS5HQkxfQU1FJTIwSW5mcmElMjBDQSUyMDA0KDEpLmNydDBYBggrBgEFBQcwAoZMaHR0cDovL2NybDIuYW1lLmdibC9haWEvbWVsMDFwa2lpbnRjYTAxLkFNRS5HQkxfQU1FJTIwSW5mcmElMjBDQSUyMDA0KDEpLmNydDBYBggrBgEFBQcwAoZMaHR0cDovL2NybDMuYW1lLmdibC9haWEvbWVsMDFwa2lpbnRjYTAxLkFNRS5HQkxfQU1FJTIwSW5mcmElMjBDQSUyMDA0KDEpLmNydDBYBggrBgEFBQcwAoZMaHR0cDovL2NybDQuYW1lLmdibC9haWEvbWVsMDFwa2lpbnRjYTAxLkFNRS5HQkxfQU1FJTIwSW5mcmElMjBDQSUyMDA0KDEpLmNydDAdBgNVHQ4EFgQUxuJ8b7tUVxxF9Uh_S-aQfmEWkyswDgYDVR0PAQH_BAQDAgWgMIIBNQYDVR0fBIIBLDCCASgwggEkoIIBIKCCARyGQmh0dHA6Ly9jcmwubWljcm9zb2Z0LmNvbS9wa2lpbmZyYS9DUkwvQU1FJTIwSW5mcmElMjBDQSUyMDA0KDEpLmNybIY0aHR0cDovL2NybDEuYW1lLmdibC9jcmwvQU1FJTIwSW5mcmElMjBDQSUyMDA0KDEpLmNybIY0aHR0cDovL2NybDIuYW1lLmdibC9jcmwvQU1FJTIwSW5mcmElMjBDQSUyMDA0KDEpLmNybIY0aHR0cDovL2NybDMuYW1lLmdibC9jcmwvQU1FJTIwSW5mcmElMjBDQSUyMDA0KDEpLmNybIY0aHR0cDovL2NybDQuYW1lLmdibC9jcmwvQU1FJTIwSW5mcmElMjBDQSUyMDA0KDEpLmNybDCBnQYDVR0gBIGVMIGSMAwGCisGAQQBgjd7AQEwZgYKKwYBBAGCN3sCAjBYMFYGCCsGAQUFBwICMEoeSAAzADMAZQAwADEAOQAyADEALQA0AGQANgA0AC0ANABmADgAYwAtAGEAMAA1ADUALQA1AGIAZABhAGYAZgBkADUAZQAzADMAZDAMBgorBgEEAYI3ewMCMAwGCisGAQQBgjd7BAIwHwYDVR0jBBgwFoAUOXFdqRUQLcTffi9ZbkBNwN_vNpowHQYDVR0lBBYwFAYIKwYBBQUHAwEGCCsGAQUFBwMCMA0GCSqGSIb3DQEBCwUAA4ICAQAm6ZIl-5JrU83aixl875_xu7AqUHCqv_i3nKCtjfGKmpGgizLsa4kt_p3sPApiqvF1Dv2p794N5czXWs9tOGrxIc4GO-YqMXcmdfuHAqfZw5zC8MaiJookTLex3yd4ExrGtH_UmV0RpxDfCTGIQTr7WP2q8veI5fYj2_EMzKkQmV8e8Xk8cHxiF3jLky9mihEvMKDMpOD2pHPNTUCHJcJaa7R6JpDqlmCjL7JHM_NPpLqJfERsYRMtyRsCXN7t2KDTMPTrD2X20__M_mBZUtDWSM4dq0TlSx6WYVZT6Hs4i2x7WVBm5GbpznQ7uULBH9s2tTlhBC4bKAEw72WrrUU-7N7sWw7lKj8GApdoKrpLVE1w41qQFcEBK_NNYcSmxpQqpxh1kmr4V5MRCdDYpavRe8RRg2kwY8nsu_p-aqHv1RIyPyLK6_Iv7VuL0fIzayygFC7rH1C4_-iB7BJRQZuMq_QF_GJe9i6k6M406KA4BsbrDZSRPSg_128fdWkocAxaC-VECmyOEBjomZ_zYc6ka_Q45Fj57OCFxXHLzlsGjlgQ3AyWGAhYhgGJ7v6HyOr5aElWz6Q533UvtLmH3JtIwMsiR-0L_a8Whyd39suFwhJ4xIYQXoewMTAhl8-mg_v6OqSjnHwZRfGDzMQrQGaiYJDE0p1oWz4E9CUEp2qmzw&s=HcSrpZ5TJzPxRa6DAUfVfdIB3AhJqVdPrAOyR87rvW28JiDcZM9xqSSZducnQc2sF6PynmhwtJHuddKwHxO0RkrLZoQPwCjpkqljPthAIlz22ecC65DXk2xlNfwassnd3vQsv3Rj2H-yg75oWd1paiv4VsT1w9qZ3RWq_RaaAfhEu2a1eUDpiPix1tn_G2L59xq8LwAFGblJxM2w3hX5WLo5PPmaDcUuZXpf1i2m2WBeH6iNqO53JwTtOnetzgb630PjQKmhrn3SJLreR6j2AyzDvdK-lW0YeyLp9MPo6Erh8xMrwJ1YoSsOCqwRqKbyexbNcLdbQ4tbpTCIJJylhg&h=QLJnlSu4zdL7jUCn32jFxAIT-wRi4IhtilZij8Y4F9c
  response:
    body:
      string: '{"name":"f5259a25-e040-4268-9506-dbb81b7043f8","status":"InProgress","startTime":"2025-10-23T19:18:20.58Z"}'
    headers:
      cache-control:
      - no-cache
      content-length:
      - '107'
      content-type:
      - application/json; charset=utf-8
      date:
      - Thu, 23 Oct 2025 19:21:25 GMT
      expires:
      - '-1'
      pragma:
      - no-cache
      strict-transport-security:
      - max-age=31536000; includeSubDomains
      x-cache:
      - CONFIG_NOCACHE
      x-content-type-options:
      - nosniff
      x-ms-operation-identifier:
      - tenantId=72f988bf-86f1-41af-91ab-2d7cd011db47,objectId=15659232-7461-4854-b909-7dff9a1e844c/westeurope/b2fb897c-209a-42ab-be7d-f8ccedfd76ec
      x-ms-ratelimit-remaining-subscription-global-reads:
      - '16499'
      x-msedge-ref:
      - 'Ref A: 43BF235308184304AAC07F846FFD7548 Ref B: AMS231032608009 Ref C: 2025-10-23T19:21:25Z'
    status:
      code: 200
      message: OK
- request:
    body: null
    headers:
      Accept:
      - '*/*'
      Accept-Encoding:
      - gzip, deflate
      CommandName:
      - postgres flexible-server replica create
      Connection:
      - keep-alive
      ParameterSetName:
      - -g --replica-name --source-server --zone
      User-Agent:
      - AZURECLI/2.78.0 azsdk-python-core/1.35.0 Python/3.9.13 (Windows-10-10.0.26200-SP0)
    method: GET
    uri: https://management.azure.com/subscriptions/00000000-0000-0000-0000-000000000000/providers/Microsoft.DBforPostgreSQL/locations/centralindia/azureAsyncOperation/f5259a25-e040-4268-9506-dbb81b7043f8?api-version=2024-11-01-preview&t=638968439007740364&c=MIIIrzCCBpegAwIBAgITUQFAksjJXtdW64QOrwABAUCSyDANBgkqhkiG9w0BAQsFADBEMRMwEQYKCZImiZPyLGQBGRYDR0JMMRMwEQYKCZImiZPyLGQBGRYDQU1FMRgwFgYDVQQDEw9BTUUgSW5mcmEgQ0EgMDQwHhcNMjUxMDIyMTEzMDMzWhcNMjYwNDIwMTEzMDMzWjBAMT4wPAYDVQQDEzVhc3luY29wZXJhdGlvbnNpZ25pbmdjZXJ0aWZpY2F0ZS5tYW5hZ2VtZW50LmF6dXJlLmNvbTCCASIwDQYJKoZIhvcNAQEBBQADggEPADCCAQoCggEBANIL_ea4PX6tqxHLVF9EMduSXtibVvw_fvJo_2qVyVM_8guCpW7Vot8hAA3JXqJIuYF9h5wn2uWRXZXHyg4aaY2Lbqro1-tBMPU5rXoQZ9s2duM-rKR95C5eA8BbDTDoKjSTOnLAQ0-XWJI1upgmi1VDBnjo6o_RupQR7IimcAZdXrMl2LaN3lNyuldWaC5acWcw9L9ufxDGPdkfvUv_ScXQ-7BzgPXRS1UL7WyL9EV4bddWXpBBvZR80DH6tdfzz9pgHF4OIeUvSVm4QmcCVH5iCmbnVWDBGlhA1O6UBgUfxqnljc5MhLkkKH5OHPspPmRrsDTzYP15yZWFI82YMNECAwEAAaOCBJwwggSYMCcGCSsGAQQBgjcVCgQaMBgwCgYIKwYBBQUHAwEwCgYIKwYBBQUHAwIwPQYJKwYBBAGCNxUHBDAwLgYmKwYBBAGCNxUIhpDjDYTVtHiE8Ys-hZvdFs6dEoFghfmRS4WsmTQCAWQCAQcwggHkBggrBgEFBQcBAQSCAdYwggHSMGgGCCsGAQUFBzAChlxodHRwOi8vY3JsLm1pY3Jvc29mdC5jb20vcGtpaW5mcmEvQ2VydHMvbWVsMDFwa2lpbnRjYTAxLkFNRS5HQkxfQU1FJTIwSW5mcmElMjBDQSUyMDA0KDEpLmNydDBYBggrBgEFBQcwAoZMaHR0cDovL2NybDEuYW1lLmdibC9haWEvbWVsMDFwa2lpbnRjYTAxLkFNRS5HQkxfQU1FJTIwSW5mcmElMjBDQSUyMDA0KDEpLmNydDBYBggrBgEFBQcwAoZMaHR0cDovL2NybDIuYW1lLmdibC9haWEvbWVsMDFwa2lpbnRjYTAxLkFNRS5HQkxfQU1FJTIwSW5mcmElMjBDQSUyMDA0KDEpLmNydDBYBggrBgEFBQcwAoZMaHR0cDovL2NybDMuYW1lLmdibC9haWEvbWVsMDFwa2lpbnRjYTAxLkFNRS5HQkxfQU1FJTIwSW5mcmElMjBDQSUyMDA0KDEpLmNydDBYBggrBgEFBQcwAoZMaHR0cDovL2NybDQuYW1lLmdibC9haWEvbWVsMDFwa2lpbnRjYTAxLkFNRS5HQkxfQU1FJTIwSW5mcmElMjBDQSUyMDA0KDEpLmNydDAdBgNVHQ4EFgQUxuJ8b7tUVxxF9Uh_S-aQfmEWkyswDgYDVR0PAQH_BAQDAgWgMIIBNQYDVR0fBIIBLDCCASgwggEkoIIBIKCCARyGQmh0dHA6Ly9jcmwubWljcm9zb2Z0LmNvbS9wa2lpbmZyYS9DUkwvQU1FJTIwSW5mcmElMjBDQSUyMDA0KDEpLmNybIY0aHR0cDovL2NybDEuYW1lLmdibC9jcmwvQU1FJTIwSW5mcmElMjBDQSUyMDA0KDEpLmNybIY0aHR0cDovL2NybDIuYW1lLmdibC9jcmwvQU1FJTIwSW5mcmElMjBDQSUyMDA0KDEpLmNybIY0aHR0cDovL2NybDMuYW1lLmdibC9jcmwvQU1FJTIwSW5mcmElMjBDQSUyMDA0KDEpLmNybIY0aHR0cDovL2NybDQuYW1lLmdibC9jcmwvQU1FJTIwSW5mcmElMjBDQSUyMDA0KDEpLmNybDCBnQYDVR0gBIGVMIGSMAwGCisGAQQBgjd7AQEwZgYKKwYBBAGCN3sCAjBYMFYGCCsGAQUFBwICMEoeSAAzADMAZQAwADEAOQAyADEALQA0AGQANgA0AC0ANABmADgAYwAtAGEAMAA1ADUALQA1AGIAZABhAGYAZgBkADUAZQAzADMAZDAMBgorBgEEAYI3ewMCMAwGCisGAQQBgjd7BAIwHwYDVR0jBBgwFoAUOXFdqRUQLcTffi9ZbkBNwN_vNpowHQYDVR0lBBYwFAYIKwYBBQUHAwEGCCsGAQUFBwMCMA0GCSqGSIb3DQEBCwUAA4ICAQAm6ZIl-5JrU83aixl875_xu7AqUHCqv_i3nKCtjfGKmpGgizLsa4kt_p3sPApiqvF1Dv2p794N5czXWs9tOGrxIc4GO-YqMXcmdfuHAqfZw5zC8MaiJookTLex3yd4ExrGtH_UmV0RpxDfCTGIQTr7WP2q8veI5fYj2_EMzKkQmV8e8Xk8cHxiF3jLky9mihEvMKDMpOD2pHPNTUCHJcJaa7R6JpDqlmCjL7JHM_NPpLqJfERsYRMtyRsCXN7t2KDTMPTrD2X20__M_mBZUtDWSM4dq0TlSx6WYVZT6Hs4i2x7WVBm5GbpznQ7uULBH9s2tTlhBC4bKAEw72WrrUU-7N7sWw7lKj8GApdoKrpLVE1w41qQFcEBK_NNYcSmxpQqpxh1kmr4V5MRCdDYpavRe8RRg2kwY8nsu_p-aqHv1RIyPyLK6_Iv7VuL0fIzayygFC7rH1C4_-iB7BJRQZuMq_QF_GJe9i6k6M406KA4BsbrDZSRPSg_128fdWkocAxaC-VECmyOEBjomZ_zYc6ka_Q45Fj57OCFxXHLzlsGjlgQ3AyWGAhYhgGJ7v6HyOr5aElWz6Q533UvtLmH3JtIwMsiR-0L_a8Whyd39suFwhJ4xIYQXoewMTAhl8-mg_v6OqSjnHwZRfGDzMQrQGaiYJDE0p1oWz4E9CUEp2qmzw&s=HcSrpZ5TJzPxRa6DAUfVfdIB3AhJqVdPrAOyR87rvW28JiDcZM9xqSSZducnQc2sF6PynmhwtJHuddKwHxO0RkrLZoQPwCjpkqljPthAIlz22ecC65DXk2xlNfwassnd3vQsv3Rj2H-yg75oWd1paiv4VsT1w9qZ3RWq_RaaAfhEu2a1eUDpiPix1tn_G2L59xq8LwAFGblJxM2w3hX5WLo5PPmaDcUuZXpf1i2m2WBeH6iNqO53JwTtOnetzgb630PjQKmhrn3SJLreR6j2AyzDvdK-lW0YeyLp9MPo6Erh8xMrwJ1YoSsOCqwRqKbyexbNcLdbQ4tbpTCIJJylhg&h=QLJnlSu4zdL7jUCn32jFxAIT-wRi4IhtilZij8Y4F9c
  response:
    body:
      string: '{"name":"f5259a25-e040-4268-9506-dbb81b7043f8","status":"InProgress","startTime":"2025-10-23T19:18:20.58Z"}'
    headers:
      cache-control:
      - no-cache
      content-length:
      - '107'
      content-type:
      - application/json; charset=utf-8
      date:
      - Thu, 23 Oct 2025 19:22:27 GMT
      expires:
      - '-1'
      pragma:
      - no-cache
      strict-transport-security:
      - max-age=31536000; includeSubDomains
      x-cache:
      - CONFIG_NOCACHE
      x-content-type-options:
      - nosniff
      x-ms-operation-identifier:
      - tenantId=72f988bf-86f1-41af-91ab-2d7cd011db47,objectId=15659232-7461-4854-b909-7dff9a1e844c/centralindia/959fed2f-d250-4fbc-bb66-433cba03ef78
      x-ms-ratelimit-remaining-subscription-global-reads:
      - '16499'
      x-msedge-ref:
      - 'Ref A: F26BF282A5A5431B9BAC5647AB6D5123 Ref B: AMS231032608037 Ref C: 2025-10-23T19:22:26Z'
    status:
      code: 200
      message: OK
- request:
    body: null
    headers:
      Accept:
      - '*/*'
      Accept-Encoding:
      - gzip, deflate
      CommandName:
      - postgres flexible-server replica create
      Connection:
      - keep-alive
      ParameterSetName:
      - -g --replica-name --source-server --zone
      User-Agent:
      - AZURECLI/2.78.0 azsdk-python-core/1.35.0 Python/3.9.13 (Windows-10-10.0.26200-SP0)
    method: GET
    uri: https://management.azure.com/subscriptions/00000000-0000-0000-0000-000000000000/providers/Microsoft.DBforPostgreSQL/locations/centralindia/azureAsyncOperation/f5259a25-e040-4268-9506-dbb81b7043f8?api-version=2024-11-01-preview&t=638968439007740364&c=MIIIrzCCBpegAwIBAgITUQFAksjJXtdW64QOrwABAUCSyDANBgkqhkiG9w0BAQsFADBEMRMwEQYKCZImiZPyLGQBGRYDR0JMMRMwEQYKCZImiZPyLGQBGRYDQU1FMRgwFgYDVQQDEw9BTUUgSW5mcmEgQ0EgMDQwHhcNMjUxMDIyMTEzMDMzWhcNMjYwNDIwMTEzMDMzWjBAMT4wPAYDVQQDEzVhc3luY29wZXJhdGlvbnNpZ25pbmdjZXJ0aWZpY2F0ZS5tYW5hZ2VtZW50LmF6dXJlLmNvbTCCASIwDQYJKoZIhvcNAQEBBQADggEPADCCAQoCggEBANIL_ea4PX6tqxHLVF9EMduSXtibVvw_fvJo_2qVyVM_8guCpW7Vot8hAA3JXqJIuYF9h5wn2uWRXZXHyg4aaY2Lbqro1-tBMPU5rXoQZ9s2duM-rKR95C5eA8BbDTDoKjSTOnLAQ0-XWJI1upgmi1VDBnjo6o_RupQR7IimcAZdXrMl2LaN3lNyuldWaC5acWcw9L9ufxDGPdkfvUv_ScXQ-7BzgPXRS1UL7WyL9EV4bddWXpBBvZR80DH6tdfzz9pgHF4OIeUvSVm4QmcCVH5iCmbnVWDBGlhA1O6UBgUfxqnljc5MhLkkKH5OHPspPmRrsDTzYP15yZWFI82YMNECAwEAAaOCBJwwggSYMCcGCSsGAQQBgjcVCgQaMBgwCgYIKwYBBQUHAwEwCgYIKwYBBQUHAwIwPQYJKwYBBAGCNxUHBDAwLgYmKwYBBAGCNxUIhpDjDYTVtHiE8Ys-hZvdFs6dEoFghfmRS4WsmTQCAWQCAQcwggHkBggrBgEFBQcBAQSCAdYwggHSMGgGCCsGAQUFBzAChlxodHRwOi8vY3JsLm1pY3Jvc29mdC5jb20vcGtpaW5mcmEvQ2VydHMvbWVsMDFwa2lpbnRjYTAxLkFNRS5HQkxfQU1FJTIwSW5mcmElMjBDQSUyMDA0KDEpLmNydDBYBggrBgEFBQcwAoZMaHR0cDovL2NybDEuYW1lLmdibC9haWEvbWVsMDFwa2lpbnRjYTAxLkFNRS5HQkxfQU1FJTIwSW5mcmElMjBDQSUyMDA0KDEpLmNydDBYBggrBgEFBQcwAoZMaHR0cDovL2NybDIuYW1lLmdibC9haWEvbWVsMDFwa2lpbnRjYTAxLkFNRS5HQkxfQU1FJTIwSW5mcmElMjBDQSUyMDA0KDEpLmNydDBYBggrBgEFBQcwAoZMaHR0cDovL2NybDMuYW1lLmdibC9haWEvbWVsMDFwa2lpbnRjYTAxLkFNRS5HQkxfQU1FJTIwSW5mcmElMjBDQSUyMDA0KDEpLmNydDBYBggrBgEFBQcwAoZMaHR0cDovL2NybDQuYW1lLmdibC9haWEvbWVsMDFwa2lpbnRjYTAxLkFNRS5HQkxfQU1FJTIwSW5mcmElMjBDQSUyMDA0KDEpLmNydDAdBgNVHQ4EFgQUxuJ8b7tUVxxF9Uh_S-aQfmEWkyswDgYDVR0PAQH_BAQDAgWgMIIBNQYDVR0fBIIBLDCCASgwggEkoIIBIKCCARyGQmh0dHA6Ly9jcmwubWljcm9zb2Z0LmNvbS9wa2lpbmZyYS9DUkwvQU1FJTIwSW5mcmElMjBDQSUyMDA0KDEpLmNybIY0aHR0cDovL2NybDEuYW1lLmdibC9jcmwvQU1FJTIwSW5mcmElMjBDQSUyMDA0KDEpLmNybIY0aHR0cDovL2NybDIuYW1lLmdibC9jcmwvQU1FJTIwSW5mcmElMjBDQSUyMDA0KDEpLmNybIY0aHR0cDovL2NybDMuYW1lLmdibC9jcmwvQU1FJTIwSW5mcmElMjBDQSUyMDA0KDEpLmNybIY0aHR0cDovL2NybDQuYW1lLmdibC9jcmwvQU1FJTIwSW5mcmElMjBDQSUyMDA0KDEpLmNybDCBnQYDVR0gBIGVMIGSMAwGCisGAQQBgjd7AQEwZgYKKwYBBAGCN3sCAjBYMFYGCCsGAQUFBwICMEoeSAAzADMAZQAwADEAOQAyADEALQA0AGQANgA0AC0ANABmADgAYwAtAGEAMAA1ADUALQA1AGIAZABhAGYAZgBkADUAZQAzADMAZDAMBgorBgEEAYI3ewMCMAwGCisGAQQBgjd7BAIwHwYDVR0jBBgwFoAUOXFdqRUQLcTffi9ZbkBNwN_vNpowHQYDVR0lBBYwFAYIKwYBBQUHAwEGCCsGAQUFBwMCMA0GCSqGSIb3DQEBCwUAA4ICAQAm6ZIl-5JrU83aixl875_xu7AqUHCqv_i3nKCtjfGKmpGgizLsa4kt_p3sPApiqvF1Dv2p794N5czXWs9tOGrxIc4GO-YqMXcmdfuHAqfZw5zC8MaiJookTLex3yd4ExrGtH_UmV0RpxDfCTGIQTr7WP2q8veI5fYj2_EMzKkQmV8e8Xk8cHxiF3jLky9mihEvMKDMpOD2pHPNTUCHJcJaa7R6JpDqlmCjL7JHM_NPpLqJfERsYRMtyRsCXN7t2KDTMPTrD2X20__M_mBZUtDWSM4dq0TlSx6WYVZT6Hs4i2x7WVBm5GbpznQ7uULBH9s2tTlhBC4bKAEw72WrrUU-7N7sWw7lKj8GApdoKrpLVE1w41qQFcEBK_NNYcSmxpQqpxh1kmr4V5MRCdDYpavRe8RRg2kwY8nsu_p-aqHv1RIyPyLK6_Iv7VuL0fIzayygFC7rH1C4_-iB7BJRQZuMq_QF_GJe9i6k6M406KA4BsbrDZSRPSg_128fdWkocAxaC-VECmyOEBjomZ_zYc6ka_Q45Fj57OCFxXHLzlsGjlgQ3AyWGAhYhgGJ7v6HyOr5aElWz6Q533UvtLmH3JtIwMsiR-0L_a8Whyd39suFwhJ4xIYQXoewMTAhl8-mg_v6OqSjnHwZRfGDzMQrQGaiYJDE0p1oWz4E9CUEp2qmzw&s=HcSrpZ5TJzPxRa6DAUfVfdIB3AhJqVdPrAOyR87rvW28JiDcZM9xqSSZducnQc2sF6PynmhwtJHuddKwHxO0RkrLZoQPwCjpkqljPthAIlz22ecC65DXk2xlNfwassnd3vQsv3Rj2H-yg75oWd1paiv4VsT1w9qZ3RWq_RaaAfhEu2a1eUDpiPix1tn_G2L59xq8LwAFGblJxM2w3hX5WLo5PPmaDcUuZXpf1i2m2WBeH6iNqO53JwTtOnetzgb630PjQKmhrn3SJLreR6j2AyzDvdK-lW0YeyLp9MPo6Erh8xMrwJ1YoSsOCqwRqKbyexbNcLdbQ4tbpTCIJJylhg&h=QLJnlSu4zdL7jUCn32jFxAIT-wRi4IhtilZij8Y4F9c
  response:
    body:
      string: '{"name":"f5259a25-e040-4268-9506-dbb81b7043f8","status":"Succeeded","startTime":"2025-10-23T19:18:20.58Z"}'
    headers:
      cache-control:
      - no-cache
      content-length:
      - '106'
      content-type:
      - application/json; charset=utf-8
      date:
      - Thu, 23 Oct 2025 19:23:27 GMT
      expires:
      - '-1'
      pragma:
      - no-cache
      strict-transport-security:
      - max-age=31536000; includeSubDomains
      x-cache:
      - CONFIG_NOCACHE
      x-content-type-options:
      - nosniff
      x-ms-operation-identifier:
      - tenantId=72f988bf-86f1-41af-91ab-2d7cd011db47,objectId=15659232-7461-4854-b909-7dff9a1e844c/centralindia/7c334e2c-f9b8-4f13-803c-fe5fa9a9a66d
      x-ms-ratelimit-remaining-subscription-global-reads:
      - '16499'
      x-msedge-ref:
      - 'Ref A: 58C35277C84C4FDAB3A56EC1776C2019 Ref B: AMS231020614045 Ref C: 2025-10-23T19:23:27Z'
    status:
      code: 200
      message: OK
- request:
    body: null
    headers:
      Accept:
      - '*/*'
      Accept-Encoding:
      - gzip, deflate
      CommandName:
      - postgres flexible-server replica create
      Connection:
      - keep-alive
      ParameterSetName:
      - -g --replica-name --source-server --zone
      User-Agent:
      - AZURECLI/2.78.0 azsdk-python-core/1.35.0 Python/3.9.13 (Windows-10-10.0.26200-SP0)
    method: GET
    uri: https://management.azure.com/subscriptions/00000000-0000-0000-0000-000000000000/resourceGroups/clitest.rg000001/providers/Microsoft.DBforPostgreSQL/flexibleServers/azuredbclirep1000003?api-version=2024-11-01-preview
  response:
    body:
      string: '{"sku":{"name":"Standard_D2s_v3","tier":"GeneralPurpose"},"systemData":{"createdAt":"2025-10-23T19:19:21.9010628Z"},"properties":{"replica":{"role":"AsyncReplica","capacity":0},"storage":{"type":"","iops":1100,"tier":"P15","storageSizeGB":256,"autoGrow":"Enabled"},"network":{"publicNetworkAccess":"Disabled"},"privateEndpointConnections":[],"dataEncryption":{"type":"SystemManaged"},"authConfig":{"activeDirectoryAuth":"Disabled","passwordAuth":"Enabled"},"fullyQualifiedDomainName":"azuredbclirep1000003.postgres.database.azure.com","version":"17","minorVersion":"6","administratorLogin":"commoncolt1","state":"Ready","availabilityZone":"2","sourceServerResourceId":"/subscriptions/00000000-0000-0000-0000-000000000000/resourceGroups/clitest.rg000001/providers/Microsoft.DBforPostgreSQL/flexibleServers/azuredbclitest-000002","backup":{"backupRetentionDays":7,"geoRedundantBackup":"Disabled"},"highAvailability":{"mode":"Disabled","state":"NotEnabled"},"maintenanceWindow":{"customWindow":"Disabled","dayOfWeek":0,"startHour":0,"startMinute":0},"replicationRole":"AsyncReplica","replicaCapacity":0},"location":"Central
        India","id":"/subscriptions/00000000-0000-0000-0000-000000000000/resourceGroups/clitest.rg000001/providers/Microsoft.DBforPostgreSQL/flexibleServers/azuredbclirep1000003","name":"azuredbclirep1000003","type":"Microsoft.DBforPostgreSQL/flexibleServers"}'
    headers:
      cache-control:
      - no-cache
      content-length:
      - '1373'
      content-type:
      - application/json; charset=utf-8
      date:
      - Thu, 23 Oct 2025 19:23:29 GMT
      expires:
      - '-1'
      pragma:
      - no-cache
      strict-transport-security:
      - max-age=31536000; includeSubDomains
      x-cache:
      - CONFIG_NOCACHE
      x-content-type-options:
      - nosniff
      x-ms-ratelimit-remaining-subscription-global-reads:
      - '16499'
      x-msedge-ref:
      - 'Ref A: 820F00C97F1A4D0B96C4E128AEA68091 Ref B: AMS231020614037 Ref C: 2025-10-23T19:23:28Z'
    status:
      code: 200
      message: OK
version: 1
